
────────────────────────────────────────────────────────────
  TECHM
────────────────────────────────────────────────────────────
  TECHM        ✓ features cached  (1359 rows × 166 feat)
  [1/3] Walk-forward: 6 windows  |  1359 rows  |  166 features
        Win 1: train[0:856]  val[856:951]  test[951:1087]  (70%)
        Win 2: train[0:918]  val[918:1019]  test[1019:1155]  (75%)
        Win 3: train[0:979]  val[979:1087]  test[1087:1223]  (80%)
        Win 4: train[0:1040]  val[1040:1155]  test[1155:1291]  (85%)
        Win 5: train[0:1101]  val[1101:1223]  test[1223:1359]  (90%)
        Win 6: train[0:1162]  val[1162:1291]  test[1291:1359]  (95%)
  [1b] Feature selection: top 50 of 166 ... ✓ 50 features kept
  [2/3] Training...
      [scaler] range [-3.54, 5.00]  16.1% outside [-1,1]
      [PCA]    20 components → 91.1% explained variance
      [LSTM    ] acc=0.485
      [BiLSTM  ] acc=0.551
      [GRU     ] acc=0.434
      [CNN_LSTM] acc=0.456
      [CNN_GRU ] acc=0.434
      [calib]  temperature T=0.137  (prob spread: [0.273, 0.778])
    ~ Win 1 | 70% train | test_n=136 | OOS=55.15% | AUC=0.530 | F1=0.585 | LGB=55.15% | XGB=51.47% | T=0.14
         DL → LSTM=48.53%  BiLSTM=55.15%  GRU=43.38%  CNN_LSTM=45.59%  CNN_GRU=43.38%
      [scaler] range [-3.37, 5.00]  16.3% outside [-1,1]
      [PCA]    20 components → 90.9% explained variance
      [LSTM    ] acc=0.559
      [BiLSTM  ] acc=0.515
      [GRU     ] acc=0.449
      [CNN_LSTM] acc=0.507
      [CNN_GRU ] acc=0.456
      [calib]  temperature T=8.000  (prob spread: [0.491, 0.514])
    ✗ Win 2 | 75% train | test_n=136 | OOS=49.26% | AUC=0.495 | F1=0.627 | LGB=53.68% | XGB=53.68% | T=8.00
         DL → LSTM=55.88%  BiLSTM=51.47%  GRU=44.85%  CNN_LSTM=50.74%  CNN_GRU=45.59%
      [scaler] range [-3.29, 5.00]  16.2% outside [-1,1]
      [PCA]    20 components → 90.8% explained variance
      [LSTM    ] acc=0.493
      [BiLSTM  ] acc=0.478
      [GRU     ] acc=0.493
      [CNN_LSTM] acc=0.478
      [CNN_GRU ] acc=0.478
      [calib]  temperature T=1.598  (prob spread: [0.494, 0.534])
    ~ Win 3 | 80% train | test_n=136 | OOS=51.47% | AUC=0.550 | F1=0.663 | LGB=49.26% | XGB=50.00% | T=1.60
         DL → LSTM=49.26%  BiLSTM=47.79%  GRU=49.26%  CNN_LSTM=47.79%  CNN_GRU=47.79%
      [scaler] range [-3.45, 5.00]  16.0% outside [-1,1]
      [PCA]    20 components → 90.5% explained variance
      [LSTM    ] acc=0.537
      [BiLSTM  ] acc=0.522
      [GRU     ] acc=0.485
      [CNN_LSTM] acc=0.471
      [CNN_GRU ] acc=0.471
      [calib]  temperature T=0.558  (prob spread: [0.358, 0.650])
    ~ Win 4 | 85% train | test_n=136 | OOS=51.47% | AUC=0.499 | F1=0.656 | LGB=49.26% | XGB=52.21% | T=0.56
         DL → LSTM=53.68%  BiLSTM=52.21%  GRU=48.53%  CNN_LSTM=47.06%  CNN_GRU=47.06%
      [scaler] range [-3.46, 5.00]  16.5% outside [-1,1]
      [PCA]    20 components → 90.3% explained variance
      [LSTM    ] acc=0.478
      [BiLSTM  ] acc=0.449
      [GRU     ] acc=0.441
      [CNN_LSTM] acc=0.449
      [CNN_GRU ] acc=0.478
      [calib]  temperature T=0.100  (prob spread: [0.226, 0.968])
    ~ Win 5 | 90% train | test_n=136 | OOS=52.94% | AUC=0.497 | F1=0.652 | LGB=49.26% | XGB=49.26% | T=0.10
         DL → LSTM=47.79%  BiLSTM=44.85%  GRU=44.12%  CNN_LSTM=44.85%  CNN_GRU=47.79%
      [scaler] range [-3.45, 5.00]  16.7% outside [-1,1]
      [PCA]    20 components → 90.1% explained variance
      [LSTM    ] acc=0.426
      [BiLSTM  ] acc=0.441
      [GRU     ] acc=0.441
      [CNN_LSTM] acc=0.500
      [CNN_GRU ] acc=0.500
      [calib]  temperature T=0.375  (prob spread: [0.392, 0.778])
    ~ Win 6 | 95% train | test_n=68 | OOS=52.94% | AUC=0.479 | F1=0.619 | LGB=47.06% | XGB=39.71% | T=0.38
         DL → LSTM=42.65%  BiLSTM=44.12%  GRU=44.12%  CNN_LSTM=50.00%  CNN_GRU=50.00%
  [3/3] OOS Overall → Accuracy=52.14%  F1=0.6377  (748 preds, 6 wins, avg_T=1.79)
  Plots → 06_results\runs\20260301_000647\TECHM\plots
