
────────────────────────────────────────────────────────────
  NTPC
────────────────────────────────────────────────────────────
  NTPC         ↻ computing features ... ✓ 1334 rows × 159 features
  [1/3] Walk-forward: 6 windows  |  1334 rows  |  159 features
        Win 1: train[0:840]  val[840:933]  test[933:1067]  (70%)
        Win 2: train[0:900]  val[900:1000]  test[1000:1133]  (75%)
        Win 3: train[0:961]  val[961:1067]  test[1067:1200]  (80%)
        Win 4: train[0:1020]  val[1020:1133]  test[1133:1267]  (85%)
        Win 5: train[0:1080]  val[1080:1200]  test[1200:1334]  (90%)
        Win 6: train[0:1141]  val[1141:1267]  test[1267:1334]  (95%)
  [1b] Feature selection: top 50 of 159 ... ✓ 50 features kept
  [2/3] Training...
      [scaler] range [-5.00, 5.00]  18.9% outside [-1,1]
      [PCA]    24 components → 90.3% explained variance
      [LSTM    ] acc=0.470
      [BiLSTM  ] acc=0.418
      [GRU     ] acc=0.530
      [CNN_LSTM] acc=0.500
      [CNN_GRU ] acc=0.478
      [TCN_GRU ] acc=0.507
      [TCN_Transformer] acc=0.530
      [NBEATS  ] acc=0.522
      [calib]  temperature T=0.263  (prob spread: [0.216, 0.843])
    ~ Win 1 | 70% train | test_n=134 | OOS=51.49% | AUC=0.476 | F1=0.620 | LGB=58.96% | XGB=50.75% | T=0.26
         Dir → UP=57.61%  DOWN=38.10%  NEUTRAL=0.0%
         DL  → LSTM=47.01%  BiLSTM=41.79%  GRU=52.99%  CNN_LSTM=50.00%  CNN_GRU=47.76%  TCN_GRU=50.75%  TCN_Transformer=52.99%  NBEATS=52.24%
      [scaler] range [-5.00, 5.00]  18.5% outside [-1,1]
      [PCA]    24 components → 90.4% explained variance
      [LSTM    ] acc=0.466
      [BiLSTM  ] acc=0.466
      [GRU     ] acc=0.504
      [CNN_LSTM] acc=0.541
      [CNN_GRU ] acc=0.489
      [TCN_GRU ] acc=0.519
      [TCN_Transformer] acc=0.474
      [NBEATS  ] acc=0.526
      [calib]  temperature T=0.260  (prob spread: [0.114, 0.865])
    ~ Win 2 | 75% train | test_n=133 | OOS=52.63% | AUC=0.466 | F1=0.674 | LGB=50.38% | XGB=52.63% | T=0.26
         Dir → UP=52.85%  DOWN=50.00%  NEUTRAL=0.0%
         DL  → LSTM=46.62%  BiLSTM=46.62%  GRU=50.38%  CNN_LSTM=54.14%  CNN_GRU=48.87%  TCN_GRU=51.88%  TCN_Transformer=47.37%  NBEATS=52.63%
      [scaler] range [-5.00, 5.00]  18.5% outside [-1,1]
      [PCA]    24 components → 90.4% explained variance
      [LSTM    ] acc=0.481
      [BiLSTM  ] acc=0.436
      [GRU     ] acc=0.451
      [CNN_LSTM] acc=0.489
      [CNN_GRU ] acc=0.481
      [TCN_GRU ] acc=0.444
      [TCN_Transformer] acc=0.481
      [NBEATS  ] acc=0.459
      [calib]  temperature T=0.783  (prob spread: [0.382, 0.676])
    ✗ Win 3 | 80% train | test_n=133 | OOS=48.87% | AUC=0.520 | F1=0.622 | LGB=46.62% | XGB=46.62% | T=0.78
         Dir → UP=47.46%  DOWN=60.00%  NEUTRAL=0.0%
         DL  → LSTM=48.12%  BiLSTM=43.61%  GRU=45.11%  CNN_LSTM=48.87%  CNN_GRU=48.12%  TCN_GRU=44.36%  TCN_Transformer=48.12%  NBEATS=45.86%
      [scaler] range [-5.00, 5.00]  18.7% outside [-1,1]
      [PCA]    24 components → 90.1% explained variance
      [LSTM    ] acc=0.463
      [BiLSTM  ] acc=0.478
      [GRU     ] acc=0.455
      [CNN_LSTM] acc=0.470
      [CNN_GRU ] acc=0.560
      [TCN_GRU ] acc=0.433
      [TCN_Transformer] acc=0.478
      [NBEATS  ] acc=0.478
      [calib]  temperature T=2.158  (prob spread: [0.487, 0.559])
    ~ Win 4 | 85% train | test_n=134 | OOS=50.00% | AUC=0.523 | F1=0.604 | LGB=47.01% | XGB=47.76% | T=2.16
         Dir → UP=48.57%  DOWN=55.17%  NEUTRAL=0.0%
         DL  → LSTM=46.27%  BiLSTM=47.76%  GRU=45.52%  CNN_LSTM=47.01%  CNN_GRU=55.97%  TCN_GRU=43.28%  TCN_Transformer=47.76%  NBEATS=47.76%
      [scaler] range [-5.00, 5.00]  18.6% outside [-1,1]
      [PCA]    24 components → 90.3% explained variance
      [LSTM    ] acc=0.500
      [BiLSTM  ] acc=0.478
      [GRU     ] acc=0.478
      [CNN_LSTM] acc=0.493
      [CNN_GRU ] acc=0.537
      [TCN_GRU ] acc=0.500
      [TCN_Transformer] acc=0.507
      [NBEATS  ] acc=0.500
      [calib]  temperature T=8.000  (prob spread: [0.498, 0.508])
    ~ Win 5 | 90% train | test_n=134 | OOS=53.73% | AUC=0.548 | F1=0.680 | LGB=51.49% | XGB=50.00% | T=8.00
         Dir → UP=51.97%  DOWN=85.71%  NEUTRAL=0.0%
         DL  → LSTM=50.00%  BiLSTM=47.76%  GRU=47.76%  CNN_LSTM=49.25%  CNN_GRU=53.73%  TCN_GRU=50.00%  TCN_Transformer=50.75%  NBEATS=50.00%
      [scaler] range [-5.00, 5.00]  18.5% outside [-1,1]
      [PCA]    24 components → 90.1% explained variance
      [LSTM    ] acc=0.403
      [BiLSTM  ] acc=0.567
      [GRU     ] acc=0.478
      [CNN_LSTM] acc=0.507
      [CNN_GRU ] acc=0.448
      [TCN_GRU ] acc=0.552
      [TCN_Transformer] acc=0.478
      [NBEATS  ] acc=0.507
      [calib]  temperature T=0.366  (prob spread: [0.414, 0.835])
    ✓ Win 6 | 95% train | test_n=67 | OOS=59.70% | AUC=0.518 | F1=0.667 | LGB=52.24% | XGB=53.73% | T=0.37
         Dir → UP=58.70%  DOWN=61.90%  NEUTRAL=0.0%
         DL  → LSTM=40.30%  BiLSTM=56.72%  GRU=47.76%  CNN_LSTM=50.75%  CNN_GRU=44.78%  TCN_GRU=55.22%  TCN_Transformer=47.76%  NBEATS=50.75%
  [3/3] OOS Overall → Accuracy=52.11%  F1=0.6437  (735 preds, 6 wins, avg_T=1.97)
  Plots → 06_results\runs\20260307_141956\NTPC\plots
