
────────────────────────────────────────────────────────────
  BEL
────────────────────────────────────────────────────────────
  BEL          ↻ computing features ... ✓ 1451 rows × 159 features
  [1/3] Walk-forward: 6 windows  |  1451 rows  |  159 features
        Win 1: train[0:914]  val[914:1015]  test[1015:1160]  (70%)
        Win 2: train[0:980]  val[980:1088]  test[1088:1233]  (75%)
        Win 3: train[0:1044]  val[1044:1160]  test[1160:1305]  (80%)
        Win 4: train[0:1110]  val[1110:1233]  test[1233:1378]  (85%)
        Win 5: train[0:1175]  val[1175:1305]  test[1305:1451]  (90%)
        Win 6: train[0:1241]  val[1241:1378]  test[1378:1451]  (95%)
  [1b] Feature selection: top 50 of 159 ... ✓ 50 features kept
  [2/3] Training...
      [scaler] range [-5.00, 5.00]  16.7% outside [-1,1]
      [PCA]    25 components → 91.0% explained variance
      [LSTM    ] acc=0.593
      [BiLSTM  ] acc=0.586
      [GRU     ] acc=0.579
      [CNN_LSTM] acc=0.600
      [CNN_GRU ] acc=0.531
      [calib]  temperature T=0.622  (prob spread: [0.488, 0.558])
    ✓ Win 1 | 70% train | test_n=145 | OOS=64.83% | AUC=0.596 | F1=0.751 | LGB=60.69% | XGB=60.69% | T=0.62
         DL → LSTM=59.31%  BiLSTM=58.62%  GRU=57.93%  CNN_LSTM=60.00%  CNN_GRU=53.10%
      [scaler] range [-5.00, 5.00]  16.7% outside [-1,1]
      [PCA]    25 components → 90.9% explained variance
      [LSTM    ] acc=0.434
      [BiLSTM  ] acc=0.483
      [GRU     ] acc=0.434
      [CNN_LSTM] acc=0.517
      [CNN_GRU ] acc=0.524
      [calib]  temperature T=0.354  (prob spread: [0.453, 0.729])
    ~ Win 2 | 75% train | test_n=145 | OOS=53.10% | AUC=0.481 | F1=0.667 | LGB=50.34% | XGB=50.34% | T=0.35
         DL → LSTM=43.45%  BiLSTM=48.28%  GRU=43.45%  CNN_LSTM=51.72%  CNN_GRU=52.41%
      [scaler] range [-5.00, 5.00]  16.8% outside [-1,1]
      [PCA]    25 components → 90.9% explained variance
      [LSTM    ] acc=0.469
      [BiLSTM  ] acc=0.483
      [GRU     ] acc=0.483
      [CNN_LSTM] acc=0.462
      [CNN_GRU ] acc=0.476
      [calib]  temperature T=0.330  (prob spread: [0.311, 0.830])
    ~ Win 3 | 80% train | test_n=145 | OOS=50.34% | AUC=0.534 | F1=0.650 | LGB=48.97% | XGB=49.66% | T=0.33
         DL → LSTM=46.90%  BiLSTM=48.28%  GRU=48.28%  CNN_LSTM=46.21%  CNN_GRU=47.59%
      [scaler] range [-4.88, 5.00]  16.7% outside [-1,1]
      [PCA]    25 components → 90.7% explained variance
      [LSTM    ] acc=0.490
      [BiLSTM  ] acc=0.490
      [GRU     ] acc=0.441
      [CNN_LSTM] acc=0.462
      [CNN_GRU ] acc=0.455
      [calib]  temperature T=0.599  (prob spread: [0.462, 0.613])
    ✗ Win 4 | 85% train | test_n=145 | OOS=46.90% | AUC=0.468 | F1=0.632 | LGB=46.90% | XGB=46.90% | T=0.60
         DL → LSTM=48.97%  BiLSTM=48.97%  GRU=44.14%  CNN_LSTM=46.21%  CNN_GRU=45.52%
      [scaler] range [-5.00, 5.00]  16.8% outside [-1,1]
      [PCA]    25 components → 90.8% explained variance
      [LSTM    ] acc=0.452
      [BiLSTM  ] acc=0.452
      [GRU     ] acc=0.541
      [CNN_LSTM] acc=0.473
      [CNN_GRU ] acc=0.397
      [calib]  temperature T=0.100  (prob spread: [0.523, 0.960])
    ✗ Win 5 | 90% train | test_n=146 | OOS=45.89% | AUC=0.444 | F1=0.629 | LGB=45.89% | XGB=45.89% | T=0.10
         DL → LSTM=45.21%  BiLSTM=45.21%  GRU=54.11%  CNN_LSTM=47.26%  CNN_GRU=39.73%
      [scaler] range [-4.94, 5.00]  16.8% outside [-1,1]
      [PCA]    25 components → 90.8% explained variance
      [LSTM    ] acc=0.479
      [BiLSTM  ] acc=0.534
      [GRU     ] acc=0.493
      [CNN_LSTM] acc=0.548
      [CNN_GRU ] acc=0.575
      [calib]  temperature T=1.698  (prob spread: [0.505, 0.544])
    ~ Win 6 | 95% train | test_n=73 | OOS=50.68% | AUC=0.470 | F1=0.673 | LGB=45.21% | XGB=50.68% | T=1.70
         DL → LSTM=47.95%  BiLSTM=53.42%  GRU=49.32%  CNN_LSTM=54.79%  CNN_GRU=57.53%
  [3/3] OOS Overall → Accuracy=52.07%  F1=0.6661  (799 preds, 6 wins, avg_T=0.62)
  Plots → 06_results\runs\20260301_000647\BEL\plots
