
────────────────────────────────────────────────────────────
  INDUSTOWER
────────────────────────────────────────────────────────────
  INDUSTOWER   ↻ computing features ... ✓ 1402 rows × 159 features
  [1/3] Walk-forward: 6 windows  |  1402 rows  |  159 features
        Win 1: train[0:883]  val[883:981]  test[981:1121]  (70%)
        Win 2: train[0:946]  val[946:1051]  test[1051:1191]  (75%)
        Win 3: train[0:1009]  val[1009:1121]  test[1121:1261]  (80%)
        Win 4: train[0:1072]  val[1072:1191]  test[1191:1331]  (85%)
        Win 5: train[0:1135]  val[1135:1261]  test[1261:1402]  (90%)
        Win 6: train[0:1198]  val[1198:1331]  test[1331:1402]  (95%)
  [1b] Feature selection: top 50 of 159 ... ✓ 50 features kept
  [2/3] Training...
      [scaler] range [-4.43, 5.00]  14.7% outside [-1,1]
      [PCA]    23 components → 90.7% explained variance
      [LSTM    ] acc=0.386
      [BiLSTM  ] acc=0.529
      [GRU     ] acc=0.386
      [CNN_LSTM] acc=0.421
      [CNN_GRU ] acc=0.471
      [TCN_GRU ] acc=0.500
      [TCN_Transformer] acc=0.436
      [NBEATS  ] acc=0.493
      [calib]  temperature T=0.314  (prob spread: [0.136, 0.699])
    ✗ Win 1 | 70% train | test_n=140 | OOS=42.86% | AUC=0.485 | F1=0.184 | LGB=47.86% | XGB=42.14% | T=0.31
         Dir → UP=81.82%  DOWN=39.53%  NEUTRAL=0.0%
         DL  → LSTM=38.57%  BiLSTM=52.86%  GRU=38.57%  CNN_LSTM=42.14%  CNN_GRU=47.14%  TCN_GRU=50.00%  TCN_Transformer=43.57%  NBEATS=49.29%
      [scaler] range [-4.45, 5.00]  14.6% outside [-1,1]
      [PCA]    23 components → 90.5% explained variance
      [LSTM    ] acc=0.464
      [BiLSTM  ] acc=0.507
      [GRU     ] acc=0.514
      [CNN_LSTM] acc=0.550
      [CNN_GRU ] acc=0.550
      [TCN_GRU ] acc=0.500
      [TCN_Transformer] acc=0.514
      [NBEATS  ] acc=0.471
      [calib]  temperature T=0.161  (prob spread: [0.390, 0.689])
    ~ Win 2 | 75% train | test_n=140 | OOS=50.71% | AUC=0.494 | F1=0.561 | LGB=51.43% | XGB=47.86% | T=0.16
         Dir → UP=55.00%  DOWN=45.00%  NEUTRAL=0.0%
         DL  → LSTM=46.43%  BiLSTM=50.71%  GRU=51.43%  CNN_LSTM=55.00%  CNN_GRU=55.00%  TCN_GRU=50.00%  TCN_Transformer=51.43%  NBEATS=47.14%
      [scaler] range [-4.40, 5.00]  14.0% outside [-1,1]
      [PCA]    23 components → 90.4% explained variance
      [LSTM    ] acc=0.450
      [BiLSTM  ] acc=0.421
      [GRU     ] acc=0.529
      [CNN_LSTM] acc=0.471
      [CNN_GRU ] acc=0.464
      [TCN_GRU ] acc=0.464
      [TCN_Transformer] acc=0.493
      [NBEATS  ] acc=0.421
      [calib]  temperature T=0.254  (prob spread: [0.438, 0.653])
    ✗ Win 3 | 80% train | test_n=140 | OOS=49.29% | AUC=0.492 | F1=0.636 | LGB=48.57% | XGB=45.71% | T=0.25
         Dir → UP=50.82%  DOWN=38.89%  NEUTRAL=0.0%
         DL  → LSTM=45.00%  BiLSTM=42.14%  GRU=52.86%  CNN_LSTM=47.14%  CNN_GRU=46.43%  TCN_GRU=46.43%  TCN_Transformer=49.29%  NBEATS=42.14%
      [scaler] range [-4.41, 5.00]  13.9% outside [-1,1]
      [PCA]    23 components → 90.4% explained variance
      [LSTM    ] acc=0.500
      [BiLSTM  ] acc=0.507
      [GRU     ] acc=0.471
      [CNN_LSTM] acc=0.479
      [CNN_GRU ] acc=0.493
      [TCN_GRU ] acc=0.486
      [TCN_Transformer] acc=0.464
      [NBEATS  ] acc=0.514
      [calib]  temperature T=0.767  (prob spread: [0.440, 0.599])
    ~ Win 4 | 85% train | test_n=140 | OOS=54.29% | AUC=0.549 | F1=0.648 | LGB=52.14% | XGB=52.14% | T=0.77
         Dir → UP=54.13%  DOWN=54.84%  NEUTRAL=0.0%
         DL  → LSTM=50.00%  BiLSTM=50.71%  GRU=47.14%  CNN_LSTM=47.86%  CNN_GRU=49.29%  TCN_GRU=48.57%  TCN_Transformer=46.43%  NBEATS=51.43%
      [scaler] range [-4.21, 5.00]  13.8% outside [-1,1]
      [PCA]    23 components → 90.1% explained variance
      [LSTM    ] acc=0.532
      [BiLSTM  ] acc=0.496
      [GRU     ] acc=0.504
      [CNN_LSTM] acc=0.482
      [CNN_GRU ] acc=0.482
      [TCN_GRU ] acc=0.482
      [TCN_Transformer] acc=0.496
      [NBEATS  ] acc=0.539
      [calib]  temperature T=8.000  (prob spread: [0.493, 0.507])
    ✗ Win 5 | 90% train | test_n=141 | OOS=43.97% | AUC=0.409 | F1=0.595 | LGB=52.48% | XGB=52.48% | T=8.00
         Dir → UP=47.93%  DOWN=20.00%  NEUTRAL=0.0%
         DL  → LSTM=53.19%  BiLSTM=49.65%  GRU=50.35%  CNN_LSTM=48.23%  CNN_GRU=48.23%  TCN_GRU=48.23%  TCN_Transformer=49.65%  NBEATS=53.90%
      [scaler] range [-3.90, 5.00]  13.7% outside [-1,1]
      [PCA]    24 components → 90.8% explained variance
      [LSTM    ] acc=0.507
      [BiLSTM  ] acc=0.549
      [GRU     ] acc=0.535
      [CNN_LSTM] acc=0.563
      [CNN_GRU ] acc=0.549
      [TCN_GRU ] acc=0.535
      [TCN_Transformer] acc=0.563
      [NBEATS  ] acc=0.577
      [calib]  temperature T=8.000  (prob spread: [0.497, 0.505])
    ✓ Win 6 | 95% train | test_n=71 | OOS=60.56% | AUC=0.568 | F1=0.708 | LGB=56.34% | XGB=56.34% | T=8.00
         Dir → UP=60.71%  DOWN=60.00%  NEUTRAL=0.0%
         DL  → LSTM=50.70%  BiLSTM=54.93%  GRU=53.52%  CNN_LSTM=56.34%  CNN_GRU=54.93%  TCN_GRU=53.52%  TCN_Transformer=56.34%  NBEATS=57.75%
  [3/3] OOS Overall → Accuracy=49.35%  F1=0.5764  (772 preds, 6 wins, avg_T=2.92)
  Plots → 06_results\runs\20260307_141956\INDUSTOWER\plots
