
────────────────────────────────────────────────────────────
  HEROMOTOCO
────────────────────────────────────────────────────────────
  HEROMOTOCO   ↻ computing features ... ✓ 1361 rows × 159 features
  [1/3] Walk-forward: 6 windows  |  1361 rows  |  159 features
        Win 1: train[0:857]  val[857:952]  test[952:1088]  (70%)
        Win 2: train[0:918]  val[918:1020]  test[1020:1156]  (75%)
        Win 3: train[0:980]  val[980:1088]  test[1088:1224]  (80%)
        Win 4: train[0:1041]  val[1041:1156]  test[1156:1292]  (85%)
        Win 5: train[0:1102]  val[1102:1224]  test[1224:1361]  (90%)
        Win 6: train[0:1163]  val[1163:1292]  test[1292:1361]  (95%)
  [1b] Feature selection: top 50 of 159 ... ✓ 50 features kept
  [2/3] Training...
      [scaler] range [-5.00, 5.00]  16.4% outside [-1,1]
      [PCA]    23 components → 90.8% explained variance
      [LSTM    ] acc=0.522
      [BiLSTM  ] acc=0.574
      [GRU     ] acc=0.449
      [CNN_LSTM] acc=0.551
      [CNN_GRU ] acc=0.559
      [calib]  temperature T=0.507  (prob spread: [0.468, 0.576])
    ~ Win 1 | 70% train | test_n=136 | OOS=57.35% | AUC=0.506 | F1=0.716 | LGB=57.35% | XGB=57.35% | T=0.51
         DL → LSTM=52.21%  BiLSTM=57.35%  GRU=44.85%  CNN_LSTM=55.15%  CNN_GRU=55.88%
      [scaler] range [-5.00, 5.00]  16.4% outside [-1,1]
      [PCA]    23 components → 90.5% explained variance
      [LSTM    ] acc=0.456
      [BiLSTM  ] acc=0.507
      [GRU     ] acc=0.485
      [CNN_LSTM] acc=0.456
      [CNN_GRU ] acc=0.515
      [calib]  temperature T=0.523  (prob spread: [0.440, 0.590])
    ✗ Win 2 | 75% train | test_n=136 | OOS=47.06% | AUC=0.522 | F1=0.596 | LGB=47.06% | XGB=48.53% | T=0.52
         DL → LSTM=45.59%  BiLSTM=50.74%  GRU=48.53%  CNN_LSTM=45.59%  CNN_GRU=51.47%
      [scaler] range [-5.00, 5.00]  16.4% outside [-1,1]
      [PCA]    23 components → 90.4% explained variance
      [LSTM    ] acc=0.456
      [BiLSTM  ] acc=0.478
      [GRU     ] acc=0.640
      [CNN_LSTM] acc=0.596
      [CNN_GRU ] acc=0.478
      [calib]  temperature T=0.745  (prob spread: [0.499, 0.572])
    ✗ Win 3 | 80% train | test_n=136 | OOS=46.32% | AUC=0.671 | F1=0.626 | LGB=44.85% | XGB=44.85% | T=0.74
         DL → LSTM=45.59%  BiLSTM=47.79%  GRU=63.97%  CNN_LSTM=59.56%  CNN_GRU=47.79%
      [scaler] range [-5.00, 5.00]  16.7% outside [-1,1]
      [PCA]    23 components → 90.6% explained variance
      [LSTM    ] acc=0.515
      [BiLSTM  ] acc=0.537
      [GRU     ] acc=0.566
      [CNN_LSTM] acc=0.537
      [CNN_GRU ] acc=0.537
      [calib]  temperature T=8.000  (prob spread: [0.490, 0.519])
    ~ Win 4 | 85% train | test_n=136 | OOS=53.68% | AUC=0.527 | F1=0.648 | LGB=54.41% | XGB=54.41% | T=8.00
         DL → LSTM=51.47%  BiLSTM=53.68%  GRU=56.62%  CNN_LSTM=53.68%  CNN_GRU=53.68%
      [scaler] range [-5.00, 5.00]  16.7% outside [-1,1]
      [PCA]    23 components → 90.2% explained variance
      [LSTM    ] acc=0.518
      [BiLSTM  ] acc=0.533
      [GRU     ] acc=0.445
      [CNN_LSTM] acc=0.496
      [CNN_GRU ] acc=0.547
      [calib]  temperature T=0.798  (prob spread: [0.400, 0.657])
    ~ Win 5 | 90% train | test_n=137 | OOS=51.09% | AUC=0.448 | F1=0.649 | LGB=51.09% | XGB=51.82% | T=0.80
         DL → LSTM=51.82%  BiLSTM=53.28%  GRU=44.53%  CNN_LSTM=49.64%  CNN_GRU=54.74%
      [scaler] range [-5.00, 5.00]  16.6% outside [-1,1]
      [PCA]    23 components → 90.1% explained variance
      [LSTM    ] acc=0.435
      [BiLSTM  ] acc=0.565
      [GRU     ] acc=0.449
      [CNN_LSTM] acc=0.478
      [CNN_GRU ] acc=0.406
      [calib]  temperature T=0.523  (prob spread: [0.458, 0.555])
    ✗ Win 6 | 95% train | test_n=69 | OOS=43.48% | AUC=0.389 | F1=0.400 | LGB=56.52% | XGB=50.72% | T=0.52
         DL → LSTM=43.48%  BiLSTM=56.52%  GRU=44.93%  CNN_LSTM=47.83%  CNN_GRU=40.58%
  [3/3] OOS Overall → Accuracy=50.40%  F1=0.6324  (750 preds, 6 wins, avg_T=1.85)
  Plots → 06_results\runs\20260301_000647\HEROMOTOCO\plots
