
────────────────────────────────────────────────────────────
  SUNPHARMA
────────────────────────────────────────────────────────────
  SUNPHARMA    ↻ computing features ... ✓ 1305 rows × 159 features
  [1/3] Walk-forward: 6 windows  |  1305 rows  |  159 features
        Win 1: train[0:822]  val[822:913]  test[913:1044]  (70%)
        Win 2: train[0:881]  val[881:978]  test[978:1109]  (75%)
        Win 3: train[0:940]  val[940:1044]  test[1044:1174]  (80%)
        Win 4: train[0:999]  val[999:1109]  test[1109:1239]  (85%)
        Win 5: train[0:1057]  val[1057:1174]  test[1174:1305]  (90%)
        Win 6: train[0:1116]  val[1116:1239]  test[1239:1305]  (95%)
  [1b] Feature selection: top 50 of 159 ... ✓ 50 features kept
  [2/3] Training...
      [scaler] range [-5.00, 5.00]  18.5% outside [-1,1]
      [PCA]    26 components → 90.1% explained variance
      [LSTM    ] acc=0.427
      [BiLSTM  ] acc=0.519
      [GRU     ] acc=0.443
      [CNN_LSTM] acc=0.473
      [CNN_GRU ] acc=0.519
      [calib]  temperature T=8.000  (prob spread: [0.492, 0.506])
    ✗ Win 1 | 70% train | test_n=131 | OOS=42.75% | AUC=0.488 | F1=0.359 | LGB=42.75% | XGB=37.40% | T=8.00
         DL → LSTM=42.75%  BiLSTM=51.91%  GRU=44.27%  CNN_LSTM=47.33%  CNN_GRU=51.91%
      [scaler] range [-5.00, 5.00]  18.4% outside [-1,1]
      [PCA]    27 components → 91.0% explained variance
      [LSTM    ] acc=0.527
      [BiLSTM  ] acc=0.496
      [GRU     ] acc=0.420
      [CNN_LSTM] acc=0.550
      [CNN_GRU ] acc=0.588
      [calib]  temperature T=8.000  (prob spread: [0.493, 0.503])
    ~ Win 2 | 75% train | test_n=131 | OOS=54.20% | AUC=0.530 | F1=0.600 | LGB=47.33% | XGB=42.75% | T=8.00
         DL → LSTM=52.67%  BiLSTM=49.62%  GRU=41.98%  CNN_LSTM=54.96%  CNN_GRU=58.78%
      [scaler] range [-5.00, 5.00]  18.2% outside [-1,1]
      [PCA]    27 components → 91.0% explained variance
      [LSTM    ] acc=0.515
      [BiLSTM  ] acc=0.531
      [GRU     ] acc=0.562
      [CNN_LSTM] acc=0.623
      [CNN_GRU ] acc=0.523
      [calib]  temperature T=0.434  (prob spread: [0.442, 0.624])
    ~ Win 3 | 80% train | test_n=130 | OOS=53.85% | AUC=0.584 | F1=0.670 | LGB=50.77% | XGB=43.08% | T=0.43
         DL → LSTM=51.54%  BiLSTM=53.08%  GRU=56.15%  CNN_LSTM=62.31%  CNN_GRU=52.31%
      [scaler] range [-5.00, 5.00]  18.2% outside [-1,1]
      [PCA]    26 components → 90.0% explained variance
      [LSTM    ] acc=0.562
      [BiLSTM  ] acc=0.492
      [GRU     ] acc=0.492
      [CNN_LSTM] acc=0.569
      [CNN_GRU ] acc=0.515
      [calib]  temperature T=0.511  (prob spread: [0.306, 0.790])
    ✗ Win 4 | 85% train | test_n=130 | OOS=46.92% | AUC=0.485 | F1=0.531 | LGB=51.54% | XGB=51.54% | T=0.51
         DL → LSTM=56.15%  BiLSTM=49.23%  GRU=49.23%  CNN_LSTM=56.92%  CNN_GRU=51.54%
      [scaler] range [-5.00, 5.00]  18.1% outside [-1,1]
      [PCA]    27 components → 90.8% explained variance
      [LSTM    ] acc=0.557
      [BiLSTM  ] acc=0.496
      [GRU     ] acc=0.496
      [CNN_LSTM] acc=0.573
      [CNN_GRU ] acc=0.504
      [calib]  temperature T=0.480  (prob spread: [0.416, 0.715])
    ✗ Win 5 | 90% train | test_n=131 | OOS=48.85% | AUC=0.486 | F1=0.584 | LGB=53.44% | XGB=54.96% | T=0.48
         DL → LSTM=55.73%  BiLSTM=49.62%  GRU=49.62%  CNN_LSTM=57.25%  CNN_GRU=50.38%
      [scaler] range [-5.00, 5.00]  18.0% outside [-1,1]
      [PCA]    27 components → 90.8% explained variance
      [LSTM    ] acc=0.621
      [BiLSTM  ] acc=0.621
      [GRU     ] acc=0.636
      [CNN_LSTM] acc=0.591
      [CNN_GRU ] acc=0.545
      [calib]  temperature T=0.415  (prob spread: [0.351, 0.663])
    ✓ Win 6 | 95% train | test_n=66 | OOS=60.61% | AUC=0.594 | F1=0.698 | LGB=54.55% | XGB=54.55% | T=0.41
         DL → LSTM=62.12%  BiLSTM=62.12%  GRU=63.64%  CNN_LSTM=59.09%  CNN_GRU=54.55%
  [3/3] OOS Overall → Accuracy=50.35%  F1=0.5765  (719 preds, 6 wins, avg_T=2.97)
  Plots → 06_results\runs\20260301_000647\SUNPHARMA\plots
