
────────────────────────────────────────────────────────────
  ETERNAL
────────────────────────────────────────────────────────────
  ETERNAL      ↻ computing features ... ✓ 771 rows × 153 features
  [1/3] Walk-forward: 6 windows  |  771 rows  |  153 features
        Win 1: train[0:486]  val[486:539]  test[539:616]  (70%)
        Win 2: train[0:521]  val[521:578]  test[578:655]  (75%)
        Win 3: train[0:555]  val[555:616]  test[616:693]  (80%)
        Win 4: train[0:590]  val[590:655]  test[655:732]  (85%)
        Win 5: train[0:624]  val[624:693]  test[693:771]  (90%)
        Win 6: train[0:659]  val[659:732]  test[732:771]  (95%)
  [1b] Feature selection: top 50 of 153 ... ✓ 50 features kept
  [2/3] Training...
      [scaler] range [-5.00, 5.00]  15.9% outside [-1,1]
      [PCA]    17 components → 90.3% explained variance
      [LSTM    ] acc=0.506
      [BiLSTM  ] acc=0.597
      [GRU     ] acc=0.506
      [CNN_LSTM] acc=0.519
      [CNN_GRU ] acc=0.455
      [calib]  temperature T=8.000  (prob spread: [0.498, 0.508])
    ✗ Win 1 | 70% train | test_n=77 | OOS=46.75% | AUC=0.395 | F1=0.594 | LGB=49.35% | XGB=44.16% | T=8.00
         DL → LSTM=50.65%  BiLSTM=59.74%  GRU=50.65%  CNN_LSTM=51.95%  CNN_GRU=45.45%
      [scaler] range [-5.00, 5.00]  15.6% outside [-1,1]
      [PCA]    17 components → 90.1% explained variance
      [LSTM    ] acc=0.429
      [BiLSTM  ] acc=0.584
      [GRU     ] acc=0.481
      [CNN_LSTM] acc=0.455
      [CNN_GRU ] acc=0.442
      [calib]  temperature T=8.000  (prob spread: [0.500, 0.510])
    ~ Win 2 | 75% train | test_n=77 | OOS=51.95% | AUC=0.459 | F1=0.673 | LGB=51.95% | XGB=51.95% | T=8.00
         DL → LSTM=42.86%  BiLSTM=58.44%  GRU=48.05%  CNN_LSTM=45.45%  CNN_GRU=44.16%
      [scaler] range [-5.00, 5.00]  15.3% outside [-1,1]
      [PCA]    17 components → 90.1% explained variance
      [LSTM    ] acc=0.455
      [BiLSTM  ] acc=0.532
      [GRU     ] acc=0.455
      [CNN_LSTM] acc=0.532
      [CNN_GRU ] acc=0.494
      [calib]  temperature T=8.000  (prob spread: [0.492, 0.507])
    ✗ Win 3 | 80% train | test_n=77 | OOS=45.45% | AUC=0.410 | F1=0.571 | LGB=49.35% | XGB=49.35% | T=8.00
         DL → LSTM=45.45%  BiLSTM=53.25%  GRU=45.45%  CNN_LSTM=53.25%  CNN_GRU=49.35%
      [scaler] range [-5.00, 5.00]  14.7% outside [-1,1]
      [PCA]    18 components → 90.8% explained variance
      [LSTM    ] acc=0.506
      [BiLSTM  ] acc=0.494
      [GRU     ] acc=0.455
      [CNN_LSTM] acc=0.506
      [CNN_GRU ] acc=0.494
      [calib]  temperature T=8.000  (prob spread: [0.492, 0.506])
    ✗ Win 4 | 85% train | test_n=77 | OOS=46.75% | AUC=0.426 | F1=0.624 | LGB=49.35% | XGB=49.35% | T=8.00
         DL → LSTM=50.65%  BiLSTM=49.35%  GRU=45.45%  CNN_LSTM=50.65%  CNN_GRU=49.35%
      [scaler] range [-5.00, 5.00]  14.9% outside [-1,1]
      [PCA]    18 components → 90.6% explained variance
      [LSTM    ] acc=0.423
      [BiLSTM  ] acc=0.449
      [GRU     ] acc=0.538
      [CNN_LSTM] acc=0.397
      [CNN_GRU ] acc=0.500
      [calib]  temperature T=0.733  (prob spread: [0.490, 0.568])
    ✗ Win 5 | 90% train | test_n=78 | OOS=41.03% | AUC=0.461 | F1=0.540 | LGB=42.31% | XGB=41.03% | T=0.73
         DL → LSTM=42.31%  BiLSTM=44.87%  GRU=53.85%  CNN_LSTM=39.74%  CNN_GRU=50.00%
      [scaler] range [-5.00, 5.00]  15.4% outside [-1,1]
      [PCA]    18 components → 90.6% explained variance
      [LSTM    ] acc=0.513
      [BiLSTM  ] acc=0.487
      [GRU     ] acc=0.410
      [CNN_LSTM] acc=0.667
      [CNN_GRU ] acc=0.692
      [calib]  temperature T=0.100  (prob spread: [0.356, 0.838])
    ✗ Win 6 | 95% train | test_n=39 | OOS=30.77% | AUC=0.470 | F1=0.426 | LGB=33.33% | XGB=33.33% | T=0.10
         DL → LSTM=51.28%  BiLSTM=48.72%  GRU=41.03%  CNN_LSTM=66.67%  CNN_GRU=69.23%
  [3/3] OOS Overall → Accuracy=44.94%  F1=0.5880  (425 preds, 6 wins, avg_T=5.47)
  Plots → 06_results\runs\20260301_000647\ETERNAL\plots
