
────────────────────────────────────────────────────────────
  SHREECEM
────────────────────────────────────────────────────────────
  SHREECEM     ↻ computing features ... ✓ 1322 rows × 159 features
  [1/3] Walk-forward: 6 windows  |  1322 rows  |  159 features
        Win 1: train[0:833]  val[833:925]  test[925:1057]  (70%)
        Win 2: train[0:892]  val[892:991]  test[991:1123]  (75%)
        Win 3: train[0:952]  val[952:1057]  test[1057:1189]  (80%)
        Win 4: train[0:1011]  val[1011:1123]  test[1123:1255]  (85%)
        Win 5: train[0:1071]  val[1071:1189]  test[1189:1322]  (90%)
        Win 6: train[0:1130]  val[1130:1255]  test[1255:1322]  (95%)
  [1b] Feature selection: top 50 of 159 ... ✓ 50 features kept
  [2/3] Training...
      [scaler] range [-4.22, 5.00]  18.1% outside [-1,1]
      [PCA]    27 components → 90.0% explained variance
      [LSTM    ] acc=0.462
      [BiLSTM  ] acc=0.455
      [GRU     ] acc=0.553
      [CNN_LSTM] acc=0.523
      [CNN_GRU ] acc=0.523
      [TCN_GRU ] acc=0.424
      [TCN_Transformer] acc=0.508
      [NBEATS  ] acc=0.470
      [calib]  temperature T=0.777  (prob spread: [0.465, 0.594])
    ~ Win 1 | 70% train | test_n=132 | OOS=51.52% | AUC=0.497 | F1=0.632 | LGB=52.27% | XGB=52.27% | T=0.78
         Dir → UP=52.38%  DOWN=48.15%  NEUTRAL=0.0%
         DL  → LSTM=46.21%  BiLSTM=45.45%  GRU=55.30%  CNN_LSTM=52.27%  CNN_GRU=52.27%  TCN_GRU=42.42%  TCN_Transformer=50.76%  NBEATS=46.97%
      [scaler] range [-4.49, 5.00]  18.2% outside [-1,1]
      [PCA]    28 components → 91.1% explained variance
      [LSTM    ] acc=0.576
      [BiLSTM  ] acc=0.523
      [GRU     ] acc=0.530
      [CNN_LSTM] acc=0.523
      [CNN_GRU ] acc=0.530
      [TCN_GRU ] acc=0.515
      [TCN_Transformer] acc=0.462
      [NBEATS  ] acc=0.485
      [calib]  temperature T=0.797  (prob spread: [0.481, 0.664])
    ~ Win 2 | 75% train | test_n=132 | OOS=55.30% | AUC=0.530 | F1=0.688 | LGB=48.48% | XGB=51.52% | T=0.80
         Dir → UP=53.72%  DOWN=72.73%  NEUTRAL=0.0%
         DL  → LSTM=57.58%  BiLSTM=52.27%  GRU=53.03%  CNN_LSTM=52.27%  CNN_GRU=53.03%  TCN_GRU=51.52%  TCN_Transformer=46.21%  NBEATS=48.48%
      [scaler] range [-4.52, 5.00]  18.1% outside [-1,1]
      [PCA]    28 components → 91.0% explained variance
      [LSTM    ] acc=0.515
      [BiLSTM  ] acc=0.553
      [GRU     ] acc=0.545
      [CNN_LSTM] acc=0.492
      [CNN_GRU ] acc=0.553
      [TCN_GRU ] acc=0.462
      [TCN_Transformer] acc=0.591
      [NBEATS  ] acc=0.485
      [calib]  temperature T=0.531  (prob spread: [0.384, 0.664])
    ~ Win 3 | 80% train | test_n=132 | OOS=51.52% | AUC=0.447 | F1=0.644 | LGB=50.00% | XGB=50.00% | T=0.53
         Dir → UP=52.25%  DOWN=47.62%  NEUTRAL=0.0%
         DL  → LSTM=51.52%  BiLSTM=55.30%  GRU=54.55%  CNN_LSTM=49.24%  CNN_GRU=55.30%  TCN_GRU=46.21%  TCN_Transformer=59.09%  NBEATS=48.48%
      [scaler] range [-4.48, 5.00]  18.2% outside [-1,1]
      [PCA]    28 components → 90.7% explained variance
      [LSTM    ] acc=0.515
      [BiLSTM  ] acc=0.530
      [GRU     ] acc=0.598
      [CNN_LSTM] acc=0.530
      [CNN_GRU ] acc=0.530
      [TCN_GRU ] acc=0.515
      [TCN_Transformer] acc=0.447
      [NBEATS  ] acc=0.462
      [calib]  temperature T=3.649  (prob spread: [0.491, 0.535])
    ✗ Win 4 | 85% train | test_n=132 | OOS=44.70% | AUC=0.492 | F1=0.583 | LGB=46.21% | XGB=46.21% | T=3.65
         Dir → UP=44.74%  DOWN=44.44%  NEUTRAL=0.0%
         DL  → LSTM=51.52%  BiLSTM=53.03%  GRU=59.85%  CNN_LSTM=53.03%  CNN_GRU=53.03%  TCN_GRU=51.52%  TCN_Transformer=44.70%  NBEATS=46.21%
      [scaler] range [-4.46, 5.00]  18.1% outside [-1,1]
      [PCA]    28 components → 90.6% explained variance
      [LSTM    ] acc=0.489
      [BiLSTM  ] acc=0.481
      [GRU     ] acc=0.632
      [CNN_LSTM] acc=0.519
      [CNN_GRU ] acc=0.526
      [TCN_GRU ] acc=0.526
      [TCN_Transformer] acc=0.511
      [NBEATS  ] acc=0.496
      [calib]  temperature T=1.629  (prob spread: [0.485, 0.543])
    ~ Win 5 | 90% train | test_n=133 | OOS=51.13% | AUC=0.609 | F1=0.586 | LGB=45.11% | XGB=45.11% | T=1.63
         Dir → UP=47.42%  DOWN=61.11%  NEUTRAL=0.0%
         DL  → LSTM=48.87%  BiLSTM=48.12%  GRU=63.16%  CNN_LSTM=51.88%  CNN_GRU=52.63%  TCN_GRU=52.63%  TCN_Transformer=51.13%  NBEATS=49.62%
      [scaler] range [-4.58, 5.00]  18.1% outside [-1,1]
      [PCA]    28 components → 90.3% explained variance
      [LSTM    ] acc=0.522
      [BiLSTM  ] acc=0.493
      [GRU     ] acc=0.537
      [CNN_LSTM] acc=0.478
      [CNN_GRU ] acc=0.448
      [TCN_GRU ] acc=0.507
      [TCN_Transformer] acc=0.478
      [NBEATS  ] acc=0.493
      [calib]  temperature T=0.352  (prob spread: [0.362, 0.704])
    ~ Win 6 | 95% train | test_n=67 | OOS=52.24% | AUC=0.643 | F1=0.652 | LGB=49.25% | XGB=49.25% | T=0.35
         Dir → UP=50.85%  DOWN=62.50%  NEUTRAL=0.0%
         DL  → LSTM=52.24%  BiLSTM=49.25%  GRU=53.73%  CNN_LSTM=47.76%  CNN_GRU=44.78%  TCN_GRU=50.75%  TCN_Transformer=47.76%  NBEATS=49.25%
  [3/3] OOS Overall → Accuracy=50.96%  F1=0.6308  (728 preds, 6 wins, avg_T=1.29)
  Plots → 06_results\runs\20260307_141956\SHREECEM\plots
