
────────────────────────────────────────────────────────────
  ICICIBANK
────────────────────────────────────────────────────────────
  ICICIBANK    ↻ computing features ... ✓ 1280 rows × 164 features
  [1/3] Walk-forward: 6 windows  |  1280 rows  |  164 features
        Win 1: train[0:807]  val[807:896]  test[896:1024]  (70%)
        Win 2: train[0:864]  val[864:960]  test[960:1088]  (75%)
        Win 3: train[0:922]  val[922:1024]  test[1024:1152]  (80%)
        Win 4: train[0:980]  val[980:1088]  test[1088:1216]  (85%)
        Win 5: train[0:1037]  val[1037:1152]  test[1152:1280]  (90%)
        Win 6: train[0:1095]  val[1095:1216]  test[1216:1280]  (95%)
  [1b] Feature selection: top 50 of 164 ... ✓ 47 features kept
  [2/3] Training...
      [scaler] range [-4.68, 5.00]  18.9% outside [-1,1]
      [PCA]    26 components → 90.8% explained variance
      [LSTM    ] acc=0.531
      [BiLSTM  ] acc=0.484
      [GRU     ] acc=0.531
      [CNN_LSTM] acc=0.539
      [CNN_GRU ] acc=0.477
      [TCN_GRU ] acc=0.523
      [TCN_Transformer] acc=0.562
      [NBEATS  ] acc=0.469
      [regime] adaptive blend α=0.50  (regime_ll=0.6861  global_ll=0.6887)
      [calib]  temperature T=0.100  (prob spread: [0.384, 0.829])
    ~ Win 1 | 70% train | test_n=128 | OOS=56.25% | AUC=0.519 | F1=0.685 | LGB=47.66% | XGB=56.25% | T=0.10
         Dir → UP=57.55%  DOWN=50.00%  NEUTRAL=0.0%
         DL  → LSTM=53.12%  BiLSTM=48.44%  GRU=53.12%  CNN_LSTM=53.91%  CNN_GRU=47.66%  TCN_GRU=52.34%  TCN_Transformer=56.25%  NBEATS=46.88%
      [scaler] range [-4.72, 5.00]  18.7% outside [-1,1]
      [PCA]    26 components → 90.8% explained variance
      [LSTM    ] acc=0.539
      [BiLSTM  ] acc=0.609
      [GRU     ] acc=0.594
      [CNN_LSTM] acc=0.516
      [CNN_GRU ] acc=0.531
      [TCN_GRU ] acc=0.562
      [TCN_Transformer] acc=0.578
      [NBEATS  ] acc=0.531
      [regime] adaptive blend α=0.50  (regime_ll=0.6905  global_ll=0.6892)
      [calib]  temperature T=0.254  (prob spread: [0.412, 0.619])
    ✓ Win 2 | 75% train | test_n=128 | OOS=59.38% | AUC=0.584 | F1=0.705 | LGB=58.59% | XGB=56.25% | T=0.25
         Dir → UP=59.62%  DOWN=58.33%  NEUTRAL=0.0%
         DL  → LSTM=53.91%  BiLSTM=60.94%  GRU=59.38%  CNN_LSTM=51.56%  CNN_GRU=53.12%  TCN_GRU=56.25%  TCN_Transformer=57.81%  NBEATS=53.12%
      [scaler] range [-4.85, 5.00]  18.6% outside [-1,1]
      [PCA]    26 components → 90.8% explained variance
      [LSTM    ] acc=0.492
      [BiLSTM  ] acc=0.500
      [GRU     ] acc=0.594
      [CNN_LSTM] acc=0.547
      [CNN_GRU ] acc=0.531
      [TCN_GRU ] acc=0.562
      [TCN_Transformer] acc=0.562
      [NBEATS  ] acc=0.555
      [regime] adaptive blend α=0.50  (regime_ll=0.6904  global_ll=0.6856)
      [calib]  temperature T=0.100  (prob spread: [0.408, 0.754])
    ~ Win 3 | 80% train | test_n=128 | OOS=55.47% | AUC=0.509 | F1=0.708 | LGB=55.47% | XGB=55.47% | T=0.10
         Dir → UP=55.65%  DOWN=50.00%  NEUTRAL=0.0%
         DL  → LSTM=49.22%  BiLSTM=50.00%  GRU=59.38%  CNN_LSTM=54.69%  CNN_GRU=53.12%  TCN_GRU=56.25%  TCN_Transformer=56.25%  NBEATS=55.47%
      [scaler] range [-4.86, 5.00]  18.5% outside [-1,1]
      [PCA]    26 components → 90.7% explained variance
      [LSTM    ] acc=0.469
      [BiLSTM  ] acc=0.523
      [GRU     ] acc=0.492
      [CNN_LSTM] acc=0.484
      [CNN_GRU ] acc=0.547
      [TCN_GRU ] acc=0.445
      [TCN_Transformer] acc=0.445
      [NBEATS  ] acc=0.508
      [regime] adaptive blend α=0.50  (regime_ll=0.6916  global_ll=0.6852)
      [calib]  temperature T=0.207  (prob spread: [0.326, 0.799])
    ✗ Win 4 | 85% train | test_n=128 | OOS=46.09% | AUC=0.488 | F1=0.606 | LGB=46.88% | XGB=50.00% | T=0.21
         Dir → UP=47.75%  DOWN=35.29%  NEUTRAL=0.0%
         DL  → LSTM=46.88%  BiLSTM=52.34%  GRU=49.22%  CNN_LSTM=48.44%  CNN_GRU=54.69%  TCN_GRU=44.53%  TCN_Transformer=44.53%  NBEATS=50.78%
      [scaler] range [-4.81, 4.65]  18.5% outside [-1,1]
      [PCA]    26 components → 90.6% explained variance
      [LSTM    ] acc=0.516
      [BiLSTM  ] acc=0.539
      [GRU     ] acc=0.555
      [CNN_LSTM] acc=0.523
      [CNN_GRU ] acc=0.508
      [TCN_GRU ] acc=0.492
      [TCN_Transformer] acc=0.508
      [NBEATS  ] acc=0.508
      [regime] adaptive blend α=0.50  (regime_ll=0.6897  global_ll=0.6860)
      [calib]  temperature T=0.234  (prob spread: [0.383, 0.796])
    ~ Win 5 | 90% train | test_n=128 | OOS=56.25% | AUC=0.509 | F1=0.692 | LGB=51.56% | XGB=53.91% | T=0.23
         Dir → UP=53.85%  DOWN=81.82%  NEUTRAL=0.0%
         DL  → LSTM=51.56%  BiLSTM=53.91%  GRU=55.47%  CNN_LSTM=52.34%  CNN_GRU=50.78%  TCN_GRU=49.22%  TCN_Transformer=50.78%  NBEATS=50.78%
      [scaler] range [-4.76, 4.79]  18.4% outside [-1,1]
      [PCA]    26 components → 90.5% explained variance
      [LSTM    ] acc=0.578
      [BiLSTM  ] acc=0.516
      [GRU     ] acc=0.547
      [CNN_LSTM] acc=0.547
      [CNN_GRU ] acc=0.609
      [TCN_GRU ] acc=0.562
      [TCN_Transformer] acc=0.469
      [NBEATS  ] acc=0.484
      [regime] adaptive blend α=0.50  (regime_ll=0.7055  global_ll=0.6924)
      [calib]  temperature T=0.747  (prob spread: [0.491, 0.573])
    ✓ Win 6 | 95% train | test_n=64 | OOS=60.94% | AUC=0.552 | F1=0.742 | LGB=54.69% | XGB=57.81% | T=0.75
         Dir → UP=60.00%  DOWN=75.00%  NEUTRAL=0.0%
         DL  → LSTM=57.81%  BiLSTM=51.56%  GRU=54.69%  CNN_LSTM=54.69%  CNN_GRU=60.94%  TCN_GRU=56.25%  TCN_Transformer=46.88%  NBEATS=48.44%
  [3/3] OOS Overall → Accuracy=55.26%  F1=0.6859  (704 preds, 6 wins, avg_T=0.27)
  Plots → 06_results\runs\20260327_144419\ICICIBANK\plots
