
────────────────────────────────────────────────────────────
  KOTAKBANK
────────────────────────────────────────────────────────────
  KOTAKBANK    ↻ computing features ... ✓ 1314 rows × 164 features
  [1/3] Walk-forward: 6 windows  |  1314 rows  |  164 features
        Win 1: train[0:828]  val[828:919]  test[919:1051]  (70%)
        Win 2: train[0:887]  val[887:985]  test[985:1116]  (75%)
        Win 3: train[0:946]  val[946:1051]  test[1051:1182]  (80%)
        Win 4: train[0:1005]  val[1005:1116]  test[1116:1248]  (85%)
        Win 5: train[0:1064]  val[1064:1182]  test[1182:1314]  (90%)
        Win 6: train[0:1124]  val[1124:1248]  test[1248:1314]  (95%)
  [1b] Feature selection: top 50 of 164 ... ✓ 47 features kept
  [2/3] Training...
      [scaler] range [-4.34, 5.00]  17.7% outside [-1,1]
      [PCA]    25 components → 91.0% explained variance
      [LSTM    ] acc=0.583
      [BiLSTM  ] acc=0.523
      [GRU     ] acc=0.530
      [CNN_LSTM] acc=0.515
      [CNN_GRU ] acc=0.508
      [TCN_GRU ] acc=0.477
      [TCN_Transformer] acc=0.553
      [NBEATS  ] acc=0.545
      [regime] adaptive blend α=0.50  (regime_ll=0.6930  global_ll=0.6906)
      [calib]  temperature T=0.223  (prob spread: [0.336, 0.672])
    ~ Win 1 | 70% train | test_n=132 | OOS=55.30% | AUC=0.538 | F1=0.647 | LGB=55.30% | XGB=46.97% | T=0.22
         Dir → UP=56.84%  DOWN=51.35%  NEUTRAL=0.0%
         DL  → LSTM=58.33%  BiLSTM=52.27%  GRU=53.03%  CNN_LSTM=51.52%  CNN_GRU=50.76%  TCN_GRU=47.73%  TCN_Transformer=55.30%  NBEATS=54.55%
      [scaler] range [-4.27, 5.00]  17.6% outside [-1,1]
      [PCA]    25 components → 91.0% explained variance
      [LSTM    ] acc=0.519
      [BiLSTM  ] acc=0.557
      [GRU     ] acc=0.557
      [CNN_LSTM] acc=0.542
      [CNN_GRU ] acc=0.466
      [TCN_GRU ] acc=0.519
      [TCN_Transformer] acc=0.481
      [NBEATS  ] acc=0.519
      [regime] adaptive blend α=0.50  (regime_ll=0.6931  global_ll=0.6914)
      [calib]  temperature T=0.243  (prob spread: [0.466, 0.597])
    ~ Win 2 | 75% train | test_n=131 | OOS=51.15% | AUC=0.552 | F1=0.636 | LGB=51.91% | XGB=53.44% | T=0.24
         Dir → UP=52.83%  DOWN=44.00%  NEUTRAL=0.0%
         DL  → LSTM=51.91%  BiLSTM=55.73%  GRU=55.73%  CNN_LSTM=54.20%  CNN_GRU=46.56%  TCN_GRU=51.91%  TCN_Transformer=48.09%  NBEATS=51.91%
      [scaler] range [-4.08, 5.00]  17.3% outside [-1,1]
      [PCA]    25 components → 91.0% explained variance
      [LSTM    ] acc=0.489
      [BiLSTM  ] acc=0.504
      [GRU     ] acc=0.550
      [CNN_LSTM] acc=0.504
      [CNN_GRU ] acc=0.542
      [TCN_GRU ] acc=0.458
      [TCN_Transformer] acc=0.496
      [NBEATS  ] acc=0.489
      [regime] adaptive blend α=0.50  (regime_ll=0.6940  global_ll=0.6901)
      [calib]  temperature T=0.134  (prob spread: [0.364, 0.707])
    ~ Win 3 | 80% train | test_n=131 | OOS=51.91% | AUC=0.578 | F1=0.604 | LGB=46.56% | XGB=51.15% | T=0.13
         Dir → UP=51.06%  DOWN=54.05%  NEUTRAL=0.0%
         DL  → LSTM=48.85%  BiLSTM=50.38%  GRU=54.96%  CNN_LSTM=50.38%  CNN_GRU=54.20%  TCN_GRU=45.80%  TCN_Transformer=49.62%  NBEATS=48.85%
      [scaler] range [-4.19, 5.00]  17.2% outside [-1,1]
      [PCA]    25 components → 90.9% explained variance
      [LSTM    ] acc=0.606
      [BiLSTM] ✗ Unable to allocate 3.54 MiB for an array with shape (986, 20, 47) and data type float32
