
────────────────────────────────────────────────────────────
  JSWSTEEL
────────────────────────────────────────────────────────────
  JSWSTEEL     ↻ computing features ... ✓ 1391 rows × 159 features
  [1/3] Walk-forward: 6 windows  |  1391 rows  |  159 features
        Win 1: train[0:876]  val[876:973]  test[973:1112]  (70%)
        Win 2: train[0:939]  val[939:1043]  test[1043:1182]  (75%)
        Win 3: train[0:1001]  val[1001:1112]  test[1112:1251]  (80%)
        Win 4: train[0:1064]  val[1064:1182]  test[1182:1321]  (85%)
        Win 5: train[0:1126]  val[1126:1251]  test[1251:1391]  (90%)
        Win 6: train[0:1189]  val[1189:1321]  test[1321:1391]  (95%)
  [1b] Feature selection: top 50 of 159 ... ✓ 50 features kept
  [2/3] Training...
      [scaler] range [-3.97, 5.00]  16.9% outside [-1,1]
      [PCA]    25 components → 90.9% explained variance
      [LSTM    ] acc=0.576
      [BiLSTM  ] acc=0.482
      [GRU     ] acc=0.532
      [CNN_LSTM] acc=0.460
      [CNN_GRU ] acc=0.532
      [calib]  temperature T=0.307  (prob spread: [0.147, 0.765])
    ✗ Win 1 | 70% train | test_n=139 | OOS=49.64% | AUC=0.560 | F1=0.602 | LGB=55.40% | XGB=52.52% | T=0.31
         DL → LSTM=57.55%  BiLSTM=48.20%  GRU=53.24%  CNN_LSTM=46.04%  CNN_GRU=53.24%
      [scaler] range [-3.93, 5.00]  17.3% outside [-1,1]
      [PCA]    25 components → 90.8% explained variance
      [LSTM    ] acc=0.597
      [BiLSTM  ] acc=0.568
      [GRU     ] acc=0.568
      [CNN_LSTM] acc=0.532
      [CNN_GRU ] acc=0.475
      [calib]  temperature T=0.261  (prob spread: [0.327, 0.760])
    ~ Win 2 | 75% train | test_n=139 | OOS=51.08% | AUC=0.560 | F1=0.634 | LGB=56.12% | XGB=52.52% | T=0.26
         DL → LSTM=59.71%  BiLSTM=56.83%  GRU=56.83%  CNN_LSTM=53.24%  CNN_GRU=47.48%
      [scaler] range [-4.06, 4.87]  17.3% outside [-1,1]
      [PCA]    25 components → 90.6% explained variance
      [LSTM    ] acc=0.518
      [BiLSTM  ] acc=0.518
      [GRU     ] acc=0.511
      [CNN_LSTM] acc=0.554
      [CNN_GRU ] acc=0.540
      [calib]  temperature T=0.387  (prob spread: [0.174, 0.730])
    ~ Win 3 | 80% train | test_n=139 | OOS=52.52% | AUC=0.539 | F1=0.607 | LGB=51.80% | XGB=51.08% | T=0.39
         DL → LSTM=51.80%  BiLSTM=51.80%  GRU=51.08%  CNN_LSTM=55.40%  CNN_GRU=53.96%
      [scaler] range [-4.03, 4.83]  17.3% outside [-1,1]
      [PCA]    25 components → 90.6% explained variance
      [LSTM    ] acc=0.460
      [BiLSTM  ] acc=0.424
      [GRU     ] acc=0.475
      [CNN_LSTM] acc=0.532
      [CNN_GRU ] acc=0.468
      [calib]  temperature T=0.567  (prob spread: [0.321, 0.731])
    ~ Win 4 | 85% train | test_n=139 | OOS=53.24% | AUC=0.508 | F1=0.596 | LGB=47.48% | XGB=48.20% | T=0.57
         DL → LSTM=46.04%  BiLSTM=42.45%  GRU=47.48%  CNN_LSTM=53.24%  CNN_GRU=46.76%
      [scaler] range [-3.90, 5.00]  17.5% outside [-1,1]
      [PCA]    25 components → 90.3% explained variance
      [LSTM    ] acc=0.479
      [BiLSTM  ] acc=0.450
      [GRU     ] acc=0.500
      [CNN_LSTM] acc=0.457
      [CNN_GRU ] acc=0.514
      [calib]  temperature T=8.000  (prob spread: [0.499, 0.509])
    ~ Win 5 | 90% train | test_n=140 | OOS=52.86% | AUC=0.510 | F1=0.641 | LGB=50.71% | XGB=50.71% | T=8.00
         DL → LSTM=47.86%  BiLSTM=45.00%  GRU=50.00%  CNN_LSTM=45.71%  CNN_GRU=51.43%
      [scaler] range [-4.02, 5.00]  17.6% outside [-1,1]
      [PCA]    25 components → 90.3% explained variance
      [LSTM    ] acc=0.500
      [BiLSTM  ] acc=0.514
      [GRU     ] acc=0.457
      [CNN_LSTM] acc=0.586
      [CNN_GRU ] acc=0.471
      [calib]  temperature T=5.650  (prob spread: [0.490, 0.514])
    ~ Win 6 | 95% train | test_n=70 | OOS=52.86% | AUC=0.538 | F1=0.629 | LGB=54.29% | XGB=50.00% | T=5.65
         DL → LSTM=50.00%  BiLSTM=51.43%  GRU=45.71%  CNN_LSTM=58.57%  CNN_GRU=47.14%
  [3/3] OOS Overall → Accuracy=51.96%  F1=0.6183  (766 preds, 6 wins, avg_T=2.53)
  Plots → 06_results\runs\20260301_000647\JSWSTEEL\plots
