
────────────────────────────────────────────────────────────
  MUTHOOTFIN
────────────────────────────────────────────────────────────
  MUTHOOTFIN   ↻ computing features ... ✓ 1377 rows × 159 features
  [1/3] Walk-forward: 6 windows  |  1377 rows  |  159 features
        Win 1: train[0:867]  val[867:963]  test[963:1101]  (70%)
        Win 2: train[0:929]  val[929:1032]  test[1032:1170]  (75%)
        Win 3: train[0:991]  val[991:1101]  test[1101:1239]  (80%)
        Win 4: train[0:1053]  val[1053:1170]  test[1170:1308]  (85%)
        Win 5: train[0:1116]  val[1116:1239]  test[1239:1377]  (90%)
        Win 6: train[0:1178]  val[1178:1308]  test[1308:1377]  (95%)
  [1b] Feature selection: top 50 of 159 ... ✓ 47 features kept
  [2/3] Training...
      [scaler] range [-4.32, 5.00]  17.4% outside [-1,1]
      [PCA]    22 components → 90.8% explained variance
      [LSTM    ] acc=0.478
      [BiLSTM  ] acc=0.464
      [GRU     ] acc=0.507
      [CNN_LSTM] acc=0.442
      [CNN_GRU ] acc=0.565
      [calib]  temperature T=8.000  (prob spread: [0.494, 0.503])
    ~ Win 1 | 70% train | test_n=138 | OOS=51.45% | AUC=0.496 | F1=0.350 | LGB=42.75% | XGB=42.75% | T=8.00
         DL → LSTM=47.83%  BiLSTM=46.38%  GRU=50.72%  CNN_LSTM=44.20%  CNN_GRU=56.52%
      [scaler] range [-4.37, 5.00]  17.3% outside [-1,1]
      [PCA]    22 components → 90.8% explained variance
      [LSTM    ] acc=0.500
      [BiLSTM  ] acc=0.594
      [GRU     ] acc=0.493
      [CNN_LSTM] acc=0.529
      [CNN_GRU ] acc=0.572
      [calib]  temperature T=0.159  (prob spread: [0.448, 0.648])
    ✓ Win 2 | 75% train | test_n=138 | OOS=61.59% | AUC=0.530 | F1=0.739 | LGB=40.58% | XGB=52.17% | T=0.16
         DL → LSTM=50.00%  BiLSTM=59.42%  GRU=49.28%  CNN_LSTM=52.90%  CNN_GRU=57.25%
      [scaler] range [-4.28, 5.00]  17.5% outside [-1,1]
      [PCA]    22 components → 90.8% explained variance
      [LSTM    ] acc=0.486
      [BiLSTM  ] acc=0.536
      [GRU     ] acc=0.464
      [CNN_LSTM] acc=0.536
      [CNN_GRU ] acc=0.536
      [calib]  temperature T=0.140  (prob spread: [0.009, 0.988])
    ~ Win 3 | 80% train | test_n=138 | OOS=50.00% | AUC=0.536 | F1=0.610 | LGB=50.72% | XGB=47.83% | T=0.14
         DL → LSTM=48.55%  BiLSTM=53.62%  GRU=46.38%  CNN_LSTM=53.62%  CNN_GRU=53.62%
      [scaler] range [-4.11, 5.00]  17.4% outside [-1,1]
      [PCA]    22 components → 90.5% explained variance
      [LSTM    ] acc=0.486
      [BiLSTM  ] acc=0.449
      [GRU     ] acc=0.507
      [CNN_LSTM] acc=0.529
      [CNN_GRU ] acc=0.493
      [calib]  temperature T=0.339  (prob spread: [0.396, 0.689])
    ~ Win 4 | 85% train | test_n=138 | OOS=50.00% | AUC=0.474 | F1=0.627 | LGB=49.28% | XGB=48.55% | T=0.34
         DL → LSTM=48.55%  BiLSTM=44.93%  GRU=50.72%  CNN_LSTM=52.90%  CNN_GRU=49.28%
      [scaler] range [-3.83, 5.00]  17.3% outside [-1,1]
      [PCA]    22 components → 90.2% explained variance
      [LSTM    ] acc=0.558
      [BiLSTM  ] acc=0.529
      [GRU     ] acc=0.529
      [CNN_LSTM] acc=0.543
      [CNN_GRU ] acc=0.486
      [calib]  temperature T=0.959  (prob spread: [0.436, 0.634])
    ~ Win 5 | 90% train | test_n=138 | OOS=56.52% | AUC=0.476 | F1=0.688 | LGB=54.35% | XGB=53.62% | T=0.96
         DL → LSTM=55.80%  BiLSTM=52.90%  GRU=52.90%  CNN_LSTM=54.35%  CNN_GRU=48.55%
      [scaler] range [-3.69, 5.00]  17.2% outside [-1,1]
      [PCA]    22 components → 90.2% explained variance
      [LSTM    ] acc=0.493
      [BiLSTM  ] acc=0.522
      [GRU     ] acc=0.536
      [CNN_LSTM] acc=0.478
      [CNN_GRU ] acc=0.507
      [calib]  temperature T=1.729  (prob spread: [0.493, 0.543])
    ✗ Win 6 | 95% train | test_n=69 | OOS=49.28% | AUC=0.477 | F1=0.660 | LGB=52.17% | XGB=52.17% | T=1.73
         DL → LSTM=49.28%  BiLSTM=52.17%  GRU=53.62%  CNN_LSTM=47.83%  CNN_GRU=50.72%
  [3/3] OOS Overall → Accuracy=53.49%  F1=0.6334  (759 preds, 6 wins, avg_T=1.89)
  Plots → 06_results\runs\20260301_000647\MUTHOOTFIN\plots
