
────────────────────────────────────────────────────────────
  SBIN
────────────────────────────────────────────────────────────
  SBIN         ✓ features cached  (1343 rows × 156 feat)
  [1/3] Walk-forward: 6 windows  |  1343 rows  |  156 features
        Win 1: train[0:846]  val[846:940]  test[940:1074]  (70%)
        Win 2: train[0:907]  val[907:1007]  test[1007:1141]  (75%)
        Win 3: train[0:967]  val[967:1074]  test[1074:1208]  (80%)
        Win 4: train[0:1027]  val[1027:1141]  test[1141:1275]  (85%)
        Win 5: train[0:1088]  val[1088:1208]  test[1208:1343]  (90%)
        Win 6: train[0:1148]  val[1148:1275]  test[1275:1343]  (95%)
  [1b] Feature selection: top 50 of 156 ... ✓ 47 features kept
  [2/3] Training...
      [scaler] range [-4.37, 5.00]  17.6% outside [-1,1]
      [PCA]    25 components → 90.5% explained variance
      [LSTM    ] acc=0.567
      [BiLSTM  ] acc=0.530
      [GRU     ] acc=0.388
      [CNN_LSTM] acc=0.567
      [CNN_GRU ] acc=0.537
      [TCN_GRU ] acc=0.493
      [TCN_Transformer] acc=0.552
      [NBEATS  ] acc=0.552
      [regime] adaptive blend α=0.50  (regime_ll=0.6882  global_ll=0.6807)
      [calib]  temperature T=0.100  (prob spread: [0.188, 0.788])
    ✓ Win 1 | 70% train | test_n=134 | OOS=60.45% | AUC=0.580 | F1=0.679 | LGB=57.46% | XGB=57.46% | T=0.10
         Dir → UP=65.12%  DOWN=52.08%  NEUTRAL=0.0%
         DL  → LSTM=56.72%  BiLSTM=52.99%  GRU=38.81%  CNN_LSTM=56.72%  CNN_GRU=53.73%  TCN_GRU=49.25%  TCN_Transformer=55.22%  NBEATS=55.22%
      [scaler] range [-4.35, 5.00]  17.6% outside [-1,1]
      [PCA]    25 components → 90.4% explained variance
      [LSTM    ] acc=0.530
      [BiLSTM  ] acc=0.507
      [GRU     ] acc=0.500
      [CNN_LSTM] acc=0.507
      [CNN_GRU ] acc=0.575
      [TCN_GRU ] acc=0.463
      [TCN_Transformer] acc=0.575
      [NBEATS  ] acc=0.530
      [regime] adaptive blend α=0.50  (regime_ll=0.6933  global_ll=0.6853)
      [calib]  temperature T=0.100  (prob spread: [0.350, 0.780])
    ~ Win 2 | 75% train | test_n=134 | OOS=53.73% | AUC=0.514 | F1=0.617 | LGB=53.73% | XGB=50.75% | T=0.10
         Dir → UP=56.18%  DOWN=48.89%  NEUTRAL=0.0%
         DL  → LSTM=52.99%  BiLSTM=50.75%  GRU=50.00%  CNN_LSTM=50.75%  CNN_GRU=57.46%  TCN_GRU=46.27%  TCN_Transformer=57.46%  NBEATS=52.99%
      [scaler] range [-4.30, 5.00]  17.6% outside [-1,1]
      [PCA]    25 components → 90.4% explained variance
      [LSTM    ] acc=0.493
      [BiLSTM  ] acc=0.500
      [GRU     ] acc=0.470
      [CNN_LSTM] acc=0.485
      [CNN_GRU ] acc=0.470
      [TCN_GRU ] acc=0.507
      [TCN_Transformer] acc=0.478
      [NBEATS  ] acc=0.448
      [regime] adaptive blend α=0.50  (regime_ll=0.6821  global_ll=0.6891)
      [calib]  temperature T=0.100  (prob spread: [0.261, 0.832])
    ~ Win 3 | 80% train | test_n=134 | OOS=50.75% | AUC=0.549 | F1=0.602 | LGB=48.51% | XGB=48.51% | T=0.10
         Dir → UP=50.00%  DOWN=52.94%  NEUTRAL=0.0%
         DL  → LSTM=49.25%  BiLSTM=50.00%  GRU=47.01%  CNN_LSTM=48.51%  CNN_GRU=47.01%  TCN_GRU=50.75%  TCN_Transformer=47.76%  NBEATS=44.78%
      [scaler] range [-4.20, 5.00]  17.6% outside [-1,1]
      [PCA]    25 components → 90.4% explained variance
      [LSTM    ] acc=0.515
      [BiLSTM  ] acc=0.448
      [GRU     ] acc=0.560
      [CNN_LSTM] acc=0.522
      [CNN_GRU ] acc=0.552
      [TCN_GRU ] acc=0.545
      [TCN_Transformer] acc=0.515
      [NBEATS  ] acc=0.522
      [regime] adaptive blend α=0.50  (regime_ll=0.6855  global_ll=0.6853)
      [calib]  temperature T=0.149  (prob spread: [0.369, 0.762])
    ~ Win 4 | 85% train | test_n=134 | OOS=55.22% | AUC=0.507 | F1=0.667 | LGB=50.00% | XGB=51.49% | T=0.15
         Dir → UP=54.05%  DOWN=60.87%  NEUTRAL=0.0%
         DL  → LSTM=51.49%  BiLSTM=44.78%  GRU=55.97%  CNN_LSTM=52.24%  CNN_GRU=55.22%  TCN_GRU=54.48%  TCN_Transformer=51.49%  NBEATS=52.24%
      [scaler] range [-4.72, 5.00]  17.6% outside [-1,1]
      [PCA]    25 components → 90.4% explained variance
      [LSTM    ] acc=0.578
      [BiLSTM  ] acc=0.570
      [GRU     ] acc=0.563
      [CNN_LSTM] acc=0.570
      [CNN_GRU ] acc=0.556
      [TCN_GRU ] acc=0.556
      [TCN_Transformer] acc=0.593
      [NBEATS  ] acc=0.593
      [regime] adaptive blend α=0.50  (regime_ll=0.6928  global_ll=0.6927)
      [calib]  temperature T=0.929  (prob spread: [0.465, 0.549])
    ~ Win 5 | 90% train | test_n=135 | OOS=57.04% | AUC=0.528 | F1=0.667 | LGB=53.33% | XGB=59.26% | T=0.93
         Dir → UP=61.70%  DOWN=46.34%  NEUTRAL=0.0%
         DL  → LSTM=57.78%  BiLSTM=57.04%  GRU=56.30%  CNN_LSTM=57.04%  CNN_GRU=55.56%  TCN_GRU=55.56%  TCN_Transformer=59.26%  NBEATS=59.26%
      [scaler] range [-4.57, 5.00]  17.6% outside [-1,1]
      [PCA]    25 components → 90.3% explained variance
      [LSTM    ] acc=0.471
      [BiLSTM  ] acc=0.529
      [GRU     ] acc=0.368
      [CNN_LSTM] acc=0.500
      [CNN_GRU ] acc=0.588
      [TCN_GRU ] acc=0.632
      [TCN_Transformer] acc=0.603
      [NBEATS  ] acc=0.662
      [regime] adaptive blend α=0.50  (regime_ll=0.6945  global_ll=0.6922)
      [calib]  temperature T=0.531  (prob spread: [0.469, 0.568])
    ✓ Win 6 | 95% train | test_n=68 | OOS=67.65% | AUC=0.701 | F1=0.784 | LGB=64.71% | XGB=63.24% | T=0.53
         Dir → UP=67.80%  DOWN=66.67%  NEUTRAL=0.0%
         DL  → LSTM=47.06%  BiLSTM=52.94%  GRU=36.76%  CNN_LSTM=50.00%  CNN_GRU=58.82%  TCN_GRU=63.24%  TCN_Transformer=60.29%  NBEATS=66.18%
  [3/3] OOS Overall → Accuracy=56.56%  F1=0.6617  (739 preds, 6 wins, avg_T=0.32)
  Plots → 06_results\runs\20260327_144419\SBIN\plots
