
────────────────────────────────────────────────────────────
  SHRIRAMFIN
────────────────────────────────────────────────────────────
  SHRIRAMFIN   ↻ computing features ... ✓ 1439 rows × 159 features
  [1/3] Walk-forward: 6 windows  |  1439 rows  |  159 features
        Win 1: train[0:907]  val[907:1007]  test[1007:1151]  (70%)
        Win 2: train[0:972]  val[972:1079]  test[1079:1223]  (75%)
        Win 3: train[0:1036]  val[1036:1151]  test[1151:1295]  (80%)
        Win 4: train[0:1101]  val[1101:1223]  test[1223:1367]  (85%)
        Win 5: train[0:1166]  val[1166:1295]  test[1295:1439]  (90%)
        Win 6: train[0:1231]  val[1231:1367]  test[1367:1439]  (95%)
  [1b] Feature selection: top 50 of 159 ... ✓ 47 features kept
  [2/3] Training...
      [scaler] range [-5.00, 5.00]  15.6% outside [-1,1]
      [PCA]    15 components → 91.0% explained variance
      [LSTM    ] acc=0.451
      [BiLSTM  ] acc=0.500
      [GRU     ] acc=0.542
      [CNN_LSTM] acc=0.431
      [CNN_GRU ] acc=0.486
      [calib]  temperature T=0.612  (prob spread: [0.432, 0.542])
    ✓ Win 1 | 70% train | test_n=144 | OOS=58.33% | AUC=0.604 | F1=0.625 | LGB=56.94% | XGB=54.17% | T=0.61
         DL → LSTM=45.14%  BiLSTM=50.00%  GRU=54.17%  CNN_LSTM=43.06%  CNN_GRU=48.61%
      [scaler] range [-5.00, 5.00]  15.7% outside [-1,1]
      [PCA]    14 components → 90.0% explained variance
      [LSTM    ] acc=0.590
      [BiLSTM  ] acc=0.472
      [GRU     ] acc=0.465
      [CNN_LSTM] acc=0.528
      [CNN_GRU ] acc=0.451
      [calib]  temperature T=0.183  (prob spread: [0.062, 0.896])
    ~ Win 2 | 75% train | test_n=144 | OOS=53.47% | AUC=0.482 | F1=0.626 | LGB=47.92% | XGB=50.00% | T=0.18
         DL → LSTM=59.03%  BiLSTM=47.22%  GRU=46.53%  CNN_LSTM=52.78%  CNN_GRU=45.14%
      [scaler] range [-5.00, 5.00]  15.6% outside [-1,1]
      [PCA]    15 components → 91.0% explained variance
      [LSTM    ] acc=0.500
      [BiLSTM  ] acc=0.500
      [GRU     ] acc=0.507
      [CNN_LSTM] acc=0.438
      [CNN_GRU ] acc=0.465
      [calib]  temperature T=0.420  (prob spread: [0.376, 0.705])
    ✗ Win 3 | 80% train | test_n=144 | OOS=45.83% | AUC=0.447 | F1=0.581 | LGB=48.61% | XGB=50.69% | T=0.42
         DL → LSTM=50.00%  BiLSTM=50.00%  GRU=50.69%  CNN_LSTM=43.75%  CNN_GRU=46.53%
      [scaler] range [-5.00, 5.00]  15.4% outside [-1,1]
      [PCA]    15 components → 90.8% explained variance
      [LSTM    ] acc=0.542
      [BiLSTM  ] acc=0.479
      [GRU     ] acc=0.507
      [CNN_LSTM] acc=0.493
      [CNN_GRU ] acc=0.549
      [calib]  temperature T=8.000  (prob spread: [0.498, 0.505])
    ~ Win 4 | 85% train | test_n=144 | OOS=54.17% | AUC=0.535 | F1=0.629 | LGB=50.69% | XGB=50.69% | T=8.00
         DL → LSTM=54.17%  BiLSTM=47.92%  GRU=50.69%  CNN_LSTM=49.31%  CNN_GRU=54.86%
      [scaler] range [-5.00, 5.00]  15.3% outside [-1,1]
      [PCA]    15 components → 90.6% explained variance
      [LSTM    ] acc=0.479
      [BiLSTM  ] acc=0.583
      [GRU     ] acc=0.465
      [CNN_LSTM] acc=0.444
      [CNN_GRU ] acc=0.493
      [calib]  temperature T=8.000  (prob spread: [0.498, 0.505])
    ~ Win 5 | 90% train | test_n=144 | OOS=50.00% | AUC=0.511 | F1=0.526 | LGB=57.64% | XGB=58.33% | T=8.00
         DL → LSTM=47.92%  BiLSTM=58.33%  GRU=46.53%  CNN_LSTM=44.44%  CNN_GRU=49.31%
      [scaler] range [-5.00, 5.00]  14.7% outside [-1,1]
      [PCA]    15 components → 90.6% explained variance
      [LSTM    ] acc=0.389
      [BiLSTM  ] acc=0.333
      [GRU     ] acc=0.333
      [CNN_LSTM] acc=0.347
      [CNN_GRU ] acc=0.611
      [calib]  temperature T=0.100  (prob spread: [0.020, 0.952])
    ~ Win 6 | 95% train | test_n=72 | OOS=54.17% | AUC=0.569 | F1=0.593 | LGB=44.44% | XGB=47.22% | T=0.10
         DL → LSTM=38.89%  BiLSTM=33.33%  GRU=33.33%  CNN_LSTM=34.72%  CNN_GRU=61.11%
  [3/3] OOS Overall → Accuracy=52.53%  F1=0.5983  (792 preds, 6 wins, avg_T=2.89)
  Plots → 06_results\runs\20260301_000647\SHRIRAMFIN\plots
