
────────────────────────────────────────────────────────────
  TATASTEEL
────────────────────────────────────────────────────────────
  TATASTEEL    ✓ features cached  (1428 rows × 159 feat)
  [1/3] Walk-forward: 6 windows  |  1428 rows  |  159 features
        Win 1: train[0:900]  val[900:999]  test[999:1142]  (70%)
        Win 2: train[0:964]  val[964:1071]  test[1071:1213]  (75%)
        Win 3: train[0:1028]  val[1028:1142]  test[1142:1285]  (80%)
        Win 4: train[0:1092]  val[1092:1213]  test[1213:1356]  (85%)
        Win 5: train[0:1157]  val[1157:1285]  test[1285:1428]  (90%)
        Win 6: train[0:1221]  val[1221:1356]  test[1356:1428]  (95%)
  [1b] Feature selection: top 50 of 159 ... ✓ 50 features kept
  [2/3] Training...
      [scaler] range [-4.41, 5.00]  15.3% outside [-1,1]
      [PCA]    23 components → 90.9% explained variance
      [LSTM    ] acc=0.531
      [BiLSTM  ] acc=0.573
      [GRU     ] acc=0.483
      [CNN_LSTM] acc=0.573
      [CNN_GRU ] acc=0.490
      [TCN_GRU ] acc=0.510
      [TCN_Transformer] acc=0.406
      [NBEATS  ] acc=0.510
      [calib]  temperature T=0.243  (prob spread: [0.476, 0.651])
    ~ Win 1 | 70% train | test_n=143 | OOS=56.64% | AUC=0.532 | F1=0.718 | LGB=52.45% | XGB=55.24% | T=0.24
         Dir → UP=56.43%  DOWN=66.67%  NEUTRAL=0.0%
         DL  → LSTM=53.15%  BiLSTM=57.34%  GRU=48.25%  CNN_LSTM=57.34%  CNN_GRU=48.95%  TCN_GRU=51.05%  TCN_Transformer=40.56%  NBEATS=51.05%
      [scaler] range [-4.31, 5.00]  15.6% outside [-1,1]
      [PCA]    23 components → 90.9% explained variance
      [LSTM    ] acc=0.514
      [BiLSTM  ] acc=0.556
      [GRU     ] acc=0.528
      [CNN_LSTM] acc=0.500
      [CNN_GRU ] acc=0.479
      [TCN_GRU ] acc=0.486
      [TCN_Transformer] acc=0.549
      [NBEATS  ] acc=0.535
      [calib]  temperature T=0.457  (prob spread: [0.346, 0.756])
    ~ Win 2 | 75% train | test_n=142 | OOS=50.70% | AUC=0.565 | F1=0.628 | LGB=52.82% | XGB=52.11% | T=0.46
         Dir → UP=50.43%  DOWN=52.00%  NEUTRAL=0.0%
         DL  → LSTM=51.41%  BiLSTM=55.63%  GRU=52.82%  CNN_LSTM=50.00%  CNN_GRU=47.89%  TCN_GRU=48.59%  TCN_Transformer=54.93%  NBEATS=53.52%
      [scaler] range [-4.15, 5.00]  15.5% outside [-1,1]
      [PCA]    23 components → 90.9% explained variance
      [LSTM    ] acc=0.490
      [BiLSTM  ] acc=0.524
      [GRU     ] acc=0.476
      [CNN_LSTM] acc=0.476
      [CNN_GRU ] acc=0.441
      [TCN_GRU ] acc=0.420
      [TCN_Transformer] acc=0.476
      [NBEATS  ] acc=0.497
      [calib]  temperature T=0.470  (prob spread: [0.478, 0.700])
    ~ Win 3 | 80% train | test_n=143 | OOS=50.35% | AUC=0.485 | F1=0.667 | LGB=45.45% | XGB=48.25% | T=0.47
         Dir → UP=50.71%  DOWN=33.33%  NEUTRAL=0.0%
         DL  → LSTM=48.95%  BiLSTM=52.45%  GRU=47.55%  CNN_LSTM=47.55%  CNN_GRU=44.06%  TCN_GRU=41.96%  TCN_Transformer=47.55%  NBEATS=49.65%
      [scaler] range [-3.96, 5.00]  15.7% outside [-1,1]
      [PCA]    23 components → 90.7% explained variance
      [LSTM    ] acc=0.545
      [BiLSTM  ] acc=0.524
      [GRU     ] acc=0.510
      [CNN_LSTM] acc=0.538
      [CNN_GRU ] acc=0.476
      [TCN_GRU ] acc=0.545
      [TCN_Transformer] acc=0.524
      [NBEATS  ] acc=0.524
      [calib]  temperature T=2.422  (prob spread: [0.503, 0.549])
    ~ Win 4 | 85% train | test_n=143 | OOS=55.24% | AUC=0.475 | F1=0.712 | LGB=55.24% | XGB=55.24% | T=2.42
         Dir → UP=55.24%  DOWN=0.00%  NEUTRAL=0.0%
         DL  → LSTM=54.55%  BiLSTM=52.45%  GRU=51.05%  CNN_LSTM=53.85%  CNN_GRU=47.55%  TCN_GRU=54.55%  TCN_Transformer=52.45%  NBEATS=52.45%
      [scaler] range [-3.80, 5.00]  15.4% outside [-1,1]
      [PCA]    23 components → 90.6% explained variance
      [LSTM    ] acc=0.503
      [BiLSTM  ] acc=0.517
      [GRU     ] acc=0.517
      [CNN_LSTM] acc=0.517
      [CNN_GRU ] acc=0.517
      [TCN_GRU ] acc=0.517
      [TCN_Transformer] acc=0.524
      [NBEATS  ] acc=0.517
      [calib]  temperature T=0.825  (prob spread: [0.522, 0.579])
    ~ Win 5 | 90% train | test_n=143 | OOS=51.75% | AUC=0.418 | F1=0.682 | LGB=51.75% | XGB=51.75% | T=0.83
         Dir → UP=51.75%  DOWN=0.00%  NEUTRAL=0.0%
         DL  → LSTM=50.35%  BiLSTM=51.75%  GRU=51.75%  CNN_LSTM=51.75%  CNN_GRU=51.75%  TCN_GRU=51.75%  TCN_Transformer=52.45%  NBEATS=51.75%
      [scaler] range [-3.68, 5.00]  15.2% outside [-1,1]
      [PCA]    23 components → 90.5% explained variance
      [LSTM    ] acc=0.500
      [BiLSTM  ] acc=0.556
      [GRU     ] acc=0.556
      [CNN_LSTM] acc=0.528
      [CNN_GRU ] acc=0.486
      [TCN_GRU ] acc=0.472
      [TCN_Transformer] acc=0.542
      [NBEATS  ] acc=0.500
      [calib]  temperature T=0.576  (prob spread: [0.511, 0.600])
    ~ Win 6 | 95% train | test_n=72 | OOS=50.00% | AUC=0.464 | F1=0.667 | LGB=50.00% | XGB=50.00% | T=0.58
         Dir → UP=50.00%  DOWN=0.00%  NEUTRAL=0.0%
         DL  → LSTM=50.00%  BiLSTM=55.56%  GRU=55.56%  CNN_LSTM=52.78%  CNN_GRU=48.61%  TCN_GRU=47.22%  TCN_Transformer=54.17%  NBEATS=50.00%
  [3/3] OOS Overall → Accuracy=52.67%  F1=0.6815  (786 preds, 6 wins, avg_T=0.83)
  Plots → 06_results\runs\20260307_141956\TATASTEEL\plots
