
────────────────────────────────────────────────────────────
  DMART
────────────────────────────────────────────────────────────
  DMART        ↻ computing features ... ✓ 1333 rows × 159 features
  [1/3] Walk-forward: 6 windows  |  1333 rows  |  159 features
        Win 1: train[0:840]  val[840:933]  test[933:1066]  (70%)
        Win 2: train[0:900]  val[900:999]  test[999:1133]  (75%)
        Win 3: train[0:960]  val[960:1066]  test[1066:1199]  (80%)
        Win 4: train[0:1020]  val[1020:1133]  test[1133:1266]  (85%)
        Win 5: train[0:1080]  val[1080:1199]  test[1199:1333]  (90%)
        Win 6: train[0:1140]  val[1140:1266]  test[1266:1333]  (95%)
  [1b] Feature selection: top 50 of 159 ... ✓ 50 features kept
  [2/3] Training...
      [scaler] range [-3.45, 5.00]  15.2% outside [-1,1]
      [PCA]    18 components → 90.4% explained variance
      [LSTM    ] acc=0.526
      [BiLSTM  ] acc=0.556
      [GRU     ] acc=0.534
      [CNN_LSTM] acc=0.481
      [CNN_GRU ] acc=0.504
      [calib]  temperature T=8.000  (prob spread: [0.499, 0.505])
    ~ Win 1 | 70% train | test_n=133 | OOS=56.39% | AUC=0.478 | F1=0.713 | LGB=54.14% | XGB=55.64% | T=8.00
         DL → LSTM=52.63%  BiLSTM=55.64%  GRU=53.38%  CNN_LSTM=48.12%  CNN_GRU=50.38%
      [scaler] range [-3.46, 5.00]  14.8% outside [-1,1]
      [PCA]    18 components → 90.5% explained variance
      [LSTM    ] acc=0.515
      [BiLSTM  ] acc=0.537
      [GRU     ] acc=0.425
      [CNN_LSTM] acc=0.448
      [CNN_GRU ] acc=0.522
      [calib]  temperature T=1.787  (prob spread: [0.493, 0.516])
    ✗ Win 2 | 75% train | test_n=134 | OOS=45.52% | AUC=0.453 | F1=0.592 | LGB=45.52% | XGB=44.03% | T=1.79
         DL → LSTM=51.49%  BiLSTM=53.73%  GRU=42.54%  CNN_LSTM=44.78%  CNN_GRU=52.24%
      [scaler] range [-3.47, 5.00]  14.8% outside [-1,1]
      [PCA]    18 components → 90.5% explained variance
      [LSTM    ] acc=0.444
      [BiLSTM  ] acc=0.519
      [GRU     ] acc=0.451
      [CNN_LSTM] acc=0.451
      [CNN_GRU ] acc=0.504
      [calib]  temperature T=0.239  (prob spread: [0.419, 0.720])
    ✗ Win 3 | 80% train | test_n=133 | OOS=39.85% | AUC=0.401 | F1=0.556 | LGB=42.86% | XGB=43.61% | T=0.24
         DL → LSTM=44.36%  BiLSTM=51.88%  GRU=45.11%  CNN_LSTM=45.11%  CNN_GRU=50.38%
      [scaler] range [-3.58, 5.00]  14.9% outside [-1,1]
      [PCA]    18 components → 90.5% explained variance
      [LSTM    ] acc=0.406
      [BiLSTM  ] acc=0.496
      [GRU     ] acc=0.526
      [CNN_LSTM] acc=0.504
      [CNN_GRU ] acc=0.586
      [calib]  temperature T=8.000  (prob spread: [0.494, 0.509])
    ✗ Win 4 | 85% train | test_n=133 | OOS=48.12% | AUC=0.392 | F1=0.635 | LGB=50.38% | XGB=50.38% | T=8.00
         DL → LSTM=40.60%  BiLSTM=49.62%  GRU=52.63%  CNN_LSTM=50.38%  CNN_GRU=58.65%
      [scaler] range [-3.57, 5.00]  15.2% outside [-1,1]
      [PCA]    18 components → 90.3% explained variance
      [LSTM    ] acc=0.500
      [BiLSTM  ] acc=0.448
      [GRU     ] acc=0.448
      [CNN_LSTM] acc=0.463
      [CNN_GRU ] acc=0.485
      [calib]  temperature T=8.000  (prob spread: [0.499, 0.509])
    ✗ Win 5 | 90% train | test_n=134 | OOS=43.28% | AUC=0.460 | F1=0.596 | LGB=44.03% | XGB=44.03% | T=8.00
         DL → LSTM=50.00%  BiLSTM=44.78%  GRU=44.78%  CNN_LSTM=46.27%  CNN_GRU=48.51%
      [scaler] range [-3.58, 5.00]  14.9% outside [-1,1]
      [PCA]    18 components → 90.3% explained variance
      [LSTM    ] acc=0.403
      [BiLSTM  ] acc=0.418
      [GRU     ] acc=0.522
      [CNN_LSTM] acc=0.597
      [CNN_GRU ] acc=0.403
      [calib]  temperature T=0.406  (prob spread: [0.408, 0.673])
    ✗ Win 6 | 95% train | test_n=67 | OOS=40.30% | AUC=0.465 | F1=0.487 | LGB=52.24% | XGB=50.75% | T=0.41
         DL → LSTM=40.30%  BiLSTM=41.79%  GRU=52.24%  CNN_LSTM=59.70%  CNN_GRU=40.30%
  [3/3] OOS Overall → Accuracy=46.05%  F1=0.6102  (734 preds, 6 wins, avg_T=4.41)
  Plots → 06_results\runs\20260301_000647\DMART\plots
