
────────────────────────────────────────────────────────────
  TATACONSUM
────────────────────────────────────────────────────────────
  TATACONSUM   ✓ features cached  (1354 rows × 159 feat)
  [1/3] Walk-forward: 6 windows  |  1354 rows  |  159 features
        Win 1: train[0:853]  val[853:947]  test[947:1083]  (70%)
        Win 2: train[0:914]  val[914:1015]  test[1015:1150]  (75%)
        Win 3: train[0:975]  val[975:1083]  test[1083:1218]  (80%)
        Win 4: train[0:1035]  val[1035:1150]  test[1150:1286]  (85%)
        Win 5: train[0:1097]  val[1097:1218]  test[1218:1354]  (90%)
        Win 6: train[0:1158]  val[1158:1286]  test[1286:1354]  (95%)
  [1b] Feature selection: top 50 of 159 ... ✓ 50 features kept
  [2/3] Training...
      [scaler] range [-4.30, 5.00]  18.1% outside [-1,1]
      [PCA]    25 components → 90.9% explained variance
      [LSTM    ] acc=0.515
      [BiLSTM  ] acc=0.551
      [GRU     ] acc=0.559
      [CNN_LSTM] acc=0.544
      [CNN_GRU ] acc=0.544
      [calib]  temperature T=0.100  (prob spread: [0.255, 0.938])
    ~ Win 1 | 70% train | test_n=136 | OOS=54.41% | AUC=0.485 | F1=0.677 | LGB=53.68% | XGB=54.41% | T=0.10
         DL → LSTM=51.47%  BiLSTM=55.15%  GRU=55.88%  CNN_LSTM=54.41%  CNN_GRU=54.41%
      [scaler] range [-4.34, 5.00]  18.1% outside [-1,1]
      [PCA]    25 components → 90.9% explained variance
      [LSTM    ] acc=0.519
      [BiLSTM  ] acc=0.474
      [GRU     ] acc=0.481
      [CNN_LSTM] acc=0.467
      [CNN_GRU ] acc=0.526
      [calib]  temperature T=0.441  (prob spread: [0.497, 0.668])
    ✗ Win 2 | 75% train | test_n=135 | OOS=48.89% | AUC=0.562 | F1=0.650 | LGB=48.89% | XGB=45.93% | T=0.44
         DL → LSTM=51.85%  BiLSTM=47.41%  GRU=48.15%  CNN_LSTM=46.67%  CNN_GRU=52.59%
      [scaler] range [-4.30, 5.00]  18.1% outside [-1,1]
      [PCA]    25 components → 90.9% explained variance
      [LSTM    ] acc=0.519
      [BiLSTM  ] acc=0.437
      [GRU     ] acc=0.452
      [CNN_LSTM] acc=0.496
      [CNN_GRU ] acc=0.496
      [calib]  temperature T=5.739  (prob spread: [0.497, 0.521])
    ✗ Win 3 | 80% train | test_n=135 | OOS=49.63% | AUC=0.469 | F1=0.657 | LGB=51.85% | XGB=45.19% | T=5.74
         DL → LSTM=51.85%  BiLSTM=43.70%  GRU=45.19%  CNN_LSTM=49.63%  CNN_GRU=49.63%
      [scaler] range [-4.11, 5.00]  18.0% outside [-1,1]
      [PCA]    25 components → 90.8% explained variance
      [LSTM    ] acc=0.522
      [BiLSTM  ] acc=0.441
      [GRU     ] acc=0.456
      [CNN_LSTM] acc=0.485
      [CNN_GRU ] acc=0.478
      [calib]  temperature T=0.842  (prob spread: [0.473, 0.589])
    ~ Win 4 | 85% train | test_n=136 | OOS=50.00% | AUC=0.506 | F1=0.626 | LGB=52.94% | XGB=50.74% | T=0.84
         DL → LSTM=52.21%  BiLSTM=44.12%  GRU=45.59%  CNN_LSTM=48.53%  CNN_GRU=47.79%
      [scaler] range [-3.68, 5.00]  17.9% outside [-1,1]
      [PCA]    25 components → 90.6% explained variance
      [LSTM    ] acc=0.463
      [BiLSTM  ] acc=0.493
      [GRU     ] acc=0.515
      [CNN_LSTM] acc=0.441
      [CNN_GRU ] acc=0.471
      [calib]  temperature T=8.000  (prob spread: [0.483, 0.516])
    ~ Win 5 | 90% train | test_n=136 | OOS=50.00% | AUC=0.485 | F1=0.646 | LGB=50.00% | XGB=50.00% | T=8.00
         DL → LSTM=46.32%  BiLSTM=49.26%  GRU=51.47%  CNN_LSTM=44.12%  CNN_GRU=47.06%
      [scaler] range [-3.59, 5.00]  17.9% outside [-1,1]
      [PCA]    25 components → 90.5% explained variance
      [LSTM    ] acc=0.471
      [BiLSTM  ] acc=0.471
      [GRU     ] acc=0.574
      [CNN_LSTM] acc=0.515
      [CNN_GRU ] acc=0.500
      [calib]  temperature T=8.000  (prob spread: [0.492, 0.506])
    ~ Win 6 | 95% train | test_n=68 | OOS=51.47% | AUC=0.533 | F1=0.653 | LGB=51.47% | XGB=54.41% | T=8.00
         DL → LSTM=47.06%  BiLSTM=47.06%  GRU=57.35%  CNN_LSTM=51.47%  CNN_GRU=50.00%
  [3/3] OOS Overall → Accuracy=50.67%  F1=0.6515  (746 preds, 6 wins, avg_T=3.85)
  Plots → 06_results\runs\20260301_000647\TATACONSUM\plots
