
────────────────────────────────────────────────────────────
  TATACONSUM
────────────────────────────────────────────────────────────
  TATACONSUM   ↻ computing features ... ✓ 1357 rows × 159 features
  [1/3] Walk-forward: 6 windows  |  1357 rows  |  159 features
        Win 1: train[0:855]  val[855:949]  test[949:1085]  (70%)
        Win 2: train[0:916]  val[916:1017]  test[1017:1153]  (75%)
        Win 3: train[0:977]  val[977:1085]  test[1085:1221]  (80%)
        Win 4: train[0:1038]  val[1038:1153]  test[1153:1289]  (85%)
        Win 5: train[0:1099]  val[1099:1221]  test[1221:1357]  (90%)
        Win 6: train[0:1161]  val[1161:1289]  test[1289:1357]  (95%)
  [1b] Feature selection: top 50 of 159 ... ✓ 50 features kept
  [2/3] Training...
      [scaler] range [-5.00, 5.00]  18.3% outside [-1,1]
      [PCA]    24 components → 90.4% explained variance
      [LSTM    ] acc=0.471
      [BiLSTM  ] acc=0.456
      [GRU     ] acc=0.441
      [CNN_LSTM] acc=0.500
      [CNN_GRU ] acc=0.449
      [TCN_GRU ] acc=0.515
      [TCN_Transformer] acc=0.500
      [NBEATS  ] acc=0.522
      [calib]  temperature T=8.000  (prob spread: [0.498, 0.506])
    ~ Win 1 | 70% train | test_n=136 | OOS=51.47% | AUC=0.472 | F1=0.641 | LGB=55.88% | XGB=55.15% | T=8.00
         Dir → UP=53.15%  DOWN=44.00%  NEUTRAL=0.0%
         DL  → LSTM=47.06%  BiLSTM=45.59%  GRU=44.12%  CNN_LSTM=50.00%  CNN_GRU=44.85%  TCN_GRU=51.47%  TCN_Transformer=50.00%  NBEATS=52.21%
      [scaler] range [-5.00, 5.00]  18.1% outside [-1,1]
      [PCA]    24 components → 90.5% explained variance
      [LSTM    ] acc=0.537
      [BiLSTM  ] acc=0.507
      [GRU     ] acc=0.485
      [CNN_LSTM] acc=0.485
      [CNN_GRU ] acc=0.478
      [TCN_GRU ] acc=0.463
      [TCN_Transformer] acc=0.471
      [NBEATS  ] acc=0.544
      [calib]  temperature T=0.458  (prob spread: [0.481, 0.702])
    ~ Win 2 | 75% train | test_n=136 | OOS=50.00% | AUC=0.606 | F1=0.649 | LGB=55.88% | XGB=55.15% | T=0.46
         Dir → UP=49.22%  DOWN=62.50%  NEUTRAL=0.0%
         DL  → LSTM=53.68%  BiLSTM=50.74%  GRU=48.53%  CNN_LSTM=48.53%  CNN_GRU=47.79%  TCN_GRU=46.32%  TCN_Transformer=47.06%  NBEATS=54.41%
      [scaler] range [-5.00, 5.00]  18.1% outside [-1,1]
      [PCA]    24 components → 90.6% explained variance
      [LSTM    ] acc=0.471
      [BiLSTM  ] acc=0.485
      [GRU     ] acc=0.463
      [CNN_LSTM] acc=0.471
      [CNN_GRU ] acc=0.559
      [TCN_GRU ] acc=0.515
      [TCN_Transformer] acc=0.500
      [NBEATS  ] acc=0.515
      [calib]  temperature T=0.566  (prob spread: [0.427, 0.663])
    ~ Win 3 | 80% train | test_n=136 | OOS=52.94% | AUC=0.481 | F1=0.656 | LGB=45.59% | XGB=46.32% | T=0.57
         Dir → UP=53.04%  DOWN=52.38%  NEUTRAL=0.0%
         DL  → LSTM=47.06%  BiLSTM=48.53%  GRU=46.32%  CNN_LSTM=47.06%  CNN_GRU=55.88%  TCN_GRU=51.47%  TCN_Transformer=50.00%  NBEATS=51.47%
      [scaler] range [-5.00, 5.00]  18.0% outside [-1,1]
      [PCA]    24 components → 90.5% explained variance
      [LSTM    ] acc=0.471
      [BiLSTM  ] acc=0.522
      [GRU     ] acc=0.471
      [CNN_LSTM] acc=0.449
      [CNN_GRU ] acc=0.463
      [TCN_GRU ] acc=0.551
      [TCN_Transformer] acc=0.537
      [NBEATS  ] acc=0.537
      [calib]  temperature T=0.712  (prob spread: [0.376, 0.610])
    ~ Win 4 | 85% train | test_n=136 | OOS=50.74% | AUC=0.518 | F1=0.646 | LGB=48.53% | XGB=50.74% | T=0.71
         Dir → UP=51.26%  DOWN=47.06%  NEUTRAL=0.0%
         DL  → LSTM=47.06%  BiLSTM=52.21%  GRU=47.06%  CNN_LSTM=44.85%  CNN_GRU=46.32%  TCN_GRU=55.15%  TCN_Transformer=53.68%  NBEATS=53.68%
      [scaler] range [-5.00, 5.00]  18.0% outside [-1,1]
      [PCA]    24 components → 90.4% explained variance
      [LSTM    ] acc=0.515
      [BiLSTM  ] acc=0.596
      [GRU     ] acc=0.500
      [CNN_LSTM] acc=0.456
      [CNN_GRU ] acc=0.478
      [TCN_GRU ] acc=0.478
      [TCN_Transformer] acc=0.507
      [NBEATS  ] acc=0.456
      [calib]  temperature T=8.000  (prob spread: [0.484, 0.507])
    ✗ Win 5 | 90% train | test_n=136 | OOS=47.06% | AUC=0.483 | F1=0.633 | LGB=50.74% | XGB=52.94% | T=8.00
         Dir → UP=48.82%  DOWN=22.22%  NEUTRAL=0.0%
         DL  → LSTM=51.47%  BiLSTM=59.56%  GRU=50.00%  CNN_LSTM=45.59%  CNN_GRU=47.79%  TCN_GRU=47.79%  TCN_Transformer=50.74%  NBEATS=45.59%
      [scaler] range [-5.00, 5.00]  17.9% outside [-1,1]
      [PCA]    24 components → 90.3% explained variance
      [LSTM    ] acc=0.529
      [BiLSTM  ] acc=0.588
      [GRU     ] acc=0.529
      [CNN_LSTM] acc=0.500
      [CNN_GRU ] acc=0.574
      [TCN_GRU ] acc=0.485
      [TCN_Transformer] acc=0.485
      [NBEATS  ] acc=0.544
      [calib]  temperature T=0.559  (prob spread: [0.354, 0.624])
    ~ Win 6 | 95% train | test_n=68 | OOS=54.41% | AUC=0.553 | F1=0.652 | LGB=54.41% | XGB=54.41% | T=0.56
         Dir → UP=55.77%  DOWN=50.00%  NEUTRAL=0.0%
         DL  → LSTM=52.94%  BiLSTM=58.82%  GRU=52.94%  CNN_LSTM=50.00%  CNN_GRU=57.35%  TCN_GRU=48.53%  TCN_Transformer=48.53%  NBEATS=54.41%
  [3/3] OOS Overall → Accuracy=50.80%  F1=0.6455  (748 preds, 6 wins, avg_T=3.05)
  Plots → 06_results\runs\20260307_141956\TATACONSUM\plots
