
────────────────────────────────────────────────────────────
  BHARTIARTL
────────────────────────────────────────────────────────────
  BHARTIARTL   ↻ computing features ... ✓ 1316 rows × 159 features
  [1/3] Walk-forward: 6 windows  |  1316 rows  |  159 features
        Win 1: train[0:829]  val[829:921]  test[921:1052]  (70%)
        Win 2: train[0:889]  val[889:987]  test[987:1118]  (75%)
        Win 3: train[0:947]  val[947:1052]  test[1052:1184]  (80%)
        Win 4: train[0:1007]  val[1007:1118]  test[1118:1250]  (85%)
        Win 5: train[0:1066]  val[1066:1184]  test[1184:1316]  (90%)
        Win 6: train[0:1125]  val[1125:1250]  test[1250:1316]  (95%)
  [1b] Feature selection: top 50 of 159 ... ✓ 50 features kept
  [2/3] Training...
      [scaler] range [-3.67, 5.00]  17.3% outside [-1,1]
      [PCA]    21 components → 90.4% explained variance
      [LSTM    ] acc=0.412
      [BiLSTM  ] acc=0.389
      [GRU     ] acc=0.504
      [CNN_LSTM] acc=0.450
      [CNN_GRU ] acc=0.397
      [calib]  temperature T=0.504  (prob spread: [0.238, 0.724])
    ✓ Win 1 | 70% train | test_n=131 | OOS=61.07% | AUC=0.598 | F1=0.698 | LGB=51.15% | XGB=47.33% | T=0.50
         DL → LSTM=41.22%  BiLSTM=38.93%  GRU=50.38%  CNN_LSTM=45.04%  CNN_GRU=39.69%
      [scaler] range [-3.38, 5.00]  17.4% outside [-1,1]
      [PCA]    21 components → 90.4% explained variance
      [LSTM    ] acc=0.466
      [BiLSTM  ] acc=0.504
      [GRU     ] acc=0.557
      [CNN_LSTM] acc=0.519
      [CNN_GRU ] acc=0.519
      [calib]  temperature T=0.180  (prob spread: [0.217, 0.700])
    ✓ Win 2 | 75% train | test_n=131 | OOS=58.02% | AUC=0.597 | F1=0.631 | LGB=48.85% | XGB=48.85% | T=0.18
         DL → LSTM=46.56%  BiLSTM=50.38%  GRU=55.73%  CNN_LSTM=51.91%  CNN_GRU=51.91%
      [scaler] range [-3.31, 5.00]  17.5% outside [-1,1]
      [PCA]    21 components → 90.4% explained variance
      [LSTM    ] acc=0.561
      [BiLSTM  ] acc=0.538
      [GRU     ] acc=0.591
      [CNN_LSTM] acc=0.477
      [CNN_GRU ] acc=0.545
      [calib]  temperature T=0.126  (prob spread: [0.077, 0.955])
    ~ Win 3 | 80% train | test_n=132 | OOS=54.55% | AUC=0.540 | F1=0.577 | LGB=55.30% | XGB=53.79% | T=0.13
         DL → LSTM=56.06%  BiLSTM=53.79%  GRU=59.09%  CNN_LSTM=47.73%  CNN_GRU=54.55%
      [scaler] range [-3.37, 5.00]  17.2% outside [-1,1]
      [PCA]    21 components → 90.2% explained variance
      [LSTM    ] acc=0.598
      [BiLSTM  ] acc=0.568
      [GRU     ] acc=0.576
      [CNN_LSTM] acc=0.538
      [CNN_GRU ] acc=0.500
      [calib]  temperature T=0.469  (prob spread: [0.391, 0.748])
    ~ Win 4 | 85% train | test_n=132 | OOS=53.03% | AUC=0.503 | F1=0.608 | LGB=59.09% | XGB=56.06% | T=0.47
         DL → LSTM=59.85%  BiLSTM=56.82%  GRU=57.58%  CNN_LSTM=53.79%  CNN_GRU=50.00%
      [scaler] range [-3.38, 5.00]  17.0% outside [-1,1]
      [PCA]    22 components → 91.1% explained variance
      [LSTM    ] acc=0.568
      [BiLSTM  ] acc=0.545
      [GRU     ] acc=0.568
      [CNN_LSTM] acc=0.508
      [CNN_GRU ] acc=0.462
      [calib]  temperature T=0.643  (prob spread: [0.449, 0.653])
    ✓ Win 5 | 90% train | test_n=132 | OOS=62.88% | AUC=0.606 | F1=0.688 | LGB=52.27% | XGB=53.79% | T=0.64
         DL → LSTM=56.82%  BiLSTM=54.55%  GRU=56.82%  CNN_LSTM=50.76%  CNN_GRU=46.21%
      [scaler] range [-3.35, 5.00]  16.8% outside [-1,1]
      [PCA]    22 components → 91.1% explained variance
      [LSTM    ] acc=0.545
      [BiLSTM  ] acc=0.530
      [GRU     ] acc=0.561
      [CNN_LSTM] acc=0.470
      [CNN_GRU ] acc=0.545
      [calib]  temperature T=0.502  (prob spread: [0.320, 0.771])
    ✓ Win 6 | 95% train | test_n=66 | OOS=59.09% | AUC=0.616 | F1=0.640 | LGB=46.97% | XGB=50.00% | T=0.50
         DL → LSTM=54.55%  BiLSTM=53.03%  GRU=56.06%  CNN_LSTM=46.97%  CNN_GRU=54.55%
  [3/3] OOS Overall → Accuracy=58.01%  F1=0.6424  (724 preds, 6 wins, avg_T=0.40)
  Plots → 06_results\runs\20260301_000647\BHARTIARTL\plots
