
────────────────────────────────────────────────────────────
  KOTAKBANK
────────────────────────────────────────────────────────────
  KOTAKBANK    ↻ computing features ... ✓ 1299 rows × 159 features
  [1/3] Walk-forward: 6 windows  |  1299 rows  |  159 features
        Win 1: train[0:819]  val[819:909]  test[909:1039]  (70%)
        Win 2: train[0:877]  val[877:974]  test[974:1104]  (75%)
        Win 3: train[0:936]  val[936:1039]  test[1039:1169]  (80%)
        Win 4: train[0:994]  val[994:1104]  test[1104:1234]  (85%)
        Win 5: train[0:1053]  val[1053:1169]  test[1169:1299]  (90%)
        Win 6: train[0:1111]  val[1111:1234]  test[1234:1299]  (95%)
  [1b] Feature selection: top 50 of 159 ... ✓ 47 features kept
  [2/3] Training...
      [scaler] range [-4.33, 5.00]  17.6% outside [-1,1]
      [PCA]    24 components → 90.7% explained variance
      [LSTM    ] acc=0.562
      [BiLSTM  ] acc=0.546
      [GRU     ] acc=0.531
      [CNN_LSTM] acc=0.531
      [CNN_GRU ] acc=0.531
      [calib]  temperature T=0.299  (prob spread: [0.413, 0.635])
    ~ Win 1 | 70% train | test_n=130 | OOS=53.08% | AUC=0.552 | F1=0.659 | LGB=48.46% | XGB=53.85% | T=0.30
         DL → LSTM=56.15%  BiLSTM=54.62%  GRU=53.08%  CNN_LSTM=53.08%  CNN_GRU=53.08%
      [scaler] range [-4.26, 5.00]  17.6% outside [-1,1]
      [PCA]    24 components → 90.6% explained variance
      [LSTM    ] acc=0.500
      [BiLSTM  ] acc=0.523
      [GRU     ] acc=0.562
      [CNN_LSTM] acc=0.585
      [CNN_GRU ] acc=0.554
      [calib]  temperature T=0.551  (prob spread: [0.311, 0.695])
    ~ Win 2 | 75% train | test_n=130 | OOS=53.85% | AUC=0.556 | F1=0.605 | LGB=51.54% | XGB=46.92% | T=0.55
         DL → LSTM=50.00%  BiLSTM=52.31%  GRU=56.15%  CNN_LSTM=58.46%  CNN_GRU=55.38%
      [scaler] range [-4.10, 5.00]  17.2% outside [-1,1]
      [PCA]    24 components → 90.5% explained variance
      [LSTM    ] acc=0.562
      [BiLSTM  ] acc=0.515
      [GRU     ] acc=0.569
      [CNN_LSTM] acc=0.515
      [CNN_GRU ] acc=0.492
      [calib]  temperature T=0.401  (prob spread: [0.396, 0.570])
    ~ Win 3 | 80% train | test_n=130 | OOS=52.31% | AUC=0.572 | F1=0.492 | LGB=52.31% | XGB=49.23% | T=0.40
         DL → LSTM=56.15%  BiLSTM=51.54%  GRU=56.92%  CNN_LSTM=51.54%  CNN_GRU=49.23%
      [scaler] range [-4.16, 5.00]  17.0% outside [-1,1]
      [PCA]    24 components → 90.5% explained variance
      [LSTM    ] acc=0.592
      [BiLSTM  ] acc=0.515
      [GRU     ] acc=0.554
      [CNN_LSTM] acc=0.500
      [CNN_GRU ] acc=0.454
      [calib]  temperature T=0.357  (prob spread: [0.320, 0.772])
    ~ Win 4 | 85% train | test_n=130 | OOS=56.92% | AUC=0.587 | F1=0.588 | LGB=56.92% | XGB=52.31% | T=0.36
         DL → LSTM=59.23%  BiLSTM=51.54%  GRU=55.38%  CNN_LSTM=50.00%  CNN_GRU=45.38%
      [scaler] range [-4.20, 5.00]  17.1% outside [-1,1]
      [PCA]    24 components → 90.4% explained variance
      [LSTM    ] acc=0.546
      [BiLSTM  ] acc=0.500
      [GRU     ] acc=0.485
      [CNN_LSTM] acc=0.523
      [CNN_GRU ] acc=0.523
      [calib]  temperature T=0.100  (prob spread: [0.012, 0.994])
    ~ Win 5 | 90% train | test_n=130 | OOS=53.85% | AUC=0.592 | F1=0.577 | LGB=56.15% | XGB=56.15% | T=0.10
         DL → LSTM=54.62%  BiLSTM=50.00%  GRU=48.46%  CNN_LSTM=52.31%  CNN_GRU=52.31%
      [scaler] range [-4.22, 5.00]  16.9% outside [-1,1]
      [PCA]    24 components → 90.3% explained variance
      [LSTM    ] acc=0.492
      [BiLSTM  ] acc=0.462
      [GRU     ] acc=0.523
      [CNN_LSTM] acc=0.508
      [CNN_GRU ] acc=0.523
      [calib]  temperature T=0.542  (prob spread: [0.372, 0.720])
    ✓ Win 6 | 95% train | test_n=65 | OOS=58.46% | AUC=0.601 | F1=0.571 | LGB=52.31% | XGB=49.23% | T=0.54
         DL → LSTM=49.23%  BiLSTM=46.15%  GRU=52.31%  CNN_LSTM=50.77%  CNN_GRU=52.31%
  [3/3] OOS Overall → Accuracy=54.41%  F1=0.5894  (715 preds, 6 wins, avg_T=0.37)
  Plots → 06_results\runs\20260301_000647\KOTAKBANK\plots
