
────────────────────────────────────────────────────────────
  M&M
────────────────────────────────────────────────────────────
  M&M          ↻ computing features ... ✓ 1360 rows × 159 features
  [1/3] Walk-forward: 6 windows  |  1360 rows  |  159 features
        Win 1: train[0:856]  val[856:951]  test[951:1088]  (70%)
        Win 2: train[0:918]  val[918:1020]  test[1020:1156]  (75%)
        Win 3: train[0:980]  val[980:1088]  test[1088:1224]  (80%)
        Win 4: train[0:1041]  val[1041:1156]  test[1156:1292]  (85%)
        Win 5: train[0:1102]  val[1102:1224]  test[1224:1360]  (90%)
        Win 6: train[0:1163]  val[1163:1292]  test[1292:1360]  (95%)
  [1b] Feature selection: top 50 of 159 ... ✓ 50 features kept
  [2/3] Training...
      [scaler] range [-5.00, 5.00]  14.3% outside [-1,1]
      [PCA]    23 components → 90.1% explained variance
      [LSTM    ] acc=0.504
      [BiLSTM  ] acc=0.423
      [GRU     ] acc=0.453
      [CNN_LSTM] acc=0.431
      [CNN_GRU ] acc=0.496
      [TCN_GRU ] acc=0.489
      [TCN_Transformer] acc=0.547
      [NBEATS  ] acc=0.482
      [calib]  temperature T=0.458  (prob spread: [0.180, 0.700])
    ~ Win 1 | 70% train | test_n=137 | OOS=54.01% | AUC=0.558 | F1=0.627 | LGB=56.93% | XGB=51.09% | T=0.46
         Dir → UP=58.24%  DOWN=45.65%  NEUTRAL=0.0%
         DL  → LSTM=50.36%  BiLSTM=42.34%  GRU=45.26%  CNN_LSTM=43.07%  CNN_GRU=49.64%  TCN_GRU=48.91%  TCN_Transformer=54.74%  NBEATS=48.18%
      [scaler] range [-5.00, 5.00]  14.5% outside [-1,1]
      [PCA]    23 components → 90.0% explained variance
      [LSTM    ] acc=0.529
      [BiLSTM  ] acc=0.537
      [GRU     ] acc=0.529
      [CNN_LSTM] acc=0.537
      [CNN_GRU ] acc=0.522
      [TCN_GRU ] acc=0.463
      [TCN_Transformer] acc=0.574
      [NBEATS  ] acc=0.493
      [calib]  temperature T=0.351  (prob spread: [0.443, 0.645])
    ~ Win 2 | 75% train | test_n=136 | OOS=50.74% | AUC=0.513 | F1=0.617 | LGB=53.68% | XGB=53.68% | T=0.35
         Dir → UP=52.94%  DOWN=44.12%  NEUTRAL=0.0%
         DL  → LSTM=52.94%  BiLSTM=53.68%  GRU=52.94%  CNN_LSTM=53.68%  CNN_GRU=52.21%  TCN_GRU=46.32%  TCN_Transformer=57.35%  NBEATS=49.26%
      [scaler] range [-5.00, 5.00]  14.7% outside [-1,1]
      [PCA]    24 components → 90.8% explained variance
      [LSTM    ] acc=0.456
      [BiLSTM  ] acc=0.529
      [GRU     ] acc=0.566
      [CNN_LSTM] acc=0.551
      [CNN_GRU ] acc=0.397
      [TCN_GRU ] acc=0.485
      [TCN_Transformer] acc=0.515
      [NBEATS  ] acc=0.529
      [calib]  temperature T=0.436  (prob spread: [0.508, 0.651])
    ~ Win 3 | 80% train | test_n=136 | OOS=52.94% | AUC=0.541 | F1=0.692 | LGB=52.94% | XGB=52.94% | T=0.44
         Dir → UP=52.94%  DOWN=0.00%  NEUTRAL=0.0%
         DL  → LSTM=45.59%  BiLSTM=52.94%  GRU=56.62%  CNN_LSTM=55.15%  CNN_GRU=39.71%  TCN_GRU=48.53%  TCN_Transformer=51.47%  NBEATS=52.94%
      [scaler] range [-5.00, 5.00]  14.8% outside [-1,1]
      [PCA]    24 components → 90.6% explained variance
      [LSTM    ] acc=0.515
      [BiLSTM  ] acc=0.515
      [GRU     ] acc=0.566
      [CNN_LSTM] acc=0.574
      [CNN_GRU ] acc=0.640
      [TCN_GRU ] acc=0.449
      [TCN_Transformer] acc=0.522
      [NBEATS  ] acc=0.537
      [calib]  temperature T=0.751  (prob spread: [0.462, 0.633])
    ~ Win 4 | 85% train | test_n=136 | OOS=55.15% | AUC=0.508 | F1=0.684 | LGB=47.79% | XGB=55.88% | T=0.75
         Dir → UP=54.55%  DOWN=60.00%  NEUTRAL=0.0%
         DL  → LSTM=51.47%  BiLSTM=51.47%  GRU=56.62%  CNN_LSTM=57.35%  CNN_GRU=63.97%  TCN_GRU=44.85%  TCN_Transformer=52.21%  NBEATS=53.68%
      [scaler] range [-4.90, 5.00]  14.9% outside [-1,1]
      [PCA]    24 components → 90.5% explained variance
      [LSTM    ] acc=0.588
      [BiLSTM  ] acc=0.515
      [GRU     ] acc=0.551
      [CNN_LSTM] acc=0.537
      [CNN_GRU ] acc=0.625
      [TCN_GRU ] acc=0.559
      [TCN_Transformer] acc=0.507
      [NBEATS  ] acc=0.471
      [calib]  temperature T=0.564  (prob spread: [0.486, 0.625])
    ~ Win 5 | 90% train | test_n=136 | OOS=51.47% | AUC=0.586 | F1=0.680 | LGB=52.94% | XGB=58.09% | T=0.56
         Dir → UP=52.24%  DOWN=0.00%  NEUTRAL=0.0%
         DL  → LSTM=58.82%  BiLSTM=51.47%  GRU=55.15%  CNN_LSTM=53.68%  CNN_GRU=62.50%  TCN_GRU=55.88%  TCN_Transformer=50.74%  NBEATS=47.06%
      [scaler] range [-4.67, 5.00]  15.0% outside [-1,1]
      [PCA]    24 components → 90.3% explained variance
      [LSTM    ] acc=0.603
      [BiLSTM  ] acc=0.544
      [GRU     ] acc=0.544
      [CNN_LSTM] acc=0.588
      [CNN_GRU ] acc=0.662
      [TCN_GRU ] acc=0.588
      [TCN_Transformer] acc=0.441
      [NBEATS  ] acc=0.515
      [calib]  temperature T=0.558  (prob spread: [0.468, 0.601])
    ~ Win 6 | 95% train | test_n=68 | OOS=51.47% | AUC=0.681 | F1=0.653 | LGB=51.47% | XGB=45.59% | T=0.56
         Dir → UP=51.67%  DOWN=50.00%  NEUTRAL=0.0%
         DL  → LSTM=60.29%  BiLSTM=54.41%  GRU=54.41%  CNN_LSTM=58.82%  CNN_GRU=66.18%  TCN_GRU=58.82%  TCN_Transformer=44.12%  NBEATS=51.47%
  [3/3] OOS Overall → Accuracy=52.74%  F1=0.6616  (749 preds, 6 wins, avg_T=0.52)
  Plots → 06_results\runs\20260307_141956\M&M\plots
