
────────────────────────────────────────────────────────────
  SBIN
────────────────────────────────────────────────────────────
  SBIN         ↻ computing features ... ✓ 1344 rows × 164 features
  [1/3] Walk-forward: 6 windows  |  1344 rows  |  164 features
        Win 1: train[0:846]  val[846:940]  test[940:1075]  (70%)
        Win 2: train[0:908]  val[908:1008]  test[1008:1142]  (75%)
        Win 3: train[0:968]  val[968:1075]  test[1075:1209]  (80%)
        Win 4: train[0:1028]  val[1028:1142]  test[1142:1276]  (85%)
        Win 5: train[0:1089]  val[1089:1209]  test[1209:1344]  (90%)
        Win 6: train[0:1149]  val[1149:1276]  test[1276:1344]  (95%)
  [1b] Feature selection: top 50 of 164 ... ✓ 47 features kept
  [2/3] Training...
      [scaler] range [-5.00, 5.00]  17.3% outside [-1,1]
      [PCA]    26 components → 90.8% explained variance
      [LSTM    ] acc=0.452
      [BiLSTM  ] acc=0.593
      [GRU     ] acc=0.489
      [CNN_LSTM] acc=0.504
      [CNN_GRU ] acc=0.578
      [TCN_GRU ] acc=0.496
      [TCN_Transformer] acc=0.593
      [NBEATS  ] acc=0.585
      [regime] adaptive blend α=0.50  (regime_ll=0.6877  global_ll=0.6817)
      [calib]  temperature T=0.152  (prob spread: [0.364, 0.733])
    ~ Win 1 | 70% train | test_n=135 | OOS=57.78% | AUC=0.562 | F1=0.667 | LGB=54.07% | XGB=55.56% | T=0.15
         Dir → UP=62.64%  DOWN=47.73%  NEUTRAL=0.0%
         DL  → LSTM=45.19%  BiLSTM=59.26%  GRU=48.89%  CNN_LSTM=50.37%  CNN_GRU=57.78%  TCN_GRU=49.63%  TCN_Transformer=59.26%  NBEATS=58.52%
      [scaler] range [-5.00, 5.00]  17.4% outside [-1,1]
      [PCA]    26 components → 90.8% explained variance
      [LSTM    ] acc=0.597
      [BiLSTM  ] acc=0.575
      [GRU     ] acc=0.478
      [CNN_LSTM] acc=0.515
      [CNN_GRU ] acc=0.470
      [TCN_GRU ] acc=0.485
      [TCN_Transformer] acc=0.455
      [NBEATS  ] acc=0.478
      [regime] adaptive blend α=0.50  (regime_ll=0.6872  global_ll=0.6868)
      [calib]  temperature T=0.125  (prob spread: [0.309, 0.840])
    ✓ Win 2 | 75% train | test_n=134 | OOS=59.70% | AUC=0.547 | F1=0.686 | LGB=53.73% | XGB=55.97% | T=0.12
         Dir → UP=59.60%  DOWN=60.00%  NEUTRAL=0.0%
         DL  → LSTM=59.70%  BiLSTM=57.46%  GRU=47.76%  CNN_LSTM=51.49%  CNN_GRU=47.01%  TCN_GRU=48.51%  TCN_Transformer=45.52%  NBEATS=47.76%
      [scaler] range [-5.00, 5.00]  17.3% outside [-1,1]
      [PCA]    26 components → 90.9% explained variance
      [LSTM    ] acc=0.463
      [BiLSTM  ] acc=0.522
      [GRU     ] acc=0.507
      [CNN_LSTM] acc=0.493
      [CNN_GRU ] acc=0.493
      [TCN_GRU ] acc=0.507
      [TCN_Transformer] acc=0.478
      [NBEATS  ] acc=0.522
      [regime] adaptive blend α=0.50  (regime_ll=0.6829  global_ll=0.6852)
      [calib]  temperature T=0.114  (prob spread: [0.301, 0.928])
    ~ Win 3 | 80% train | test_n=134 | OOS=51.49% | AUC=0.469 | F1=0.637 | LGB=50.75% | XGB=44.03% | T=0.11
         Dir → UP=50.44%  DOWN=57.14%  NEUTRAL=0.0%
         DL  → LSTM=46.27%  BiLSTM=52.24%  GRU=50.75%  CNN_LSTM=49.25%  CNN_GRU=49.25%  TCN_GRU=50.75%  TCN_Transformer=47.76%  NBEATS=52.24%
      [scaler] range [-5.00, 5.00]  17.2% outside [-1,1]
      [PCA]    26 components → 91.0% explained variance
      [LSTM    ] acc=0.507
      [BiLSTM  ] acc=0.493
      [GRU     ] acc=0.507
      [CNN_LSTM] acc=0.567
      [CNN_GRU ] acc=0.567
      [TCN_GRU ] acc=0.507
      [TCN_Transformer] acc=0.522
      [NBEATS  ] acc=0.463
      [regime] adaptive blend α=0.50  (regime_ll=0.6885  global_ll=0.6905)
      [calib]  temperature T=0.221  (prob spread: [0.343, 0.658])
    ~ Win 4 | 85% train | test_n=134 | OOS=53.73% | AUC=0.513 | F1=0.656 | LGB=50.00% | XGB=52.99% | T=0.22
         Dir → UP=53.15%  DOWN=56.52%  NEUTRAL=0.0%
         DL  → LSTM=50.75%  BiLSTM=49.25%  GRU=50.75%  CNN_LSTM=56.72%  CNN_GRU=56.72%  TCN_GRU=50.75%  TCN_Transformer=52.24%  NBEATS=46.27%
      [scaler] range [-5.00, 5.00]  17.3% outside [-1,1]
      [PCA]    25 components → 90.1% explained variance
      [LSTM    ] acc=0.467
      [BiLSTM  ] acc=0.556
      [GRU     ] acc=0.541
      [CNN_LSTM] acc=0.570
      [CNN_GRU ] acc=0.578
      [TCN_GRU ] acc=0.467
      [TCN_Transformer] acc=0.422
      [NBEATS  ] acc=0.593
      [regime] adaptive blend α=0.50  (regime_ll=0.6959  global_ll=0.6927)
      [calib]  temperature T=0.748  (prob spread: [0.449, 0.644])
    ✗ Win 5 | 90% train | test_n=135 | OOS=48.15% | AUC=0.476 | F1=0.583 | LGB=54.81% | XGB=58.52% | T=0.75
         Dir → UP=55.06%  DOWN=34.78%  NEUTRAL=0.0%
         DL  → LSTM=46.67%  BiLSTM=55.56%  GRU=54.07%  CNN_LSTM=57.04%  CNN_GRU=57.78%  TCN_GRU=46.67%  TCN_Transformer=42.22%  NBEATS=59.26%
      [scaler] range [-5.00, 5.00]  17.1% outside [-1,1]
      [PCA]    26 components → 91.0% explained variance
      [LSTM    ] acc=0.632
      [BiLSTM  ] acc=0.529
      [GRU     ] acc=0.559
      [CNN_LSTM] acc=0.559
      [CNN_GRU ] acc=0.515
      [TCN_GRU ] acc=0.574
      [TCN_Transformer] acc=0.382
      [NBEATS  ] acc=0.485
      [regime] adaptive blend α=0.50  (regime_ll=0.6981  global_ll=0.6912)
      [calib]  temperature T=0.199  (prob spread: [0.426, 0.655])
    ✓ Win 6 | 95% train | test_n=68 | OOS=63.24% | AUC=0.636 | F1=0.737 | LGB=61.76% | XGB=61.76% | T=0.20
         Dir → UP=66.04%  DOWN=53.33%  NEUTRAL=0.0%
         DL  → LSTM=63.24%  BiLSTM=52.94%  GRU=55.88%  CNN_LSTM=55.88%  CNN_GRU=51.47%  TCN_GRU=57.35%  TCN_Transformer=38.24%  NBEATS=48.53%
  [3/3] OOS Overall → Accuracy=55.00%  F1=0.6549  (740 preds, 6 wins, avg_T=0.26)
  Plots → 06_results\runs\20260330_151653\SBIN\plots
