
────────────────────────────────────────────────────────────
  CIPLA
────────────────────────────────────────────────────────────
  CIPLA        ↻ computing features ... ✓ 1266 rows × 159 features
  [1/3] Walk-forward: 6 windows  |  1266 rows  |  159 features
        Win 1: train[0:798]  val[798:886]  test[886:1012]  (70%)
        Win 2: train[0:855]  val[855:949]  test[949:1076]  (75%)
        Win 3: train[0:911]  val[911:1012]  test[1012:1139]  (80%)
        Win 4: train[0:969]  val[969:1076]  test[1076:1202]  (85%)
        Win 5: train[0:1026]  val[1026:1139]  test[1139:1266]  (90%)
        Win 6: train[0:1082]  val[1082:1202]  test[1202:1266]  (95%)
  [1b] Feature selection: top 50 of 159 ... ✓ 50 features kept
  [2/3] Training...
      [scaler] range [-3.39, 5.00]  15.9% outside [-1,1]
      [PCA]    22 components → 90.5% explained variance
      [LSTM    ] acc=0.540
      [BiLSTM  ] acc=0.492
      [GRU     ] acc=0.516
      [CNN_LSTM] acc=0.524
      [CNN_GRU ] acc=0.524
      [calib]  temperature T=8.000  (prob spread: [0.493, 0.500])
    ✗ Win 1 | 70% train | test_n=126 | OOS=46.83% | AUC=0.517 | F1=0.029 | LGB=47.62% | XGB=47.62% | T=8.00
         DL → LSTM=53.97%  BiLSTM=49.21%  GRU=51.59%  CNN_LSTM=52.38%  CNN_GRU=52.38%
      [scaler] range [-3.40, 5.00]  15.5% outside [-1,1]
      [PCA]    22 components → 90.5% explained variance
      [LSTM    ] acc=0.528
      [BiLSTM  ] acc=0.575
      [GRU     ] acc=0.488
      [CNN_LSTM] acc=0.488
      [CNN_GRU ] acc=0.583
      [calib]  temperature T=0.189  (prob spread: [0.130, 0.650])
    ~ Win 2 | 75% train | test_n=127 | OOS=54.33% | AUC=0.555 | F1=0.491 | LGB=48.03% | XGB=49.61% | T=0.19
         DL → LSTM=52.76%  BiLSTM=57.48%  GRU=48.82%  CNN_LSTM=48.82%  CNN_GRU=58.27%
      [scaler] range [-3.30, 5.00]  15.2% outside [-1,1]
      [PCA]    22 components → 90.5% explained variance
      [LSTM    ] acc=0.480
      [BiLSTM  ] acc=0.504
      [GRU     ] acc=0.528
      [CNN_LSTM] acc=0.520
      [CNN_GRU ] acc=0.504
      [calib]  temperature T=0.307  (prob spread: [0.197, 0.900])
    ✗ Win 3 | 80% train | test_n=127 | OOS=49.61% | AUC=0.488 | F1=0.543 | LGB=54.33% | XGB=54.33% | T=0.31
         DL → LSTM=48.03%  BiLSTM=50.39%  GRU=52.76%  CNN_LSTM=51.97%  CNN_GRU=50.39%
      [scaler] range [-3.44, 5.00]  15.3% outside [-1,1]
      [PCA]    22 components → 90.7% explained variance
      [LSTM    ] acc=0.548
      [BiLSTM  ] acc=0.619
      [GRU     ] acc=0.484
      [CNN_LSTM] acc=0.540
      [CNN_GRU ] acc=0.571
      [calib]  temperature T=0.292  (prob spread: [0.285, 0.806])
    ~ Win 4 | 85% train | test_n=126 | OOS=56.35% | AUC=0.524 | F1=0.641 | LGB=53.17% | XGB=51.59% | T=0.29
         DL → LSTM=54.76%  BiLSTM=61.90%  GRU=48.41%  CNN_LSTM=53.97%  CNN_GRU=57.14%
      [scaler] range [-3.43, 5.00]  15.3% outside [-1,1]
      [PCA]    22 components → 90.3% explained variance
      [LSTM    ] acc=0.488
      [BiLSTM  ] acc=0.465
      [GRU     ] acc=0.496
      [CNN_LSTM] acc=0.528
      [CNN_GRU ] acc=0.520
      [calib]  temperature T=0.504  (prob spread: [0.212, 0.828])
    ~ Win 5 | 90% train | test_n=127 | OOS=51.18% | AUC=0.532 | F1=0.575 | LGB=51.18% | XGB=55.91% | T=0.50
         DL → LSTM=48.82%  BiLSTM=46.46%  GRU=49.61%  CNN_LSTM=52.76%  CNN_GRU=51.97%
      [scaler] range [-3.41, 5.00]  15.2% outside [-1,1]
      [PCA]    22 components → 90.1% explained variance
      [LSTM    ] acc=0.469
      [BiLSTM  ] acc=0.500
      [GRU     ] acc=0.578
      [CNN_LSTM] acc=0.469
      [CNN_GRU ] acc=0.547
      [calib]  temperature T=0.493  (prob spread: [0.317, 0.682])
    ✗ Win 6 | 95% train | test_n=64 | OOS=39.06% | AUC=0.323 | F1=0.435 | LGB=42.19% | XGB=46.88% | T=0.49
         DL → LSTM=46.88%  BiLSTM=50.00%  GRU=57.81%  CNN_LSTM=46.88%  CNN_GRU=54.69%
  [3/3] OOS Overall → Accuracy=50.50%  F1=0.5007  (697 preds, 6 wins, avg_T=1.63)
  Plots → 06_results\runs\20260301_000647\CIPLA\plots
