
────────────────────────────────────────────────────────────
  ASIANPAINT
────────────────────────────────────────────────────────────
  ASIANPAINT   ↻ computing features ... ✓ 1248 rows × 159 features
  [1/3] Walk-forward: 6 windows  |  1248 rows  |  159 features
        Win 1: train[0:786]  val[786:873]  test[873:998]  (70%)
        Win 2: train[0:843]  val[843:936]  test[936:1060]  (75%)
        Win 3: train[0:899]  val[899:998]  test[998:1123]  (80%)
        Win 4: train[0:954]  val[954:1060]  test[1060:1185]  (85%)
        Win 5: train[0:1011]  val[1011:1123]  test[1123:1248]  (90%)
        Win 6: train[0:1067]  val[1067:1185]  test[1185:1248]  (95%)
  [1b] Feature selection: top 50 of 159 ... ✓ 50 features kept
  [2/3] Training...
      [scaler] range [-5.00, 5.00]  15.9% outside [-1,1]
      [PCA]    19 components → 91.0% explained variance
      [LSTM    ] acc=0.568
      [BiLSTM  ] acc=0.504
      [GRU     ] acc=0.512
      [CNN_LSTM] acc=0.528
      [CNN_GRU ] acc=0.552
      [calib]  temperature T=0.164  (prob spread: [0.138, 0.875])
    ✗ Win 1 | 70% train | test_n=125 | OOS=48.80% | AUC=0.474 | F1=0.579 | LGB=45.60% | XGB=48.00% | T=0.16
         DL → LSTM=56.80%  BiLSTM=50.40%  GRU=51.20%  CNN_LSTM=52.80%  CNN_GRU=55.20%
      [scaler] range [-5.00, 5.00]  15.9% outside [-1,1]
      [PCA]    19 components → 90.9% explained variance
      [LSTM    ] acc=0.419
      [BiLSTM  ] acc=0.516
      [GRU     ] acc=0.516
      [CNN_LSTM] acc=0.444
      [CNN_GRU ] acc=0.524
      [calib]  temperature T=0.759  (prob spread: [0.407, 0.660])
    ✗ Win 2 | 75% train | test_n=124 | OOS=49.19% | AUC=0.556 | F1=0.609 | LGB=58.06% | XGB=50.81% | T=0.76
         DL → LSTM=41.94%  BiLSTM=51.61%  GRU=51.61%  CNN_LSTM=44.35%  CNN_GRU=52.42%
      [scaler] range [-5.00, 5.00]  15.9% outside [-1,1]
      [PCA]    19 components → 90.9% explained variance
      [LSTM    ] acc=0.424
      [BiLSTM  ] acc=0.416
      [GRU     ] acc=0.424
      [CNN_LSTM] acc=0.360
      [CNN_GRU ] acc=0.376
      [calib]  temperature T=0.802  (prob spread: [0.351, 0.662])
    ✗ Win 3 | 80% train | test_n=125 | OOS=41.60% | AUC=0.461 | F1=0.573 | LGB=39.20% | XGB=40.00% | T=0.80
         DL → LSTM=42.40%  BiLSTM=41.60%  GRU=42.40%  CNN_LSTM=36.00%  CNN_GRU=37.60%
      [scaler] range [-5.00, 5.00]  15.9% outside [-1,1]
      [PCA]    19 components → 90.7% explained variance
      [LSTM    ] acc=0.480
      [BiLSTM  ] acc=0.512
      [GRU     ] acc=0.496
      [CNN_LSTM] acc=0.480
      [CNN_GRU ] acc=0.448
      [calib]  temperature T=0.650  (prob spread: [0.507, 0.579])
    ✗ Win 4 | 85% train | test_n=125 | OOS=49.60% | AUC=0.390 | F1=0.663 | LGB=48.00% | XGB=49.60% | T=0.65
         DL → LSTM=48.00%  BiLSTM=51.20%  GRU=49.60%  CNN_LSTM=48.00%  CNN_GRU=44.80%
      [scaler] range [-5.00, 5.00]  15.8% outside [-1,1]
      [PCA]    19 components → 90.6% explained variance
      [LSTM    ] acc=0.480
      [BiLSTM  ] acc=0.432
      [GRU     ] acc=0.496
      [CNN_LSTM] acc=0.520
      [CNN_GRU ] acc=0.472
      [calib]  temperature T=8.000  (prob spread: [0.498, 0.509])
    ~ Win 5 | 90% train | test_n=125 | OOS=53.60% | AUC=0.429 | F1=0.691 | LGB=56.00% | XGB=52.80% | T=8.00
         DL → LSTM=48.00%  BiLSTM=43.20%  GRU=49.60%  CNN_LSTM=52.00%  CNN_GRU=47.20%
      [scaler] range [-5.00, 5.00]  15.2% outside [-1,1]
      [PCA]    19 components → 90.6% explained variance
      [LSTM    ] acc=0.508
      [BiLSTM  ] acc=0.429
      [GRU     ] acc=0.460
      [CNN_LSTM] acc=0.460
      [CNN_GRU ] acc=0.540
      [calib]  temperature T=8.000  (prob spread: [0.497, 0.504])
    ✗ Win 6 | 95% train | test_n=63 | OOS=46.03% | AUC=0.435 | F1=0.553 | LGB=55.56% | XGB=50.79% | T=8.00
         DL → LSTM=50.79%  BiLSTM=42.86%  GRU=46.03%  CNN_LSTM=46.03%  CNN_GRU=53.97%
  [3/3] OOS Overall → Accuracy=48.33%  F1=0.6203  (687 preds, 6 wins, avg_T=3.06)
  Plots → 06_results\runs\20260301_000647\ASIANPAINT\plots
