
────────────────────────────────────────────────────────────
  CIPLA
────────────────────────────────────────────────────────────
  CIPLA        ↻ computing features ... ✓ 1269 rows × 159 features
  [1/3] Walk-forward: 6 windows  |  1269 rows  |  159 features
        Win 1: train[0:800]  val[800:888]  test[888:1015]  (70%)
        Win 2: train[0:856]  val[856:951]  test[951:1078]  (75%)
        Win 3: train[0:914]  val[914:1015]  test[1015:1142]  (80%)
        Win 4: train[0:971]  val[971:1078]  test[1078:1205]  (85%)
        Win 5: train[0:1028]  val[1028:1142]  test[1142:1269]  (90%)
        Win 6: train[0:1085]  val[1085:1205]  test[1205:1269]  (95%)
  [1b] Feature selection: top 50 of 159 ... ✓ 50 features kept
  [2/3] Training...
      [scaler] range [-4.03, 5.00]  17.8% outside [-1,1]
      [PCA]    25 components → 90.3% explained variance
      [LSTM    ] acc=0.528
      [BiLSTM  ] acc=0.449
      [GRU     ] acc=0.488
      [CNN_LSTM] acc=0.504
      [CNN_GRU ] acc=0.465
      [TCN_GRU ] acc=0.535
      [TCN_Transformer] acc=0.504
      [NBEATS  ] acc=0.480
      [calib]  temperature T=8.000  (prob spread: [0.493, 0.502])
    ~ Win 1 | 70% train | test_n=127 | OOS=50.39% | AUC=0.522 | F1=0.276 | LGB=52.76% | XGB=46.46% | T=8.00
         Dir → UP=63.16%  DOWN=48.15%  NEUTRAL=0.0%
         DL  → LSTM=52.76%  BiLSTM=44.88%  GRU=48.82%  CNN_LSTM=50.39%  CNN_GRU=46.46%  TCN_GRU=53.54%  TCN_Transformer=50.39%  NBEATS=48.03%
      [scaler] range [-4.04, 5.00]  17.5% outside [-1,1]
      [PCA]    25 components → 90.3% explained variance
      [LSTM    ] acc=0.457
      [BiLSTM  ] acc=0.417
      [GRU     ] acc=0.457
      [CNN_LSTM] acc=0.528
      [CNN_GRU ] acc=0.496
      [TCN_GRU ] acc=0.512
      [TCN_Transformer] acc=0.520
      [NBEATS  ] acc=0.583
      [calib]  temperature T=0.206  (prob spread: [0.242, 0.777])
    ~ Win 2 | 75% train | test_n=127 | OOS=50.39% | AUC=0.547 | F1=0.364 | LGB=58.27% | XGB=55.91% | T=0.21
         Dir → UP=46.15%  DOWN=52.27%  NEUTRAL=0.0%
         DL  → LSTM=45.67%  BiLSTM=41.73%  GRU=45.67%  CNN_LSTM=52.76%  CNN_GRU=49.61%  TCN_GRU=51.18%  TCN_Transformer=51.97%  NBEATS=58.27%
      [scaler] range [-3.88, 5.00]  17.4% outside [-1,1]
      [PCA]    25 components → 90.2% explained variance
      [LSTM    ] acc=0.512
      [BiLSTM  ] acc=0.496
      [GRU     ] acc=0.551
      [CNN_LSTM] acc=0.496
      [CNN_GRU ] acc=0.543
      [TCN_GRU ] acc=0.559
      [TCN_Transformer] acc=0.488
      [NBEATS  ] acc=0.488
      [calib]  temperature T=0.755  (prob spread: [0.408, 0.616])
    ✓ Win 3 | 80% train | test_n=127 | OOS=59.84% | AUC=0.611 | F1=0.648 | LGB=48.82% | XGB=48.82% | T=0.76
         Dir → UP=56.63%  DOWN=65.91%  NEUTRAL=0.0%
         DL  → LSTM=51.18%  BiLSTM=49.61%  GRU=55.12%  CNN_LSTM=49.61%  CNN_GRU=54.33%  TCN_GRU=55.91%  TCN_Transformer=48.82%  NBEATS=48.82%
      [scaler] range [-3.89, 5.00]  17.4% outside [-1,1]
      [PCA]    25 components → 90.3% explained variance
      [LSTM    ] acc=0.535
      [BiLSTM  ] acc=0.606
      [GRU     ] acc=0.559
      [CNN_LSTM] acc=0.543
      [CNN_GRU ] acc=0.567
      [TCN_GRU ] acc=0.520
      [TCN_Transformer] acc=0.520
      [NBEATS  ] acc=0.520
      [calib]  temperature T=0.231  (prob spread: [0.091, 0.902])
    ✓ Win 4 | 85% train | test_n=127 | OOS=58.27% | AUC=0.606 | F1=0.624 | LGB=56.69% | XGB=53.54% | T=0.23
         Dir → UP=61.97%  DOWN=53.57%  NEUTRAL=0.0%
         DL  → LSTM=53.54%  BiLSTM=60.63%  GRU=55.91%  CNN_LSTM=54.33%  CNN_GRU=56.69%  TCN_GRU=51.97%  TCN_Transformer=51.97%  NBEATS=51.97%
      [scaler] range [-3.89, 5.00]  17.2% outside [-1,1]
      [PCA]    26 components → 91.0% explained variance
      [LSTM    ] acc=0.472
      [BiLSTM  ] acc=0.567
      [GRU     ] acc=0.520
      [CNN_LSTM] acc=0.512
      [CNN_GRU ] acc=0.512
      [TCN_GRU ] acc=0.496
      [TCN_Transformer] acc=0.472
      [NBEATS  ] acc=0.528
      [calib]  temperature T=1.129  (prob spread: [0.418, 0.623])
    ~ Win 5 | 90% train | test_n=127 | OOS=55.91% | AUC=0.524 | F1=0.654 | LGB=50.39% | XGB=55.91% | T=1.13
         Dir → UP=55.21%  DOWN=58.06%  NEUTRAL=0.0%
         DL  → LSTM=47.24%  BiLSTM=56.69%  GRU=51.97%  CNN_LSTM=51.18%  CNN_GRU=51.18%  TCN_GRU=49.61%  TCN_Transformer=47.24%  NBEATS=52.76%
      [scaler] range [-3.81, 5.00]  17.1% outside [-1,1]
      [PCA]    26 components → 90.7% explained variance
      [LSTM    ] acc=0.406
      [BiLSTM  ] acc=0.516
      [GRU     ] acc=0.609
      [CNN_LSTM] acc=0.547
      [CNN_GRU ] acc=0.547
      [TCN_GRU ] acc=0.594
      [TCN_Transformer] acc=0.609
      [NBEATS  ] acc=0.578
      [calib]  temperature T=0.476  (prob spread: [0.401, 0.607])
    ✗ Win 6 | 95% train | test_n=64 | OOS=42.19% | AUC=0.439 | F1=0.448 | LGB=51.56% | XGB=53.12% | T=0.48
         Dir → UP=41.67%  DOWN=42.86%  NEUTRAL=0.0%
         DL  → LSTM=40.62%  BiLSTM=51.56%  GRU=60.94%  CNN_LSTM=54.69%  CNN_GRU=54.69%  TCN_GRU=59.38%  TCN_Transformer=60.94%  NBEATS=57.81%
  [3/3] OOS Overall → Accuracy=53.79%  F1=0.5392  (699 preds, 6 wins, avg_T=1.80)
  Plots → 06_results\runs\20260307_141956\CIPLA\plots
