
────────────────────────────────────────────────────────────
  MARUTI
────────────────────────────────────────────────────────────
  MARUTI       ↻ computing features ... ✓ 1281 rows × 159 features
  [1/3] Walk-forward: 6 windows  |  1281 rows  |  159 features
        Win 1: train[0:807]  val[807:896]  test[896:1024]  (70%)
        Win 2: train[0:864]  val[864:960]  test[960:1088]  (75%)
        Win 3: train[0:922]  val[922:1024]  test[1024:1152]  (80%)
        Win 4: train[0:980]  val[980:1088]  test[1088:1216]  (85%)
        Win 5: train[0:1037]  val[1037:1152]  test[1152:1281]  (90%)
        Win 6: train[0:1095]  val[1095:1216]  test[1216:1281]  (95%)
  [1b] Feature selection: top 50 of 159 ... ✓ 50 features kept
  [2/3] Training...
      [scaler] range [-4.96, 5.00]  14.3% outside [-1,1]
      [PCA]    16 components → 91.0% explained variance
      [LSTM    ] acc=0.516
      [BiLSTM  ] acc=0.492
      [GRU     ] acc=0.492
      [CNN_LSTM] acc=0.453
      [CNN_GRU ] acc=0.492
      [calib]  temperature T=0.158  (prob spread: [0.303, 0.684])
    ~ Win 1 | 70% train | test_n=128 | OOS=53.91% | AUC=0.541 | F1=0.416 | LGB=51.56% | XGB=49.22% | T=0.16
         DL → LSTM=51.56%  BiLSTM=49.22%  GRU=49.22%  CNN_LSTM=45.31%  CNN_GRU=49.22%
      [scaler] range [-4.98, 5.00]  14.4% outside [-1,1]
      [PCA]    16 components → 91.1% explained variance
      [LSTM    ] acc=0.461
      [BiLSTM  ] acc=0.469
      [GRU     ] acc=0.531
      [CNN_LSTM] acc=0.500
      [CNN_GRU ] acc=0.445
      [calib]  temperature T=3.889  (prob spread: [0.490, 0.517])
    ✗ Win 2 | 75% train | test_n=128 | OOS=49.22% | AUC=0.468 | F1=0.480 | LGB=46.09% | XGB=46.88% | T=3.89
         DL → LSTM=46.09%  BiLSTM=46.88%  GRU=53.12%  CNN_LSTM=50.00%  CNN_GRU=44.53%
      [scaler] range [-5.00, 5.00]  13.8% outside [-1,1]
      [PCA]    16 components → 90.9% explained variance
      [LSTM    ] acc=0.500
      [BiLSTM  ] acc=0.508
      [GRU     ] acc=0.492
      [CNN_LSTM] acc=0.547
      [CNN_GRU ] acc=0.508
      [calib]  temperature T=0.362  (prob spread: [0.335, 0.841])
    ✗ Win 3 | 80% train | test_n=128 | OOS=49.22% | AUC=0.541 | F1=0.545 | LGB=50.00% | XGB=58.59% | T=0.36
         DL → LSTM=50.00%  BiLSTM=50.78%  GRU=49.22%  CNN_LSTM=54.69%  CNN_GRU=50.78%
      [scaler] range [-5.00, 5.00]  14.2% outside [-1,1]
      [PCA]    16 components → 90.9% explained variance
      [LSTM    ] acc=0.570
      [BiLSTM  ] acc=0.531
      [GRU     ] acc=0.500
      [CNN_LSTM] acc=0.555
      [CNN_GRU ] acc=0.562
      [calib]  temperature T=8.000  (prob spread: [0.496, 0.506])
    ~ Win 4 | 85% train | test_n=128 | OOS=56.25% | AUC=0.532 | F1=0.659 | LGB=57.81% | XGB=57.03% | T=8.00
         DL → LSTM=57.03%  BiLSTM=53.12%  GRU=50.00%  CNN_LSTM=55.47%  CNN_GRU=56.25%
      [scaler] range [-5.00, 5.00]  14.3% outside [-1,1]
      [PCA]    16 components → 90.7% explained variance
      [LSTM    ] acc=0.473
      [BiLSTM  ] acc=0.535
      [GRU     ] acc=0.457
      [CNN_LSTM] acc=0.473
      [CNN_GRU ] acc=0.488
      [calib]  temperature T=8.000  (prob spread: [0.498, 0.504])
    ~ Win 5 | 90% train | test_n=129 | OOS=54.26% | AUC=0.504 | F1=0.619 | LGB=54.26% | XGB=54.26% | T=8.00
         DL → LSTM=47.29%  BiLSTM=53.49%  GRU=45.74%  CNN_LSTM=47.29%  CNN_GRU=48.84%
      [scaler] range [-5.00, 5.00]  14.2% outside [-1,1]
      [PCA]    16 components → 90.6% explained variance
      [LSTM    ] acc=0.477
      [BiLSTM  ] acc=0.538
      [GRU     ] acc=0.415
      [CNN_LSTM] acc=0.492
      [CNN_GRU ] acc=0.523
      [calib]  temperature T=0.583  (prob spread: [0.469, 0.526])
    ~ Win 6 | 95% train | test_n=65 | OOS=52.31% | AUC=0.460 | F1=0.436 | LGB=50.77% | XGB=52.31% | T=0.58
         DL → LSTM=47.69%  BiLSTM=53.85%  GRU=41.54%  CNN_LSTM=49.23%  CNN_GRU=52.31%
  [3/3] OOS Overall → Accuracy=52.55%  F1=0.5491  (706 preds, 6 wins, avg_T=3.50)
  Plots → 06_results\runs\20260301_000647\MARUTI\plots
