
────────────────────────────────────────────────────────────
  HDFCLIFE
────────────────────────────────────────────────────────────
  HDFCLIFE     ↻ computing features ... ✓ 1337 rows × 159 features
  [1/3] Walk-forward: 6 windows  |  1337 rows  |  159 features
        Win 1: train[0:842]  val[842:935]  test[935:1069]  (70%)
        Win 2: train[0:902]  val[902:1002]  test[1002:1136]  (75%)
        Win 3: train[0:963]  val[963:1069]  test[1069:1203]  (80%)
        Win 4: train[0:1023]  val[1023:1136]  test[1136:1270]  (85%)
        Win 5: train[0:1083]  val[1083:1203]  test[1203:1337]  (90%)
        Win 6: train[0:1143]  val[1143:1270]  test[1270:1337]  (95%)
  [1b] Feature selection: top 50 of 159 ... ✓ 47 features kept
  [2/3] Training...
      [scaler] range [-4.32, 5.00]  14.8% outside [-1,1]
      [PCA]    21 components → 91.0% explained variance
      [LSTM    ] acc=0.522
      [BiLSTM  ] acc=0.515
      [GRU     ] acc=0.515
      [CNN_LSTM] acc=0.522
      [CNN_GRU ] acc=0.552
      [calib]  temperature T=8.000  (prob spread: [0.497, 0.503])
    ✓ Win 1 | 70% train | test_n=134 | OOS=61.94% | AUC=0.639 | F1=0.592 | LGB=53.73% | XGB=48.51% | T=8.00
         DL → LSTM=52.24%  BiLSTM=51.49%  GRU=51.49%  CNN_LSTM=52.24%  CNN_GRU=55.22%
      [scaler] range [-4.36, 5.00]  14.6% outside [-1,1]
      [PCA]    21 components → 90.9% explained variance
      [LSTM    ] acc=0.493
      [BiLSTM  ] acc=0.560
      [GRU     ] acc=0.560
      [CNN_LSTM] acc=0.575
      [CNN_GRU ] acc=0.507
      [calib]  temperature T=0.231  (prob spread: [0.313, 0.735])
    ~ Win 2 | 75% train | test_n=134 | OOS=53.73% | AUC=0.537 | F1=0.436 | LGB=52.99% | XGB=56.72% | T=0.23
         DL → LSTM=49.25%  BiLSTM=55.97%  GRU=55.97%  CNN_LSTM=57.46%  CNN_GRU=50.75%
      [scaler] range [-4.28, 5.00]  14.6% outside [-1,1]
      [PCA]    21 components → 90.9% explained variance
      [LSTM    ] acc=0.470
      [BiLSTM  ] acc=0.537
      [GRU     ] acc=0.478
      [CNN_LSTM] acc=0.478
      [CNN_GRU ] acc=0.515
      [calib]  temperature T=0.585  (prob spread: [0.364, 0.657])
    ~ Win 3 | 80% train | test_n=134 | OOS=57.46% | AUC=0.595 | F1=0.412 | LGB=46.27% | XGB=47.01% | T=0.58
         DL → LSTM=47.01%  BiLSTM=53.73%  GRU=47.76%  CNN_LSTM=47.76%  CNN_GRU=51.49%
      [scaler] range [-4.20, 5.00]  14.5% outside [-1,1]
      [PCA]    21 components → 90.8% explained variance
      [LSTM    ] acc=0.493
      [BiLSTM  ] acc=0.493
      [GRU     ] acc=0.455
      [CNN_LSTM] acc=0.493
      [CNN_GRU ] acc=0.440
      [calib]  temperature T=0.297  (prob spread: [0.212, 0.838])
    ✗ Win 4 | 85% train | test_n=134 | OOS=46.27% | AUC=0.499 | F1=0.333 | LGB=50.75% | XGB=50.00% | T=0.30
         DL → LSTM=49.25%  BiLSTM=49.25%  GRU=45.52%  CNN_LSTM=49.25%  CNN_GRU=44.03%
      [scaler] range [-3.91, 5.00]  14.5% outside [-1,1]
      [PCA]    21 components → 90.7% explained variance
      [LSTM    ] acc=0.507
      [BiLSTM  ] acc=0.545
      [GRU     ] acc=0.463
      [CNN_LSTM] acc=0.522
      [CNN_GRU ] acc=0.507
      [calib]  temperature T=1.306  (prob spread: [0.470, 0.599])
    ~ Win 5 | 90% train | test_n=134 | OOS=52.24% | AUC=0.485 | F1=0.135 | LGB=47.76% | XGB=56.72% | T=1.31
         DL → LSTM=50.75%  BiLSTM=54.48%  GRU=46.27%  CNN_LSTM=52.24%  CNN_GRU=50.75%
      [scaler] range [-3.79, 5.00]  14.3% outside [-1,1]
      [PCA]    21 components → 90.5% explained variance
      [LSTM    ] acc=0.522
      [BiLSTM  ] acc=0.537
      [GRU     ] acc=0.493
      [CNN_LSTM] acc=0.463
      [CNN_GRU ] acc=0.433
      [calib]  temperature T=4.347  (prob spread: [0.491, 0.512])
    ~ Win 6 | 95% train | test_n=67 | OOS=55.22% | AUC=0.474 | F1=0.250 | LGB=55.22% | XGB=55.22% | T=4.35
         DL → LSTM=52.24%  BiLSTM=53.73%  GRU=49.25%  CNN_LSTM=46.27%  CNN_GRU=43.28%
  [3/3] OOS Overall → Accuracy=54.41%  F1=0.3935  (737 preds, 6 wins, avg_T=2.46)
  Plots → 06_results\runs\20260301_000647\HDFCLIFE\plots
