
────────────────────────────────────────────────────────────
  AUROPHARMA
────────────────────────────────────────────────────────────
  AUROPHARMA   ↻ computing features ... ✓ 1402 rows × 159 features
  [1/3] Walk-forward: 6 windows  |  1402 rows  |  159 features
        Win 1: train[0:883]  val[883:981]  test[981:1121]  (70%)
        Win 2: train[0:946]  val[946:1051]  test[1051:1191]  (75%)
        Win 3: train[0:1009]  val[1009:1121]  test[1121:1261]  (80%)
        Win 4: train[0:1072]  val[1072:1191]  test[1191:1331]  (85%)
        Win 5: train[0:1135]  val[1135:1261]  test[1261:1402]  (90%)
        Win 6: train[0:1198]  val[1198:1331]  test[1331:1402]  (95%)
  [1b] Feature selection: top 50 of 159 ... ✓ 50 features kept
  [2/3] Training...
      [scaler] range [-5.00, 5.00]  14.4% outside [-1,1]
      [PCA]    16 components → 90.3% explained variance
      [LSTM    ] acc=0.493
      [BiLSTM  ] acc=0.493
      [GRU     ] acc=0.529
      [CNN_LSTM] acc=0.450
      [CNN_GRU ] acc=0.564
      [calib]  temperature T=0.486  (prob spread: [0.220, 0.705])
    ✗ Win 1 | 70% train | test_n=140 | OOS=48.57% | AUC=0.552 | F1=0.294 | LGB=45.71% | XGB=47.86% | T=0.49
         DL → LSTM=49.29%  BiLSTM=49.29%  GRU=52.86%  CNN_LSTM=45.00%  CNN_GRU=56.43%
      [scaler] range [-5.00, 5.00]  14.3% outside [-1,1]
      [PCA]    16 components → 90.4% explained variance
      [LSTM    ] acc=0.471
      [BiLSTM  ] acc=0.579
      [GRU     ] acc=0.536
      [CNN_LSTM] acc=0.514
      [CNN_GRU ] acc=0.500
      [calib]  temperature T=0.745  (prob spread: [0.295, 0.672])
    ~ Win 2 | 75% train | test_n=140 | OOS=52.86% | AUC=0.498 | F1=0.459 | LGB=47.14% | XGB=45.71% | T=0.75
         DL → LSTM=47.14%  BiLSTM=57.86%  GRU=53.57%  CNN_LSTM=51.43%  CNN_GRU=50.00%
      [scaler] range [-5.00, 5.00]  14.3% outside [-1,1]
      [PCA]    16 components → 90.3% explained variance
      [LSTM    ] acc=0.464
      [BiLSTM  ] acc=0.464
      [GRU     ] acc=0.464
      [CNN_LSTM] acc=0.457
      [CNN_GRU ] acc=0.507
      [calib]  temperature T=0.191  (prob spread: [0.105, 0.918])
    ~ Win 3 | 80% train | test_n=140 | OOS=56.43% | AUC=0.554 | F1=0.555 | LGB=56.43% | XGB=54.29% | T=0.19
         DL → LSTM=46.43%  BiLSTM=46.43%  GRU=46.43%  CNN_LSTM=45.71%  CNN_GRU=50.71%
      [scaler] range [-5.00, 5.00]  14.3% outside [-1,1]
      [PCA]    16 components → 90.2% explained variance
      [LSTM    ] acc=0.514
      [BiLSTM  ] acc=0.486
      [GRU     ] acc=0.536
      [CNN_LSTM] acc=0.536
      [CNN_GRU ] acc=0.536
      [calib]  temperature T=0.270  (prob spread: [0.324, 0.627])
    ~ Win 4 | 85% train | test_n=140 | OOS=52.14% | AUC=0.547 | F1=0.481 | LGB=52.14% | XGB=50.00% | T=0.27
         DL → LSTM=51.43%  BiLSTM=48.57%  GRU=53.57%  CNN_LSTM=53.57%  CNN_GRU=53.57%
      [scaler] range [-5.00, 5.00]  14.3% outside [-1,1]
      [PCA]    16 components → 90.1% explained variance
      [LSTM    ] acc=0.539
      [BiLSTM  ] acc=0.496
      [GRU     ] acc=0.496
      [CNN_LSTM] acc=0.475
      [CNN_GRU ] acc=0.461
      [calib]  temperature T=0.317  (prob spread: [0.260, 0.711])
    ✗ Win 5 | 90% train | test_n=141 | OOS=48.94% | AUC=0.446 | F1=0.280 | LGB=48.23% | XGB=49.65% | T=0.32
         DL → LSTM=53.90%  BiLSTM=49.65%  GRU=49.65%  CNN_LSTM=47.52%  CNN_GRU=46.10%
      [scaler] range [-5.00, 5.00]  14.4% outside [-1,1]
      [PCA]    16 components → 90.0% explained variance
      [LSTM    ] acc=0.408
      [BiLSTM  ] acc=0.479
      [GRU     ] acc=0.479
      [CNN_LSTM] acc=0.465
      [CNN_GRU ] acc=0.507
      [calib]  temperature T=0.626  (prob spread: [0.346, 0.573])
    ~ Win 6 | 95% train | test_n=71 | OOS=53.52% | AUC=0.470 | F1=0.267 | LGB=49.30% | XGB=47.89% | T=0.63
         DL → LSTM=40.85%  BiLSTM=47.89%  GRU=47.89%  CNN_LSTM=46.48%  CNN_GRU=50.70%
  [3/3] OOS Overall → Accuracy=51.94%  F1=0.4157  (772 preds, 6 wins, avg_T=0.44)
  Plots → 06_results\runs\20260301_000647\AUROPHARMA\plots
