
────────────────────────────────────────────────────────────
  JSWSTEEL
────────────────────────────────────────────────────────────
  JSWSTEEL     ↻ computing features ... ✓ 1394 rows × 159 features
  [1/3] Walk-forward: 6 windows  |  1394 rows  |  159 features
        Win 1: train[0:878]  val[878:975]  test[975:1115]  (70%)
        Win 2: train[0:941]  val[941:1045]  test[1045:1184]  (75%)
        Win 3: train[0:1004]  val[1004:1115]  test[1115:1254]  (80%)
        Win 4: train[0:1066]  val[1066:1184]  test[1184:1324]  (85%)
        Win 5: train[0:1129]  val[1129:1254]  test[1254:1394]  (90%)
        Win 6: train[0:1192]  val[1192:1324]  test[1324:1394]  (95%)
  [1b] Feature selection: top 50 of 159 ... ✓ 50 features kept
  [2/3] Training...
      [scaler] range [-4.23, 5.00]  17.1% outside [-1,1]
      [PCA]    27 components → 90.4% explained variance
      [LSTM    ] acc=0.521
      [BiLSTM  ] acc=0.486
      [GRU     ] acc=0.564
      [CNN_LSTM] acc=0.514
      [CNN_GRU ] acc=0.557
      [TCN_GRU ] acc=0.600
      [TCN_Transformer] acc=0.536
      [NBEATS  ] acc=0.564
      [calib]  temperature T=0.332  (prob spread: [0.139, 0.853])
    ✗ Win 1 | 70% train | test_n=140 | OOS=47.14% | AUC=0.474 | F1=0.598 | LGB=48.57% | XGB=48.57% | T=0.33
         Dir → UP=50.00%  DOWN=36.67%  NEUTRAL=0.0%
         DL  → LSTM=52.14%  BiLSTM=48.57%  GRU=56.43%  CNN_LSTM=51.43%  CNN_GRU=55.71%  TCN_GRU=60.00%  TCN_Transformer=53.57%  NBEATS=56.43%
      [scaler] range [-4.19, 5.00]  17.5% outside [-1,1]
      [PCA]    27 components → 90.5% explained variance
      [LSTM    ] acc=0.540
      [BiLSTM  ] acc=0.561
      [GRU     ] acc=0.532
      [CNN_LSTM] acc=0.568
      [CNN_GRU ] acc=0.504
      [TCN_GRU ] acc=0.511
      [TCN_Transformer] acc=0.561
      [NBEATS  ] acc=0.482
      [calib]  temperature T=0.100  (prob spread: [0.249, 0.984])
    ~ Win 2 | 75% train | test_n=139 | OOS=53.24% | AUC=0.579 | F1=0.656 | LGB=53.96% | XGB=53.96% | T=0.10
         Dir → UP=54.39%  DOWN=48.00%  NEUTRAL=0.0%
         DL  → LSTM=53.96%  BiLSTM=56.12%  GRU=53.24%  CNN_LSTM=56.83%  CNN_GRU=50.36%  TCN_GRU=51.08%  TCN_Transformer=56.12%  NBEATS=48.20%
      [scaler] range [-4.17, 5.00]  17.5% outside [-1,1]
      [PCA]    27 components → 90.5% explained variance
      [LSTM    ] acc=0.554
      [BiLSTM  ] acc=0.518
      [GRU     ] acc=0.518
      [CNN_LSTM] acc=0.475
      [CNN_GRU ] acc=0.432
      [TCN_GRU ] acc=0.547
      [TCN_Transformer] acc=0.561
      [NBEATS  ] acc=0.475
      [calib]  temperature T=0.847  (prob spread: [0.433, 0.656])
    ~ Win 3 | 80% train | test_n=139 | OOS=50.36% | AUC=0.536 | F1=0.582 | LGB=51.08% | XGB=51.08% | T=0.85
         Dir → UP=51.06%  DOWN=48.89%  NEUTRAL=0.0%
         DL  → LSTM=55.40%  BiLSTM=51.80%  GRU=51.80%  CNN_LSTM=47.48%  CNN_GRU=43.17%  TCN_GRU=54.68%  TCN_Transformer=56.12%  NBEATS=47.48%
      [scaler] range [-4.25, 5.00]  17.6% outside [-1,1]
      [PCA]    27 components → 90.4% explained variance
      [LSTM    ] acc=0.479
      [BiLSTM  ] acc=0.429
      [GRU     ] acc=0.529
      [CNN_LSTM] acc=0.457
      [CNN_GRU ] acc=0.464
      [TCN_GRU ] acc=0.521
      [TCN_Transformer] acc=0.521
      [NBEATS  ] acc=0.464
      [calib]  temperature T=0.351  (prob spread: [0.282, 0.851])
    ~ Win 4 | 85% train | test_n=140 | OOS=50.00% | AUC=0.466 | F1=0.533 | LGB=46.43% | XGB=50.71% | T=0.35
         Dir → UP=47.06%  DOWN=54.55%  NEUTRAL=0.0%
         DL  → LSTM=47.86%  BiLSTM=42.86%  GRU=52.86%  CNN_LSTM=45.71%  CNN_GRU=46.43%  TCN_GRU=52.14%  TCN_Transformer=52.14%  NBEATS=46.43%
      [scaler] range [-4.10, 5.00]  17.8% outside [-1,1]
      [PCA]    27 components → 90.1% explained variance
      [LSTM    ] acc=0.479
      [BiLSTM  ] acc=0.450
      [GRU     ] acc=0.414
      [CNN_LSTM] acc=0.493
      [CNN_GRU ] acc=0.493
      [TCN_GRU ] acc=0.471
      [TCN_Transformer] acc=0.536
      [NBEATS  ] acc=0.507
      [calib]  temperature T=8.000  (prob spread: [0.499, 0.510])
    ✗ Win 5 | 90% train | test_n=140 | OOS=45.00% | AUC=0.488 | F1=0.584 | LGB=50.71% | XGB=50.71% | T=8.00
         Dir → UP=47.37%  DOWN=34.62%  NEUTRAL=0.0%
         DL  → LSTM=47.86%  BiLSTM=45.00%  GRU=41.43%  CNN_LSTM=49.29%  CNN_GRU=49.29%  TCN_GRU=47.14%  TCN_Transformer=53.57%  NBEATS=50.71%
      [scaler] range [-3.85, 5.00]  17.9% outside [-1,1]
      [PCA]    27 components → 90.0% explained variance
      [LSTM    ] acc=0.457
      [BiLSTM  ] acc=0.514
      [GRU     ] acc=0.429
      [CNN_LSTM] acc=0.586
      [CNN_GRU ] acc=0.586
      [TCN_GRU ] acc=0.571
      [TCN_Transformer] acc=0.471
      [NBEATS  ] acc=0.471
      [calib]  temperature T=3.084  (prob spread: [0.492, 0.518])
    ~ Win 6 | 95% train | test_n=70 | OOS=57.14% | AUC=0.534 | F1=0.651 | LGB=55.71% | XGB=55.71% | T=3.08
         Dir → UP=59.57%  DOWN=52.17%  NEUTRAL=0.0%
         DL  → LSTM=45.71%  BiLSTM=51.43%  GRU=42.86%  CNN_LSTM=58.57%  CNN_GRU=58.57%  TCN_GRU=57.14%  TCN_Transformer=47.14%  NBEATS=47.14%
  [3/3] OOS Overall → Accuracy=49.87%  F1=0.5985  (768 preds, 6 wins, avg_T=2.12)
  Plots → 06_results\runs\20260307_141956\JSWSTEEL\plots
