
────────────────────────────────────────────────────────────
  AUBANK
────────────────────────────────────────────────────────────
  AUBANK       ↻ computing features ... ✓ 1409 rows × 159 features
  [1/3] Walk-forward: 6 windows  |  1409 rows  |  159 features
        Win 1: train[0:888]  val[888:986]  test[986:1127]  (70%)
        Win 2: train[0:951]  val[951:1056]  test[1056:1197]  (75%)
        Win 3: train[0:1015]  val[1015:1127]  test[1127:1268]  (80%)
        Win 4: train[0:1078]  val[1078:1197]  test[1197:1338]  (85%)
        Win 5: train[0:1142]  val[1142:1268]  test[1268:1409]  (90%)
        Win 6: train[0:1205]  val[1205:1338]  test[1338:1409]  (95%)
  [1b] Feature selection: top 50 of 159 ... ✓ 47 features kept
  [2/3] Training...
      [scaler] range [-5.00, 5.00]  17.9% outside [-1,1]
      [PCA]    24 components → 90.9% explained variance
      [LSTM    ] acc=0.518
      [BiLSTM  ] acc=0.482
      [GRU     ] acc=0.511
      [CNN_LSTM] acc=0.496
      [CNN_GRU ] acc=0.482
      [calib]  temperature T=0.350  (prob spread: [0.330, 0.665])
    ✗ Win 1 | 70% train | test_n=141 | OOS=48.94% | AUC=0.503 | F1=0.650 | LGB=50.35% | XGB=53.90% | T=0.35
         DL → LSTM=51.77%  BiLSTM=48.23%  GRU=51.06%  CNN_LSTM=49.65%  CNN_GRU=48.23%
      [scaler] range [-5.00, 5.00]  17.5% outside [-1,1]
      [PCA]    24 components → 91.0% explained variance
      [LSTM    ] acc=0.518
      [BiLSTM  ] acc=0.496
      [GRU     ] acc=0.475
      [CNN_LSTM] acc=0.504
      [CNN_GRU ] acc=0.511
      [calib]  temperature T=0.297  (prob spread: [0.136, 0.940])
    ~ Win 2 | 75% train | test_n=141 | OOS=53.19% | AUC=0.540 | F1=0.637 | LGB=53.90% | XGB=55.32% | T=0.30
         DL → LSTM=51.77%  BiLSTM=49.65%  GRU=47.52%  CNN_LSTM=50.35%  CNN_GRU=51.06%
      [scaler] range [-5.00, 5.00]  17.5% outside [-1,1]
      [PCA]    24 components → 91.0% explained variance
      [LSTM    ] acc=0.447
      [BiLSTM  ] acc=0.525
      [GRU     ] acc=0.461
      [CNN_LSTM] acc=0.504
      [CNN_GRU ] acc=0.511
      [calib]  temperature T=0.589  (prob spread: [0.299, 0.627])
    ~ Win 3 | 80% train | test_n=141 | OOS=56.03% | AUC=0.565 | F1=0.644 | LGB=47.52% | XGB=51.06% | T=0.59
         DL → LSTM=44.68%  BiLSTM=52.48%  GRU=46.10%  CNN_LSTM=50.35%  CNN_GRU=51.06%
      [scaler] range [-5.00, 5.00]  17.4% outside [-1,1]
      [PCA]    24 components → 91.0% explained variance
      [LSTM    ] acc=0.511
      [BiLSTM  ] acc=0.426
      [GRU     ] acc=0.525
      [CNN_LSTM] acc=0.504
      [CNN_GRU ] acc=0.553
      [calib]  temperature T=0.403  (prob spread: [0.332, 0.712])
    ~ Win 4 | 85% train | test_n=141 | OOS=53.19% | AUC=0.521 | F1=0.571 | LGB=54.61% | XGB=45.39% | T=0.40
         DL → LSTM=51.06%  BiLSTM=42.55%  GRU=52.48%  CNN_LSTM=50.35%  CNN_GRU=55.32%
      [scaler] range [-5.00, 5.00]  17.3% outside [-1,1]
      [PCA]    24 components → 90.9% explained variance
      [LSTM    ] acc=0.433
      [BiLSTM  ] acc=0.475
      [GRU     ] acc=0.546
      [CNN_LSTM] acc=0.567
      [CNN_GRU ] acc=0.539
      [calib]  temperature T=8.000  (prob spread: [0.486, 0.507])
    ~ Win 5 | 90% train | test_n=141 | OOS=56.03% | AUC=0.549 | F1=0.551 | LGB=48.23% | XGB=48.23% | T=8.00
         DL → LSTM=43.26%  BiLSTM=47.52%  GRU=54.61%  CNN_LSTM=56.74%  CNN_GRU=53.90%
      [scaler] range [-5.00, 5.00]  17.1% outside [-1,1]
      [PCA]    24 components → 91.0% explained variance
      [LSTM    ] acc=0.535
      [BiLSTM  ] acc=0.479
      [GRU     ] acc=0.549
      [CNN_LSTM] acc=0.521
      [CNN_GRU ] acc=0.479
      [calib]  temperature T=1.286  (prob spread: [0.442, 0.525])
    ~ Win 6 | 95% train | test_n=71 | OOS=57.75% | AUC=0.593 | F1=0.531 | LGB=56.34% | XGB=52.11% | T=1.29
         DL → LSTM=53.52%  BiLSTM=47.89%  GRU=54.93%  CNN_LSTM=52.11%  CNN_GRU=47.89%
  [3/3] OOS Overall → Accuracy=53.87%  F1=0.6100  (776 preds, 6 wins, avg_T=1.82)
  Plots → 06_results\runs\20260301_000647\AUBANK\plots
