
────────────────────────────────────────────────────────────
  HINDALCO
────────────────────────────────────────────────────────────
  HINDALCO     ↻ computing features ... ✓ 1435 rows × 159 features
  [1/3] Walk-forward: 6 windows  |  1435 rows  |  159 features
        Win 1: train[0:904]  val[904:1004]  test[1004:1148]  (70%)
        Win 2: train[0:969]  val[969:1076]  test[1076:1219]  (75%)
        Win 3: train[0:1034]  val[1034:1148]  test[1148:1291]  (80%)
        Win 4: train[0:1098]  val[1098:1219]  test[1219:1363]  (85%)
        Win 5: train[0:1162]  val[1162:1291]  test[1291:1435]  (90%)
        Win 6: train[0:1227]  val[1227:1363]  test[1363:1435]  (95%)
  [1b] Feature selection: top 50 of 159 ... ✓ 50 features kept
  [2/3] Training...
      [scaler] range [-5.00, 5.00]  14.6% outside [-1,1]
      [PCA]    17 components → 90.9% explained variance
      [LSTM    ] acc=0.514
      [BiLSTM  ] acc=0.500
      [GRU     ] acc=0.535
      [CNN_LSTM] acc=0.542
      [CNN_GRU ] acc=0.542
      [calib]  temperature T=0.262  (prob spread: [0.112, 0.940])
    ~ Win 1 | 70% train | test_n=144 | OOS=50.69% | AUC=0.562 | F1=0.466 | LGB=53.47% | XGB=54.17% | T=0.26
         DL → LSTM=51.39%  BiLSTM=50.00%  GRU=53.47%  CNN_LSTM=54.17%  CNN_GRU=54.17%
      [scaler] range [-5.00, 5.00]  15.1% outside [-1,1]
      [PCA]    17 components → 91.0% explained variance
      [LSTM    ] acc=0.490
      [BiLSTM  ] acc=0.510
      [GRU     ] acc=0.497
      [CNN_LSTM] acc=0.427
      [CNN_GRU ] acc=0.483
      [calib]  temperature T=0.494  (prob spread: [0.488, 0.577])
    ✗ Win 2 | 75% train | test_n=143 | OOS=47.55% | AUC=0.475 | F1=0.623 | LGB=48.95% | XGB=48.95% | T=0.49
         DL → LSTM=48.95%  BiLSTM=51.05%  GRU=49.65%  CNN_LSTM=42.66%  CNN_GRU=48.25%
      [scaler] range [-5.00, 5.00]  15.2% outside [-1,1]
      [PCA]    17 components → 91.0% explained variance
      [LSTM    ] acc=0.497
      [BiLSTM  ] acc=0.503
      [GRU     ] acc=0.448
      [CNN_LSTM] acc=0.510
      [CNN_GRU ] acc=0.503
      [calib]  temperature T=0.656  (prob spread: [0.483, 0.591])
    ~ Win 3 | 80% train | test_n=143 | OOS=56.64% | AUC=0.580 | F1=0.699 | LGB=51.75% | XGB=51.75% | T=0.66
         DL → LSTM=49.65%  BiLSTM=50.35%  GRU=44.76%  CNN_LSTM=51.05%  CNN_GRU=50.35%
      [scaler] range [-5.00, 5.00]  15.1% outside [-1,1]
      [PCA]    17 components → 91.0% explained variance
      [LSTM    ] acc=0.542
      [BiLSTM  ] acc=0.542
      [GRU     ] acc=0.556
      [CNN_LSTM] acc=0.521
      [CNN_GRU ] acc=0.528
      [calib]  temperature T=8.000  (prob spread: [0.498, 0.511])
    ~ Win 4 | 85% train | test_n=144 | OOS=55.56% | AUC=0.504 | F1=0.704 | LGB=54.17% | XGB=52.08% | T=8.00
         DL → LSTM=54.17%  BiLSTM=54.17%  GRU=55.56%  CNN_LSTM=52.08%  CNN_GRU=52.78%
      [scaler] range [-5.00, 5.00]  15.3% outside [-1,1]
      [PCA]    17 components → 90.7% explained variance
      [LSTM    ] acc=0.521
      [BiLSTM  ] acc=0.542
      [GRU     ] acc=0.514
      [CNN_LSTM] acc=0.611
      [CNN_GRU ] acc=0.597
      [calib]  temperature T=1.293  (prob spread: [0.451, 0.592])
    ✗ Win 5 | 90% train | test_n=144 | OOS=48.61% | AUC=0.498 | F1=0.619 | LGB=56.25% | XGB=56.25% | T=1.29
         DL → LSTM=52.08%  BiLSTM=54.17%  GRU=51.39%  CNN_LSTM=61.11%  CNN_GRU=59.72%
      [scaler] range [-5.00, 5.00]  14.8% outside [-1,1]
      [PCA]    17 components → 90.7% explained variance
      [LSTM    ] acc=0.514
      [BiLSTM  ] acc=0.528
      [GRU     ] acc=0.528
      [CNN_LSTM] acc=0.639
      [CNN_GRU ] acc=0.556
      [calib]  temperature T=0.533  (prob spread: [0.475, 0.569])
    ~ Win 6 | 95% train | test_n=72 | OOS=55.56% | AUC=0.494 | F1=0.680 | LGB=59.72% | XGB=62.50% | T=0.53
         DL → LSTM=51.39%  BiLSTM=52.78%  GRU=52.78%  CNN_LSTM=63.89%  CNN_GRU=55.56%
  [3/3] OOS Overall → Accuracy=52.15%  F1=0.6393  (790 preds, 6 wins, avg_T=1.87)
  Plots → 06_results\runs\20260301_000647\HINDALCO\plots
