
────────────────────────────────────────────────────────────
  OFSS
────────────────────────────────────────────────────────────
  OFSS         ↻ computing features ... ✓ 1321 rows × 166 features
  [1/3] Walk-forward: 6 windows  |  1321 rows  |  166 features
        Win 1: train[0:832]  val[832:924]  test[924:1056]  (70%)
        Win 2: train[0:891]  val[891:990]  test[990:1122]  (75%)
        Win 3: train[0:951]  val[951:1056]  test[1056:1188]  (80%)
        Win 4: train[0:1010]  val[1010:1122]  test[1122:1254]  (85%)
        Win 5: train[0:1070]  val[1070:1188]  test[1188:1321]  (90%)
        Win 6: train[0:1129]  val[1129:1254]  test[1254:1321]  (95%)
  [1b] Feature selection: top 50 of 166 ... ✓ 50 features kept
  [2/3] Training...
      [scaler] range [-4.10, 5.00]  16.4% outside [-1,1]
      [PCA]    23 components → 90.3% explained variance
      [LSTM    ] acc=0.462
      [BiLSTM  ] acc=0.530
      [GRU     ] acc=0.500
      [CNN_LSTM] acc=0.508
      [CNN_GRU ] acc=0.470
      [TCN_GRU ] acc=0.538
      [TCN_Transformer] acc=0.485
      [NBEATS  ] acc=0.553
      [calib]  temperature T=0.229  (prob spread: [0.161, 0.889])
    ✗ Win 1 | 70% train | test_n=132 | OOS=46.97% | AUC=0.458 | F1=0.551 | LGB=51.52% | XGB=44.70% | T=0.23
         Dir → UP=51.19%  DOWN=39.58%  NEUTRAL=0.0%
         DL  → LSTM=46.21%  BiLSTM=53.03%  GRU=50.00%  CNN_LSTM=50.76%  CNN_GRU=46.97%  TCN_GRU=53.79%  TCN_Transformer=48.48%  NBEATS=55.30%
      [scaler] range [-3.85, 5.00]  16.1% outside [-1,1]
      [PCA]    23 components → 90.3% explained variance
      [LSTM    ] acc=0.409
      [BiLSTM  ] acc=0.364
      [GRU     ] acc=0.417
      [CNN_LSTM] acc=0.523
      [CNN_GRU ] acc=0.470
      [TCN_GRU ] acc=0.561
      [TCN_Transformer] acc=0.530
      [NBEATS  ] acc=0.447
      [calib]  temperature T=0.411  (prob spread: [0.423, 0.679])
    ✗ Win 2 | 75% train | test_n=132 | OOS=46.97% | AUC=0.511 | F1=0.533 | LGB=44.70% | XGB=44.70% | T=0.41
         Dir → UP=43.96%  DOWN=53.66%  NEUTRAL=0.0%
         DL  → LSTM=40.91%  BiLSTM=36.36%  GRU=41.67%  CNN_LSTM=52.27%  CNN_GRU=46.97%  TCN_GRU=56.06%  TCN_Transformer=53.03%  NBEATS=44.70%
      [scaler] range [-3.73, 5.00]  16.1% outside [-1,1]
      [PCA]    23 components → 90.4% explained variance
      [LSTM    ] acc=0.402
      [BiLSTM  ] acc=0.439
      [GRU     ] acc=0.508
      [CNN_LSTM] acc=0.439
      [CNN_GRU ] acc=0.356
      [TCN_GRU ] acc=0.409
      [TCN_Transformer] acc=0.409
      [NBEATS  ] acc=0.455
      [calib]  temperature T=0.280  (prob spread: [0.402, 0.769])
    ✗ Win 3 | 80% train | test_n=132 | OOS=45.45% | AUC=0.445 | F1=0.471 | LGB=48.48% | XGB=41.67% | T=0.28
         Dir → UP=39.51%  DOWN=54.90%  NEUTRAL=0.0%
         DL  → LSTM=40.15%  BiLSTM=43.94%  GRU=50.76%  CNN_LSTM=43.94%  CNN_GRU=35.61%  TCN_GRU=40.91%  TCN_Transformer=40.91%  NBEATS=45.45%
      [scaler] range [-3.61, 5.00]  16.1% outside [-1,1]
      [PCA]    23 components → 90.1% explained variance
      [LSTM    ] acc=0.553
      [BiLSTM  ] acc=0.477
      [GRU     ] acc=0.462
      [CNN_LSTM] acc=0.508
      [CNN_GRU ] acc=0.515
      [TCN_GRU ] acc=0.492
      [TCN_Transformer] acc=0.477
      [NBEATS  ] acc=0.500
      [calib]  temperature T=0.262  (prob spread: [0.201, 0.826])
    ✗ Win 4 | 85% train | test_n=132 | OOS=47.73% | AUC=0.474 | F1=0.549 | LGB=50.00% | XGB=50.00% | T=0.26
         Dir → UP=48.28%  DOWN=46.67%  NEUTRAL=0.0%
         DL  → LSTM=55.30%  BiLSTM=47.73%  GRU=46.21%  CNN_LSTM=50.76%  CNN_GRU=51.52%  TCN_GRU=49.24%  TCN_Transformer=47.73%  NBEATS=50.00%
      [scaler] range [-3.51, 5.00]  16.0% outside [-1,1]
      [PCA]    24 components → 90.8% explained variance
      [LSTM    ] acc=0.459
      [BiLSTM  ] acc=0.504
      [GRU     ] acc=0.489
      [CNN_LSTM] acc=0.474
      [CNN_GRU ] acc=0.444
      [TCN_GRU ] acc=0.481
      [TCN_Transformer] acc=0.519
      [NBEATS  ] acc=0.459
      [calib]  temperature T=0.442  (prob spread: [0.451, 0.632])
    ✗ Win 5 | 90% train | test_n=133 | OOS=45.11% | AUC=0.485 | F1=0.578 | LGB=43.61% | XGB=41.35% | T=0.44
         Dir → UP=44.64%  DOWN=47.62%  NEUTRAL=0.0%
         DL  → LSTM=45.86%  BiLSTM=50.38%  GRU=48.87%  CNN_LSTM=47.37%  CNN_GRU=44.36%  TCN_GRU=48.12%  TCN_Transformer=51.88%  NBEATS=45.86%
      [scaler] range [-3.53, 5.00]  15.8% outside [-1,1]
      [PCA]    24 components → 90.8% explained variance
      [LSTM    ] acc=0.478
      [BiLSTM  ] acc=0.433
      [GRU     ] acc=0.507
      [CNN_LSTM] acc=0.418
      [CNN_GRU ] acc=0.537
      [TCN_GRU ] acc=0.403
      [TCN_Transformer] acc=0.418
      [NBEATS  ] acc=0.507
      [calib]  temperature T=8.000  (prob spread: [0.496, 0.505])
    ✗ Win 6 | 95% train | test_n=67 | OOS=49.25% | AUC=0.445 | F1=0.452 | LGB=52.24% | XGB=56.72% | T=8.00
         Dir → UP=42.42%  DOWN=55.88%  NEUTRAL=0.0%
         DL  → LSTM=47.76%  BiLSTM=43.28%  GRU=50.75%  CNN_LSTM=41.79%  CNN_GRU=53.73%  TCN_GRU=40.30%  TCN_Transformer=41.79%  NBEATS=50.75%
  [3/3] OOS Overall → Accuracy=46.70%  F1=0.5325  (728 preds, 6 wins, avg_T=1.60)
  Plots → 06_results\runs\20260307_141956\OFSS\plots
