
────────────────────────────────────────────────────────────
  COFORGE
────────────────────────────────────────────────────────────
  COFORGE      ↻ computing features ... ✓ 1438 rows × 166 features
  [1/3] Walk-forward: 6 windows  |  1438 rows  |  166 features
        Win 1: train[0:906]  val[906:1006]  test[1006:1150]  (70%)
        Win 2: train[0:971]  val[971:1078]  test[1078:1222]  (75%)
        Win 3: train[0:1035]  val[1035:1150]  test[1150:1294]  (80%)
        Win 4: train[0:1100]  val[1100:1222]  test[1222:1366]  (85%)
        Win 5: train[0:1165]  val[1165:1294]  test[1294:1438]  (90%)
        Win 6: train[0:1230]  val[1230:1366]  test[1366:1438]  (95%)
  [1b] Feature selection: top 50 of 166 ... ✓ 50 features kept
  [2/3] Training...
      [scaler] range [-3.30, 5.00]  16.7% outside [-1,1]
      [PCA]    25 components → 90.3% explained variance
      [LSTM    ] acc=0.479
      [BiLSTM  ] acc=0.535
      [GRU     ] acc=0.535
      [CNN_LSTM] acc=0.479
      [CNN_GRU ] acc=0.451
      [TCN_GRU ] acc=0.486
      [TCN_Transformer] acc=0.569
      [NBEATS  ] acc=0.507
      [calib]  temperature T=1.914  (prob spread: [0.499, 0.528])
    ~ Win 1 | 70% train | test_n=144 | OOS=51.39% | AUC=0.525 | F1=0.673 | LGB=53.47% | XGB=56.25% | T=1.91
         Dir → UP=51.06%  DOWN=66.67%  NEUTRAL=0.0%
         DL  → LSTM=47.92%  BiLSTM=53.47%  GRU=53.47%  CNN_LSTM=47.92%  CNN_GRU=45.14%  TCN_GRU=48.61%  TCN_Transformer=56.94%  NBEATS=50.69%
      [scaler] range [-3.30, 5.00]  16.6% outside [-1,1]
      [PCA]    25 components → 90.3% explained variance
      [LSTM    ] acc=0.486
      [BiLSTM  ] acc=0.535
      [GRU     ] acc=0.514
      [CNN_LSTM] acc=0.396
      [CNN_GRU ] acc=0.479
      [TCN_GRU ] acc=0.604
      [TCN_Transformer] acc=0.396
      [NBEATS  ] acc=0.583
      [calib]  temperature T=0.912  (prob spread: [0.447, 0.537])
    ✓ Win 2 | 75% train | test_n=144 | OOS=59.72% | AUC=0.603 | F1=0.704 | LGB=61.81% | XGB=65.97% | T=0.91
         Dir → UP=64.49%  DOWN=45.95%  NEUTRAL=0.0%
         DL  → LSTM=48.61%  BiLSTM=53.47%  GRU=51.39%  CNN_LSTM=39.58%  CNN_GRU=47.92%  TCN_GRU=60.42%  TCN_Transformer=39.58%  NBEATS=58.33%
      [scaler] range [-3.26, 5.00]  16.6% outside [-1,1]
      [PCA]    25 components → 90.2% explained variance
      [LSTM    ] acc=0.549
      [BiLSTM  ] acc=0.528
      [GRU     ] acc=0.451
      [CNN_LSTM] acc=0.500
      [CNN_GRU ] acc=0.528
      [TCN_GRU ] acc=0.528
      [TCN_Transformer] acc=0.500
      [NBEATS  ] acc=0.486
      [calib]  temperature T=0.676  (prob spread: [0.457, 0.657])
    ~ Win 3 | 80% train | test_n=144 | OOS=56.94% | AUC=0.501 | F1=0.713 | LGB=59.03% | XGB=59.03% | T=0.68
         Dir → UP=58.78%  DOWN=38.46%  NEUTRAL=0.0%
         DL  → LSTM=54.86%  BiLSTM=52.78%  GRU=45.14%  CNN_LSTM=50.00%  CNN_GRU=52.78%  TCN_GRU=52.78%  TCN_Transformer=50.00%  NBEATS=48.61%
      [scaler] range [-3.34, 5.00]  16.6% outside [-1,1]
      [PCA]    25 components → 90.2% explained variance
      [LSTM    ] acc=0.528
      [BiLSTM  ] acc=0.514
      [GRU     ] acc=0.528
      [CNN_LSTM] acc=0.549
      [CNN_GRU ] acc=0.562
      [TCN_GRU ] acc=0.521
      [TCN_Transformer] acc=0.576
      [NBEATS  ] acc=0.618
      [calib]  temperature T=8.000  (prob spread: [0.496, 0.513])
    ~ Win 4 | 85% train | test_n=144 | OOS=56.94% | AUC=0.528 | F1=0.690 | LGB=45.14% | XGB=42.36% | T=8.00
         Dir → UP=57.50%  DOWN=54.17%  NEUTRAL=0.0%
         DL  → LSTM=52.78%  BiLSTM=51.39%  GRU=52.78%  CNN_LSTM=54.86%  CNN_GRU=56.25%  TCN_GRU=52.08%  TCN_Transformer=57.64%  NBEATS=61.81%
      [scaler] range [-3.24, 5.00]  16.7% outside [-1,1]
      [PCA]    26 components → 90.9% explained variance
      [LSTM    ] acc=0.542
      [BiLSTM  ] acc=0.542
      [GRU     ] acc=0.507
      [CNN_LSTM] acc=0.590
      [CNN_GRU ] acc=0.479
      [TCN_GRU ] acc=0.535
      [TCN_Transformer] acc=0.569
      [NBEATS  ] acc=0.514
      [calib]  temperature T=0.326  (prob spread: [0.463, 0.664])
    ~ Win 5 | 90% train | test_n=144 | OOS=52.78% | AUC=0.609 | F1=0.685 | LGB=52.08% | XGB=52.08% | T=0.33
         Dir → UP=52.48%  DOWN=66.67%  NEUTRAL=0.0%
         DL  → LSTM=54.17%  BiLSTM=54.17%  GRU=50.69%  CNN_LSTM=59.03%  CNN_GRU=47.92%  TCN_GRU=53.47%  TCN_Transformer=56.94%  NBEATS=51.39%
      [scaler] range [-3.17, 5.00]  16.8% outside [-1,1]
      [PCA]    26 components → 90.8% explained variance
      [LSTM    ] acc=0.514
      [BiLSTM  ] acc=0.458
      [GRU     ] acc=0.556
      [CNN_LSTM] acc=0.611
      [CNN_GRU ] acc=0.569
      [TCN_GRU ] acc=0.569
      [TCN_Transformer] acc=0.556
      [NBEATS  ] acc=0.486
      [calib]  temperature T=0.600  (prob spread: [0.402, 0.671])
    ~ Win 6 | 95% train | test_n=72 | OOS=55.56% | AUC=0.604 | F1=0.636 | LGB=44.44% | XGB=45.83% | T=0.60
         Dir → UP=50.91%  DOWN=70.59%  NEUTRAL=0.0%
         DL  → LSTM=51.39%  BiLSTM=45.83%  GRU=55.56%  CNN_LSTM=61.11%  CNN_GRU=56.94%  TCN_GRU=56.94%  TCN_Transformer=55.56%  NBEATS=48.61%
  [3/3] OOS Overall → Accuracy=55.56%  F1=0.6885  (792 preds, 6 wins, avg_T=2.07)
  Plots → 06_results\runs\20260307_141956\COFORGE\plots
