
────────────────────────────────────────────────────────────
  RELIANCE
────────────────────────────────────────────────────────────
  RELIANCE     ↻ computing features ... ✓ 1298 rows × 159 features
  [1/3] Walk-forward: 6 windows  |  1298 rows  |  159 features
        Win 1: train[0:818]  val[818:908]  test[908:1038]  (70%)
        Win 2: train[0:876]  val[876:973]  test[973:1103]  (75%)
        Win 3: train[0:935]  val[935:1038]  test[1038:1168]  (80%)
        Win 4: train[0:993]  val[993:1103]  test[1103:1233]  (85%)
        Win 5: train[0:1052]  val[1052:1168]  test[1168:1298]  (90%)
        Win 6: train[0:1110]  val[1110:1233]  test[1233:1298]  (95%)
  [1b] Feature selection: top 50 of 159 ... ✓ 50 features kept
  [2/3] Training...
      [scaler] range [-5.00, 5.00]  15.2% outside [-1,1]
      [PCA]    24 components → 91.0% explained variance
      [LSTM    ] acc=0.477
      [BiLSTM  ] acc=0.485
      [GRU     ] acc=0.508
      [CNN_LSTM] acc=0.531
      [CNN_GRU ] acc=0.446
      [calib]  temperature T=0.386  (prob spread: [0.386, 0.573])
    ✗ Win 1 | 70% train | test_n=130 | OOS=49.23% | AUC=0.542 | F1=0.500 | LGB=41.54% | XGB=45.38% | T=0.39
         DL → LSTM=47.69%  BiLSTM=48.46%  GRU=50.77%  CNN_LSTM=53.08%  CNN_GRU=44.62%
      [scaler] range [-5.00, 5.00]  15.4% outside [-1,1]
      [PCA]    24 components → 90.7% explained variance
      [LSTM    ] acc=0.469
      [BiLSTM  ] acc=0.431
      [GRU     ] acc=0.469
      [CNN_LSTM] acc=0.477
      [CNN_GRU ] acc=0.485
      [calib]  temperature T=0.302  (prob spread: [0.152, 0.755])
    ~ Win 2 | 75% train | test_n=130 | OOS=50.77% | AUC=0.438 | F1=0.610 | LGB=48.46% | XGB=53.08% | T=0.30
         DL → LSTM=46.92%  BiLSTM=43.08%  GRU=46.92%  CNN_LSTM=47.69%  CNN_GRU=48.46%
      [scaler] range [-5.00, 5.00]  15.4% outside [-1,1]
      [PCA]    24 components → 90.9% explained variance
      [LSTM    ] acc=0.515
      [BiLSTM  ] acc=0.454
      [GRU     ] acc=0.485
      [CNN_LSTM] acc=0.454
      [CNN_GRU ] acc=0.500
      [calib]  temperature T=0.223  (prob spread: [0.123, 0.895])
    ✗ Win 3 | 80% train | test_n=130 | OOS=49.23% | AUC=0.444 | F1=0.625 | LGB=46.92% | XGB=48.46% | T=0.22
         DL → LSTM=51.54%  BiLSTM=45.38%  GRU=48.46%  CNN_LSTM=45.38%  CNN_GRU=50.00%
      [scaler] range [-5.00, 5.00]  15.2% outside [-1,1]
      [PCA]    24 components → 90.8% explained variance
      [LSTM    ] acc=0.469
      [BiLSTM  ] acc=0.462
      [GRU     ] acc=0.438
      [CNN_LSTM] acc=0.538
      [CNN_GRU ] acc=0.515
      [calib]  temperature T=0.100  (prob spread: [0.063, 0.993])
    ✗ Win 4 | 85% train | test_n=130 | OOS=46.92% | AUC=0.488 | F1=0.566 | LGB=48.46% | XGB=49.23% | T=0.10
         DL → LSTM=46.92%  BiLSTM=46.15%  GRU=43.85%  CNN_LSTM=53.85%  CNN_GRU=51.54%
      [scaler] range [-5.00, 5.00]  15.3% outside [-1,1]
      [PCA]    24 components → 90.6% explained variance
      [LSTM    ] acc=0.477
      [BiLSTM  ] acc=0.500
      [GRU     ] acc=0.431
      [CNN_LSTM] acc=0.469
      [CNN_GRU ] acc=0.500
      [calib]  temperature T=8.000  (prob spread: [0.499, 0.505])
    ✗ Win 5 | 90% train | test_n=130 | OOS=48.46% | AUC=0.499 | F1=0.621 | LGB=46.15% | XGB=46.92% | T=8.00
         DL → LSTM=47.69%  BiLSTM=50.00%  GRU=43.08%  CNN_LSTM=46.92%  CNN_GRU=50.00%
      [scaler] range [-5.00, 5.00]  15.0% outside [-1,1]
      [PCA]    24 components → 90.5% explained variance
      [LSTM    ] acc=0.492
      [BiLSTM  ] acc=0.431
      [GRU     ] acc=0.431
      [CNN_LSTM] acc=0.538
      [CNN_GRU ] acc=0.523
      [calib]  temperature T=8.000  (prob spread: [0.492, 0.506])
    ✗ Win 6 | 95% train | test_n=65 | OOS=47.69% | AUC=0.433 | F1=0.605 | LGB=49.23% | XGB=49.23% | T=8.00
         DL → LSTM=49.23%  BiLSTM=43.08%  GRU=43.08%  CNN_LSTM=53.85%  CNN_GRU=52.31%
  [3/3] OOS Overall → Accuracy=48.81%  F1=0.5906  (715 preds, 6 wins, avg_T=2.84)
  Plots → 06_results\runs\20260301_000647\RELIANCE\plots
