
────────────────────────────────────────────────────────────
  POWERGRID
────────────────────────────────────────────────────────────
  POWERGRID    ↻ computing features ... ✓ 1322 rows × 159 features
  [1/3] Walk-forward: 6 windows  |  1322 rows  |  159 features
        Win 1: train[0:833]  val[833:925]  test[925:1057]  (70%)
        Win 2: train[0:892]  val[892:991]  test[991:1123]  (75%)
        Win 3: train[0:952]  val[952:1057]  test[1057:1189]  (80%)
        Win 4: train[0:1011]  val[1011:1123]  test[1123:1255]  (85%)
        Win 5: train[0:1071]  val[1071:1189]  test[1189:1322]  (90%)
        Win 6: train[0:1130]  val[1130:1255]  test[1255:1322]  (95%)
  [1b] Feature selection: top 50 of 159 ... ✓ 50 features kept
  [2/3] Training...
      [scaler] range [-5.00, 5.00]  18.1% outside [-1,1]
      [PCA]    23 components → 90.4% explained variance
      [LSTM    ] acc=0.561
      [BiLSTM  ] acc=0.583
      [GRU     ] acc=0.500
      [CNN_LSTM] acc=0.500
      [CNN_GRU ] acc=0.455
      [TCN_GRU ] acc=0.485
      [TCN_Transformer] acc=0.561
      [NBEATS  ] acc=0.462
      [calib]  temperature T=0.362  (prob spread: [0.105, 0.809])
    ~ Win 1 | 70% train | test_n=132 | OOS=57.58% | AUC=0.642 | F1=0.600 | LGB=55.30% | XGB=53.79% | T=0.36
         Dir → UP=76.36%  DOWN=44.16%  NEUTRAL=0.0%
         DL  → LSTM=56.06%  BiLSTM=58.33%  GRU=50.00%  CNN_LSTM=50.00%  CNN_GRU=45.45%  TCN_GRU=48.48%  TCN_Transformer=56.06%  NBEATS=46.21%
      [scaler] range [-5.00, 5.00]  18.0% outside [-1,1]
      [PCA]    23 components → 90.3% explained variance
      [LSTM    ] acc=0.470
      [BiLSTM  ] acc=0.553
      [GRU     ] acc=0.561
      [CNN_LSTM] acc=0.462
      [CNN_GRU ] acc=0.553
      [TCN_GRU ] acc=0.515
      [TCN_Transformer] acc=0.447
      [NBEATS  ] acc=0.545
      [calib]  temperature T=0.162  (prob spread: [0.163, 0.890])
    ~ Win 2 | 75% train | test_n=132 | OOS=51.52% | AUC=0.529 | F1=0.529 | LGB=50.00% | XGB=55.30% | T=0.16
         Dir → UP=55.38%  DOWN=47.76%  NEUTRAL=0.0%
         DL  → LSTM=46.97%  BiLSTM=55.30%  GRU=56.06%  CNN_LSTM=46.21%  CNN_GRU=55.30%  TCN_GRU=51.52%  TCN_Transformer=44.70%  NBEATS=54.55%
      [scaler] range [-5.00, 5.00]  17.9% outside [-1,1]
      [PCA]    23 components → 90.3% explained variance
      [LSTM    ] acc=0.500
      [BiLSTM  ] acc=0.500
      [GRU     ] acc=0.470
      [CNN_LSTM] acc=0.470
      [CNN_GRU ] acc=0.530
      [TCN_GRU ] acc=0.508
      [TCN_Transformer] acc=0.515
      [NBEATS  ] acc=0.500
      [calib]  temperature T=0.251  (prob spread: [0.345, 0.968])
    ✗ Win 3 | 80% train | test_n=132 | OOS=47.73% | AUC=0.551 | F1=0.635 | LGB=50.00% | XGB=50.00% | T=0.25
         Dir → UP=48.78%  DOWN=33.33%  NEUTRAL=0.0%
         DL  → LSTM=50.00%  BiLSTM=50.00%  GRU=46.97%  CNN_LSTM=46.97%  CNN_GRU=53.03%  TCN_GRU=50.76%  TCN_Transformer=51.52%  NBEATS=50.00%
      [scaler] range [-5.00, 5.00]  18.2% outside [-1,1]
      [PCA]    23 components → 90.0% explained variance
      [LSTM    ] acc=0.477
      [BiLSTM  ] acc=0.508
      [GRU     ] acc=0.500
      [CNN_LSTM] acc=0.538
      [CNN_GRU ] acc=0.508
      [TCN_GRU ] acc=0.485
      [TCN_Transformer] acc=0.500
      [NBEATS  ] acc=0.500
      [calib]  temperature T=0.759  (prob spread: [0.455, 0.688])
    ✗ Win 4 | 85% train | test_n=132 | OOS=46.97% | AUC=0.529 | F1=0.635 | LGB=50.00% | XGB=48.48% | T=0.76
         Dir → UP=48.41%  DOWN=16.67%  NEUTRAL=0.0%
         DL  → LSTM=47.73%  BiLSTM=50.76%  GRU=50.00%  CNN_LSTM=53.79%  CNN_GRU=50.76%  TCN_GRU=48.48%  TCN_Transformer=50.00%  NBEATS=50.00%
      [scaler] range [-5.00, 5.00]  18.2% outside [-1,1]
      [PCA]    24 components → 90.9% explained variance
      [LSTM    ] acc=0.481
      [BiLSTM  ] acc=0.459
      [GRU     ] acc=0.474
      [CNN_LSTM] acc=0.489
      [CNN_GRU ] acc=0.451
      [TCN_GRU ] acc=0.481
      [TCN_Transformer] acc=0.474
      [NBEATS  ] acc=0.466
      [calib]  temperature T=8.000  (prob spread: [0.501, 0.509])
    ✗ Win 5 | 90% train | test_n=133 | OOS=47.37% | AUC=0.461 | F1=0.643 | LGB=47.37% | XGB=47.37% | T=8.00
         Dir → UP=47.37%  DOWN=0.00%  NEUTRAL=0.0%
         DL  → LSTM=48.12%  BiLSTM=45.86%  GRU=47.37%  CNN_LSTM=48.87%  CNN_GRU=45.11%  TCN_GRU=48.12%  TCN_Transformer=47.37%  NBEATS=46.62%
      [scaler] range [-5.00, 5.00]  18.2% outside [-1,1]
      [PCA]    24 components → 90.8% explained variance
      [LSTM    ] acc=0.493
      [BiLSTM  ] acc=0.463
      [GRU     ] acc=0.507
      [CNN_LSTM] acc=0.478
      [CNN_GRU ] acc=0.493
      [TCN_GRU ] acc=0.448
      [TCN_Transformer] acc=0.478
      [NBEATS  ] acc=0.463
      [calib]  temperature T=2.268  (prob spread: [0.506, 0.536])
    ✗ Win 6 | 95% train | test_n=67 | OOS=47.76% | AUC=0.376 | F1=0.646 | LGB=47.76% | XGB=41.79% | T=2.27
         Dir → UP=47.76%  DOWN=0.00%  NEUTRAL=0.0%
         DL  → LSTM=49.25%  BiLSTM=46.27%  GRU=50.75%  CNN_LSTM=47.76%  CNN_GRU=49.25%  TCN_GRU=44.78%  TCN_Transformer=47.76%  NBEATS=46.27%
  [3/3] OOS Overall → Accuracy=50.00%  F1=0.6176  (728 preds, 6 wins, avg_T=1.97)
  Plots → 06_results\runs\20260307_141956\POWERGRID\plots
