
────────────────────────────────────────────────────────────
  SHREECEM
────────────────────────────────────────────────────────────
  SHREECEM     ↻ computing features ... ✓ 1319 rows × 159 features
  [1/3] Walk-forward: 6 windows  |  1319 rows  |  159 features
        Win 1: train[0:831]  val[831:923]  test[923:1055]  (70%)
        Win 2: train[0:891]  val[891:989]  test[989:1121]  (75%)
        Win 3: train[0:950]  val[950:1055]  test[1055:1187]  (80%)
        Win 4: train[0:1009]  val[1009:1121]  test[1121:1253]  (85%)
        Win 5: train[0:1069]  val[1069:1187]  test[1187:1319]  (90%)
        Win 6: train[0:1128]  val[1128:1253]  test[1253:1319]  (95%)
  [1b] Feature selection: top 50 of 159 ... ✓ 50 features kept
  [2/3] Training...
      [scaler] range [-5.00, 5.00]  17.6% outside [-1,1]
      [PCA]    28 components → 90.2% explained variance
      [LSTM    ] acc=0.576
      [BiLSTM  ] acc=0.530
      [GRU     ] acc=0.553
      [CNN_LSTM] acc=0.538
      [CNN_GRU ] acc=0.523
      [calib]  temperature T=0.794  (prob spread: [0.486, 0.593])
    ~ Win 1 | 70% train | test_n=132 | OOS=50.00% | AUC=0.540 | F1=0.637 | LGB=51.52% | XGB=51.52% | T=0.79
         DL → LSTM=57.58%  BiLSTM=53.03%  GRU=55.30%  CNN_LSTM=53.79%  CNN_GRU=52.27%
      [scaler] range [-5.00, 5.00]  17.7% outside [-1,1]
      [PCA]    28 components → 90.1% explained variance
      [LSTM    ] acc=0.545
      [BiLSTM  ] acc=0.614
      [GRU     ] acc=0.485
      [CNN_LSTM] acc=0.500
      [CNN_GRU ] acc=0.515
      [calib]  temperature T=0.328  (prob spread: [0.470, 0.722])
    ~ Win 2 | 75% train | test_n=132 | OOS=51.52% | AUC=0.531 | F1=0.663 | LGB=51.52% | XGB=51.52% | T=0.33
         DL → LSTM=54.55%  BiLSTM=61.36%  GRU=48.48%  CNN_LSTM=50.00%  CNN_GRU=51.52%
      [scaler] range [-5.00, 5.00]  17.6% outside [-1,1]
      [PCA]    28 components → 90.1% explained variance
      [LSTM    ] acc=0.477
      [BiLSTM  ] acc=0.455
      [GRU     ] acc=0.530
      [CNN_LSTM] acc=0.485
      [CNN_GRU ] acc=0.515
      [calib]  temperature T=0.960  (prob spread: [0.485, 0.584])
    ~ Win 3 | 80% train | test_n=132 | OOS=53.03% | AUC=0.442 | F1=0.667 | LGB=53.03% | XGB=53.03% | T=0.96
         DL → LSTM=47.73%  BiLSTM=45.45%  GRU=53.03%  CNN_LSTM=48.48%  CNN_GRU=51.52%
      [scaler] range [-5.00, 5.00]  17.6% outside [-1,1]
      [PCA]    29 components → 90.9% explained variance
      [LSTM    ] acc=0.485
      [BiLSTM  ] acc=0.508
      [GRU     ] acc=0.553
      [CNN_LSTM] acc=0.470
      [CNN_GRU ] acc=0.530
      [calib]  temperature T=1.469  (prob spread: [0.458, 0.568])
    ✗ Win 4 | 85% train | test_n=132 | OOS=46.21% | AUC=0.488 | F1=0.553 | LGB=46.97% | XGB=46.97% | T=1.47
         DL → LSTM=48.48%  BiLSTM=50.76%  GRU=55.30%  CNN_LSTM=46.97%  CNN_GRU=53.03%
      [scaler] range [-5.00, 5.00]  17.5% outside [-1,1]
      [PCA]    29 components → 90.8% explained variance
      [LSTM    ] acc=0.470
      [BiLSTM  ] acc=0.394
      [GRU     ] acc=0.523
      [CNN_LSTM] acc=0.432
      [CNN_GRU ] acc=0.462
      [calib]  temperature T=0.528  (prob spread: [0.452, 0.596])
    ~ Win 5 | 90% train | test_n=132 | OOS=51.52% | AUC=0.583 | F1=0.562 | LGB=43.18% | XGB=43.18% | T=0.53
         DL → LSTM=46.97%  BiLSTM=39.39%  GRU=52.27%  CNN_LSTM=43.18%  CNN_GRU=46.21%
      [scaler] range [-5.00, 5.00]  17.5% outside [-1,1]
      [PCA]    29 components → 90.7% explained variance
      [LSTM    ] acc=0.500
      [BiLSTM  ] acc=0.439
      [GRU     ] acc=0.545
      [CNN_LSTM] acc=0.394
      [CNN_GRU ] acc=0.652
      [calib]  temperature T=0.370  (prob spread: [0.395, 0.621])
    ~ Win 6 | 95% train | test_n=66 | OOS=51.52% | AUC=0.546 | F1=0.619 | LGB=46.97% | XGB=46.97% | T=0.37
         DL → LSTM=50.00%  BiLSTM=43.94%  GRU=54.55%  CNN_LSTM=39.39%  CNN_GRU=65.15%
  [3/3] OOS Overall → Accuracy=50.55%  F1=0.6209  (726 preds, 6 wins, avg_T=0.74)
  Plots → 06_results\runs\20260301_000647\SHREECEM\plots
