
────────────────────────────────────────────────────────────
  BERGEPAINT
────────────────────────────────────────────────────────────
  BERGEPAINT   ✓ features cached  (1296 rows × 159 feat)
  [1/3] Walk-forward: 6 windows  |  1296 rows  |  159 features
        Win 1: train[0:817]  val[817:907]  test[907:1036]  (70%)
        Win 2: train[0:875]  val[875:972]  test[972:1101]  (75%)
        Win 3: train[0:933]  val[933:1036]  test[1036:1166]  (80%)
        Win 4: train[0:991]  val[991:1101]  test[1101:1231]  (85%)
        Win 5: train[0:1050]  val[1050:1166]  test[1166:1296]  (90%)
        Win 6: train[0:1108]  val[1108:1231]  test[1231:1296]  (95%)
  [1b] Feature selection: top 50 of 159 ... ✓ 50 features kept
  [2/3] Training...
      [scaler] range [-4.58, 5.00]  16.8% outside [-1,1]
      [PCA]    25 components → 90.7% explained variance
      [LSTM    ] acc=0.550
      [BiLSTM  ] acc=0.543
      [GRU     ] acc=0.597
      [CNN_LSTM] acc=0.512
      [CNN_GRU ] acc=0.527
      [TCN_GRU ] acc=0.488
      [TCN_Transformer] acc=0.450
      [NBEATS  ] acc=0.550
      [calib]  temperature T=0.262  (prob spread: [0.328, 0.783])
    ~ Win 1 | 70% train | test_n=129 | OOS=55.04% | AUC=0.517 | F1=0.678 | LGB=55.04% | XGB=52.71% | T=0.26
         Dir → UP=55.96%  DOWN=50.00%  NEUTRAL=0.0%
         DL  → LSTM=55.04%  BiLSTM=54.26%  GRU=59.69%  CNN_LSTM=51.16%  CNN_GRU=52.71%  TCN_GRU=48.84%  TCN_Transformer=44.96%  NBEATS=55.04%
      [scaler] range [-4.40, 5.00]  16.7% outside [-1,1]
      [PCA]    25 components → 90.7% explained variance
      [LSTM    ] acc=0.566
      [BiLSTM  ] acc=0.581
      [GRU     ] acc=0.558
      [CNN_LSTM] acc=0.550
      [CNN_GRU ] acc=0.589
      [TCN_GRU ] acc=0.535
      [TCN_Transformer] acc=0.512
      [NBEATS  ] acc=0.496
      [calib]  temperature T=2.624  (prob spread: [0.468, 0.552])
    ✓ Win 2 | 75% train | test_n=129 | OOS=58.14% | AUC=0.559 | F1=0.686 | LGB=55.04% | XGB=55.04% | T=2.62
         Dir → UP=58.42%  DOWN=57.14%  NEUTRAL=0.0%
         DL  → LSTM=56.59%  BiLSTM=58.14%  GRU=55.81%  CNN_LSTM=55.04%  CNN_GRU=58.91%  TCN_GRU=53.49%  TCN_Transformer=51.16%  NBEATS=49.61%
      [scaler] range [-4.40, 5.00]  16.5% outside [-1,1]
      [PCA]    25 components → 90.5% explained variance
      [LSTM    ] acc=0.469
      [BiLSTM  ] acc=0.523
      [GRU     ] acc=0.523
      [CNN_LSTM] acc=0.523
      [CNN_GRU ] acc=0.438
      [TCN_GRU ] acc=0.577
      [TCN_Transformer] acc=0.462
      [NBEATS  ] acc=0.515
      [calib]  temperature T=0.519  (prob spread: [0.366, 0.744])
    ~ Win 3 | 80% train | test_n=130 | OOS=50.00% | AUC=0.509 | F1=0.649 | LGB=46.92% | XGB=51.54% | T=0.52
         Dir → UP=50.00%  DOWN=50.00%  NEUTRAL=0.0%
         DL  → LSTM=46.92%  BiLSTM=52.31%  GRU=52.31%  CNN_LSTM=52.31%  CNN_GRU=43.85%  TCN_GRU=57.69%  TCN_Transformer=46.15%  NBEATS=51.54%
      [scaler] range [-4.47, 5.00]  16.4% outside [-1,1]
      [PCA]    25 components → 90.4% explained variance
      [LSTM    ] acc=0.477
      [BiLSTM  ] acc=0.454
      [GRU     ] acc=0.469
      [CNN_LSTM] acc=0.500
      [CNN_GRU ] acc=0.500
      [TCN_GRU ] acc=0.469
      [TCN_Transformer] acc=0.446
      [NBEATS  ] acc=0.492
      [calib]  temperature T=0.459  (prob spread: [0.499, 0.736])
    ~ Win 4 | 85% train | test_n=130 | OOS=50.00% | AUC=0.497 | F1=0.663 | LGB=47.69% | XGB=46.92% | T=0.46
         Dir → UP=49.61%  DOWN=100.00%  NEUTRAL=0.0%
         DL  → LSTM=47.69%  BiLSTM=45.38%  GRU=46.92%  CNN_LSTM=50.00%  CNN_GRU=50.00%  TCN_GRU=46.92%  TCN_Transformer=44.62%  NBEATS=49.23%
      [scaler] range [-4.38, 5.00]  16.4% outside [-1,1]
      [PCA]    25 components → 90.2% explained variance
      [LSTM    ] acc=0.462
      [BiLSTM  ] acc=0.469
      [GRU     ] acc=0.431
      [CNN_LSTM] acc=0.446
      [CNN_GRU ] acc=0.454
      [TCN_GRU ] acc=0.477
      [TCN_Transformer] acc=0.454
      [NBEATS  ] acc=0.515
      [calib]  temperature T=1.138  (prob spread: [0.482, 0.582])
    ✗ Win 5 | 90% train | test_n=130 | OOS=46.92% | AUC=0.427 | F1=0.631 | LGB=44.62% | XGB=45.38% | T=1.14
         Dir → UP=46.09%  DOWN=100.00%  NEUTRAL=0.0%
         DL  → LSTM=46.15%  BiLSTM=46.92%  GRU=43.08%  CNN_LSTM=44.62%  CNN_GRU=45.38%  TCN_GRU=47.69%  TCN_Transformer=45.38%  NBEATS=51.54%
      [scaler] range [-4.50, 5.00]  16.2% outside [-1,1]
      [PCA]    25 components → 90.2% explained variance
      [LSTM    ] acc=0.446
      [BiLSTM  ] acc=0.446
      [GRU     ] acc=0.431
      [CNN_LSTM] acc=0.462
      [CNN_GRU ] acc=0.462
      [TCN_GRU ] acc=0.538
      [TCN_Transformer] acc=0.446
      [NBEATS  ] acc=0.538
      [calib]  temperature T=1.286  (prob spread: [0.489, 0.561])
    ✗ Win 6 | 95% train | test_n=65 | OOS=46.15% | AUC=0.517 | F1=0.624 | LGB=47.69% | XGB=47.69% | T=1.29
         Dir → UP=46.77%  DOWN=33.33%  NEUTRAL=0.0%
         DL  → LSTM=44.62%  BiLSTM=44.62%  GRU=43.08%  CNN_LSTM=46.15%  CNN_GRU=46.15%  TCN_GRU=53.85%  TCN_Transformer=44.62%  NBEATS=53.85%
  [3/3] OOS Overall → Accuracy=51.47%  F1=0.6574  (713 preds, 6 wins, avg_T=1.05)
  Plots → 06_results\runs\20260307_141956\BERGEPAINT\plots
