
────────────────────────────────────────────────────────────
  ABB
────────────────────────────────────────────────────────────
  ABB          ↻ computing features ... ✓ 1383 rows × 159 features
  [1/3] Walk-forward: 6 windows  |  1383 rows  |  159 features
        Win 1: train[0:872]  val[872:968]  test[968:1106]  (70%)
        Win 2: train[0:934]  val[934:1037]  test[1037:1175]  (75%)
        Win 3: train[0:996]  val[996:1106]  test[1106:1244]  (80%)
        Win 4: train[0:1058]  val[1058:1175]  test[1175:1313]  (85%)
        Win 5: train[0:1120]  val[1120:1244]  test[1244:1383]  (90%)
        Win 6: train[0:1182]  val[1182:1313]  test[1313:1383]  (95%)
  [1b] Feature selection: top 50 of 159 ... ✓ 50 features kept
  [2/3] Training...
      [scaler] range [-5.00, 5.00]  18.5% outside [-1,1]
      [PCA]    27 components → 90.6% explained variance
      [LSTM    ] acc=0.609
      [BiLSTM  ] acc=0.580
      [GRU     ] acc=0.551
      [CNN_LSTM] acc=0.464
      [CNN_GRU ] acc=0.478
      [calib]  temperature T=0.857  (prob spread: [0.437, 0.570])
    ~ Win 1 | 70% train | test_n=138 | OOS=52.17% | AUC=0.468 | F1=0.598 | LGB=61.59% | XGB=64.49% | T=0.86
         DL → LSTM=60.87%  BiLSTM=57.97%  GRU=55.07%  CNN_LSTM=46.38%  CNN_GRU=47.83%
      [scaler] range [-5.00, 5.00]  18.3% outside [-1,1]
      [PCA]    27 components → 90.5% explained variance
      [LSTM    ] acc=0.551
      [BiLSTM  ] acc=0.478
      [GRU     ] acc=0.522
      [CNN_LSTM] acc=0.536
      [CNN_GRU ] acc=0.486
      [calib]  temperature T=0.411  (prob spread: [0.256, 0.900])
    ✗ Win 2 | 75% train | test_n=138 | OOS=49.28% | AUC=0.531 | F1=0.557 | LGB=57.25% | XGB=56.52% | T=0.41
         DL → LSTM=55.07%  BiLSTM=47.83%  GRU=52.17%  CNN_LSTM=53.62%  CNN_GRU=48.55%
      [scaler] range [-5.00, 5.00]  18.1% outside [-1,1]
      [PCA]    27 components → 90.5% explained variance
      [LSTM    ] acc=0.486
      [BiLSTM  ] acc=0.471
      [GRU     ] acc=0.471
      [CNN_LSTM] acc=0.500
      [CNN_GRU ] acc=0.471
      [calib]  temperature T=0.476  (prob spread: [0.232, 0.900])
    ✗ Win 3 | 80% train | test_n=138 | OOS=48.55% | AUC=0.503 | F1=0.580 | LGB=44.93% | XGB=48.55% | T=0.48
         DL → LSTM=48.55%  BiLSTM=47.10%  GRU=47.10%  CNN_LSTM=50.00%  CNN_GRU=47.10%
      [scaler] range [-5.00, 5.00]  17.9% outside [-1,1]
      [PCA]    27 components → 90.4% explained variance
      [LSTM    ] acc=0.493
      [BiLSTM  ] acc=0.493
      [GRU     ] acc=0.529
      [CNN_LSTM] acc=0.442
      [CNN_GRU ] acc=0.493
      [calib]  temperature T=8.000  (prob spread: [0.498, 0.507])
    ✗ Win 4 | 85% train | test_n=138 | OOS=47.83% | AUC=0.424 | F1=0.640 | LGB=49.28% | XGB=45.65% | T=8.00
         DL → LSTM=49.28%  BiLSTM=49.28%  GRU=52.90%  CNN_LSTM=44.20%  CNN_GRU=49.28%
      [scaler] range [-5.00, 5.00]  17.9% outside [-1,1]
      [PCA]    27 components → 90.3% explained variance
      [LSTM    ] acc=0.496
      [BiLSTM  ] acc=0.504
      [GRU     ] acc=0.504
      [CNN_LSTM] acc=0.496
      [CNN_GRU ] acc=0.511
      [calib]  temperature T=8.000  (prob spread: [0.497, 0.506])
    ~ Win 5 | 90% train | test_n=139 | OOS=50.36% | AUC=0.459 | F1=0.657 | LGB=41.73% | XGB=49.64% | T=8.00
         DL → LSTM=49.64%  BiLSTM=50.36%  GRU=50.36%  CNN_LSTM=49.64%  CNN_GRU=51.08%
      [scaler] range [-5.00, 5.00]  17.9% outside [-1,1]
      [PCA]    27 components → 90.2% explained variance
      [LSTM    ] acc=0.514
      [BiLSTM  ] acc=0.557
      [GRU     ] acc=0.543
      [CNN_LSTM] acc=0.529
      [CNN_GRU ] acc=0.457
      [calib]  temperature T=8.000  (prob spread: [0.499, 0.504])
    ~ Win 6 | 95% train | test_n=70 | OOS=51.43% | AUC=0.544 | F1=0.630 | LGB=51.43% | XGB=51.43% | T=8.00
         DL → LSTM=51.43%  BiLSTM=55.71%  GRU=54.29%  CNN_LSTM=52.86%  CNN_GRU=45.71%
  [3/3] OOS Overall → Accuracy=49.80%  F1=0.6118  (761 preds, 6 wins, avg_T=4.29)
  Plots → 06_results\runs\20260301_000647\ABB\plots
