
────────────────────────────────────────────────────────────
  MOTHERSON
────────────────────────────────────────────────────────────
  MOTHERSON    ↻ computing features ... ✓ 1462 rows × 159 features
  [1/3] Walk-forward: 6 windows  |  1462 rows  |  159 features
        Win 1: train[0:921]  val[921:1023]  test[1023:1169]  (70%)
        Win 2: train[0:987]  val[987:1096]  test[1096:1242]  (75%)
        Win 3: train[0:1053]  val[1053:1169]  test[1169:1315]  (80%)
        Win 4: train[0:1118]  val[1118:1242]  test[1242:1388]  (85%)
        Win 5: train[0:1184]  val[1184:1315]  test[1315:1462]  (90%)
        Win 6: train[0:1250]  val[1250:1388]  test[1388:1462]  (95%)
  [1b] Feature selection: top 50 of 159 ... ✓ 50 features kept
  [2/3] Training...
      [scaler] range [-5.00, 5.00]  15.0% outside [-1,1]
      [PCA]    17 components → 90.4% explained variance
      [LSTM    ] acc=0.397
      [BiLSTM  ] acc=0.507
      [GRU     ] acc=0.514
      [CNN_LSTM] acc=0.390
      [CNN_GRU ] acc=0.493
      [calib]  temperature T=8.000  (prob spread: [0.497, 0.501])
    ✗ Win 1 | 70% train | test_n=146 | OOS=42.47% | AUC=0.453 | F1=0.323 | LGB=65.07% | XGB=54.79% | T=8.00
         DL → LSTM=39.73%  BiLSTM=50.68%  GRU=51.37%  CNN_LSTM=39.04%  CNN_GRU=49.32%
      [scaler] range [-5.00, 5.00]  15.0% outside [-1,1]
      [PCA]    17 components → 90.5% explained variance
      [LSTM    ] acc=0.500
      [BiLSTM  ] acc=0.493
      [GRU     ] acc=0.404
      [CNN_LSTM] acc=0.514
      [CNN_GRU ] acc=0.562
      [calib]  temperature T=0.492  (prob spread: [0.425, 0.668])
    ~ Win 2 | 75% train | test_n=146 | OOS=54.79% | AUC=0.541 | F1=0.656 | LGB=52.05% | XGB=52.74% | T=0.49
         DL → LSTM=50.00%  BiLSTM=49.32%  GRU=40.41%  CNN_LSTM=51.37%  CNN_GRU=56.16%
      [scaler] range [-5.00, 5.00]  14.8% outside [-1,1]
      [PCA]    17 components → 90.5% explained variance
      [LSTM    ] acc=0.404
      [BiLSTM  ] acc=0.534
      [GRU     ] acc=0.534
      [CNN_LSTM] acc=0.507
      [CNN_GRU ] acc=0.562
      [calib]  temperature T=0.515  (prob spread: [0.469, 0.619])
    ~ Win 3 | 80% train | test_n=146 | OOS=51.37% | AUC=0.521 | F1=0.640 | LGB=46.58% | XGB=46.58% | T=0.51
         DL → LSTM=40.41%  BiLSTM=53.42%  GRU=53.42%  CNN_LSTM=50.68%  CNN_GRU=56.16%
      [scaler] range [-5.00, 5.00]  14.6% outside [-1,1]
      [PCA]    17 components → 90.4% explained variance
      [LSTM    ] acc=0.562
      [BiLSTM  ] acc=0.500
      [GRU     ] acc=0.521
      [CNN_LSTM] acc=0.514
      [CNN_GRU ] acc=0.521
      [calib]  temperature T=0.788  (prob spread: [0.412, 0.685])
    ~ Win 4 | 85% train | test_n=146 | OOS=50.00% | AUC=0.459 | F1=0.629 | LGB=50.00% | XGB=50.00% | T=0.79
         DL → LSTM=56.16%  BiLSTM=50.00%  GRU=52.05%  CNN_LSTM=51.37%  CNN_GRU=52.05%
      [scaler] range [-5.00, 5.00]  14.5% outside [-1,1]
      [PCA]    17 components → 90.3% explained variance
      [LSTM    ] acc=0.524
      [BiLSTM  ] acc=0.517
      [GRU     ] acc=0.544
      [CNN_LSTM] acc=0.503
      [CNN_GRU ] acc=0.503
      [calib]  temperature T=8.000  (prob spread: [0.494, 0.513])
    ~ Win 5 | 90% train | test_n=147 | OOS=51.02% | AUC=0.525 | F1=0.640 | LGB=50.34% | XGB=52.38% | T=8.00
         DL → LSTM=52.38%  BiLSTM=51.70%  GRU=54.42%  CNN_LSTM=50.34%  CNN_GRU=50.34%
      [scaler] range [-5.00, 5.00]  14.3% outside [-1,1]
      [PCA]    17 components → 90.3% explained variance
      [LSTM    ] acc=0.432
      [BiLSTM  ] acc=0.432
      [GRU     ] acc=0.527
      [CNN_LSTM] acc=0.500
      [CNN_GRU ] acc=0.581
      [calib]  temperature T=0.901  (prob spread: [0.484, 0.574])
    ✗ Win 6 | 95% train | test_n=74 | OOS=48.65% | AUC=0.526 | F1=0.578 | LGB=54.05% | XGB=50.00% | T=0.90
         DL → LSTM=43.24%  BiLSTM=43.24%  GRU=52.70%  CNN_LSTM=50.00%  CNN_GRU=58.11%
  [3/3] OOS Overall → Accuracy=49.81%  F1=0.5960  (805 preds, 6 wins, avg_T=3.12)
  Plots → 06_results\runs\20260301_000647\MOTHERSON\plots
