
────────────────────────────────────────────────────────────
  AXISBANK
────────────────────────────────────────────────────────────
  AXISBANK     ↻ computing features ... ✓ 1360 rows × 159 features
  [1/3] Walk-forward: 6 windows  |  1360 rows  |  159 features
        Win 1: train[0:856]  val[856:951]  test[951:1088]  (70%)
        Win 2: train[0:918]  val[918:1020]  test[1020:1156]  (75%)
        Win 3: train[0:980]  val[980:1088]  test[1088:1224]  (80%)
        Win 4: train[0:1041]  val[1041:1156]  test[1156:1292]  (85%)
        Win 5: train[0:1102]  val[1102:1224]  test[1224:1360]  (90%)
        Win 6: train[0:1163]  val[1163:1292]  test[1292:1360]  (95%)
  [1b] Feature selection: top 50 of 159 ... ✓ 47 features kept
  [2/3] Training...
      [scaler] range [-5.00, 5.00]  17.5% outside [-1,1]
      [PCA]    23 components → 90.0% explained variance
      [LSTM    ] acc=0.482
      [BiLSTM  ] acc=0.438
      [GRU     ] acc=0.504
      [CNN_LSTM] acc=0.518
      [CNN_GRU ] acc=0.460
      [calib]  temperature T=0.351  (prob spread: [0.347, 0.653])
    ✗ Win 1 | 70% train | test_n=137 | OOS=47.45% | AUC=0.494 | F1=0.520 | LGB=57.66% | XGB=49.64% | T=0.35
         DL → LSTM=48.18%  BiLSTM=43.80%  GRU=50.36%  CNN_LSTM=51.82%  CNN_GRU=45.99%
      [scaler] range [-5.00, 5.00]  17.4% outside [-1,1]
      [PCA]    23 components → 90.1% explained variance
      [LSTM    ] acc=0.544
      [BiLSTM  ] acc=0.485
      [GRU     ] acc=0.529
      [CNN_LSTM] acc=0.529
      [CNN_GRU ] acc=0.529
      [calib]  temperature T=0.997  (prob spread: [0.497, 0.557])
    ~ Win 2 | 75% train | test_n=136 | OOS=52.21% | AUC=0.535 | F1=0.680 | LGB=50.74% | XGB=50.74% | T=1.00
         DL → LSTM=54.41%  BiLSTM=48.53%  GRU=52.94%  CNN_LSTM=52.94%  CNN_GRU=52.94%
      [scaler] range [-5.00, 5.00]  17.3% outside [-1,1]
      [PCA]    24 components → 90.9% explained variance
      [LSTM    ] acc=0.478
      [BiLSTM  ] acc=0.537
      [GRU     ] acc=0.507
      [CNN_LSTM] acc=0.463
      [CNN_GRU ] acc=0.515
      [calib]  temperature T=2.446  (prob spread: [0.500, 0.535])
    ✗ Win 3 | 80% train | test_n=136 | OOS=46.32% | AUC=0.517 | F1=0.633 | LGB=46.32% | XGB=46.32% | T=2.45
         DL → LSTM=47.79%  BiLSTM=53.68%  GRU=50.74%  CNN_LSTM=46.32%  CNN_GRU=51.47%
      [scaler] range [-5.00, 5.00]  17.2% outside [-1,1]
      [PCA]    24 components → 90.8% explained variance
      [LSTM    ] acc=0.500
      [BiLSTM  ] acc=0.485
      [GRU     ] acc=0.441
      [CNN_LSTM] acc=0.485
      [CNN_GRU ] acc=0.507
      [calib]  temperature T=0.426  (prob spread: [0.393, 0.777])
    ✗ Win 4 | 85% train | test_n=136 | OOS=42.65% | AUC=0.431 | F1=0.494 | LGB=48.53% | XGB=47.06% | T=0.43
         DL → LSTM=50.00%  BiLSTM=48.53%  GRU=44.12%  CNN_LSTM=48.53%  CNN_GRU=50.74%
      [scaler] range [-5.00, 5.00]  17.3% outside [-1,1]
      [PCA]    24 components → 90.6% explained variance
      [LSTM    ] acc=0.449
      [BiLSTM  ] acc=0.500
      [GRU     ] acc=0.463
      [CNN_LSTM] acc=0.515
      [CNN_GRU ] acc=0.507
      [calib]  temperature T=8.000  (prob spread: [0.490, 0.523])
    ~ Win 5 | 90% train | test_n=136 | OOS=50.74% | AUC=0.489 | F1=0.584 | LGB=50.74% | XGB=50.74% | T=8.00
         DL → LSTM=44.85%  BiLSTM=50.00%  GRU=46.32%  CNN_LSTM=51.47%  CNN_GRU=50.74%
      [scaler] range [-5.00, 5.00]  17.2% outside [-1,1]
      [PCA]    24 components → 90.3% explained variance
      [LSTM    ] acc=0.500
      [BiLSTM  ] acc=0.471
      [GRU     ] acc=0.456
      [CNN_LSTM] acc=0.500
      [CNN_GRU ] acc=0.515
      [calib]  temperature T=0.250  (prob spread: [0.400, 0.593])
    ~ Win 6 | 95% train | test_n=68 | OOS=50.00% | AUC=0.500 | F1=0.500 | LGB=54.41% | XGB=52.94% | T=0.25
         DL → LSTM=50.00%  BiLSTM=47.06%  GRU=45.59%  CNN_LSTM=50.00%  CNN_GRU=51.47%
  [3/3] OOS Overall → Accuracy=48.06%  F1=0.5840  (749 preds, 6 wins, avg_T=2.08)
  Plots → 06_results\runs\20260301_000647\AXISBANK\plots
