
────────────────────────────────────────────────────────────
  ADANIPORTS
────────────────────────────────────────────────────────────
  ADANIPORTS   ↻ computing features ... ✓ 1350 rows × 159 features
  [1/3] Walk-forward: 6 windows  |  1350 rows  |  159 features
        Win 1: train[0:850]  val[850:944]  test[944:1080]  (70%)
        Win 2: train[0:911]  val[911:1012]  test[1012:1147]  (75%)
        Win 3: train[0:972]  val[972:1080]  test[1080:1215]  (80%)
        Win 4: train[0:1033]  val[1033:1147]  test[1147:1282]  (85%)
        Win 5: train[0:1094]  val[1094:1215]  test[1215:1350]  (90%)
        Win 6: train[0:1154]  val[1154:1282]  test[1282:1350]  (95%)
  [1b] Feature selection: top 50 of 159 ... ✓ 50 features kept
  [2/3] Training...
      [scaler] range [-5.00, 5.00]  18.9% outside [-1,1]
      [PCA]    27 components → 90.6% explained variance
      [LSTM    ] acc=0.559
      [BiLSTM  ] acc=0.507
      [GRU     ] acc=0.485
      [CNN_LSTM] acc=0.537
      [CNN_GRU ] acc=0.529
      [TCN_GRU ] acc=0.485
      [TCN_Transformer] acc=0.522
      [NBEATS  ] acc=0.522
      [calib]  temperature T=0.331  (prob spread: [0.293, 0.877])
    ~ Win 1 | 70% train | test_n=136 | OOS=55.88% | AUC=0.598 | F1=0.434 | LGB=52.94% | XGB=50.74% | T=0.33
         Dir → UP=69.70%  DOWN=51.46%  NEUTRAL=0.0%
         DL  → LSTM=55.88%  BiLSTM=50.74%  GRU=48.53%  CNN_LSTM=53.68%  CNN_GRU=52.94%  TCN_GRU=48.53%  TCN_Transformer=52.21%  NBEATS=52.21%
      [scaler] range [-5.00, 5.00]  18.9% outside [-1,1]
      [PCA]    27 components → 90.3% explained variance
      [LSTM    ] acc=0.459
      [BiLSTM  ] acc=0.444
      [GRU     ] acc=0.541
      [CNN_LSTM] acc=0.563
      [CNN_GRU ] acc=0.533
      [TCN_GRU ] acc=0.504
      [TCN_Transformer] acc=0.430
      [NBEATS  ] acc=0.444
      [calib]  temperature T=0.207  (prob spread: [0.224, 0.863])
    ✗ Win 2 | 75% train | test_n=135 | OOS=48.15% | AUC=0.472 | F1=0.493 | LGB=47.41% | XGB=47.41% | T=0.21
         Dir → UP=45.95%  DOWN=50.82%  NEUTRAL=0.0%
         DL  → LSTM=45.93%  BiLSTM=44.44%  GRU=54.07%  CNN_LSTM=56.30%  CNN_GRU=53.33%  TCN_GRU=50.37%  TCN_Transformer=42.96%  NBEATS=44.44%
      [scaler] range [-5.00, 5.00]  19.0% outside [-1,1]
      [PCA]    27 components → 90.3% explained variance
      [LSTM    ] acc=0.481
      [BiLSTM  ] acc=0.496
      [GRU     ] acc=0.467
      [CNN_LSTM] acc=0.489
      [CNN_GRU ] acc=0.504
      [TCN_GRU ] acc=0.474
      [TCN_Transformer] acc=0.459
      [NBEATS  ] acc=0.437
      [calib]  temperature T=0.821  (prob spread: [0.402, 0.700])
    ✗ Win 3 | 80% train | test_n=135 | OOS=45.19% | AUC=0.488 | F1=0.584 | LGB=54.07% | XGB=49.63% | T=0.82
         Dir → UP=46.43%  DOWN=39.13%  NEUTRAL=0.0%
         DL  → LSTM=48.15%  BiLSTM=49.63%  GRU=46.67%  CNN_LSTM=48.89%  CNN_GRU=50.37%  TCN_GRU=47.41%  TCN_Transformer=45.93%  NBEATS=43.70%
      [scaler] range [-5.00, 5.00]  18.8% outside [-1,1]
      [PCA]    27 components → 90.3% explained variance
      [LSTM    ] acc=0.519
      [BiLSTM  ] acc=0.519
      [GRU     ] acc=0.489
      [CNN_LSTM] acc=0.504
      [CNN_GRU ] acc=0.541
      [TCN_GRU ] acc=0.444
      [TCN_Transformer] acc=0.481
      [NBEATS  ] acc=0.452
      [calib]  temperature T=8.000  (prob spread: [0.497, 0.509])
    ~ Win 4 | 85% train | test_n=135 | OOS=53.33% | AUC=0.523 | F1=0.553 | LGB=51.85% | XGB=51.85% | T=8.00
         Dir → UP=54.93%  DOWN=51.56%  NEUTRAL=0.0%
         DL  → LSTM=51.85%  BiLSTM=51.85%  GRU=48.89%  CNN_LSTM=50.37%  CNN_GRU=54.07%  TCN_GRU=44.44%  TCN_Transformer=48.15%  NBEATS=45.19%
      [scaler] range [-5.00, 5.00]  18.9% outside [-1,1]
      [PCA]    27 components → 90.0% explained variance
      [LSTM    ] acc=0.496
      [BiLSTM  ] acc=0.459
      [GRU     ] acc=0.519
      [CNN_LSTM] acc=0.526
      [CNN_GRU ] acc=0.504
      [TCN_GRU ] acc=0.526
      [TCN_Transformer] acc=0.474
      [NBEATS  ] acc=0.526
      [calib]  temperature T=8.000  (prob spread: [0.493, 0.506])
    ~ Win 5 | 90% train | test_n=135 | OOS=54.07% | AUC=0.548 | F1=0.426 | LGB=48.15% | XGB=55.56% | T=8.00
         Dir → UP=53.49%  DOWN=54.35%  NEUTRAL=0.0%
         DL  → LSTM=49.63%  BiLSTM=45.93%  GRU=51.85%  CNN_LSTM=52.59%  CNN_GRU=50.37%  TCN_GRU=52.59%  TCN_Transformer=47.41%  NBEATS=52.59%
      [scaler] range [-5.00, 5.00]  18.9% outside [-1,1]
      [PCA]    27 components → 90.1% explained variance
      [LSTM    ] acc=0.500
      [BiLSTM  ] acc=0.515
      [GRU     ] acc=0.426
      [CNN_LSTM] acc=0.471
      [CNN_GRU ] acc=0.529
      [TCN_GRU ] acc=0.382
      [TCN_Transformer] acc=0.515
      [NBEATS  ] acc=0.456
      [calib]  temperature T=0.665  (prob spread: [0.454, 0.586])
    ~ Win 6 | 95% train | test_n=68 | OOS=54.41% | AUC=0.490 | F1=0.436 | LGB=54.41% | XGB=57.35% | T=0.67
         Dir → UP=52.17%  DOWN=55.56%  NEUTRAL=0.0%
         DL  → LSTM=50.00%  BiLSTM=51.47%  GRU=42.65%  CNN_LSTM=47.06%  CNN_GRU=52.94%  TCN_GRU=38.24%  TCN_Transformer=51.47%  NBEATS=45.59%
  [3/3] OOS Overall → Accuracy=51.61%  F1=0.5041  (744 preds, 6 wins, avg_T=3.00)
  Plots → 06_results\runs\20260307_141956\ADANIPORTS\plots
