
────────────────────────────────────────────────────────────
  AMBUJACEM
────────────────────────────────────────────────────────────
  AMBUJACEM    ↻ computing features ... ✓ 1386 rows × 159 features
  [1/3] Walk-forward: 6 windows  |  1386 rows  |  159 features
        Win 1: train[0:873]  val[873:970]  test[970:1108]  (70%)
        Win 2: train[0:936]  val[936:1039]  test[1039:1178]  (75%)
        Win 3: train[0:998]  val[998:1108]  test[1108:1247]  (80%)
        Win 4: train[0:1061]  val[1061:1178]  test[1178:1316]  (85%)
        Win 5: train[0:1123]  val[1123:1247]  test[1247:1386]  (90%)
        Win 6: train[0:1185]  val[1185:1316]  test[1316:1386]  (95%)
  [1b] Feature selection: top 50 of 159 ... ✓ 50 features kept
  [2/3] Training...
      [scaler] range [-4.84, 5.00]  17.5% outside [-1,1]
      [PCA]    27 components → 90.5% explained variance
      [LSTM    ] acc=0.514
      [BiLSTM  ] acc=0.529
      [GRU     ] acc=0.529
      [CNN_LSTM] acc=0.536
      [CNN_GRU ] acc=0.551
      [TCN_GRU ] acc=0.500
      [TCN_Transformer] acc=0.478
      [NBEATS  ] acc=0.478
      [calib]  temperature T=0.855  (prob spread: [0.455, 0.684])
    ~ Win 1 | 70% train | test_n=138 | OOS=55.80% | AUC=0.537 | F1=0.663 | LGB=55.07% | XGB=53.62% | T=0.86
         Dir → UP=56.07%  DOWN=54.84%  NEUTRAL=0.0%
         DL  → LSTM=51.45%  BiLSTM=52.90%  GRU=52.90%  CNN_LSTM=53.62%  CNN_GRU=55.07%  TCN_GRU=50.00%  TCN_Transformer=47.83%  NBEATS=47.83%
      [scaler] range [-4.69, 5.00]  17.2% outside [-1,1]
      [PCA]    27 components → 90.4% explained variance
      [LSTM    ] acc=0.475
      [BiLSTM  ] acc=0.482
      [GRU     ] acc=0.496
      [CNN_LSTM] acc=0.475
      [CNN_GRU ] acc=0.482
      [TCN_GRU ] acc=0.547
      [TCN_Transformer] acc=0.475
      [NBEATS  ] acc=0.475
      [calib]  temperature T=0.443  (prob spread: [0.454, 0.772])
    ✗ Win 2 | 75% train | test_n=139 | OOS=49.64% | AUC=0.654 | F1=0.650 | LGB=47.48% | XGB=47.48% | T=0.44
         Dir → UP=48.51%  DOWN=80.00%  NEUTRAL=0.0%
         DL  → LSTM=47.48%  BiLSTM=48.20%  GRU=49.64%  CNN_LSTM=47.48%  CNN_GRU=48.20%  TCN_GRU=54.68%  TCN_Transformer=47.48%  NBEATS=47.48%
      [scaler] range [-4.61, 5.00]  17.2% outside [-1,1]
      [PCA]    27 components → 90.5% explained variance
      [LSTM    ] acc=0.511
      [BiLSTM  ] acc=0.453
      [GRU     ] acc=0.511
      [CNN_LSTM] acc=0.468
      [CNN_GRU ] acc=0.482
      [TCN_GRU ] acc=0.489
      [TCN_Transformer] acc=0.424
      [NBEATS  ] acc=0.489
      [calib]  temperature T=0.761  (prob spread: [0.538, 0.643])
    ✗ Win 3 | 80% train | test_n=139 | OOS=48.92% | AUC=0.549 | F1=0.657 | LGB=48.92% | XGB=48.92% | T=0.76
         Dir → UP=48.92%  DOWN=0.00%  NEUTRAL=0.0%
         DL  → LSTM=51.08%  BiLSTM=45.32%  GRU=51.08%  CNN_LSTM=46.76%  CNN_GRU=48.20%  TCN_GRU=48.92%  TCN_Transformer=42.45%  NBEATS=48.92%
      [scaler] range [-4.60, 5.00]  17.3% outside [-1,1]
      [PCA]    27 components → 90.3% explained variance
      [LSTM    ] acc=0.493
      [BiLSTM  ] acc=0.514
      [GRU     ] acc=0.522
      [CNN_LSTM] acc=0.420
      [CNN_GRU ] acc=0.478
      [TCN_GRU ] acc=0.522
      [TCN_Transformer] acc=0.514
      [NBEATS  ] acc=0.500
      [calib]  temperature T=8.000  (prob spread: [0.496, 0.516])
    ✗ Win 4 | 85% train | test_n=138 | OOS=48.55% | AUC=0.478 | F1=0.654 | LGB=43.48% | XGB=52.17% | T=8.00
         Dir → UP=49.26%  DOWN=0.00%  NEUTRAL=0.0%
         DL  → LSTM=49.28%  BiLSTM=51.45%  GRU=52.17%  CNN_LSTM=42.03%  CNN_GRU=47.83%  TCN_GRU=52.17%  TCN_Transformer=51.45%  NBEATS=50.00%
      [scaler] range [-4.55, 5.00]  17.3% outside [-1,1]
      [PCA]    27 components → 90.2% explained variance
      [LSTM    ] acc=0.482
      [BiLSTM  ] acc=0.504
      [GRU     ] acc=0.504
      [CNN_LSTM] acc=0.468
      [CNN_GRU ] acc=0.453
      [TCN_GRU ] acc=0.410
      [TCN_Transformer] acc=0.475
      [NBEATS  ] acc=0.468
      [calib]  temperature T=1.402  (prob spread: [0.505, 0.561])
    ✗ Win 5 | 90% train | test_n=139 | OOS=46.76% | AUC=0.488 | F1=0.637 | LGB=45.32% | XGB=43.88% | T=1.40
         Dir → UP=46.76%  DOWN=0.00%  NEUTRAL=0.0%
         DL  → LSTM=48.20%  BiLSTM=50.36%  GRU=50.36%  CNN_LSTM=46.76%  CNN_GRU=45.32%  TCN_GRU=41.01%  TCN_Transformer=47.48%  NBEATS=46.76%
      [scaler] range [-4.69, 5.00]  17.2% outside [-1,1]
      [PCA]    27 components → 90.2% explained variance
      [LSTM    ] acc=0.457
      [BiLSTM  ] acc=0.429
      [GRU     ] acc=0.471
      [CNN_LSTM] acc=0.400
      [CNN_GRU ] acc=0.543
      [TCN_GRU ] acc=0.486
      [TCN_Transformer] acc=0.500
      [NBEATS  ] acc=0.543
      [calib]  temperature T=0.666  (prob spread: [0.474, 0.626])
    ✗ Win 6 | 95% train | test_n=70 | OOS=44.29% | AUC=0.468 | F1=0.606 | LGB=45.71% | XGB=45.71% | T=0.67
         Dir → UP=44.78%  DOWN=33.33%  NEUTRAL=0.0%
         DL  → LSTM=45.71%  BiLSTM=42.86%  GRU=47.14%  CNN_LSTM=40.00%  CNN_GRU=54.29%  TCN_GRU=48.57%  TCN_Transformer=50.00%  NBEATS=54.29%
  [3/3] OOS Overall → Accuracy=49.41%  F1=0.6478  (763 preds, 6 wins, avg_T=2.02)
  Plots → 06_results\runs\20260307_141956\AMBUJACEM\plots
