
────────────────────────────────────────────────────────────
  MARUTI
────────────────────────────────────────────────────────────
  MARUTI       ↻ computing features ... ✓ 1285 rows × 159 features
  [1/3] Walk-forward: 6 windows  |  1285 rows  |  159 features
        Win 1: train[0:810]  val[810:899]  test[899:1028]  (70%)
        Win 2: train[0:867]  val[867:963]  test[963:1092]  (75%)
        Win 3: train[0:926]  val[926:1028]  test[1028:1156]  (80%)
        Win 4: train[0:983]  val[983:1092]  test[1092:1220]  (85%)
        Win 5: train[0:1041]  val[1041:1156]  test[1156:1285]  (90%)
        Win 6: train[0:1098]  val[1098:1220]  test[1220:1285]  (95%)
  [1b] Feature selection: top 50 of 159 ... ✓ 50 features kept
  [2/3] Training...
      [scaler] range [-4.26, 5.00]  14.1% outside [-1,1]
      [PCA]    21 components → 90.0% explained variance
      [LSTM    ] acc=0.488
      [BiLSTM  ] acc=0.457
      [GRU     ] acc=0.512
      [CNN_LSTM] acc=0.481
      [CNN_GRU ] acc=0.473
      [TCN_GRU ] acc=0.473
      [TCN_Transformer] acc=0.457
      [NBEATS  ] acc=0.512
      [calib]  temperature T=0.410  (prob spread: [0.417, 0.518])
    ~ Win 1 | 70% train | test_n=129 | OOS=51.16% | AUC=0.500 | F1=0.259 | LGB=51.94% | XGB=51.16% | T=0.41
         Dir → UP=57.89%  DOWN=50.00%  NEUTRAL=0.0%
         DL  → LSTM=48.84%  BiLSTM=45.74%  GRU=51.16%  CNN_LSTM=48.06%  CNN_GRU=47.29%  TCN_GRU=47.29%  TCN_Transformer=45.74%  NBEATS=51.16%
      [scaler] range [-4.29, 5.00]  13.9% outside [-1,1]
      [PCA]    22 components → 91.0% explained variance
      [LSTM    ] acc=0.465
      [BiLSTM  ] acc=0.504
      [GRU     ] acc=0.457
      [CNN_LSTM] acc=0.488
      [CNN_GRU ] acc=0.450
      [TCN_GRU ] acc=0.519
      [TCN_Transformer] acc=0.488
      [NBEATS  ] acc=0.473
      [calib]  temperature T=0.346  (prob spread: [0.431, 0.672])
    ✗ Win 2 | 75% train | test_n=129 | OOS=45.74% | AUC=0.471 | F1=0.562 | LGB=52.71% | XGB=43.41% | T=0.35
         Dir → UP=45.45%  DOWN=46.67%  NEUTRAL=0.0%
         DL  → LSTM=46.51%  BiLSTM=50.39%  GRU=45.74%  CNN_LSTM=48.84%  CNN_GRU=44.96%  TCN_GRU=51.94%  TCN_Transformer=48.84%  NBEATS=47.29%
      [scaler] range [-4.32, 5.00]  13.8% outside [-1,1]
      [PCA]    22 components → 90.8% explained variance
      [LSTM    ] acc=0.453
      [BiLSTM  ] acc=0.523
      [GRU     ] acc=0.523
      [CNN_LSTM] acc=0.477
      [CNN_GRU ] acc=0.516
      [TCN_GRU ] acc=0.508
      [TCN_Transformer] acc=0.516
      [NBEATS  ] acc=0.539
      [calib]  temperature T=0.263  (prob spread: [0.251, 0.878])
    ✗ Win 3 | 80% train | test_n=128 | OOS=47.66% | AUC=0.497 | F1=0.525 | LGB=46.09% | XGB=48.44% | T=0.26
         Dir → UP=46.25%  DOWN=50.00%  NEUTRAL=0.0%
         DL  → LSTM=45.31%  BiLSTM=52.34%  GRU=52.34%  CNN_LSTM=47.66%  CNN_GRU=51.56%  TCN_GRU=50.78%  TCN_Transformer=51.56%  NBEATS=53.91%
      [scaler] range [-4.39, 5.00]  13.9% outside [-1,1]
      [PCA]    22 components → 90.7% explained variance
      [LSTM    ] acc=0.508
      [BiLSTM  ] acc=0.586
      [GRU     ] acc=0.461
      [CNN_LSTM] acc=0.562
      [CNN_GRU ] acc=0.531
      [TCN_GRU ] acc=0.477
      [TCN_Transformer] acc=0.477
      [NBEATS  ] acc=0.523
      [calib]  temperature T=8.000  (prob spread: [0.497, 0.506])
    ~ Win 4 | 85% train | test_n=128 | OOS=51.56% | AUC=0.489 | F1=0.575 | LGB=55.47% | XGB=55.47% | T=8.00
         Dir → UP=56.00%  DOWN=45.28%  NEUTRAL=0.0%
         DL  → LSTM=50.78%  BiLSTM=58.59%  GRU=46.09%  CNN_LSTM=56.25%  CNN_GRU=53.12%  TCN_GRU=47.66%  TCN_Transformer=47.66%  NBEATS=52.34%
      [scaler] range [-4.17, 5.00]  13.9% outside [-1,1]
      [PCA]    22 components → 90.5% explained variance
      [LSTM    ] acc=0.457
      [BiLSTM  ] acc=0.496
      [GRU     ] acc=0.426
      [CNN_LSTM] acc=0.395
      [CNN_GRU ] acc=0.519
      [TCN_GRU ] acc=0.488
      [TCN_Transformer] acc=0.457
      [NBEATS  ] acc=0.504
      [calib]  temperature T=8.000  (prob spread: [0.495, 0.516])
    ✗ Win 5 | 90% train | test_n=129 | OOS=48.06% | AUC=0.515 | F1=0.350 | LGB=54.26% | XGB=50.39% | T=8.00
         Dir → UP=54.55%  DOWN=45.83%  NEUTRAL=0.0%
         DL  → LSTM=45.74%  BiLSTM=49.61%  GRU=42.64%  CNN_LSTM=39.53%  CNN_GRU=51.94%  TCN_GRU=48.84%  TCN_Transformer=45.74%  NBEATS=50.39%
      [scaler] range [-3.93, 5.00]  13.6% outside [-1,1]
      [PCA]    22 components → 90.4% explained variance
      [LSTM    ] acc=0.446
      [BiLSTM  ] acc=0.492
      [GRU     ] acc=0.477
      [CNN_LSTM] acc=0.523
      [CNN_GRU ] acc=0.554
      [TCN_GRU ] acc=0.431
      [TCN_Transformer] acc=0.492
      [NBEATS  ] acc=0.431
      [calib]  temperature T=8.000  (prob spread: [0.497, 0.507])
    ~ Win 6 | 95% train | test_n=65 | OOS=52.31% | AUC=0.508 | F1=0.436 | LGB=53.85% | XGB=50.77% | T=8.00
         Dir → UP=50.00%  DOWN=53.66%  NEUTRAL=0.0%
         DL  → LSTM=44.62%  BiLSTM=49.23%  GRU=47.69%  CNN_LSTM=52.31%  CNN_GRU=55.38%  TCN_GRU=43.08%  TCN_Transformer=49.23%  NBEATS=43.08%
  [3/3] OOS Overall → Accuracy=49.15%  F1=0.4783  (708 preds, 6 wins, avg_T=4.17)
  Plots → 06_results\runs\20260307_141956\MARUTI\plots
