
────────────────────────────────────────────────────────────
  WIPRO
────────────────────────────────────────────────────────────
  WIPRO        ↻ computing features ... ✓ 1311 rows × 171 features
  [1/3] Walk-forward: 6 windows  |  1311 rows  |  171 features
        Win 1: train[0:826]  val[826:917]  test[917:1048]  (70%)
        Win 2: train[0:885]  val[885:983]  test[983:1114]  (75%)
        Win 3: train[0:944]  val[944:1048]  test[1048:1179]  (80%)
        Win 4: train[0:1003]  val[1003:1114]  test[1114:1245]  (85%)
        Win 5: train[0:1062]  val[1062:1179]  test[1179:1311]  (90%)
        Win 6: train[0:1121]  val[1121:1245]  test[1245:1311]  (95%)
  [1b] Feature selection: top 50 of 171 ... ✓ 50 features kept
  [2/3] Training...
      [scaler] range [-3.52, 5.00]  18.3% outside [-1,1]
      [PCA]    24 components → 90.3% explained variance
      [LSTM    ] acc=0.527
      [BiLSTM  ] acc=0.519
      [GRU     ] acc=0.550
      [CNN_LSTM] acc=0.427
      [CNN_GRU ] acc=0.466
      [TCN_GRU ] acc=0.550
      [TCN_Transformer] acc=0.527
      [NBEATS  ] acc=0.534
      [regime] adaptive blend α=0.50  (regime_ll=0.6968  global_ll=0.6917)
      [calib]  temperature T=0.127  (prob spread: [0.370, 0.799])
    ✓ Win 1 | 70% train | test_n=131 | OOS=58.02% | AUC=0.550 | F1=0.678 | LGB=50.38% | XGB=50.38% | T=0.13
         Dir → UP=56.86%  DOWN=62.07%  NEUTRAL=0.0%
         DL  → LSTM=52.67%  BiLSTM=51.91%  GRU=54.96%  CNN_LSTM=42.75%  CNN_GRU=46.56%  TCN_GRU=54.96%  TCN_Transformer=52.67%  NBEATS=53.44%
      [scaler] range [-3.45, 5.00]  18.2% outside [-1,1]
      [PCA]    24 components → 90.2% explained variance
      [LSTM    ] acc=0.519
      [BiLSTM  ] acc=0.557
      [GRU     ] acc=0.565
      [CNN_LSTM] acc=0.519
      [CNN_GRU ] acc=0.504
      [TCN_GRU ] acc=0.527
      [TCN_Transformer] acc=0.557
      [NBEATS  ] acc=0.519
      [regime] adaptive blend α=0.50  (regime_ll=0.6959  global_ll=0.6916)
      [calib]  temperature T=0.185  (prob spread: [0.376, 0.667])
    ~ Win 2 | 75% train | test_n=131 | OOS=51.15% | AUC=0.497 | F1=0.568 | LGB=46.56% | XGB=43.51% | T=0.18
         Dir → UP=54.55%  DOWN=46.30%  NEUTRAL=0.0%
         DL  → LSTM=51.91%  BiLSTM=55.73%  GRU=56.49%  CNN_LSTM=51.91%  CNN_GRU=50.38%  TCN_GRU=52.67%  TCN_Transformer=55.73%  NBEATS=51.91%
      [scaler] range [-3.39, 5.00]  18.2% outside [-1,1]
      [PCA]    24 components → 90.1% explained variance
      [LSTM    ] acc=0.473
      [BiLSTM  ] acc=0.511
      [GRU     ] acc=0.450
      [CNN_LSTM] acc=0.473
      [CNN_GRU ] acc=0.519
      [TCN_GRU ] acc=0.527
      [TCN_Transformer] acc=0.473
