
────────────────────────────────────────────────────────────
  NAUKRI
────────────────────────────────────────────────────────────
  NAUKRI       ↻ computing features ... ✓ 1458 rows × 166 features
  [1/3] Walk-forward: 6 windows  |  1458 rows  |  166 features
        Win 1: train[0:918]  val[918:1020]  test[1020:1166]  (70%)
        Win 2: train[0:984]  val[984:1093]  test[1093:1239]  (75%)
        Win 3: train[0:1050]  val[1050:1166]  test[1166:1312]  (80%)
        Win 4: train[0:1116]  val[1116:1239]  test[1239:1385]  (85%)
        Win 5: train[0:1181]  val[1181:1312]  test[1312:1458]  (90%)
        Win 6: train[0:1247]  val[1247:1385]  test[1385:1458]  (95%)
  [1b] Feature selection: top 50 of 166 ... ✓ 50 features kept
  [2/3] Training...
      [scaler] range [-4.32, 5.00]  17.5% outside [-1,1]
      [PCA]    29 components → 90.2% explained variance
      [LSTM    ] acc=0.548
      [BiLSTM  ] acc=0.582
      [GRU     ] acc=0.555
      [CNN_LSTM] acc=0.575
      [CNN_GRU ] acc=0.589
      [calib]  temperature T=0.100  (prob spread: [0.110, 0.985])
    ~ Win 1 | 70% train | test_n=146 | OOS=53.42% | AUC=0.556 | F1=0.626 | LGB=49.32% | XGB=51.37% | T=0.10
         DL → LSTM=54.79%  BiLSTM=58.22%  GRU=55.48%  CNN_LSTM=57.53%  CNN_GRU=58.90%
      [scaler] range [-4.36, 5.00]  17.5% outside [-1,1]
      [PCA]    29 components → 90.1% explained variance
      [LSTM    ] acc=0.425
      [BiLSTM  ] acc=0.500
      [GRU     ] acc=0.514
      [CNN_LSTM] acc=0.452
      [CNN_GRU ] acc=0.548
      [calib]  temperature T=0.411  (prob spread: [0.449, 0.534])
    ✗ Win 2 | 75% train | test_n=146 | OOS=49.32% | AUC=0.506 | F1=0.431 | LGB=44.52% | XGB=45.89% | T=0.41
         DL → LSTM=42.47%  BiLSTM=50.00%  GRU=51.37%  CNN_LSTM=45.21%  CNN_GRU=54.79%
      [scaler] range [-4.38, 5.00]  17.7% outside [-1,1]
      [PCA]    30 components → 91.1% explained variance
      [LSTM    ] acc=0.514
      [BiLSTM  ] acc=0.514
      [GRU     ] acc=0.562
      [CNN_LSTM] acc=0.514
      [CNN_GRU ] acc=0.459
      [calib]  temperature T=0.300  (prob spread: [0.194, 0.758])
    ~ Win 3 | 80% train | test_n=146 | OOS=50.00% | AUC=0.475 | F1=0.597 | LGB=47.26% | XGB=47.95% | T=0.30
         DL → LSTM=51.37%  BiLSTM=51.37%  GRU=56.16%  CNN_LSTM=51.37%  CNN_GRU=45.89%
      [scaler] range [-4.34, 5.00]  17.8% outside [-1,1]
      [PCA]    30 components → 91.0% explained variance
      [LSTM    ] acc=0.459
      [BiLSTM  ] acc=0.432
      [GRU     ] acc=0.479
      [CNN_LSTM] acc=0.438
      [CNN_GRU ] acc=0.438
      [calib]  temperature T=0.174  (prob spread: [0.284, 0.932])
    ✗ Win 4 | 85% train | test_n=146 | OOS=45.21% | AUC=0.453 | F1=0.570 | LGB=43.84% | XGB=43.84% | T=0.17
         DL → LSTM=45.89%  BiLSTM=43.15%  GRU=47.95%  CNN_LSTM=43.84%  CNN_GRU=43.84%
      [scaler] range [-4.14, 5.00]  18.1% outside [-1,1]
      [PCA]    30 components → 90.9% explained variance
      [LSTM    ] acc=0.363
      [BiLSTM  ] acc=0.384
      [GRU     ] acc=0.377
      [CNN_LSTM] acc=0.363
      [CNN_GRU ] acc=0.411
      [calib]  temperature T=0.410  (prob spread: [0.502, 0.675])
    ✗ Win 5 | 90% train | test_n=146 | OOS=36.30% | AUC=0.557 | F1=0.533 | LGB=36.30% | XGB=35.62% | T=0.41
         DL → LSTM=36.30%  BiLSTM=38.36%  GRU=37.67%  CNN_LSTM=36.30%  CNN_GRU=41.10%
      [scaler] range [-4.14, 5.00]  18.1% outside [-1,1]
      [PCA]    30 components → 90.9% explained variance
      [LSTM    ] acc=0.411
      [BiLSTM  ] acc=0.630
      [GRU     ] acc=0.411
      [CNN_LSTM] acc=0.644
      [CNN_GRU ] acc=0.411
      [calib]  temperature T=8.000  (prob spread: [0.500, 0.503])
    ✗ Win 6 | 95% train | test_n=73 | OOS=38.36% | AUC=0.633 | F1=0.536 | LGB=35.62% | XGB=35.62% | T=8.00
         DL → LSTM=41.10%  BiLSTM=63.01%  GRU=41.10%  CNN_LSTM=64.38%  CNN_GRU=41.10%
  [3/3] OOS Overall → Accuracy=46.08%  F1=0.5559  (803 preds, 6 wins, avg_T=1.57)
  Plots → 06_results\runs\20260301_000647\NAUKRI\plots
