
────────────────────────────────────────────────────────────
  PERSISTENT
────────────────────────────────────────────────────────────
  PERSISTENT   ↻ computing features ... ✓ 1425 rows × 166 features
  [1/3] Walk-forward: 6 windows  |  1425 rows  |  166 features
        Win 1: train[0:898]  val[898:997]  test[997:1140]  (70%)
        Win 2: train[0:962]  val[962:1068]  test[1068:1211]  (75%)
        Win 3: train[0:1026]  val[1026:1140]  test[1140:1282]  (80%)
        Win 4: train[0:1090]  val[1090:1211]  test[1211:1353]  (85%)
        Win 5: train[0:1154]  val[1154:1282]  test[1282:1425]  (90%)
        Win 6: train[0:1218]  val[1218:1353]  test[1353:1425]  (95%)
  [1b] Feature selection: top 50 of 166 ... ✓ 50 features kept
  [2/3] Training...
      [scaler] range [-3.63, 5.00]  17.1% outside [-1,1]
      [PCA]    23 components → 90.9% explained variance
      [LSTM    ] acc=0.538
      [BiLSTM  ] acc=0.545
      [GRU     ] acc=0.538
      [CNN_LSTM] acc=0.503
      [CNN_GRU ] acc=0.510
      [calib]  temperature T=0.428  (prob spread: [0.425, 0.644])
    ✓ Win 1 | 70% train | test_n=143 | OOS=60.14% | AUC=0.540 | F1=0.730 | LGB=58.74% | XGB=57.34% | T=0.43
         DL → LSTM=53.85%  BiLSTM=54.55%  GRU=53.85%  CNN_LSTM=50.35%  CNN_GRU=51.05%
      [scaler] range [-3.83, 5.00]  17.0% outside [-1,1]
      [PCA]    23 components → 90.9% explained variance
      [LSTM    ] acc=0.587
      [BiLSTM  ] acc=0.517
      [GRU     ] acc=0.573
      [CNN_LSTM] acc=0.587
      [CNN_GRU ] acc=0.517
      [calib]  temperature T=0.666  (prob spread: [0.417, 0.663])
    ~ Win 2 | 75% train | test_n=143 | OOS=57.34% | AUC=0.551 | F1=0.708 | LGB=59.44% | XGB=58.04% | T=0.67
         DL → LSTM=58.74%  BiLSTM=51.75%  GRU=57.34%  CNN_LSTM=58.74%  CNN_GRU=51.75%
      [scaler] range [-3.74, 5.00]  17.3% outside [-1,1]
      [PCA]    23 components → 90.8% explained variance
      [LSTM    ] acc=0.486
      [BiLSTM  ] acc=0.521
      [GRU     ] acc=0.528
      [CNN_LSTM] acc=0.563
      [CNN_GRU ] acc=0.486
      [calib]  temperature T=0.386  (prob spread: [0.492, 0.704])
    ~ Win 3 | 80% train | test_n=142 | OOS=50.00% | AUC=0.551 | F1=0.664 | LGB=50.70% | XGB=49.30% | T=0.39
         DL → LSTM=48.59%  BiLSTM=52.11%  GRU=52.82%  CNN_LSTM=56.34%  CNN_GRU=48.59%
      [scaler] range [-3.62, 5.00]  17.1% outside [-1,1]
      [PCA]    23 components → 90.8% explained variance
      [LSTM    ] acc=0.465
      [BiLSTM  ] acc=0.465
      [GRU     ] acc=0.415
      [CNN_LSTM] acc=0.479
      [CNN_GRU ] acc=0.458
      [calib]  temperature T=0.417  (prob spread: [0.495, 0.649])
    ✗ Win 4 | 85% train | test_n=142 | OOS=45.77% | AUC=0.476 | F1=0.628 | LGB=46.48% | XGB=46.48% | T=0.42
         DL → LSTM=46.48%  BiLSTM=46.48%  GRU=41.55%  CNN_LSTM=47.89%  CNN_GRU=45.77%
      [scaler] range [-3.36, 5.00]  17.4% outside [-1,1]
      [PCA]    23 components → 90.6% explained variance
      [LSTM    ] acc=0.455
      [BiLSTM  ] acc=0.469
      [GRU     ] acc=0.503
      [CNN_LSTM] acc=0.483
      [CNN_GRU ] acc=0.462
      [calib]  temperature T=1.231  (prob spread: [0.494, 0.594])
    ✗ Win 5 | 90% train | test_n=143 | OOS=46.15% | AUC=0.500 | F1=0.632 | LGB=47.55% | XGB=46.85% | T=1.23
         DL → LSTM=45.45%  BiLSTM=46.85%  GRU=50.35%  CNN_LSTM=48.25%  CNN_GRU=46.15%
      [scaler] range [-3.25, 5.00]  17.4% outside [-1,1]
      [PCA]    23 components → 90.6% explained variance
      [LSTM    ] acc=0.500
      [BiLSTM  ] acc=0.472
      [GRU     ] acc=0.472
      [CNN_LSTM] acc=0.500
      [CNN_GRU ] acc=0.569
      [calib]  temperature T=8.000  (prob spread: [0.500, 0.510])
    ✗ Win 6 | 95% train | test_n=72 | OOS=45.83% | AUC=0.488 | F1=0.629 | LGB=47.22% | XGB=47.22% | T=8.00
         DL → LSTM=50.00%  BiLSTM=47.22%  GRU=47.22%  CNN_LSTM=50.00%  CNN_GRU=56.94%
  [3/3] OOS Overall → Accuracy=51.34%  F1=0.6684  (785 preds, 6 wins, avg_T=1.85)
  Plots → 06_results\runs\20260301_000647\PERSISTENT\plots
