
────────────────────────────────────────────────────────────
  WIPRO
────────────────────────────────────────────────────────────
  WIPRO        ✓ features cached  (1297 rows × 166 feat)
  [1/3] Walk-forward: 6 windows  |  1297 rows  |  166 features
        Win 1: train[0:817]  val[817:907]  test[907:1037]  (70%)
        Win 2: train[0:875]  val[875:972]  test[972:1102]  (75%)
        Win 3: train[0:934]  val[934:1037]  test[1037:1167]  (80%)
        Win 4: train[0:992]  val[992:1102]  test[1102:1232]  (85%)
        Win 5: train[0:1051]  val[1051:1167]  test[1167:1297]  (90%)
        Win 6: train[0:1109]  val[1109:1232]  test[1232:1297]  (95%)
  [1b] Feature selection: top 50 of 166 ... ✓ 50 features kept
  [2/3] Training...
      [scaler] range [-4.76, 5.00]  18.7% outside [-1,1]
      [PCA]    25 components → 90.7% explained variance
      [LSTM    ] acc=0.523
      [BiLSTM  ] acc=0.546
      [GRU     ] acc=0.577
      [CNN_LSTM] acc=0.515
      [CNN_GRU ] acc=0.546
      [calib]  temperature T=0.100  (prob spread: [0.002, 0.999])
    ✗ Win 1 | 70% train | test_n=130 | OOS=49.23% | AUC=0.496 | F1=0.548 | LGB=56.15% | XGB=53.85% | T=0.10
         DL → LSTM=52.31%  BiLSTM=54.62%  GRU=57.69%  CNN_LSTM=51.54%  CNN_GRU=54.62%
      [scaler] range [-4.75, 5.00]  18.9% outside [-1,1]
      [PCA]    25 components → 90.7% explained variance
      [LSTM    ] acc=0.492
      [BiLSTM  ] acc=0.515
      [GRU     ] acc=0.531
      [CNN_LSTM] acc=0.562
      [CNN_GRU ] acc=0.500
      [calib]  temperature T=0.928  (prob spread: [0.494, 0.533])
    ~ Win 2 | 75% train | test_n=130 | OOS=53.08% | AUC=0.519 | F1=0.684 | LGB=54.62% | XGB=51.54% | T=0.93
         DL → LSTM=49.23%  BiLSTM=51.54%  GRU=53.08%  CNN_LSTM=56.15%  CNN_GRU=50.00%
      [scaler] range [-5.00, 5.00]  18.9% outside [-1,1]
      [PCA]    25 components → 90.6% explained variance
      [LSTM    ] acc=0.462
      [BiLSTM  ] acc=0.515
      [GRU     ] acc=0.508
      [CNN_LSTM] acc=0.454
      [CNN_GRU ] acc=0.546
      [calib]  temperature T=0.200  (prob spread: [0.449, 0.726])
    ✗ Win 3 | 80% train | test_n=130 | OOS=47.69% | AUC=0.454 | F1=0.614 | LGB=48.46% | XGB=45.38% | T=0.20
         DL → LSTM=46.15%  BiLSTM=51.54%  GRU=50.77%  CNN_LSTM=45.38%  CNN_GRU=54.62%
      [scaler] range [-4.81, 5.00]  18.7% outside [-1,1]
      [PCA]    25 components → 90.4% explained variance
      [LSTM    ] acc=0.492
      [BiLSTM  ] acc=0.477
      [GRU     ] acc=0.523
      [CNN_LSTM] acc=0.477
      [CNN_GRU ] acc=0.508
      [calib]  temperature T=0.391  (prob spread: [0.446, 0.668])
    ✗ Win 4 | 85% train | test_n=130 | OOS=49.23% | AUC=0.484 | F1=0.566 | LGB=52.31% | XGB=47.69% | T=0.39
         DL → LSTM=49.23%  BiLSTM=47.69%  GRU=52.31%  CNN_LSTM=47.69%  CNN_GRU=50.77%
      [scaler] range [-4.94, 5.00]  19.0% outside [-1,1]
      [PCA]    25 components → 90.2% explained variance
      [LSTM    ] acc=0.500
      [BiLSTM  ] acc=0.438
      [GRU     ] acc=0.546
      [CNN_LSTM] acc=0.531
      [CNN_GRU ] acc=0.454
      [calib]  temperature T=1.959  (prob spread: [0.459, 0.543])
    ✗ Win 5 | 90% train | test_n=130 | OOS=49.23% | AUC=0.530 | F1=0.500 | LGB=53.08% | XGB=54.62% | T=1.96
         DL → LSTM=50.00%  BiLSTM=43.85%  GRU=54.62%  CNN_LSTM=53.08%  CNN_GRU=45.38%
      [scaler] range [-4.78, 5.00]  19.1% outside [-1,1]
      [PCA]    25 components → 90.0% explained variance
      [LSTM    ] acc=0.538
      [BiLSTM  ] acc=0.477
      [GRU     ] acc=0.492
      [CNN_LSTM] acc=0.523
      [CNN_GRU ] acc=0.415
      [calib]  temperature T=8.000  (prob spread: [0.499, 0.505])
    ~ Win 6 | 95% train | test_n=65 | OOS=53.85% | AUC=0.535 | F1=0.667 | LGB=56.92% | XGB=56.92% | T=8.00
         DL → LSTM=53.85%  BiLSTM=47.69%  GRU=49.23%  CNN_LSTM=52.31%  CNN_GRU=41.54%
  [3/3] OOS Overall → Accuracy=50.07%  F1=0.5984  (715 preds, 6 wins, avg_T=1.93)
  Plots → 06_results\runs\20260301_000647\WIPRO\plots
