
────────────────────────────────────────────────────────────
  LTIM
────────────────────────────────────────────────────────────
  LTIM         ✓ features cached  (1373 rows × 166 feat)
  [1/3] Walk-forward: 6 windows  |  1373 rows  |  166 features
        Win 1: train[0:865]  val[865:961]  test[961:1098]  (70%)
        Win 2: train[0:927]  val[927:1029]  test[1029:1167]  (75%)
        Win 3: train[0:989]  val[989:1098]  test[1098:1235]  (80%)
        Win 4: train[0:1051]  val[1051:1167]  test[1167:1304]  (85%)
        Win 5: train[0:1112]  val[1112:1235]  test[1235:1373]  (90%)
        Win 6: train[0:1174]  val[1174:1304]  test[1304:1373]  (95%)
  [1b] Feature selection: top 50 of 166 ... ✓ 50 features kept
  [2/3] Training...
      [scaler] range [-4.31, 5.00]  18.0% outside [-1,1]
      [PCA]    25 components → 90.5% explained variance
      [LSTM    ] acc=0.460
      [BiLSTM  ] acc=0.518
      [GRU     ] acc=0.460
      [CNN_LSTM] acc=0.438
      [CNN_GRU ] acc=0.584
      [calib]  temperature T=8.000  (prob spread: [0.492, 0.508])
    ✗ Win 1 | 70% train | test_n=137 | OOS=45.99% | AUC=0.515 | F1=0.570 | LGB=51.09% | XGB=51.09% | T=8.00
         DL → LSTM=45.99%  BiLSTM=51.82%  GRU=45.99%  CNN_LSTM=43.80%  CNN_GRU=58.39%
      [scaler] range [-4.34, 5.00]  18.1% outside [-1,1]
      [PCA]    25 components → 90.0% explained variance
      [LSTM    ] acc=0.500
      [BiLSTM  ] acc=0.507
      [GRU     ] acc=0.522
      [CNN_LSTM] acc=0.529
      [CNN_GRU ] acc=0.471
      [calib]  temperature T=0.100  (prob spread: [0.303, 0.995])
    ✗ Win 2 | 75% train | test_n=138 | OOS=49.28% | AUC=0.482 | F1=0.620 | LGB=52.90% | XGB=46.38% | T=0.10
         DL → LSTM=50.00%  BiLSTM=50.72%  GRU=52.17%  CNN_LSTM=52.90%  CNN_GRU=47.10%
      [scaler] range [-4.26, 5.00]  18.0% outside [-1,1]
      [PCA]    25 components → 90.1% explained variance
      [LSTM    ] acc=0.555
      [BiLSTM  ] acc=0.562
      [GRU     ] acc=0.569
      [CNN_LSTM] acc=0.511
      [CNN_GRU ] acc=0.555
      [calib]  temperature T=8.000  (prob spread: [0.498, 0.508])
    ✓ Win 3 | 80% train | test_n=137 | OOS=59.85% | AUC=0.598 | F1=0.663 | LGB=51.09% | XGB=53.28% | T=8.00
         DL → LSTM=55.47%  BiLSTM=56.20%  GRU=56.93%  CNN_LSTM=51.09%  CNN_GRU=55.47%
      [scaler] range [-4.09, 5.00]  18.1% outside [-1,1]
      [PCA]    26 components → 91.0% explained variance
      [LSTM    ] acc=0.460
      [BiLSTM  ] acc=0.577
      [GRU     ] acc=0.569
      [CNN_LSTM] acc=0.540
      [CNN_GRU ] acc=0.489
      [calib]  temperature T=0.491  (prob spread: [0.239, 0.861])
    ✓ Win 4 | 85% train | test_n=137 | OOS=61.31% | AUC=0.601 | F1=0.690 | LGB=47.45% | XGB=50.36% | T=0.49
         DL → LSTM=45.99%  BiLSTM=57.66%  GRU=56.93%  CNN_LSTM=54.01%  CNN_GRU=48.91%
      [scaler] range [-3.82, 5.00]  18.2% outside [-1,1]
      [PCA]    26 components → 91.0% explained variance
      [LSTM    ] acc=0.522
      [BiLSTM  ] acc=0.471
      [GRU     ] acc=0.551
      [CNN_LSTM] acc=0.478
      [CNN_GRU ] acc=0.536
      [calib]  temperature T=0.409  (prob spread: [0.400, 0.690])
    ~ Win 5 | 90% train | test_n=138 | OOS=57.25% | AUC=0.530 | F1=0.670 | LGB=59.42% | XGB=52.90% | T=0.41
         DL → LSTM=52.17%  BiLSTM=47.10%  GRU=55.07%  CNN_LSTM=47.83%  CNN_GRU=53.62%
      [scaler] range [-3.62, 5.00]  18.2% outside [-1,1]
      [PCA]    26 components → 90.8% explained variance
      [LSTM    ] acc=0.493
      [BiLSTM  ] acc=0.464
      [GRU     ] acc=0.449
      [CNN_LSTM] acc=0.493
      [CNN_GRU ] acc=0.464
      [calib]  temperature T=0.585  (prob spread: [0.427, 0.609])
    ~ Win 6 | 95% train | test_n=69 | OOS=53.62% | AUC=0.560 | F1=0.652 | LGB=55.07% | XGB=53.62% | T=0.59
         DL → LSTM=49.28%  BiLSTM=46.38%  GRU=44.93%  CNN_LSTM=49.28%  CNN_GRU=46.38%
  [3/3] OOS Overall → Accuracy=54.63%  F1=0.6431  (756 preds, 6 wins, avg_T=2.93)
  Plots → 06_results\runs\20260301_000647\LTIM\plots
