
────────────────────────────────────────────────────────────
  HAL
────────────────────────────────────────────────────────────
  HAL          ↻ computing features ... ✓ 1355 rows × 159 features
  [1/3] Walk-forward: 6 windows  |  1355 rows  |  159 features
        Win 1: train[0:854]  val[854:948]  test[948:1084]  (70%)
        Win 2: train[0:915]  val[915:1016]  test[1016:1151]  (75%)
        Win 3: train[0:976]  val[976:1084]  test[1084:1219]  (80%)
        Win 4: train[0:1036]  val[1036:1151]  test[1151:1287]  (85%)
        Win 5: train[0:1098]  val[1098:1219]  test[1219:1355]  (90%)
        Win 6: train[0:1159]  val[1159:1287]  test[1287:1355]  (95%)
  [1b] Feature selection: top 50 of 159 ... ✓ 50 features kept
  [2/3] Training...
      [scaler] range [-3.82, 5.00]  18.2% outside [-1,1]
      [PCA]    26 components → 90.6% explained variance
      [LSTM    ] acc=0.463
      [BiLSTM  ] acc=0.529
      [GRU     ] acc=0.544
      [CNN_LSTM] acc=0.551
      [CNN_GRU ] acc=0.515
      [TCN_GRU ] acc=0.515
      [TCN_Transformer] acc=0.507
      [NBEATS  ] acc=0.551
      [calib]  temperature T=0.425  (prob spread: [0.364, 0.670])
    ✗ Win 1 | 70% train | test_n=136 | OOS=38.24% | AUC=0.411 | F1=0.311 | LGB=56.62% | XGB=63.24% | T=0.42
         Dir → UP=40.43%  DOWN=37.08%  NEUTRAL=0.0%
         DL  → LSTM=46.32%  BiLSTM=52.94%  GRU=54.41%  CNN_LSTM=55.15%  CNN_GRU=51.47%  TCN_GRU=51.47%  TCN_Transformer=50.74%  NBEATS=55.15%
      [scaler] range [-3.51, 5.00]  17.8% outside [-1,1]
      [PCA]    26 components → 90.6% explained variance
      [LSTM    ] acc=0.481
      [BiLSTM  ] acc=0.422
      [GRU     ] acc=0.481
      [CNN_LSTM] acc=0.407
      [CNN_GRU ] acc=0.496
      [TCN_GRU ] acc=0.511
      [TCN_Transformer] acc=0.407
      [NBEATS  ] acc=0.437
      [calib]  temperature T=0.293  (prob spread: [0.082, 0.925])
    ~ Win 2 | 75% train | test_n=135 | OOS=50.37% | AUC=0.515 | F1=0.525 | LGB=47.41% | XGB=51.11% | T=0.29
         Dir → UP=48.68%  DOWN=52.54%  NEUTRAL=0.0%
         DL  → LSTM=48.15%  BiLSTM=42.22%  GRU=48.15%  CNN_LSTM=40.74%  CNN_GRU=49.63%  TCN_GRU=51.11%  TCN_Transformer=40.74%  NBEATS=43.70%
      [scaler] range [-3.56, 5.00]  18.0% outside [-1,1]
      [PCA]    26 components → 90.6% explained variance
      [LSTM    ] acc=0.519
      [BiLSTM  ] acc=0.504
      [GRU     ] acc=0.467
      [CNN_LSTM] acc=0.526
      [CNN_GRU ] acc=0.496
      [TCN_GRU ] acc=0.511
      [TCN_Transformer] acc=0.519
      [NBEATS  ] acc=0.496
      [calib]  temperature T=1.047  (prob spread: [0.420, 0.631])
    ~ Win 3 | 80% train | test_n=135 | OOS=51.85% | AUC=0.486 | F1=0.656 | LGB=51.85% | XGB=51.11% | T=1.05
         Dir → UP=52.10%  DOWN=50.00%  NEUTRAL=0.0%
         DL  → LSTM=51.85%  BiLSTM=50.37%  GRU=46.67%  CNN_LSTM=52.59%  CNN_GRU=49.63%  TCN_GRU=51.11%  TCN_Transformer=51.85%  NBEATS=49.63%
      [scaler] range [-3.66, 5.00]  18.2% outside [-1,1]
      [PCA]    26 components → 90.4% explained variance
      [LSTM    ] acc=0.441
      [BiLSTM  ] acc=0.515
      [GRU     ] acc=0.522
      [CNN_LSTM] acc=0.500
      [CNN_GRU ] acc=0.426
      [TCN_GRU ] acc=0.515
      [TCN_Transformer] acc=0.449
      [NBEATS  ] acc=0.471
      [calib]  temperature T=8.000  (prob spread: [0.499, 0.512])
    ✗ Win 4 | 85% train | test_n=136 | OOS=47.79% | AUC=0.476 | F1=0.643 | LGB=51.47% | XGB=51.47% | T=8.00
         Dir → UP=49.61%  DOWN=14.29%  NEUTRAL=0.0%
         DL  → LSTM=44.12%  BiLSTM=51.47%  GRU=52.21%  CNN_LSTM=50.00%  CNN_GRU=42.65%  TCN_GRU=51.47%  TCN_Transformer=44.85%  NBEATS=47.06%
      [scaler] range [-3.65, 5.00]  18.1% outside [-1,1]
      [PCA]    26 components → 90.4% explained variance
      [LSTM    ] acc=0.485
      [BiLSTM  ] acc=0.529
      [GRU     ] acc=0.478
      [CNN_LSTM] acc=0.485
      [CNN_GRU ] acc=0.507
      [TCN_GRU ] acc=0.449
      [TCN_Transformer] acc=0.485
      [NBEATS  ] acc=0.544
      [calib]  temperature T=0.665  (prob spread: [0.470, 0.585])
    ✗ Win 5 | 90% train | test_n=136 | OOS=48.53% | AUC=0.469 | F1=0.635 | LGB=48.53% | XGB=48.53% | T=0.67
         Dir → UP=48.41%  DOWN=50.00%  NEUTRAL=0.0%
         DL  → LSTM=48.53%  BiLSTM=52.94%  GRU=47.79%  CNN_LSTM=48.53%  CNN_GRU=50.74%  TCN_GRU=44.85%  TCN_Transformer=48.53%  NBEATS=54.41%
      [scaler] range [-3.59, 5.00]  17.9% outside [-1,1]
      [PCA]    26 components → 90.4% explained variance
      [LSTM    ] acc=0.397
      [BiLSTM  ] acc=0.485
      [GRU     ] acc=0.441
      [CNN_LSTM] acc=0.412
      [CNN_GRU ] acc=0.500
      [TCN_GRU ] acc=0.500
      [TCN_Transformer] acc=0.441
      [NBEATS  ] acc=0.500
      [calib]  temperature T=0.527  (prob spread: [0.406, 0.643])
    ~ Win 6 | 95% train | test_n=68 | OOS=52.94% | AUC=0.558 | F1=0.628 | LGB=48.53% | XGB=52.94% | T=0.53
         Dir → UP=50.94%  DOWN=60.00%  NEUTRAL=0.0%
         DL  → LSTM=39.71%  BiLSTM=48.53%  GRU=44.12%  CNN_LSTM=41.18%  CNN_GRU=50.00%  TCN_GRU=50.00%  TCN_Transformer=44.12%  NBEATS=50.00%
  [3/3] OOS Overall → Accuracy=47.86%  F1=0.5813  (746 preds, 6 wins, avg_T=1.83)
  Plots → 06_results\runs\20260307_141956\HAL\plots
