
────────────────────────────────────────────────────────────
  IDFCFIRSTB
────────────────────────────────────────────────────────────
  IDFCFIRSTB   ↻ computing features ... ✓ 1430 rows × 159 features
  [1/3] Walk-forward: 6 windows  |  1430 rows  |  159 features
        Win 1: train[0:900]  val[900:1000]  test[1000:1144]  (70%)
        Win 2: train[0:965]  val[965:1072]  test[1072:1215]  (75%)
        Win 3: train[0:1030]  val[1030:1144]  test[1144:1287]  (80%)
        Win 4: train[0:1094]  val[1094:1215]  test[1215:1358]  (85%)
        Win 5: train[0:1159]  val[1159:1287]  test[1287:1430]  (90%)
        Win 6: train[0:1223]  val[1223:1358]  test[1358:1430]  (95%)
  [1b] Feature selection: top 50 of 159 ... ✓ 47 features kept
  [2/3] Training...
      [scaler] range [-5.00, 5.00]  17.6% outside [-1,1]
      [PCA]    22 components → 90.7% explained variance
      [LSTM    ] acc=0.549
      [BiLSTM  ] acc=0.507
      [GRU     ] acc=0.444
      [CNN_LSTM] acc=0.542
      [CNN_GRU ] acc=0.528
      [calib]  temperature T=0.216  (prob spread: [0.290, 0.639])
    ✗ Win 1 | 70% train | test_n=144 | OOS=47.22% | AUC=0.461 | F1=0.367 | LGB=50.00% | XGB=52.78% | T=0.22
         DL → LSTM=54.86%  BiLSTM=50.69%  GRU=44.44%  CNN_LSTM=54.17%  CNN_GRU=52.78%
      [scaler] range [-5.00, 5.00]  17.4% outside [-1,1]
      [PCA]    22 components → 91.0% explained variance
      [LSTM    ] acc=0.469
      [BiLSTM  ] acc=0.448
      [GRU     ] acc=0.476
      [CNN_LSTM] acc=0.483
      [CNN_GRU ] acc=0.469
      [calib]  temperature T=1.360  (prob spread: [0.478, 0.520])
    ✗ Win 2 | 75% train | test_n=143 | OOS=48.95% | AUC=0.485 | F1=0.467 | LGB=53.85% | XGB=46.85% | T=1.36
         DL → LSTM=46.85%  BiLSTM=44.76%  GRU=47.55%  CNN_LSTM=48.25%  CNN_GRU=46.85%
      [scaler] range [-5.00, 5.00]  17.3% outside [-1,1]
      [PCA]    22 components → 91.0% explained variance
      [LSTM    ] acc=0.497
      [BiLSTM  ] acc=0.524
      [GRU     ] acc=0.524
      [CNN_LSTM] acc=0.538
      [CNN_GRU ] acc=0.490
      [calib]  temperature T=0.901  (prob spread: [0.430, 0.544])
    ~ Win 3 | 80% train | test_n=143 | OOS=51.75% | AUC=0.529 | F1=0.430 | LGB=58.04% | XGB=60.14% | T=0.90
         DL → LSTM=49.65%  BiLSTM=52.45%  GRU=52.45%  CNN_LSTM=53.85%  CNN_GRU=48.95%
      [scaler] range [-5.00, 5.00]  17.3% outside [-1,1]
      [PCA]    22 components → 90.9% explained variance
      [LSTM    ] acc=0.427
      [BiLSTM  ] acc=0.455
      [GRU     ] acc=0.490
      [CNN_LSTM] acc=0.455
      [CNN_GRU ] acc=0.483
      [calib]  temperature T=0.318  (prob spread: [0.334, 0.652])
    ✗ Win 4 | 85% train | test_n=143 | OOS=44.76% | AUC=0.438 | F1=0.415 | LGB=56.64% | XGB=50.35% | T=0.32
         DL → LSTM=42.66%  BiLSTM=45.45%  GRU=48.95%  CNN_LSTM=45.45%  CNN_GRU=48.25%
      [scaler] range [-5.00, 5.00]  17.5% outside [-1,1]
      [PCA]    22 components → 91.0% explained variance
      [LSTM    ] acc=0.510
      [BiLSTM  ] acc=0.497
      [GRU     ] acc=0.503
      [CNN_LSTM] acc=0.469
      [CNN_GRU ] acc=0.476
      [calib]  temperature T=0.527  (prob spread: [0.390, 0.643])
    ~ Win 5 | 90% train | test_n=143 | OOS=55.24% | AUC=0.559 | F1=0.573 | LGB=47.55% | XGB=54.55% | T=0.53
         DL → LSTM=51.05%  BiLSTM=49.65%  GRU=50.35%  CNN_LSTM=46.85%  CNN_GRU=47.55%
      [scaler] range [-5.00, 5.00]  17.4% outside [-1,1]
      [PCA]    22 components → 90.8% explained variance
      [LSTM    ] acc=0.542
      [BiLSTM  ] acc=0.514
      [GRU     ] acc=0.486
      [CNN_LSTM] acc=0.528
      [CNN_GRU ] acc=0.444
      [calib]  temperature T=1.112  (prob spread: [0.375, 0.632])
    ~ Win 6 | 95% train | test_n=72 | OOS=54.17% | AUC=0.577 | F1=0.571 | LGB=54.17% | XGB=50.00% | T=1.11
         DL → LSTM=54.17%  BiLSTM=51.39%  GRU=48.61%  CNN_LSTM=52.78%  CNN_GRU=44.44%
  [3/3] OOS Overall → Accuracy=50.00%  F1=0.4676  (788 preds, 6 wins, avg_T=0.74)
  Plots → 06_results\runs\20260301_000647\IDFCFIRSTB\plots
