
────────────────────────────────────────────────────────────
  ICICIBANK
────────────────────────────────────────────────────────────
  ICICIBANK    ↻ computing features ... ✓ 1281 rows × 164 features
  [1/3] Walk-forward: 6 windows  |  1281 rows  |  164 features
        Win 1: train[0:807]  val[807:896]  test[896:1024]  (70%)
        Win 2: train[0:864]  val[864:960]  test[960:1088]  (75%)
        Win 3: train[0:922]  val[922:1024]  test[1024:1152]  (80%)
        Win 4: train[0:980]  val[980:1088]  test[1088:1216]  (85%)
        Win 5: train[0:1037]  val[1037:1152]  test[1152:1281]  (90%)
        Win 6: train[0:1095]  val[1095:1216]  test[1216:1281]  (95%)
  [1b] Feature selection: top 50 of 164 ... ✓ 47 features kept
  [2/3] Training...
      [scaler] range [-4.68, 5.00]  19.0% outside [-1,1]
      [PCA]    26 components → 90.6% explained variance
      [LSTM    ] acc=0.547
      [BiLSTM  ] acc=0.453
      [GRU     ] acc=0.547
      [CNN_LSTM] acc=0.438
      [CNN_GRU ] acc=0.539
      [TCN_GRU ] acc=0.461
      [TCN_Transformer] acc=0.547
      [NBEATS  ] acc=0.461
      [regime] adaptive blend α=0.50  (regime_ll=0.6977  global_ll=0.6877)
      [calib]  temperature T=0.100  (prob spread: [0.193, 0.869])
    ~ Win 1 | 70% train | test_n=128 | OOS=51.56% | AUC=0.485 | F1=0.608 | LGB=50.00% | XGB=56.25% | T=0.10
         Dir → UP=55.81%  DOWN=42.86%  NEUTRAL=0.0%
         DL  → LSTM=54.69%  BiLSTM=45.31%  GRU=54.69%  CNN_LSTM=43.75%  CNN_GRU=53.91%  TCN_GRU=46.09%  TCN_Transformer=54.69%  NBEATS=46.09%
      [scaler] range [-4.72, 5.00]  18.6% outside [-1,1]
      [PCA]    26 components → 90.5% explained variance
      [LSTM    ] acc=0.516
      [BiLSTM  ] acc=0.586
      [GRU     ] acc=0.547
      [CNN_LSTM] acc=0.516
      [CNN_GRU ] acc=0.586
      [TCN_GRU ] acc=0.562
      [TCN_Transformer] acc=0.547
      [NBEATS  ] acc=0.547
      [regime] adaptive blend α=0.50  (regime_ll=0.6916  global_ll=0.6875)
      [calib]  temperature T=0.280  (prob spread: [0.447, 0.644])
    ~ Win 2 | 75% train | test_n=128 | OOS=53.12% | AUC=0.462 | F1=0.639 | LGB=48.44% | XGB=56.25% | T=0.28
         Dir → UP=56.38%  DOWN=44.12%  NEUTRAL=0.0%
         DL  → LSTM=51.56%  BiLSTM=58.59%  GRU=54.69%  CNN_LSTM=51.56%  CNN_GRU=58.59%  TCN_GRU=56.25%  TCN_Transformer=54.69%  NBEATS=54.69%
      [scaler] range [-4.85, 5.00]  18.6% outside [-1,1]
      [PCA]    26 components → 90.5% explained variance
      [LSTM    ] acc=0.570
      [BiLSTM  ] acc=0.578
      [GRU     ] acc=0.547
      [CNN_LSTM] acc=0.562
      [CNN_GRU ] acc=0.469
      [TCN_GRU ] acc=0.570
      [TCN_Transformer] acc=0.547
      [NBEATS  ] acc=0.500
      [regime] adaptive blend α=0.50  (regime_ll=0.7050  global_ll=0.6873)
      [calib]  temperature T=0.136  (prob spread: [0.340, 0.880])
    ~ Win 3 | 80% train | test_n=128 | OOS=50.00% | AUC=0.483 | F1=0.600 | LGB=46.09% | XGB=50.00% | T=0.14
         Dir → UP=53.93%  DOWN=41.03%  NEUTRAL=0.0%
         DL  → LSTM=57.03%  BiLSTM=57.81%  GRU=54.69%  CNN_LSTM=56.25%  CNN_GRU=46.88%  TCN_GRU=57.03%  TCN_Transformer=54.69%  NBEATS=50.00%
      [scaler] range [-4.86, 5.00]  18.4% outside [-1,1]
      [PCA]    26 components → 90.4% explained variance
      [LSTM    ] acc=0.508
      [BiLSTM  ] acc=0.508
      [GRU     ] acc=0.477
      [CNN_LSTM] acc=0.469
      [CNN_GRU ] acc=0.547
      [TCN_GRU ] acc=0.500
      [TCN_Transformer] acc=0.469
      [NBEATS  ] acc=0.492
      [regime] adaptive blend α=0.50  (regime_ll=0.7036  global_ll=0.6866)
      [calib]  temperature T=0.223  (prob spread: [0.456, 0.670])
    ~ Win 4 | 85% train | test_n=128 | OOS=51.56% | AUC=0.563 | F1=0.667 | LGB=45.31% | XGB=50.00% | T=0.22
         Dir → UP=50.82%  DOWN=66.67%  NEUTRAL=0.0%
         DL  → LSTM=50.78%  BiLSTM=50.78%  GRU=47.66%  CNN_LSTM=46.88%  CNN_GRU=54.69%  TCN_GRU=50.00%  TCN_Transformer=46.88%  NBEATS=49.22%
      [scaler] range [-4.81, 5.00]  18.4% outside [-1,1]
      [PCA]    26 components → 90.3% explained variance
      [LSTM    ] acc=0.496
      [BiLSTM  ] acc=0.504
      [GRU     ] acc=0.504
      [CNN_LSTM] acc=0.550
      [CNN_GRU ] acc=0.496
      [TCN_GRU ] acc=0.488
      [TCN_Transformer] acc=0.512
      [NBEATS  ] acc=0.512
      [regime] adaptive blend α=0.50  (regime_ll=0.6915  global_ll=0.6894)
      [calib]  temperature T=0.352  (prob spread: [0.439, 0.761])
    ~ Win 5 | 90% train | test_n=129 | OOS=50.39% | AUC=0.560 | F1=0.656 | LGB=52.71% | XGB=51.16% | T=0.35
         Dir → UP=50.83%  DOWN=44.44%  NEUTRAL=0.0%
         DL  → LSTM=49.61%  BiLSTM=50.39%  GRU=50.39%  CNN_LSTM=55.04%  CNN_GRU=49.61%  TCN_GRU=48.84%  TCN_Transformer=51.16%  NBEATS=51.16%
      [scaler] range [-4.76, 5.00]  18.3% outside [-1,1]
      [PCA]    26 components → 90.2% explained variance
      [LSTM    ] acc=0.600
      [BiLSTM  ] acc=0.569
      [GRU     ] acc=0.600
      [CNN_LSTM] acc=0.585
      [CNN_GRU ] acc=0.492
      [TCN_GRU ] acc=0.477
      [TCN_Transformer] acc=0.415
      [NBEATS  ] acc=0.431
      [regime] adaptive blend α=0.50  (regime_ll=0.6940  global_ll=0.6914)
      [calib]  temperature T=0.394  (prob spread: [0.426, 0.691])
    ~ Win 6 | 95% train | test_n=65 | OOS=53.85% | AUC=0.390 | F1=0.688 | LGB=56.92% | XGB=58.46% | T=0.39
         Dir → UP=56.90%  DOWN=28.57%  NEUTRAL=0.0%
         DL  → LSTM=60.00%  BiLSTM=56.92%  GRU=60.00%  CNN_LSTM=58.46%  CNN_GRU=49.23%  TCN_GRU=47.69%  TCN_Transformer=41.54%  NBEATS=43.08%
  [3/3] OOS Overall → Accuracy=51.56%  F1=0.6408  (706 preds, 6 wins, avg_T=0.25)
  Plots → 06_results\runs\20260330_151653\ICICIBANK\plots
