
────────────────────────────────────────────────────────────
  LT
────────────────────────────────────────────────────────────
  LT           ↻ computing features ... ✓ 1322 rows × 159 features
  [1/3] Walk-forward: 6 windows  |  1322 rows  |  159 features
        Win 1: train[0:833]  val[833:925]  test[925:1057]  (70%)
        Win 2: train[0:892]  val[892:991]  test[991:1123]  (75%)
        Win 3: train[0:952]  val[952:1057]  test[1057:1189]  (80%)
        Win 4: train[0:1011]  val[1011:1123]  test[1123:1255]  (85%)
        Win 5: train[0:1071]  val[1071:1189]  test[1189:1322]  (90%)
        Win 6: train[0:1130]  val[1130:1255]  test[1255:1322]  (95%)
  [1b] Feature selection: top 50 of 159 ... ✓ 50 features kept
  [2/3] Training...
      [scaler] range [-5.00, 5.00]  17.3% outside [-1,1]
      [PCA]    25 components → 90.4% explained variance
      [LSTM    ] acc=0.545
      [BiLSTM  ] acc=0.538
      [GRU     ] acc=0.515
      [CNN_LSTM] acc=0.561
      [CNN_GRU ] acc=0.530
      [TCN_GRU ] acc=0.538
      [TCN_Transformer] acc=0.538
      [NBEATS  ] acc=0.606
      [calib]  temperature T=8.000  (prob spread: [0.498, 0.507])
    ~ Win 1 | 70% train | test_n=132 | OOS=56.06% | AUC=0.547 | F1=0.678 | LGB=57.58% | XGB=57.58% | T=8.00
         Dir → UP=58.65%  DOWN=46.43%  NEUTRAL=0.0%
         DL  → LSTM=54.55%  BiLSTM=53.79%  GRU=51.52%  CNN_LSTM=56.06%  CNN_GRU=53.03%  TCN_GRU=53.79%  TCN_Transformer=53.79%  NBEATS=60.61%
      [scaler] range [-5.00, 5.00]  17.1% outside [-1,1]
      [PCA]    25 components → 90.3% explained variance
      [LSTM    ] acc=0.553
      [BiLSTM  ] acc=0.530
      [GRU     ] acc=0.500
      [CNN_LSTM] acc=0.561
      [CNN_GRU ] acc=0.523
      [TCN_GRU ] acc=0.492
      [TCN_Transformer] acc=0.583
      [NBEATS  ] acc=0.523
      [calib]  temperature T=0.358  (prob spread: [0.352, 0.842])
    ~ Win 2 | 75% train | test_n=132 | OOS=50.76% | AUC=0.479 | F1=0.660 | LGB=55.30% | XGB=54.55% | T=0.36
         Dir → UP=53.39%  DOWN=28.57%  NEUTRAL=0.0%
         DL  → LSTM=55.30%  BiLSTM=53.03%  GRU=50.00%  CNN_LSTM=56.06%  CNN_GRU=52.27%  TCN_GRU=49.24%  TCN_Transformer=58.33%  NBEATS=52.27%
      [scaler] range [-5.00, 5.00]  17.2% outside [-1,1]
      [PCA]    25 components → 90.3% explained variance
      [LSTM    ] acc=0.455
      [BiLSTM  ] acc=0.583
      [GRU     ] acc=0.508
      [CNN_LSTM] acc=0.515
      [CNN_GRU ] acc=0.492
      [TCN_GRU ] acc=0.508
      [TCN_Transformer] acc=0.500
      [NBEATS  ] acc=0.470
      [calib]  temperature T=0.403  (prob spread: [0.340, 0.802])
    ~ Win 3 | 80% train | test_n=132 | OOS=53.03% | AUC=0.609 | F1=0.644 | LGB=45.45% | XGB=48.48% | T=0.40
         Dir → UP=49.12%  DOWN=77.78%  NEUTRAL=0.0%
         DL  → LSTM=45.45%  BiLSTM=58.33%  GRU=50.76%  CNN_LSTM=51.52%  CNN_GRU=49.24%  TCN_GRU=50.76%  TCN_Transformer=50.00%  NBEATS=46.97%
      [scaler] range [-5.00, 5.00]  17.3% outside [-1,1]
      [PCA]    25 components → 90.1% explained variance
      [LSTM    ] acc=0.538
      [BiLSTM  ] acc=0.538
      [GRU     ] acc=0.530
      [CNN_LSTM] acc=0.470
      [CNN_GRU ] acc=0.470
      [TCN_GRU ] acc=0.508
      [TCN_Transformer] acc=0.530
      [NBEATS  ] acc=0.492
      [calib]  temperature T=0.764  (prob spread: [0.353, 0.719])
    ~ Win 4 | 85% train | test_n=132 | OOS=53.03% | AUC=0.552 | F1=0.640 | LGB=46.97% | XGB=48.48% | T=0.76
         Dir → UP=50.00%  DOWN=68.18%  NEUTRAL=0.0%
         DL  → LSTM=53.79%  BiLSTM=53.79%  GRU=53.03%  CNN_LSTM=46.97%  CNN_GRU=46.97%  TCN_GRU=50.76%  TCN_Transformer=53.03%  NBEATS=49.24%
      [scaler] range [-5.00, 5.00]  17.4% outside [-1,1]
      [PCA]    25 components → 90.0% explained variance
      [LSTM    ] acc=0.526
      [BiLSTM  ] acc=0.571
      [GRU     ] acc=0.556
      [CNN_LSTM] acc=0.571
      [CNN_GRU ] acc=0.564
      [TCN_GRU ] acc=0.549
      [TCN_Transformer] acc=0.549
      [NBEATS  ] acc=0.526
      [calib]  temperature T=8.000  (prob spread: [0.497, 0.514])
    ~ Win 5 | 90% train | test_n=133 | OOS=56.39% | AUC=0.493 | F1=0.710 | LGB=58.65% | XGB=57.89% | T=8.00
         Dir → UP=57.72%  DOWN=40.00%  NEUTRAL=0.0%
         DL  → LSTM=52.63%  BiLSTM=57.14%  GRU=55.64%  CNN_LSTM=57.14%  CNN_GRU=56.39%  TCN_GRU=54.89%  TCN_Transformer=54.89%  NBEATS=52.63%
      [scaler] range [-5.00, 5.00]  17.3% outside [-1,1]
      [PCA]    26 components → 91.2% explained variance
      [LSTM    ] acc=0.567
      [BiLSTM  ] acc=0.507
      [GRU     ] acc=0.433
      [CNN_LSTM] acc=0.582
      [CNN_GRU ] acc=0.612
      [TCN_GRU ] acc=0.493
      [TCN_Transformer] acc=0.582
      [NBEATS  ] acc=0.612
      [calib]  temperature T=7.141  (prob spread: [0.499, 0.512])
    ✓ Win 6 | 95% train | test_n=67 | OOS=59.70% | AUC=0.409 | F1=0.738 | LGB=53.73% | XGB=53.73% | T=7.14
         Dir → UP=61.29%  DOWN=40.00%  NEUTRAL=0.0%
         DL  → LSTM=56.72%  BiLSTM=50.75%  GRU=43.28%  CNN_LSTM=58.21%  CNN_GRU=61.19%  TCN_GRU=49.25%  TCN_Transformer=58.21%  NBEATS=61.19%
  [3/3] OOS Overall → Accuracy=54.40%  F1=0.6745  (728 preds, 6 wins, avg_T=4.11)
  Plots → 06_results\runs\20260307_141956\LT\plots
