
────────────────────────────────────────────────────────────
  FEDERALBNK
────────────────────────────────────────────────────────────
  FEDERALBNK   ↻ computing features ... ✓ 1372 rows × 159 features
  [1/3] Walk-forward: 6 windows  |  1372 rows  |  159 features
        Win 1: train[0:864]  val[864:960]  test[960:1097]  (70%)
        Win 2: train[0:927]  val[927:1029]  test[1029:1166]  (75%)
        Win 3: train[0:988]  val[988:1097]  test[1097:1234]  (80%)
        Win 4: train[0:1050]  val[1050:1166]  test[1166:1303]  (85%)
        Win 5: train[0:1111]  val[1111:1234]  test[1234:1372]  (90%)
        Win 6: train[0:1173]  val[1173:1303]  test[1303:1372]  (95%)
  [1b] Feature selection: top 50 of 159 ... 
A module that was compiled using NumPy 1.x cannot be run in
NumPy 2.2.6 as it may crash. To support both 1.x and 2.x
versions of NumPy, modules must be compiled with NumPy 2.0.
Some module may need to rebuild instead e.g. with 'pybind11>=2.12'.

If you are a user of the module, the easiest solution will be to
downgrade to 'numpy<2' or try to upgrade the affected module.
We expect that some modules will need time to support NumPy 2.

Traceback (most recent call last):  File "<string>", line 1, in <module>
  File "C:\Users\Home\AppData\Local\Programs\Python\Python310\lib\multiprocessing\spawn.py", line 116, in spawn_main
    exitcode = _main(fd, parent_sentinel)
  File "C:\Users\Home\AppData\Local\Programs\Python\Python310\lib\multiprocessing\spawn.py", line 129, in _main
    return self._bootstrap(parent_sentinel)
  File "C:\Users\Home\AppData\Local\Programs\Python\Python310\lib\multiprocessing\process.py", line 314, in _bootstrap
    self.run()
  File "C:\Users\Home\AppData\Local\Programs\Python\Python310\lib\multiprocessing\process.py", line 108, in run
    self._target(*self._args, **self._kwargs)
  File "C:\Users\Home\AppData\Local\Programs\Python\Python310\lib\concurrent\futures\process.py", line 246, in _process_worker
    r = call_item.fn(*call_item.args, **call_item.kwargs)
  File "C:\Users\Home\Documents\AI_IN_STOCK_V2\V3\07_pipeline\run_pipeline.py", line 266, in _run_symbol_worker
    return run_symbol(
  File "C:\Users\Home\Documents\AI_IN_STOCK_V2\V3\07_pipeline\run_pipeline.py", line 1654, in run_symbol
    selected = select_top_features(X, y, feat_cols, fs_win, symbol=symbol)
  File "C:\Users\Home\Documents\AI_IN_STOCK_V2\V3\07_pipeline\run_pipeline.py", line 1004, in select_top_features
    from lightgbm import LGBMClassifier, early_stopping as lgb_es, log_evaluation as lgb_log
  File "C:\Users\Home\AppData\Local\Programs\Python\Python310\lib\site-packages\lightgbm\__init__.py", line 8, in <module>
    from .basic import Booster, Dataset, Sequence, register_logger
  File "C:\Users\Home\AppData\Local\Programs\Python\Python310\lib\site-packages\lightgbm\basic.py", line 21, in <module>
    from .compat import PANDAS_INSTALLED, concat, dt_DataTable, pd_CategoricalDtype, pd_DataFrame, pd_Series
  File "C:\Users\Home\AppData\Local\Programs\Python\Python310\lib\site-packages\lightgbm\compat.py", line 41, in <module>
    import matplotlib  # noqa: F401
  File "C:\Users\Home\AppData\Local\Programs\Python\Python310\lib\site-packages\matplotlib\__init__.py", line 144, in <module>
    from . import _api, _version, cbook, _docstring, rcsetup
  File "C:\Users\Home\AppData\Local\Programs\Python\Python310\lib\site-packages\matplotlib\rcsetup.py", line 27, in <module>
    from matplotlib.colors import Colormap, is_color_like
  File "C:\Users\Home\AppData\Local\Programs\Python\Python310\lib\site-packages\matplotlib\colors.py", line 56, in <module>
    from matplotlib import _api, _cm, cbook, scale
  File "C:\Users\Home\AppData\Local\Programs\Python\Python310\lib\site-packages\matplotlib\scale.py", line 22, in <module>
    from matplotlib.ticker import (
  File "C:\Users\Home\AppData\Local\Programs\Python\Python310\lib\site-packages\matplotlib\ticker.py", line 138, in <module>
    from matplotlib import transforms as mtransforms
  File "C:\Users\Home\AppData\Local\Programs\Python\Python310\lib\site-packages\matplotlib\transforms.py", line 49, in <module>
    from matplotlib._path import (
AttributeError: _ARRAY_API not found
✓ 47 features kept
  [2/3] Training...
      [scaler] range [-5.00, 5.00]  17.6% outside [-1,1]
      [PCA]    23 components → 91.1% explained variance
      [LSTM    ] acc=0.482
      [BiLSTM  ] acc=0.409
      [GRU     ] acc=0.460
      [CNN_LSTM] acc=0.526
      [CNN_GRU ] acc=0.504
      [TCN_GRU ] acc=0.496
      [TCN_Transformer] acc=0.467
      [NBEATS  ] acc=0.511
      [calib]  temperature T=0.177  (prob spread: [0.219, 0.744])
    ✗ Win 1 | 70% train | test_n=137 | OOS=49.64% | AUC=0.535 | F1=0.448 | LGB=45.99% | XGB=48.18% | T=0.18
         Dir → UP=62.22%  DOWN=43.48%  NEUTRAL=0.0%
         DL  → LSTM=48.18%  BiLSTM=40.88%  GRU=45.99%  CNN_LSTM=52.55%  CNN_GRU=50.36%  TCN_GRU=49.64%  TCN_Transformer=46.72%  NBEATS=51.09%
      [scaler] range [-5.00, 5.00]  17.7% outside [-1,1]
      [PCA]    23 components → 90.8% explained variance
      [LSTM    ] acc=0.460
      [BiLSTM  ] acc=0.372
      [GRU     ] acc=0.504
      [CNN_LSTM] acc=0.511
      [CNN_GRU ] acc=0.533
      [TCN_GRU ] acc=0.482
      [TCN_Transformer] acc=0.482
      [NBEATS  ] acc=0.467
      [calib]  temperature T=0.490  (prob spread: [0.352, 0.635])
    ~ Win 2 | 75% train | test_n=137 | OOS=51.09% | AUC=0.536 | F1=0.518 | LGB=57.66% | XGB=50.36% | T=0.49
         Dir → UP=60.00%  DOWN=44.16%  NEUTRAL=0.0%
         DL  → LSTM=45.99%  BiLSTM=37.23%  GRU=50.36%  CNN_LSTM=51.09%  CNN_GRU=53.28%  TCN_GRU=48.18%  TCN_Transformer=48.18%  NBEATS=46.72%
      [scaler] range [-5.00, 5.00]  17.6% outside [-1,1]
      [PCA]    23 components → 90.8% explained variance
      [LSTM    ] acc=0.511
      [BiLSTM  ] acc=0.562
      [GRU     ] acc=0.518
      [CNN_LSTM] acc=0.482
      [CNN_GRU ] acc=0.504
      [TCN_GRU ] acc=0.504
      [TCN_Transformer] acc=0.511
      [NBEATS  ] acc=0.533
      [calib]  temperature T=0.163  (prob spread: [0.117, 0.974])
    ✗ Win 3 | 80% train | test_n=137 | OOS=47.45% | AUC=0.451 | F1=0.617 | LGB=51.09% | XGB=51.82% | T=0.16
         Dir → UP=49.15%  DOWN=36.84%  NEUTRAL=0.0%
         DL  → LSTM=51.09%  BiLSTM=56.20%  GRU=51.82%  CNN_LSTM=48.18%  CNN_GRU=50.36%  TCN_GRU=50.36%  TCN_Transformer=51.09%  NBEATS=53.28%
      [scaler] range [-5.00, 5.00]  17.7% outside [-1,1]
      [PCA]    23 components → 90.7% explained variance
      [LSTM    ] acc=0.482
      [BiLSTM  ] acc=0.511
      [GRU     ] acc=0.511
      [CNN_LSTM] acc=0.489
      [CNN_GRU ] acc=0.489
      [TCN_GRU ] acc=0.453
      [TCN_Transformer] acc=0.518
      [NBEATS  ] acc=0.489
      [calib]  temperature T=0.336  (prob spread: [0.460, 0.693])
    ✗ Win 4 | 85% train | test_n=137 | OOS=49.64% | AUC=0.520 | F1=0.646 | LGB=47.45% | XGB=49.64% | T=0.34
         Dir → UP=49.22%  DOWN=55.56%  NEUTRAL=0.0%
         DL  → LSTM=48.18%  BiLSTM=51.09%  GRU=51.09%  CNN_LSTM=48.91%  CNN_GRU=48.91%  TCN_GRU=45.26%  TCN_Transformer=51.82%  NBEATS=48.91%
      [scaler] range [-5.00, 5.00]  17.6% outside [-1,1]
      [PCA]    23 components → 90.6% explained variance
      [LSTM    ] acc=0.536
      [BiLSTM  ] acc=0.543
      [GRU     ] acc=0.500
      [CNN_LSTM] acc=0.551
      [CNN_GRU ] acc=0.522
      [TCN_GRU ] acc=0.507
      [TCN_Transformer] acc=0.529
      [NBEATS  ] acc=0.551
      [calib]  temperature T=1.060  (prob spread: [0.456, 0.606])
    ~ Win 5 | 90% train | test_n=138 | OOS=54.35% | AUC=0.505 | F1=0.693 | LGB=55.07% | XGB=55.07% | T=1.06
         Dir → UP=55.04%  DOWN=44.44%  NEUTRAL=0.0%
         DL  → LSTM=53.62%  BiLSTM=54.35%  GRU=50.00%  CNN_LSTM=55.07%  CNN_GRU=52.17%  TCN_GRU=50.72%  TCN_Transformer=52.90%  NBEATS=55.07%
      [scaler] range [-5.00, 5.00]  17.6% outside [-1,1]
      [PCA]    23 components → 90.5% explained variance
      [LSTM    ] acc=0.565
      [BiLSTM  ] acc=0.522
      [GRU     ] acc=0.536
      [CNN_LSTM] acc=0.391
      [CNN_GRU ] acc=0.551
      [TCN_GRU ] acc=0.478
      [TCN_Transformer] acc=0.580
      [NBEATS  ] acc=0.594
      [calib]  temperature T=4.571  (prob spread: [0.477, 0.517])
    ✗ Win 6 | 95% train | test_n=69 | OOS=44.93% | AUC=0.447 | F1=0.596 | LGB=57.97% | XGB=57.97% | T=4.57
         Dir → UP=51.85%  DOWN=20.00%  NEUTRAL=0.0%
         DL  → LSTM=56.52%  BiLSTM=52.17%  GRU=53.62%  CNN_LSTM=39.13%  CNN_GRU=55.07%  TCN_GRU=47.83%  TCN_Transformer=57.97%  NBEATS=59.42%
  [3/3] OOS Overall → Accuracy=49.93%  F1=0.6004  (755 preds, 6 wins, avg_T=1.13)

A module that was compiled using NumPy 1.x cannot be run in
NumPy 2.2.6 as it may crash. To support both 1.x and 2.x
versions of NumPy, modules must be compiled with NumPy 2.0.
Some module may need to rebuild instead e.g. with 'pybind11>=2.12'.

If you are a user of the module, the easiest solution will be to
downgrade to 'numpy<2' or try to upgrade the affected module.
We expect that some modules will need time to support NumPy 2.

Traceback (most recent call last):  File "<string>", line 1, in <module>
  File "C:\Users\Home\AppData\Local\Programs\Python\Python310\lib\multiprocessing\spawn.py", line 116, in spawn_main
    exitcode = _main(fd, parent_sentinel)
  File "C:\Users\Home\AppData\Local\Programs\Python\Python310\lib\multiprocessing\spawn.py", line 129, in _main
    return self._bootstrap(parent_sentinel)
  File "C:\Users\Home\AppData\Local\Programs\Python\Python310\lib\multiprocessing\process.py", line 314, in _bootstrap
    self.run()
  File "C:\Users\Home\AppData\Local\Programs\Python\Python310\lib\multiprocessing\process.py", line 108, in run
    self._target(*self._args, **self._kwargs)
  File "C:\Users\Home\AppData\Local\Programs\Python\Python310\lib\concurrent\futures\process.py", line 246, in _process_worker
    r = call_item.fn(*call_item.args, **call_item.kwargs)
  File "C:\Users\Home\Documents\AI_IN_STOCK_V2\V3\07_pipeline\run_pipeline.py", line 266, in _run_symbol_worker
    return run_symbol(
  File "C:\Users\Home\Documents\AI_IN_STOCK_V2\V3\07_pipeline\run_pipeline.py", line 1839, in run_symbol
    plot_oos_accuracy(window_rows, symbol, sym_plot_path)
  File "C:\Users\Home\Documents\AI_IN_STOCK_V2\V3\07_pipeline\run_pipeline.py", line 1467, in plot_oos_accuracy
    plt = _mpl()
  File "C:\Users\Home\Documents\AI_IN_STOCK_V2\V3\07_pipeline\run_pipeline.py", line 1459, in _mpl
    import matplotlib; matplotlib.use("Agg")
  File "C:\Users\Home\AppData\Local\Programs\Python\Python310\lib\site-packages\matplotlib\__init__.py", line 144, in <module>
    from . import _api, _version, cbook, _docstring, rcsetup
  File "C:\Users\Home\AppData\Local\Programs\Python\Python310\lib\site-packages\matplotlib\rcsetup.py", line 27, in <module>
    from matplotlib.colors import Colormap, is_color_like
  File "C:\Users\Home\AppData\Local\Programs\Python\Python310\lib\site-packages\matplotlib\colors.py", line 56, in <module>
    from matplotlib import _api, _cm, cbook, scale
  File "C:\Users\Home\AppData\Local\Programs\Python\Python310\lib\site-packages\matplotlib\scale.py", line 22, in <module>
    from matplotlib.ticker import (
  File "C:\Users\Home\AppData\Local\Programs\Python\Python310\lib\site-packages\matplotlib\ticker.py", line 138, in <module>
    from matplotlib import transforms as mtransforms
  File "C:\Users\Home\AppData\Local\Programs\Python\Python310\lib\site-packages\matplotlib\transforms.py", line 49, in <module>
    from matplotlib._path import (
AttributeError: _ARRAY_API not found
  ⚠ Plot error: numpy.core.multiarray failed to import
