
────────────────────────────────────────────────────────────
  GRASIM
────────────────────────────────────────────────────────────
  GRASIM       ↻ computing features ... ✓ 1357 rows × 159 features
  [1/3] Walk-forward: 6 windows  |  1357 rows  |  159 features
        Win 1: train[0:855]  val[855:949]  test[949:1085]  (70%)
        Win 2: train[0:916]  val[916:1017]  test[1017:1153]  (75%)
        Win 3: train[0:977]  val[977:1085]  test[1085:1221]  (80%)
        Win 4: train[0:1038]  val[1038:1153]  test[1153:1289]  (85%)
        Win 5: train[0:1099]  val[1099:1221]  test[1221:1357]  (90%)
        Win 6: train[0:1161]  val[1161:1289]  test[1289:1357]  (95%)
  [1b] Feature selection: top 50 of 159 ... ✓ 50 features kept
  [2/3] Training...
      [scaler] range [-5.00, 5.00]  17.0% outside [-1,1]
      [PCA]    23 components → 90.0% explained variance
      [LSTM    ] acc=0.588
      [BiLSTM  ] acc=0.522
      [GRU     ] acc=0.537
      [CNN_LSTM] acc=0.566
      [CNN_GRU ] acc=0.515
      [TCN_GRU ] acc=0.559
      [TCN_Transformer] acc=0.522
      [NBEATS  ] acc=0.588
      [calib]  temperature T=1.504  (prob spread: [0.469, 0.602])
    ✓ Win 1 | 70% train | test_n=136 | OOS=59.56% | AUC=0.585 | F1=0.724 | LGB=57.35% | XGB=58.82% | T=1.50
         Dir → UP=60.50%  DOWN=52.94%  NEUTRAL=0.0%
         DL  → LSTM=58.82%  BiLSTM=52.21%  GRU=53.68%  CNN_LSTM=56.62%  CNN_GRU=51.47%  TCN_GRU=55.88%  TCN_Transformer=52.21%  NBEATS=58.82%
      [scaler] range [-5.00, 5.00]  17.6% outside [-1,1]
      [PCA]    23 components → 90.0% explained variance
      [LSTM    ] acc=0.493
      [BiLSTM  ] acc=0.551
      [GRU     ] acc=0.507
      [CNN_LSTM] acc=0.463
      [CNN_GRU ] acc=0.485
      [TCN_GRU ] acc=0.500
      [TCN_Transformer] acc=0.522
      [NBEATS  ] acc=0.485
      [calib]  temperature T=0.459  (prob spread: [0.214, 0.841])
    ✗ Win 2 | 75% train | test_n=136 | OOS=49.26% | AUC=0.478 | F1=0.606 | LGB=52.21% | XGB=54.41% | T=0.46
         Dir → UP=50.96%  DOWN=43.75%  NEUTRAL=0.0%
         DL  → LSTM=49.26%  BiLSTM=55.15%  GRU=50.74%  CNN_LSTM=46.32%  CNN_GRU=48.53%  TCN_GRU=50.00%  TCN_Transformer=52.21%  NBEATS=48.53%
      [scaler] range [-5.00, 5.00]  17.9% outside [-1,1]
      [PCA]    23 components → 90.1% explained variance
      [LSTM    ] acc=0.485
      [BiLSTM  ] acc=0.463
      [GRU     ] acc=0.471
      [CNN_LSTM] acc=0.485
      [CNN_GRU ] acc=0.507
      [TCN_GRU ] acc=0.493
      [TCN_Transformer] acc=0.463
      [NBEATS  ] acc=0.478
      [calib]  temperature T=0.387  (prob spread: [0.371, 0.838])
    ~ Win 3 | 80% train | test_n=136 | OOS=54.41% | AUC=0.486 | F1=0.674 | LGB=53.68% | XGB=52.94% | T=0.39
         Dir → UP=52.46%  DOWN=71.43%  NEUTRAL=0.0%
         DL  → LSTM=48.53%  BiLSTM=46.32%  GRU=47.06%  CNN_LSTM=48.53%  CNN_GRU=50.74%  TCN_GRU=49.26%  TCN_Transformer=46.32%  NBEATS=47.79%
      [scaler] range [-5.00, 5.00]  18.1% outside [-1,1]
      [PCA]    23 components → 90.1% explained variance
      [LSTM    ] acc=0.463
      [BiLSTM  ] acc=0.485
      [GRU     ] acc=0.500
      [CNN_LSTM] acc=0.471
      [CNN_GRU ] acc=0.419
      [TCN_GRU ] acc=0.434
      [TCN_Transformer] acc=0.515
      [NBEATS  ] acc=0.529
      [calib]  temperature T=1.352  (prob spread: [0.426, 0.615])
    ✗ Win 4 | 85% train | test_n=136 | OOS=45.59% | AUC=0.484 | F1=0.602 | LGB=48.53% | XGB=48.53% | T=1.35
         Dir → UP=46.67%  DOWN=37.50%  NEUTRAL=0.0%
         DL  → LSTM=46.32%  BiLSTM=48.53%  GRU=50.00%  CNN_LSTM=47.06%  CNN_GRU=41.91%  TCN_GRU=43.38%  TCN_Transformer=51.47%  NBEATS=52.94%
      [scaler] range [-5.00, 5.00]  18.2% outside [-1,1]
      [PCA]    24 components → 90.8% explained variance
      [LSTM    ] acc=0.493
      [BiLSTM  ] acc=0.478
      [GRU     ] acc=0.507
      [CNN_LSTM] acc=0.471
      [CNN_GRU ] acc=0.463
      [TCN_GRU ] acc=0.500
      [TCN_Transformer] acc=0.529
      [NBEATS  ] acc=0.463
      [calib]  temperature T=2.152  (prob spread: [0.487, 0.534])
    ✗ Win 5 | 90% train | test_n=136 | OOS=47.79% | AUC=0.501 | F1=0.643 | LGB=44.85% | XGB=45.59% | T=2.15
         Dir → UP=47.41%  DOWN=100.00%  NEUTRAL=0.0%
         DL  → LSTM=49.26%  BiLSTM=47.79%  GRU=50.74%  CNN_LSTM=47.06%  CNN_GRU=46.32%  TCN_GRU=50.00%  TCN_Transformer=52.94%  NBEATS=46.32%
      [scaler] range [-5.00, 5.00]  18.2% outside [-1,1]
      [PCA]    24 components → 90.7% explained variance
      [LSTM    ] acc=0.500
      [BiLSTM  ] acc=0.500
      [GRU     ] acc=0.456
      [CNN_LSTM] acc=0.500
      [CNN_GRU ] acc=0.456
      [TCN_GRU ] acc=0.544
      [TCN_Transformer] acc=0.544
      [NBEATS  ] acc=0.500
      [calib]  temperature T=8.000  (prob spread: [0.500, 0.508])
    ✗ Win 6 | 95% train | test_n=68 | OOS=48.53% | AUC=0.292 | F1=0.653 | LGB=50.00% | XGB=50.00% | T=8.00
         Dir → UP=49.25%  DOWN=0.00%  NEUTRAL=0.0%
         DL  → LSTM=50.00%  BiLSTM=50.00%  GRU=45.59%  CNN_LSTM=50.00%  CNN_GRU=45.59%  TCN_GRU=54.41%  TCN_Transformer=54.41%  NBEATS=50.00%
  [3/3] OOS Overall → Accuracy=51.07%  F1=0.6514  (748 preds, 6 wins, avg_T=2.31)
  Plots → 06_results\runs\20260307_141956\GRASIM\plots
