
────────────────────────────────────────────────────────────
  ABB
────────────────────────────────────────────────────────────
  ABB          ↻ computing features ... ✓ 1385 rows × 159 features
  [1/3] Walk-forward: 6 windows  |  1385 rows  |  159 features
        Win 1: train[0:873]  val[873:969]  test[969:1108]  (70%)
        Win 2: train[0:935]  val[935:1038]  test[1038:1177]  (75%)
        Win 3: train[0:998]  val[998:1108]  test[1108:1246]  (80%)
        Win 4: train[0:1060]  val[1060:1177]  test[1177:1315]  (85%)
        Win 5: train[0:1122]  val[1122:1246]  test[1246:1385]  (90%)
        Win 6: train[0:1184]  val[1184:1315]  test[1315:1385]  (95%)
  [1b] Feature selection: top 50 of 159 ... ✓ 50 features kept
  [2/3] Training...
      [scaler] range [-4.38, 5.00]  17.8% outside [-1,1]
      [PCA]    25 components → 90.2% explained variance
      [LSTM    ] acc=0.597
      [BiLSTM  ] acc=0.547
      [GRU     ] acc=0.597
      [CNN_LSTM] acc=0.561
      [CNN_GRU ] acc=0.597
      [TCN_GRU ] acc=0.604
      [TCN_Transformer] acc=0.583
      [NBEATS  ] acc=0.540
      [calib]  temperature T=0.705  (prob spread: [0.246, 0.756])
    ✗ Win 1 | 70% train | test_n=139 | OOS=46.76% | AUC=0.478 | F1=0.560 | LGB=56.12% | XGB=57.55% | T=0.70
         Dir → UP=54.02%  DOWN=34.62%  NEUTRAL=0.0%
         DL  → LSTM=59.71%  BiLSTM=54.68%  GRU=59.71%  CNN_LSTM=56.12%  CNN_GRU=59.71%  TCN_GRU=60.43%  TCN_Transformer=58.27%  NBEATS=53.96%
      [scaler] range [-4.30, 5.00]  17.5% outside [-1,1]
      [PCA]    25 components → 90.2% explained variance
      [LSTM    ] acc=0.532
      [BiLSTM  ] acc=0.518
      [GRU     ] acc=0.576
      [CNN_LSTM] acc=0.496
      [CNN_GRU ] acc=0.482
      [TCN_GRU ] acc=0.496
      [TCN_Transformer] acc=0.511
      [NBEATS  ] acc=0.446
      [calib]  temperature T=0.505  (prob spread: [0.208, 0.759])
    ✗ Win 2 | 75% train | test_n=139 | OOS=47.48% | AUC=0.493 | F1=0.563 | LGB=53.24% | XGB=51.08% | T=0.51
         Dir → UP=49.47%  DOWN=43.18%  NEUTRAL=0.0%
         DL  → LSTM=53.24%  BiLSTM=51.80%  GRU=57.55%  CNN_LSTM=49.64%  CNN_GRU=48.20%  TCN_GRU=49.64%  TCN_Transformer=51.08%  NBEATS=44.60%
      [scaler] range [-4.31, 5.00]  17.4% outside [-1,1]
      [PCA]    25 components → 90.1% explained variance
      [LSTM    ] acc=0.507
      [BiLSTM  ] acc=0.493
      [GRU     ] acc=0.471
      [CNN_LSTM] acc=0.522
      [CNN_GRU ] acc=0.522
      [TCN_GRU ] acc=0.493
      [TCN_Transformer] acc=0.478
      [NBEATS  ] acc=0.486
      [calib]  temperature T=0.406  (prob spread: [0.330, 0.694])
    ~ Win 3 | 80% train | test_n=138 | OOS=52.17% | AUC=0.521 | F1=0.612 | LGB=49.28% | XGB=46.38% | T=0.41
         Dir → UP=50.98%  DOWN=55.56%  NEUTRAL=0.0%
         DL  → LSTM=50.72%  BiLSTM=49.28%  GRU=47.10%  CNN_LSTM=52.17%  CNN_GRU=52.17%  TCN_GRU=49.28%  TCN_Transformer=47.83%  NBEATS=48.55%
      [scaler] range [-4.32, 5.00]  17.3% outside [-1,1]
      [PCA]    25 components → 90.1% explained variance
      [LSTM    ] acc=0.529
      [BiLSTM  ] acc=0.478
      [GRU     ] acc=0.486
      [CNN_LSTM] acc=0.486
      [CNN_GRU ] acc=0.449
      [TCN_GRU ] acc=0.522
      [TCN_Transformer] acc=0.464
      [NBEATS  ] acc=0.514
      [calib]  temperature T=8.000  (prob spread: [0.499, 0.506])
    ✗ Win 4 | 85% train | test_n=138 | OOS=45.65% | AUC=0.453 | F1=0.607 | LGB=49.28% | XGB=49.28% | T=8.00
         Dir → UP=47.15%  DOWN=33.33%  NEUTRAL=0.0%
         DL  → LSTM=52.90%  BiLSTM=47.83%  GRU=48.55%  CNN_LSTM=48.55%  CNN_GRU=44.93%  TCN_GRU=52.17%  TCN_Transformer=46.38%  NBEATS=51.45%
      [scaler] range [-4.15, 5.00]  17.2% outside [-1,1]
      [PCA]    26 components → 90.9% explained variance
      [LSTM    ] acc=0.489
      [BiLSTM  ] acc=0.489
      [GRU     ] acc=0.489
      [CNN_LSTM] acc=0.496
      [CNN_GRU ] acc=0.496
      [TCN_GRU ] acc=0.482
      [TCN_Transformer] acc=0.460
      [NBEATS  ] acc=0.496
      [calib]  temperature T=8.000  (prob spread: [0.497, 0.512])
    ✗ Win 5 | 90% train | test_n=139 | OOS=48.92% | AUC=0.471 | F1=0.650 | LGB=48.92% | XGB=48.92% | T=8.00
         Dir → UP=48.89%  DOWN=50.00%  NEUTRAL=0.0%
         DL  → LSTM=48.92%  BiLSTM=48.92%  GRU=48.92%  CNN_LSTM=49.64%  CNN_GRU=49.64%  TCN_GRU=48.20%  TCN_Transformer=46.04%  NBEATS=49.64%
      [scaler] range [-3.89, 5.00]  17.1% outside [-1,1]
      [PCA]    26 components → 90.9% explained variance
      [LSTM    ] acc=0.500
      [BiLSTM  ] acc=0.500
      [GRU     ] acc=0.471
      [CNN_LSTM] acc=0.443
      [CNN_GRU ] acc=0.514
      [TCN_GRU ] acc=0.571
      [TCN_Transformer] acc=0.429
      [NBEATS  ] acc=0.500
      [calib]  temperature T=8.000  (prob spread: [0.499, 0.505])
    ~ Win 6 | 95% train | test_n=70 | OOS=50.00% | AUC=0.509 | F1=0.660 | LGB=50.00% | XGB=50.00% | T=8.00
         Dir → UP=50.00%  DOWN=50.00%  NEUTRAL=0.0%
         DL  → LSTM=50.00%  BiLSTM=50.00%  GRU=47.14%  CNN_LSTM=44.29%  CNN_GRU=51.43%  TCN_GRU=57.14%  TCN_Transformer=42.86%  NBEATS=50.00%
  [3/3] OOS Overall → Accuracy=48.36%  F1=0.6068  (763 preds, 6 wins, avg_T=4.27)
  Plots → 06_results\runs\20260307_141956\ABB\plots
