
────────────────────────────────────────────────────────────
  IRFC
────────────────────────────────────────────────────────────
  IRFC         ↻ computing features ... ✓ 757 rows × 153 features
  [1/3] Walk-forward: 6 windows  |  757 rows  |  153 features
        Win 1: train[0:477]  val[477:529]  test[529:605]  (70%)
        Win 2: train[0:511]  val[511:567]  test[567:643]  (75%)
        Win 3: train[0:545]  val[545:605]  test[605:681]  (80%)
        Win 4: train[0:579]  val[579:643]  test[643:719]  (85%)
        Win 5: train[0:613]  val[613:681]  test[681:757]  (90%)
        Win 6: train[0:648]  val[648:719]  test[719:757]  (95%)
  [1b] Feature selection: top 50 of 153 ... ✓ 50 features kept
  [2/3] Training...
      [scaler] range [-4.46, 5.00]  15.7% outside [-1,1]
      [PCA]    23 components → 90.9% explained variance
      [LSTM    ] acc=0.408
      [BiLSTM  ] acc=0.434
      [GRU     ] acc=0.500
      [CNN_LSTM] acc=0.539
      [CNN_GRU ] acc=0.500
      [TCN_GRU ] acc=0.461
      [TCN_Transformer] acc=0.539
      [NBEATS  ] acc=0.513
      [calib]  temperature T=0.347  (prob spread: [0.238, 0.749])
    ~ Win 1 | 70% train | test_n=76 | OOS=51.32% | AUC=0.403 | F1=0.327 | LGB=39.47% | XGB=46.05% | T=0.35
         Dir → UP=42.86%  DOWN=54.55%  NEUTRAL=0.0%
         DL  → LSTM=40.79%  BiLSTM=43.42%  GRU=50.00%  CNN_LSTM=53.95%  CNN_GRU=50.00%  TCN_GRU=46.05%  TCN_Transformer=53.95%  NBEATS=51.32%
      [scaler] range [-4.26, 5.00]  15.9% outside [-1,1]
      [PCA]    23 components → 90.6% explained variance
      [LSTM    ] acc=0.461
      [BiLSTM  ] acc=0.526
      [GRU     ] acc=0.579
      [CNN_LSTM] acc=0.539
      [CNN_GRU ] acc=0.579
      [TCN_GRU ] acc=0.434
      [TCN_Transformer] acc=0.539
      [NBEATS  ] acc=0.461
      [calib]  temperature T=0.509  (prob spread: [0.295, 0.613])
    ~ Win 2 | 75% train | test_n=76 | OOS=52.63% | AUC=0.513 | F1=0.471 | LGB=51.32% | XGB=48.68% | T=0.51
         Dir → UP=48.48%  DOWN=55.81%  NEUTRAL=0.0%
         DL  → LSTM=46.05%  BiLSTM=52.63%  GRU=57.89%  CNN_LSTM=53.95%  CNN_GRU=57.89%  TCN_GRU=43.42%  TCN_Transformer=53.95%  NBEATS=46.05%
      [scaler] range [-4.08, 5.00]  16.1% outside [-1,1]
      [PCA]    23 components → 90.4% explained variance
      [LSTM    ] acc=0.500
      [BiLSTM  ] acc=0.579
      [GRU     ] acc=0.605
      [CNN_LSTM] acc=0.487
      [CNN_GRU ] acc=0.513
      [TCN_GRU ] acc=0.513
      [TCN_Transformer] acc=0.553
      [NBEATS  ] acc=0.513
      [calib]  temperature T=0.266  (prob spread: [0.080, 0.825])
    ✗ Win 3 | 80% train | test_n=76 | OOS=48.68% | AUC=0.515 | F1=0.494 | LGB=56.58% | XGB=51.32% | T=0.27
         Dir → UP=43.18%  DOWN=56.25%  NEUTRAL=0.0%
         DL  → LSTM=50.00%  BiLSTM=57.89%  GRU=60.53%  CNN_LSTM=48.68%  CNN_GRU=51.32%  TCN_GRU=51.32%  TCN_Transformer=55.26%  NBEATS=51.32%
      [scaler] range [-3.95, 5.00]  15.8% outside [-1,1]
      [PCA]    23 components → 90.2% explained variance
      [LSTM    ] acc=0.632
      [BiLSTM  ] acc=0.539
      [GRU     ] acc=0.618
      [CNN_LSTM] acc=0.605
      [CNN_GRU ] acc=0.618
      [TCN_GRU ] acc=0.513
      [TCN_Transformer] acc=0.592
      [NBEATS  ] acc=0.553
      [calib]  temperature T=0.100  (prob spread: [0.007, 0.965])
    ✓ Win 4 | 85% train | test_n=76 | OOS=63.16% | AUC=0.582 | F1=0.364 | LGB=61.84% | XGB=61.84% | T=0.10
         Dir → UP=53.33%  DOWN=65.57%  NEUTRAL=0.0%
         DL  → LSTM=63.16%  BiLSTM=53.95%  GRU=61.84%  CNN_LSTM=60.53%  CNN_GRU=61.84%  TCN_GRU=51.32%  TCN_Transformer=59.21%  NBEATS=55.26%
      [scaler] range [-3.79, 5.00]  15.8% outside [-1,1]
      [PCA]    24 components → 90.9% explained variance
      [LSTM    ] acc=0.513
      [BiLSTM  ] acc=0.539
      [GRU     ] acc=0.526
      [CNN_LSTM] acc=0.461
      [CNN_GRU ] acc=0.474
      [TCN_GRU ] acc=0.500
      [TCN_Transformer] acc=0.526
      [NBEATS  ] acc=0.474
      [calib]  temperature T=0.358  (prob spread: [0.176, 0.832])
    ~ Win 5 | 90% train | test_n=76 | OOS=50.00% | AUC=0.470 | F1=0.406 | LGB=55.26% | XGB=55.26% | T=0.36
         Dir → UP=38.24%  DOWN=59.52%  NEUTRAL=0.0%
         DL  → LSTM=51.32%  BiLSTM=53.95%  GRU=52.63%  CNN_LSTM=46.05%  CNN_GRU=47.37%  TCN_GRU=50.00%  TCN_Transformer=52.63%  NBEATS=47.37%
      [scaler] range [-3.67, 5.00]  15.8% outside [-1,1]
      [PCA]    24 components → 90.9% explained variance
      [LSTM    ] acc=0.421
      [BiLSTM  ] acc=0.368
      [GRU     ] acc=0.421
      [CNN_LSTM] acc=0.447
      [CNN_GRU ] acc=0.395
      [TCN_GRU ] acc=0.421
      [TCN_Transformer] acc=0.395
      [NBEATS  ] acc=0.553
      [calib]  temperature T=0.583  (prob spread: [0.369, 0.770])
    ✗ Win 6 | 95% train | test_n=38 | OOS=36.84% | AUC=0.389 | F1=0.400 | LGB=44.74% | XGB=44.74% | T=0.58
         Dir → UP=33.33%  DOWN=42.86%  NEUTRAL=0.0%
         DL  → LSTM=42.11%  BiLSTM=36.84%  GRU=42.11%  CNN_LSTM=44.74%  CNN_GRU=39.47%  TCN_GRU=42.11%  TCN_Transformer=39.47%  NBEATS=55.26%
  [3/3] OOS Overall → Accuracy=51.67%  F1=0.4195  (418 preds, 6 wins, avg_T=0.36)
  Plots → 06_results\runs\20260311_010027\IRFC\plots
