
────────────────────────────────────────────────────────────
  RELIANCE
────────────────────────────────────────────────────────────
  RELIANCE     ✓ features cached  (1302 rows × 159 feat)
  [1/3] Walk-forward: 6 windows  |  1302 rows  |  159 features
        Win 1: train[0:820]  val[820:911]  test[911:1041]  (70%)
        Win 2: train[0:879]  val[879:976]  test[976:1106]  (75%)
        Win 3: train[0:937]  val[937:1041]  test[1041:1171]  (80%)
        Win 4: train[0:996]  val[996:1106]  test[1106:1236]  (85%)
        Win 5: train[0:1054]  val[1054:1171]  test[1171:1302]  (90%)
        Win 6: train[0:1113]  val[1113:1236]  test[1236:1302]  (95%)
  [1b] Feature selection: top 50 of 159 ... ✓ 50 features kept
  [2/3] Training...
      [scaler] range [-5.00, 5.00]  15.8% outside [-1,1]
      [PCA]    24 components → 90.1% explained variance
      [LSTM    ] acc=0.462
      [BiLSTM  ] acc=0.492
      [GRU     ] acc=0.477
      [CNN_LSTM] acc=0.546
      [CNN_GRU ] acc=0.562
      [TCN_GRU ] acc=0.485
      [TCN_Transformer] acc=0.446
      [NBEATS  ] acc=0.485
      [calib]  temperature T=0.300  (prob spread: [0.374, 0.572])
    ✗ Win 1 | 70% train | test_n=130 | OOS=45.38% | AUC=0.548 | F1=0.360 | LGB=42.31% | XGB=53.85% | T=0.30
         Dir → UP=55.56%  DOWN=41.49%  NEUTRAL=0.0%
         DL  → LSTM=46.15%  BiLSTM=49.23%  GRU=47.69%  CNN_LSTM=54.62%  CNN_GRU=56.15%  TCN_GRU=48.46%  TCN_Transformer=44.62%  NBEATS=48.46%
      [scaler] range [-5.00, 5.00]  15.9% outside [-1,1]
      [PCA]    25 components → 90.8% explained variance
      [LSTM    ] acc=0.523
      [BiLSTM  ] acc=0.492
      [GRU     ] acc=0.577
      [CNN_LSTM] acc=0.577
      [CNN_GRU ] acc=0.515
      [TCN_GRU ] acc=0.500
      [TCN_Transformer] acc=0.492
      [NBEATS  ] acc=0.446
      [calib]  temperature T=0.130  (prob spread: [0.241, 0.855])
    ✗ Win 2 | 75% train | test_n=130 | OOS=46.92% | AUC=0.496 | F1=0.566 | LGB=50.00% | XGB=49.23% | T=0.13
         Dir → UP=46.39%  DOWN=48.48%  NEUTRAL=0.0%
         DL  → LSTM=52.31%  BiLSTM=49.23%  GRU=57.69%  CNN_LSTM=57.69%  CNN_GRU=51.54%  TCN_GRU=50.00%  TCN_Transformer=49.23%  NBEATS=44.62%
      [scaler] range [-5.00, 5.00]  15.9% outside [-1,1]
      [PCA]    25 components → 90.9% explained variance
      [LSTM    ] acc=0.492
      [BiLSTM  ] acc=0.492
      [GRU     ] acc=0.438
      [CNN_LSTM] acc=0.485
      [CNN_GRU ] acc=0.469
      [TCN_GRU ] acc=0.562
      [TCN_Transformer] acc=0.469
      [NBEATS  ] acc=0.485
      [calib]  temperature T=0.282  (prob spread: [0.140, 0.949])
    ~ Win 3 | 80% train | test_n=130 | OOS=50.00% | AUC=0.462 | F1=0.645 | LGB=53.08% | XGB=51.54% | T=0.28
         Dir → UP=49.17%  DOWN=60.00%  NEUTRAL=0.0%
         DL  → LSTM=49.23%  BiLSTM=49.23%  GRU=43.85%  CNN_LSTM=48.46%  CNN_GRU=46.92%  TCN_GRU=56.15%  TCN_Transformer=46.92%  NBEATS=48.46%
      [scaler] range [-5.00, 5.00]  15.7% outside [-1,1]
      [PCA]    25 components → 90.8% explained variance
      [LSTM    ] acc=0.492
      [BiLSTM  ] acc=0.485
      [GRU     ] acc=0.438
      [CNN_LSTM] acc=0.531
      [CNN_GRU ] acc=0.477
      [TCN_GRU ] acc=0.577
      [TCN_Transformer] acc=0.469
      [NBEATS  ] acc=0.492
      [calib]  temperature T=3.120  (prob spread: [0.493, 0.521])
    ~ Win 4 | 85% train | test_n=130 | OOS=52.31% | AUC=0.538 | F1=0.603 | LGB=50.00% | XGB=46.15% | T=3.12
         Dir → UP=50.54%  DOWN=56.76%  NEUTRAL=0.0%
         DL  → LSTM=49.23%  BiLSTM=48.46%  GRU=43.85%  CNN_LSTM=53.08%  CNN_GRU=47.69%  TCN_GRU=57.69%  TCN_Transformer=46.92%  NBEATS=49.23%
      [scaler] range [-5.00, 5.00]  15.8% outside [-1,1]
      [PCA]    25 components → 90.7% explained variance
      [LSTM    ] acc=0.481
      [BiLSTM  ] acc=0.489
      [GRU     ] acc=0.496
      [CNN_LSTM] acc=0.473
      [CNN_GRU ] acc=0.496
      [TCN_GRU ] acc=0.481
      [TCN_Transformer] acc=0.542
      [NBEATS  ] acc=0.466
      [calib]  temperature T=1.739  (prob spread: [0.486, 0.546])
    ✗ Win 5 | 90% train | test_n=131 | OOS=48.85% | AUC=0.522 | F1=0.550 | LGB=48.09% | XGB=48.09% | T=1.74
         Dir → UP=47.67%  DOWN=51.11%  NEUTRAL=0.0%
         DL  → LSTM=48.09%  BiLSTM=48.85%  GRU=49.62%  CNN_LSTM=47.33%  CNN_GRU=49.62%  TCN_GRU=48.09%  TCN_Transformer=54.20%  NBEATS=46.56%
      [scaler] range [-5.00, 5.00]  15.6% outside [-1,1]
      [PCA]    25 components → 90.6% explained variance
      [LSTM    ] acc=0.530
      [BiLSTM  ] acc=0.470
      [GRU     ] acc=0.545
      [CNN_LSTM] acc=0.591
      [CNN_GRU ] acc=0.515
      [TCN_GRU ] acc=0.591
      [TCN_Transformer] acc=0.455
      [NBEATS  ] acc=0.545
      [calib]  temperature T=0.822  (prob spread: [0.468, 0.588])
    ~ Win 6 | 95% train | test_n=66 | OOS=53.03% | AUC=0.547 | F1=0.563 | LGB=54.55% | XGB=53.03% | T=0.82
         Dir → UP=55.56%  DOWN=50.00%  NEUTRAL=0.0%
         DL  → LSTM=53.03%  BiLSTM=46.97%  GRU=54.55%  CNN_LSTM=59.09%  CNN_GRU=51.52%  TCN_GRU=59.09%  TCN_Transformer=45.45%  NBEATS=54.55%
  [3/3] OOS Overall → Accuracy=49.09%  F1=0.5597  (717 preds, 6 wins, avg_T=1.07)
  Plots → 06_results\runs\20260307_141956\RELIANCE\plots
