
────────────────────────────────────────────────────────────
  VOLTAS
────────────────────────────────────────────────────────────
  VOLTAS       ↻ computing features ... ✓ 1393 rows × 159 features
  [1/3] Walk-forward: 6 windows  |  1393 rows  |  159 features
        Win 1: train[0:878]  val[878:975]  test[975:1114]  (70%)
        Win 2: train[0:940]  val[940:1044]  test[1044:1184]  (75%)
        Win 3: train[0:1003]  val[1003:1114]  test[1114:1253]  (80%)
        Win 4: train[0:1066]  val[1066:1184]  test[1184:1323]  (85%)
        Win 5: train[0:1128]  val[1128:1253]  test[1253:1393]  (90%)
        Win 6: train[0:1191]  val[1191:1323]  test[1323:1393]  (95%)
  [1b] Feature selection: top 50 of 159 ... ✓ 50 features kept
  [2/3] Training...
      [scaler] range [-5.00, 5.00]  17.1% outside [-1,1]
      [PCA]    26 components → 91.0% explained variance
      [LSTM    ] acc=0.532
      [BiLSTM  ] acc=0.583
      [GRU     ] acc=0.511
      [CNN_LSTM] acc=0.475
      [CNN_GRU ] acc=0.547
      [TCN_GRU ] acc=0.532
      [TCN_Transformer] acc=0.496
      [NBEATS  ] acc=0.604
      [calib]  temperature T=0.424  (prob spread: [0.226, 0.705])
    ✓ Win 1 | 70% train | test_n=139 | OOS=59.71% | AUC=0.584 | F1=0.671 | LGB=39.57% | XGB=39.57% | T=0.42
         Dir → UP=66.28%  DOWN=49.06%  NEUTRAL=0.0%
         DL  → LSTM=53.24%  BiLSTM=58.27%  GRU=51.08%  CNN_LSTM=47.48%  CNN_GRU=54.68%  TCN_GRU=53.24%  TCN_Transformer=49.64%  NBEATS=60.43%
      [scaler] range [-5.00, 5.00]  16.9% outside [-1,1]
      [PCA]    26 components → 91.0% explained variance
      [LSTM    ] acc=0.486
      [BiLSTM  ] acc=0.486
      [GRU     ] acc=0.500
      [CNN_LSTM] acc=0.471
      [CNN_GRU ] acc=0.450
      [TCN_GRU ] acc=0.514
      [TCN_Transformer] acc=0.507
      [NBEATS  ] acc=0.521
      [calib]  temperature T=0.218  (prob spread: [0.395, 0.750])
    ✗ Win 2 | 75% train | test_n=140 | OOS=47.14% | AUC=0.448 | F1=0.602 | LGB=47.14% | XGB=51.43% | T=0.22
         Dir → UP=49.12%  DOWN=38.46%  NEUTRAL=0.0%
         DL  → LSTM=48.57%  BiLSTM=48.57%  GRU=50.00%  CNN_LSTM=47.14%  CNN_GRU=45.00%  TCN_GRU=51.43%  TCN_Transformer=50.71%  NBEATS=52.14%
      [scaler] range [-5.00, 5.00]  17.0% outside [-1,1]
      [PCA]    26 components → 90.8% explained variance
      [LSTM    ] acc=0.460
      [BiLSTM  ] acc=0.511
      [GRU     ] acc=0.489
      [CNN_LSTM] acc=0.468
      [CNN_GRU ] acc=0.489
      [TCN_GRU ] acc=0.511
      [TCN_Transformer] acc=0.482
      [NBEATS  ] acc=0.532
      [calib]  temperature T=0.100  (prob spread: [0.124, 0.832])
    ✗ Win 3 | 80% train | test_n=139 | OOS=44.60% | AUC=0.444 | F1=0.497 | LGB=45.32% | XGB=45.32% | T=0.10
         Dir → UP=42.22%  DOWN=48.98%  NEUTRAL=0.0%
         DL  → LSTM=46.04%  BiLSTM=51.08%  GRU=48.92%  CNN_LSTM=46.76%  CNN_GRU=48.92%  TCN_GRU=51.08%  TCN_Transformer=48.20%  NBEATS=53.24%
      [scaler] range [-5.00, 5.00]  17.1% outside [-1,1]
      [PCA]    26 components → 90.8% explained variance
      [LSTM    ] acc=0.482
      [BiLSTM  ] acc=0.576
      [GRU     ] acc=0.489
      [CNN_LSTM] acc=0.489
      [CNN_GRU ] acc=0.439
      [TCN_GRU ] acc=0.496
      [TCN_Transformer] acc=0.511
      [NBEATS  ] acc=0.540
      [calib]  temperature T=0.100  (prob spread: [0.335, 0.842])
    ~ Win 4 | 85% train | test_n=139 | OOS=51.08% | AUC=0.494 | F1=0.622 | LGB=53.24% | XGB=53.24% | T=0.10
         Dir → UP=52.83%  DOWN=45.45%  NEUTRAL=0.0%
         DL  → LSTM=48.20%  BiLSTM=57.55%  GRU=48.92%  CNN_LSTM=48.92%  CNN_GRU=43.88%  TCN_GRU=49.64%  TCN_Transformer=51.08%  NBEATS=53.96%
      [scaler] range [-5.00, 5.00]  17.2% outside [-1,1]
      [PCA]    26 components → 90.7% explained variance
      [LSTM    ] acc=0.550
      [BiLSTM  ] acc=0.536
      [GRU     ] acc=0.457
      [CNN_LSTM] acc=0.543
      [CNN_GRU ] acc=0.500
      [TCN_GRU ] acc=0.471
      [TCN_Transformer] acc=0.500
      [NBEATS  ] acc=0.443
      [calib]  temperature T=8.000  (prob spread: [0.490, 0.507])
    ~ Win 5 | 90% train | test_n=140 | OOS=55.00% | AUC=0.492 | F1=0.696 | LGB=54.29% | XGB=54.29% | T=8.00
         Dir → UP=54.96%  DOWN=55.56%  NEUTRAL=0.0%
         DL  → LSTM=55.00%  BiLSTM=53.57%  GRU=45.71%  CNN_LSTM=54.29%  CNN_GRU=50.00%  TCN_GRU=47.14%  TCN_Transformer=50.00%  NBEATS=44.29%
      [scaler] range [-5.00, 5.00]  17.4% outside [-1,1]
      [PCA]    26 components → 90.8% explained variance
      [LSTM    ] acc=0.500
      [BiLSTM  ] acc=0.486
      [GRU     ] acc=0.543
      [CNN_LSTM] acc=0.257
      [CNN_GRU ] acc=0.500
      [TCN_GRU ] acc=0.557
      [TCN_Transformer] acc=0.514
      [NBEATS  ] acc=0.486
      [calib]  temperature T=0.368  (prob spread: [0.483, 0.637])
    ~ Win 6 | 95% train | test_n=70 | OOS=50.00% | AUC=0.431 | F1=0.660 | LGB=51.43% | XGB=51.43% | T=0.37
         Dir → UP=50.75%  DOWN=33.33%  NEUTRAL=0.0%
         DL  → LSTM=50.00%  BiLSTM=48.57%  GRU=54.29%  CNN_LSTM=25.71%  CNN_GRU=50.00%  TCN_GRU=55.71%  TCN_Transformer=51.43%  NBEATS=48.57%
  [3/3] OOS Overall → Accuracy=51.37%  F1=0.6266  (767 preds, 6 wins, avg_T=1.54)
  Plots → 06_results\runs\20260307_141956\VOLTAS\plots
