2026-04-08 16:34:33.440 | INFO     | logging_config_module:setup_logging:54 | Logging initialized | run_id=20260408_163433 | log_file=/Users/vishwamshah/Documents/AI IN STOCK V3/AlgoTrading/V3/06_results/runs/20260408_163433/run_20260408_163433.log
2026-04-08 16:34:33.441 | INFO     | __main__:run_full_pipeline:100 | V3 TRAINING PIPELINE — 20260408_163433
2026-04-08 16:34:33.441 | INFO     | __main__:run_full_pipeline:101 | Symbols: 100 | Fresh: False | Test size: 100
2026-04-08 16:34:43.430 | INFO     | __main__:_process_stock:233 | SBIN: 7 windows | acc=50.08% ± 4.02% | pf=1.27
2026-04-08 16:34:43.436 | INFO     | __main__:run_full_pipeline:115 | ✓ SBIN
2026-04-08 16:34:54.972 | INFO     | __main__:_process_stock:233 | HDFCBANK: 7 windows | acc=49.75% ± 6.72% | pf=inf
2026-04-08 16:34:54.977 | INFO     | __main__:run_full_pipeline:115 | ✓ HDFCBANK
2026-04-08 16:35:15.421 | INFO     | __main__:_process_stock:233 | ICICIBANK: 7 windows | acc=47.45% ± 3.57% | pf=inf
2026-04-08 16:35:15.425 | INFO     | __main__:run_full_pipeline:115 | ✓ ICICIBANK
2026-04-08 16:36:05.523 | INFO     | __main__:_process_stock:233 | AXISBANK: 7 windows | acc=49.75% ± 4.63% | pf=1.70
2026-04-08 16:36:05.528 | INFO     | __main__:run_full_pipeline:115 | ✓ AXISBANK
2026-04-08 16:36:33.084 | INFO     | __main__:_process_stock:233 | KOTAKBANK: 7 windows | acc=54.19% ± 4.05% | pf=3.07
2026-04-08 16:36:33.088 | INFO     | __main__:run_full_pipeline:115 | ✓ KOTAKBANK
2026-04-08 16:37:10.364 | INFO     | __main__:_process_stock:233 | INDUSINDBK: 7 windows | acc=48.93% ± 2.81% | pf=2.54
2026-04-08 16:37:10.371 | INFO     | __main__:run_full_pipeline:115 | ✓ INDUSINDBK
2026-04-08 16:37:45.921 | INFO     | __main__:_process_stock:233 | BANDHANBNK: 7 windows | acc=50.25% ± 2.59% | pf=0.88
2026-04-08 16:37:45.926 | INFO     | __main__:run_full_pipeline:115 | ✓ BANDHANBNK
2026-04-08 16:38:22.569 | INFO     | __main__:_process_stock:233 | IDFCFIRSTB: 7 windows | acc=52.99% ± 2.48% | pf=inf
2026-04-08 16:38:22.573 | INFO     | __main__:run_full_pipeline:115 | ✓ IDFCFIRSTB
2026-04-08 16:39:01.769 | INFO     | __main__:_process_stock:233 | FEDERALBNK: 7 windows | acc=50.90% ± 6.81% | pf=inf
2026-04-08 16:39:01.774 | INFO     | __main__:run_full_pipeline:115 | ✓ FEDERALBNK
2026-04-08 16:39:51.635 | INFO     | __main__:_process_stock:233 | AUBANK: 7 windows | acc=54.19% ± 5.48% | pf=2.03
2026-04-08 16:39:51.640 | INFO     | __main__:run_full_pipeline:115 | ✓ AUBANK
2026-04-08 16:40:41.232 | INFO     | __main__:_process_stock:233 | BAJFINANCE: 7 windows | acc=52.71% ± 4.82% | pf=inf
2026-04-08 16:40:41.236 | INFO     | __main__:run_full_pipeline:115 | ✓ BAJFINANCE
2026-04-08 16:42:41.623 | INFO     | __main__:_process_stock:233 | BAJAJFINSV: 7 windows | acc=48.44% ± 2.71% | pf=0.90
2026-04-08 16:42:41.630 | INFO     | __main__:run_full_pipeline:115 | ✓ BAJAJFINSV
2026-04-08 16:43:39.889 | INFO     | __main__:_process_stock:233 | HDFCLIFE: 7 windows | acc=49.75% ± 5.98% | pf=inf
2026-04-08 16:43:39.894 | INFO     | __main__:run_full_pipeline:115 | ✓ HDFCLIFE
2026-04-08 16:45:49.272 | INFO     | __main__:_process_stock:233 | SBILIFE: 7 windows | acc=52.87% ± 2.75% | pf=inf
2026-04-08 16:45:49.276 | INFO     | __main__:run_full_pipeline:115 | ✓ SBILIFE
2026-04-08 16:48:45.042 | INFO     | __main__:_process_stock:233 | ICICIGI: 7 windows | acc=53.69% ± 6.44% | pf=4.09
2026-04-08 16:48:45.046 | INFO     | __main__:run_full_pipeline:115 | ✓ ICICIGI
2026-04-08 16:50:16.022 | INFO     | __main__:_process_stock:233 | MUTHOOTFIN: 7 windows | acc=51.72% ± 3.98% | pf=2.69
2026-04-08 16:50:16.026 | INFO     | __main__:run_full_pipeline:115 | ✓ MUTHOOTFIN
2026-04-08 16:51:28.654 | INFO     | __main__:_process_stock:233 | CHOLAFIN: 7 windows | acc=52.22% ± 3.36% | pf=inf
2026-04-08 16:51:28.657 | INFO     | __main__:run_full_pipeline:115 | ✓ CHOLAFIN
2026-04-08 16:52:48.545 | INFO     | __main__:_process_stock:233 | SHRIRAMFIN: 7 windows | acc=50.57% ± 5.80% | pf=2.92
2026-04-08 16:52:48.550 | INFO     | __main__:run_full_pipeline:115 | ✓ SHRIRAMFIN
2026-04-08 16:54:30.004 | INFO     | __main__:_process_stock:233 | TCS: 7 windows | acc=46.63% ± 2.29% | pf=0.71
2026-04-08 16:54:30.007 | INFO     | __main__:run_full_pipeline:115 | ✓ TCS
2026-04-08 16:55:44.554 | INFO     | __main__:_process_stock:233 | INFY: 7 windows | acc=50.25% ± 4.24% | pf=1.01
2026-04-08 16:55:44.558 | INFO     | __main__:run_full_pipeline:115 | ✓ INFY
2026-04-08 16:57:26.332 | INFO     | __main__:_process_stock:233 | WIPRO: 7 windows | acc=48.11% ± 4.82% | pf=1.58
2026-04-08 16:57:26.336 | INFO     | __main__:run_full_pipeline:115 | ✓ WIPRO
2026-04-08 17:00:12.254 | INFO     | __main__:_process_stock:233 | HCLTECH: 7 windows | acc=52.55% ± 4.83% | pf=3.52
2026-04-08 17:00:12.258 | INFO     | __main__:run_full_pipeline:115 | ✓ HCLTECH
2026-04-08 17:02:39.015 | INFO     | __main__:_process_stock:233 | TECHM: 7 windows | acc=47.62% ± 4.75% | pf=11.97
2026-04-08 17:02:39.020 | INFO     | __main__:run_full_pipeline:115 | ✓ TECHM
2026-04-08 17:04:34.860 | INFO     | __main__:_process_stock:233 | LTIM: 7 windows | acc=51.99% ± 6.36% | pf=inf
2026-04-08 17:04:34.865 | INFO     | __main__:run_full_pipeline:115 | ✓ LTIM
2026-04-08 17:08:03.830 | INFO     | __main__:_process_stock:233 | MPHASIS: 7 windows | acc=52.87% ± 4.84% | pf=3.16
2026-04-08 17:08:03.836 | INFO     | __main__:run_full_pipeline:115 | ✓ MPHASIS
2026-04-08 17:10:05.357 | INFO     | __main__:_process_stock:233 | PERSISTENT: 7 windows | acc=49.43% ± 5.56% | pf=2.37
2026-04-08 17:10:05.361 | INFO     | __main__:run_full_pipeline:115 | ✓ PERSISTENT
2026-04-08 17:13:47.819 | INFO     | __main__:_process_stock:233 | COFORGE: 7 windows | acc=48.60% ± 3.62% | pf=7.07
2026-04-08 17:13:47.823 | INFO     | __main__:run_full_pipeline:115 | ✓ COFORGE
2026-04-08 17:16:34.779 | INFO     | __main__:_process_stock:233 | TATAELXSI: 7 windows | acc=51.23% ± 6.87% | pf=1.13
2026-04-08 17:16:34.783 | INFO     | __main__:run_full_pipeline:115 | ✓ TATAELXSI
2026-04-08 17:18:30.159 | INFO     | __main__:_process_stock:233 | MARUTI: 7 windows | acc=48.77% ± 5.59% | pf=inf
2026-04-08 17:18:30.163 | INFO     | __main__:run_full_pipeline:115 | ✓ MARUTI
2026-04-08 17:21:08.140 | INFO     | __main__:_process_stock:233 | M&M: 7 windows | acc=50.90% ± 5.88% | pf=inf
2026-04-08 17:21:08.143 | INFO     | __main__:run_full_pipeline:115 | ✓ M&M
2026-04-08 17:22:58.628 | INFO     | __main__:_process_stock:233 | TVSMOTOR: 7 windows | acc=49.43% ± 5.80% | pf=3.21
2026-04-08 17:22:58.632 | INFO     | __main__:run_full_pipeline:115 | ✓ TVSMOTOR
2026-04-08 17:26:05.723 | INFO     | __main__:_process_stock:233 | BAJAJ-AUTO: 7 windows | acc=50.90% ± 6.14% | pf=0.98
2026-04-08 17:26:05.727 | INFO     | __main__:run_full_pipeline:115 | ✓ BAJAJ-AUTO
2026-04-08 17:29:59.131 | INFO     | __main__:_process_stock:233 | HEROMOTOCO: 7 windows | acc=52.05% ± 4.83% | pf=2.07
2026-04-08 17:29:59.135 | INFO     | __main__:run_full_pipeline:115 | ✓ HEROMOTOCO
2026-04-08 17:33:58.416 | INFO     | __main__:_process_stock:233 | EICHERMOT: 7 windows | acc=49.43% ± 4.60% | pf=inf
2026-04-08 17:33:58.420 | INFO     | __main__:run_full_pipeline:115 | ✓ EICHERMOT
2026-04-08 17:38:29.852 | INFO     | __main__:_process_stock:233 | MOTHERSON: 7 windows | acc=44.66% ± 6.40% | pf=0.37
2026-04-08 17:38:29.855 | INFO     | __main__:run_full_pipeline:115 | ✓ MOTHERSON
2026-04-08 17:43:06.076 | INFO     | __main__:_process_stock:233 | HINDUNILVR: 7 windows | acc=51.89% ± 8.95% | pf=1.17
2026-04-08 17:43:06.081 | INFO     | __main__:run_full_pipeline:115 | ✓ HINDUNILVR
2026-04-08 17:46:28.234 | INFO     | __main__:_process_stock:233 | ITC: 7 windows | acc=51.23% ± 2.45% | pf=1.11
2026-04-08 17:46:28.238 | INFO     | __main__:run_full_pipeline:115 | ✓ ITC
2026-04-08 17:51:14.749 | INFO     | __main__:_process_stock:233 | NESTLEIND: 7 windows | acc=52.22% ± 3.73% | pf=1.45
2026-04-08 17:51:14.754 | INFO     | __main__:run_full_pipeline:115 | ✓ NESTLEIND
2026-04-08 17:54:15.052 | INFO     | __main__:_process_stock:233 | BRITANNIA: 7 windows | acc=49.34% ± 7.03% | pf=1.49
2026-04-08 17:54:15.056 | INFO     | __main__:run_full_pipeline:115 | ✓ BRITANNIA
2026-04-08 17:56:29.081 | INFO     | __main__:_process_stock:233 | TATACONSUM: 7 windows | acc=49.59% ± 3.10% | pf=1.28
2026-04-08 17:56:29.086 | INFO     | __main__:run_full_pipeline:115 | ✓ TATACONSUM
2026-04-08 18:02:49.610 | INFO     | __main__:_process_stock:233 | MARICO: 7 windows | acc=53.37% ± 4.47% | pf=inf
2026-04-08 18:02:49.614 | INFO     | __main__:run_full_pipeline:115 | ✓ MARICO
2026-04-08 18:05:28.629 | INFO     | __main__:_process_stock:233 | COLPAL: 7 windows | acc=49.59% ± 7.28% | pf=1.71
2026-04-08 18:05:28.634 | INFO     | __main__:run_full_pipeline:115 | ✓ COLPAL
2026-04-08 18:10:10.800 | INFO     | __main__:_process_stock:233 | GODREJCP: 7 windows | acc=51.89% ± 5.51% | pf=0.87
2026-04-08 18:10:10.805 | INFO     | __main__:run_full_pipeline:115 | ✓ GODREJCP
2026-04-08 18:12:40.014 | INFO     | __main__:_process_stock:233 | SUNPHARMA: 7 windows | acc=53.53% ± 5.42% | pf=1.57
2026-04-08 18:12:40.018 | INFO     | __main__:run_full_pipeline:115 | ✓ SUNPHARMA
2026-04-08 18:15:15.238 | INFO     | __main__:_process_stock:233 | DRREDDY: 7 windows | acc=50.90% ± 5.17% | pf=1.24
2026-04-08 18:15:15.242 | INFO     | __main__:run_full_pipeline:115 | ✓ DRREDDY
2026-04-08 18:22:18.828 | INFO     | __main__:_process_stock:233 | CIPLA: 7 windows | acc=48.93% ± 3.47% | pf=inf
2026-04-08 18:22:18.832 | INFO     | __main__:run_full_pipeline:115 | ✓ CIPLA
2026-04-08 18:26:44.885 | INFO     | __main__:_process_stock:233 | DIVISLAB: 7 windows | acc=45.17% ± 3.99% | pf=0.87
2026-04-08 18:26:44.890 | INFO     | __main__:run_full_pipeline:115 | ✓ DIVISLAB
2026-04-08 18:33:34.789 | INFO     | __main__:_process_stock:233 | LUPIN: 7 windows | acc=47.95% ± 6.10% | pf=inf
2026-04-08 18:33:34.793 | INFO     | __main__:run_full_pipeline:115 | ✓ LUPIN
2026-04-08 18:41:08.700 | INFO     | __main__:_process_stock:233 | TORNTPHARM: 7 windows | acc=51.56% ± 4.74% | pf=inf
2026-04-08 18:41:08.704 | INFO     | __main__:run_full_pipeline:115 | ✓ TORNTPHARM
2026-04-08 18:44:32.999 | INFO     | __main__:_process_stock:233 | AUROPHARMA: 7 windows | acc=49.92% ± 3.78% | pf=3.29
2026-04-08 18:44:33.002 | INFO     | __main__:run_full_pipeline:115 | ✓ AUROPHARMA
2026-04-08 18:48:53.043 | INFO     | __main__:_process_stock:233 | ALKEM: 7 windows | acc=46.96% ± 3.50% | pf=inf
2026-04-08 18:48:53.047 | INFO     | __main__:run_full_pipeline:115 | ✓ ALKEM
2026-04-08 18:52:04.008 | INFO     | __main__:_process_stock:233 | RELIANCE: 7 windows | acc=50.08% ± 4.55% | pf=1.15
2026-04-08 18:52:04.012 | INFO     | __main__:run_full_pipeline:115 | ✓ RELIANCE
2026-04-08 18:55:19.424 | INFO     | __main__:_process_stock:233 | ONGC: 7 windows | acc=50.25% ± 3.46% | pf=0.80
2026-04-08 18:55:19.428 | INFO     | __main__:run_full_pipeline:115 | ✓ ONGC
2026-04-08 18:58:26.819 | INFO     | __main__:_process_stock:233 | BPCL: 7 windows | acc=50.74% ± 6.28% | pf=inf
2026-04-08 18:58:26.823 | INFO     | __main__:run_full_pipeline:115 | ✓ BPCL
2026-04-08 19:02:08.567 | INFO     | __main__:_process_stock:233 | NTPC: 7 windows | acc=53.37% ± 3.57% | pf=1.18
2026-04-08 19:02:08.570 | INFO     | __main__:run_full_pipeline:115 | ✓ NTPC
2026-04-08 19:05:26.282 | INFO     | __main__:_process_stock:233 | POWERGRID: 7 windows | acc=53.04% ± 4.41% | pf=1.09
2026-04-08 19:05:26.286 | INFO     | __main__:run_full_pipeline:115 | ✓ POWERGRID
2026-04-08 19:11:28.244 | INFO     | __main__:_process_stock:233 | COALINDIA: 7 windows | acc=50.90% ± 3.82% | pf=2.36
2026-04-08 19:11:28.248 | INFO     | __main__:run_full_pipeline:115 | ✓ COALINDIA
2026-04-08 19:20:37.084 | INFO     | __main__:_process_stock:233 | GAIL: 7 windows | acc=51.66% ± 3.72% | pf=1.22
2026-04-08 19:20:37.089 | INFO     | __main__:run_full_pipeline:115 | ✓ GAIL
2026-04-08 19:29:50.813 | INFO     | __main__:_process_stock:233 | TATAPOWER: 7 windows | acc=51.08% ± 5.68% | pf=inf
2026-04-08 19:29:50.817 | INFO     | __main__:run_full_pipeline:115 | ✓ TATAPOWER
2026-04-08 19:37:16.897 | INFO     | __main__:_process_stock:233 | TATASTEEL: 7 windows | acc=49.06% ± 4.28% | pf=0.40
2026-04-08 19:37:16.903 | INFO     | __main__:run_full_pipeline:115 | ✓ TATASTEEL
2026-04-08 19:46:06.971 | INFO     | __main__:_process_stock:233 | HINDALCO: 7 windows | acc=49.10% ± 5.88% | pf=1.47
2026-04-08 19:46:06.976 | INFO     | __main__:run_full_pipeline:115 | ✓ HINDALCO
2026-04-08 19:54:57.840 | INFO     | __main__:_process_stock:233 | JSWSTEEL: 7 windows | acc=51.83% ± 3.62% | pf=2.03
2026-04-08 19:54:57.844 | INFO     | __main__:run_full_pipeline:115 | ✓ JSWSTEEL
2026-04-08 20:00:43.011 | INFO     | __main__:_process_stock:233 | VEDL: 7 windows | acc=46.63% ± 5.46% | pf=0.50
2026-04-08 20:00:43.016 | INFO     | __main__:run_full_pipeline:115 | ✓ VEDL
2026-04-08 20:06:18.370 | INFO     | __main__:_process_stock:233 | SAIL: 7 windows | acc=52.87% ± 4.76% | pf=inf
2026-04-08 20:06:18.375 | INFO     | __main__:run_full_pipeline:115 | ✓ SAIL
2026-04-08 20:10:40.285 | INFO     | __main__:_process_stock:233 | BHARTIARTL: 7 windows | acc=52.05% ± 2.99% | pf=2.93
2026-04-08 20:10:40.289 | INFO     | __main__:run_full_pipeline:115 | ✓ BHARTIARTL
2026-04-08 20:15:57.335 | INFO     | __main__:_process_stock:233 | INDUSTOWER: 7 windows | acc=49.26% ± 5.71% | pf=0.89
2026-04-08 20:15:57.340 | INFO     | __main__:run_full_pipeline:115 | ✓ INDUSTOWER
2026-04-08 20:22:42.012 | INFO     | __main__:_process_stock:233 | LT: 7 windows | acc=49.10% ± 4.38% | pf=inf
2026-04-08 20:22:42.017 | INFO     | __main__:run_full_pipeline:115 | ✓ LT
2026-04-08 20:32:56.768 | INFO     | __main__:_process_stock:233 | BHEL: 7 windows | acc=48.63% ± 6.07% | pf=inf
2026-04-08 20:32:56.773 | INFO     | __main__:run_full_pipeline:115 | ✓ BHEL
2026-04-08 20:42:54.031 | INFO     | __main__:_process_stock:233 | SIEMENS: 7 windows | acc=51.23% ± 5.50% | pf=1.22
2026-04-08 20:42:54.036 | INFO     | __main__:run_full_pipeline:115 | ✓ SIEMENS
2026-04-08 20:48:28.252 | INFO     | __main__:_process_stock:233 | ABB: 7 windows | acc=50.22% ± 4.48% | pf=1.91
2026-04-08 20:48:28.257 | INFO     | __main__:run_full_pipeline:115 | ✓ ABB
2026-04-08 20:58:34.818 | INFO     | __main__:_process_stock:233 | HAVELLS: 7 windows | acc=48.92% ± 4.41% | pf=1.27
2026-04-08 20:58:34.823 | INFO     | __main__:run_full_pipeline:115 | ✓ HAVELLS
2026-04-08 21:03:12.731 | INFO     | __main__:_process_stock:233 | POLYCAB: 7 windows | acc=52.32% ± 5.15% | pf=inf
2026-04-08 21:03:12.735 | INFO     | __main__:run_full_pipeline:115 | ✓ POLYCAB
2026-04-08 21:07:17.835 | INFO     | __main__:_process_stock:233 | CUMMINSIND: 7 windows | acc=51.72% ± 8.45% | pf=2.08
2026-04-08 21:07:17.839 | INFO     | __main__:run_full_pipeline:115 | ✓ CUMMINSIND
2026-04-08 21:13:35.783 | INFO     | __main__:_process_stock:233 | ULTRACEMCO: 7 windows | acc=51.07% ± 1.83% | pf=inf
2026-04-08 21:13:35.787 | INFO     | __main__:run_full_pipeline:115 | ✓ ULTRACEMCO
2026-04-08 21:18:47.676 | INFO     | __main__:_process_stock:233 | GRASIM: 7 windows | acc=50.74% ± 4.41% | pf=inf
2026-04-08 21:18:47.680 | INFO     | __main__:run_full_pipeline:115 | ✓ GRASIM
2026-04-08 21:31:18.221 | INFO     | __main__:_process_stock:233 | AMBUJACEM: 7 windows | acc=50.41% ± 4.19% | pf=1.07
2026-04-08 21:31:18.225 | INFO     | __main__:run_full_pipeline:115 | ✓ AMBUJACEM
2026-04-08 21:36:49.822 | INFO     | __main__:_process_stock:233 | SHREECEM: 7 windows | acc=52.22% ± 4.11% | pf=1.11
2026-04-08 21:36:49.826 | INFO     | __main__:run_full_pipeline:115 | ✓ SHREECEM
2026-04-08 21:43:24.867 | INFO     | __main__:_process_stock:233 | TITAN: 7 windows | acc=48.34% ± 2.98% | pf=0.50
2026-04-08 21:43:24.871 | INFO     | __main__:run_full_pipeline:115 | ✓ TITAN
2026-04-08 21:53:12.611 | INFO     | __main__:_process_stock:233 | ASIANPAINT: 7 windows | acc=49.35% ± 6.62% | pf=1.55
2026-04-08 21:53:12.616 | INFO     | __main__:run_full_pipeline:115 | ✓ ASIANPAINT
2026-04-08 22:05:19.419 | INFO     | __main__:_process_stock:233 | PIDILITIND: 7 windows | acc=52.24% ± 5.88% | pf=1.36
2026-04-08 22:05:19.423 | INFO     | __main__:run_full_pipeline:115 | ✓ PIDILITIND
2026-04-08 22:10:52.480 | INFO     | __main__:_process_stock:233 | BERGEPAINT: 7 windows | acc=50.94% ± 4.82% | pf=inf
2026-04-08 22:10:52.485 | INFO     | __main__:run_full_pipeline:115 | ✓ BERGEPAINT
2026-04-08 22:26:59.828 | INFO     | __main__:_process_stock:233 | VOLTAS: 7 windows | acc=46.18% ± 4.14% | pf=inf
2026-04-08 22:26:59.832 | INFO     | __main__:run_full_pipeline:115 | ✓ VOLTAS
2026-04-08 22:33:18.412 | INFO     | __main__:_process_stock:233 | PAGEIND: 7 windows | acc=51.23% ± 3.57% | pf=1.01
2026-04-08 22:33:18.416 | INFO     | __main__:run_full_pipeline:115 | ✓ PAGEIND
2026-04-08 22:39:29.375 | INFO     | __main__:_process_stock:233 | DMART: 7 windows | acc=49.78% ± 2.27% | pf=inf
2026-04-08 22:39:29.379 | INFO     | __main__:run_full_pipeline:115 | ✓ DMART
2026-04-08 22:50:38.638 | INFO     | __main__:_process_stock:233 | DLF: 7 windows | acc=51.52% ± 6.57% | pf=1.11
2026-04-08 22:50:38.643 | INFO     | __main__:run_full_pipeline:115 | ✓ DLF
2026-04-08 22:57:17.268 | INFO     | __main__:_process_stock:233 | GODREJPROP: 7 windows | acc=53.54% ± 4.22% | pf=inf
2026-04-08 22:57:17.272 | INFO     | __main__:run_full_pipeline:115 | ✓ GODREJPROP
2026-04-08 23:13:20.617 | INFO     | __main__:_process_stock:233 | ADANIENT: 7 windows | acc=51.95% ± 4.58% | pf=6.16
2026-04-08 23:13:20.622 | INFO     | __main__:run_full_pipeline:115 | ✓ ADANIENT
2026-04-08 23:18:30.834 | INFO     | __main__:_process_stock:233 | ADANIPORTS: 7 windows | acc=54.35% ± 4.33% | pf=inf
2026-04-08 23:18:30.839 | INFO     | __main__:run_full_pipeline:115 | ✓ ADANIPORTS
2026-04-08 23:30:51.043 | INFO     | __main__:_process_stock:233 | BEL: 7 windows | acc=49.75% ± 2.28% | pf=0.91
2026-04-08 23:30:51.048 | INFO     | __main__:run_full_pipeline:115 | ✓ BEL
2026-04-08 23:36:03.566 | INFO     | __main__:_process_stock:233 | HAL: 7 windows | acc=49.75% ± 5.75% | pf=3.22
2026-04-08 23:36:03.571 | INFO     | __main__:run_full_pipeline:115 | ✓ HAL
2026-04-08 23:44:58.320 | INFO     | __main__:_process_stock:233 | IRFC: 7 windows | acc=55.74% ± 5.94% | pf=1.26
2026-04-08 23:44:58.323 | INFO     | __main__:run_full_pipeline:115 | ✓ IRFC
2026-04-08 23:53:09.871 | INFO     | __main__:_process_stock:233 | OFSS: 7 windows | acc=50.90% ± 7.62% | pf=inf
2026-04-08 23:53:09.875 | INFO     | __main__:run_full_pipeline:115 | ✓ OFSS
2026-04-08 23:57:40.968 | INFO     | __main__:_process_stock:233 | ETERNAL: 7 windows | acc=45.24% ± 5.93% | pf=0.57
2026-04-08 23:57:40.971 | INFO     | __main__:run_full_pipeline:115 | ✓ ETERNAL
2026-04-09 00:09:54.729 | INFO     | __main__:_process_stock:233 | NAUKRI: 7 windows | acc=53.68% ± 4.23% | pf=0.90
2026-04-09 00:09:54.733 | INFO     | __main__:run_full_pipeline:115 | ✓ NAUKRI
2026-04-09 00:22:10.857 | INFO     | __main__:_process_stock:233 | NMDC: 7 windows | acc=53.53% ± 3.30% | pf=2.67
2026-04-09 00:22:10.861 | INFO     | __main__:run_full_pipeline:115 | ✓ NMDC
2026-04-09 00:31:36.543 | INFO     | __main__:_process_stock:233 | BOSCHLTD: 7 windows | acc=48.92% ± 7.28% | pf=1.34
2026-04-09 00:31:36.548 | INFO     | __main__:run_full_pipeline:115 | ✓ BOSCHLTD
2026-04-09 00:31:38.002 | ERROR    | __main__:run_full_pipeline:120 | ✗ BAJAJHFL: Insufficient data: 386 rows
2026-04-09 00:44:04.735 | INFO     | __main__:_process_stock:233 | MANAPPURAM: 7 windows | acc=49.92% ± 2.37% | pf=0.75
2026-04-09 00:44:04.739 | INFO     | __main__:run_full_pipeline:115 | ✓ MANAPPURAM
2026-04-09 00:50:37.985 | INFO     | __main__:_process_stock:233 | RBLBANK: 7 windows | acc=47.29% ± 3.86% | pf=0.97
2026-04-09 00:50:37.988 | INFO     | __main__:run_full_pipeline:115 | ✓ RBLBANK
2026-04-09 00:56:27.759 | INFO     | __main__:_process_stock:233 | EXIDEIND: 7 windows | acc=50.25% ± 2.80% | pf=1.90
2026-04-09 00:56:27.763 | INFO     | __main__:run_full_pipeline:115 | ✓ EXIDEIND
2026-04-09 00:56:27.763 | INFO     | __main__:run_full_pipeline:123 | COMPLETED: 99 successful, 1 failed out of 100
2026-04-09 00:56:27.763 | INFO     | __main__:run_full_pipeline:124 | Results saved to: /Users/vishwamshah/Documents/AI IN STOCK V3/AlgoTrading/V3/06_results/runs/20260408_163433
2026-04-09 00:56:27.770 | INFO     | __main__:_save_results:301 | 📊 SUMMARY STATISTICS — Avg Accuracy: 50.53%
2026-04-09 00:56:27.770 | INFO     | __main__:_save_results:302 |   Median: 50.74% | Range: 44.66%-55.74%
2026-04-09 00:56:27.770 | INFO     | __main__:_save_results:303 |   Stocks >50%: 59/99 | >52%: 25/99
2026-04-09 00:56:27.770 | INFO     | __main__:_save_results:304 |   Profit Factor: 1.29 | Win Rate: 35.54%
2026-04-09 00:56:27.770 | INFO     | __main__:_save_results:324 | ✅ RESULTS SAVED | Location: /Users/vishwamshah/Documents/AI IN STOCK V3/AlgoTrading/V3/06_results/runs/20260408_163433
