
────────────────────────────────────────────────────────────
  TITAN
────────────────────────────────────────────────────────────
  TITAN        ↻ computing features ... ✓ 1285 rows × 159 features
  [1/3] Walk-forward: 6 windows  |  1285 rows  |  159 features
        Win 1: train[0:810]  val[810:899]  test[899:1028]  (70%)
        Win 2: train[0:867]  val[867:963]  test[963:1092]  (75%)
        Win 3: train[0:926]  val[926:1028]  test[1028:1156]  (80%)
        Win 4: train[0:983]  val[983:1092]  test[1092:1220]  (85%)
        Win 5: train[0:1041]  val[1041:1156]  test[1156:1285]  (90%)
        Win 6: train[0:1098]  val[1098:1220]  test[1220:1285]  (95%)
  [1b] Feature selection: top 50 of 159 ... ✓ 50 features kept
  [2/3] Training...
      [scaler] range [-4.75, 5.00]  16.0% outside [-1,1]
      [PCA]    18 components → 90.6% explained variance
      [LSTM    ] acc=0.488
      [BiLSTM  ] acc=0.450
      [GRU     ] acc=0.519
      [CNN_LSTM] acc=0.450
      [CNN_GRU ] acc=0.519
      [calib]  temperature T=8.000  (prob spread: [0.497, 0.507])
    ✗ Win 1 | 70% train | test_n=129 | OOS=49.61% | AUC=0.383 | F1=0.649 | LGB=54.26% | XGB=50.39% | T=8.00
         DL → LSTM=48.84%  BiLSTM=44.96%  GRU=51.94%  CNN_LSTM=44.96%  CNN_GRU=51.94%
      [scaler] range [-4.95, 5.00]  15.9% outside [-1,1]
      [PCA]    18 components → 90.7% explained variance
      [LSTM    ] acc=0.535
      [BiLSTM  ] acc=0.465
      [GRU     ] acc=0.473
      [CNN_LSTM] acc=0.519
      [CNN_GRU ] acc=0.519
      [calib]  temperature T=0.796  (prob spread: [0.466, 0.651])
    ~ Win 2 | 75% train | test_n=129 | OOS=51.94% | AUC=0.475 | F1=0.674 | LGB=51.94% | XGB=50.39% | T=0.80
         DL → LSTM=53.49%  BiLSTM=46.51%  GRU=47.29%  CNN_LSTM=51.94%  CNN_GRU=51.94%
      [scaler] range [-5.00, 5.00]  16.0% outside [-1,1]
      [PCA]    18 components → 90.7% explained variance
      [LSTM    ] acc=0.477
      [BiLSTM  ] acc=0.531
      [GRU     ] acc=0.539
      [CNN_LSTM] acc=0.508
      [CNN_GRU ] acc=0.508
      [calib]  temperature T=0.325  (prob spread: [0.366, 0.888])
    ~ Win 3 | 80% train | test_n=128 | OOS=50.78% | AUC=0.497 | F1=0.604 | LGB=49.22% | XGB=44.53% | T=0.33
         DL → LSTM=47.66%  BiLSTM=53.12%  GRU=53.91%  CNN_LSTM=50.78%  CNN_GRU=50.78%
      [scaler] range [-5.00, 5.00]  15.5% outside [-1,1]
      [PCA]    18 components → 90.6% explained variance
      [LSTM    ] acc=0.500
      [BiLSTM  ] acc=0.547
      [GRU     ] acc=0.453
      [CNN_LSTM] acc=0.531
      [CNN_GRU ] acc=0.516
      [calib]  temperature T=8.000  (prob spread: [0.501, 0.508])
    ~ Win 4 | 85% train | test_n=128 | OOS=50.00% | AUC=0.508 | F1=0.667 | LGB=50.00% | XGB=50.00% | T=8.00
         DL → LSTM=50.00%  BiLSTM=54.69%  GRU=45.31%  CNN_LSTM=53.12%  CNN_GRU=51.56%
      [scaler] range [-5.00, 5.00]  15.6% outside [-1,1]
      [PCA]    18 components → 90.4% explained variance
      [LSTM    ] acc=0.450
      [BiLSTM  ] acc=0.535
      [GRU     ] acc=0.473
      [CNN_LSTM] acc=0.426
      [CNN_GRU ] acc=0.550
      [calib]  temperature T=1.426  (prob spread: [0.508, 0.579])
    ✗ Win 5 | 90% train | test_n=129 | OOS=49.61% | AUC=0.475 | F1=0.663 | LGB=49.61% | XGB=49.61% | T=1.43
         DL → LSTM=44.96%  BiLSTM=53.49%  GRU=47.29%  CNN_LSTM=42.64%  CNN_GRU=55.04%
      [scaler] range [-5.00, 5.00]  15.5% outside [-1,1]
      [PCA]    18 components → 90.4% explained variance
      [LSTM    ] acc=0.477
      [BiLSTM  ] acc=0.477
      [GRU     ] acc=0.446
      [CNN_LSTM] acc=0.523
      [CNN_GRU ] acc=0.585
      [calib]  temperature T=0.100  (prob spread: [0.589, 0.973])
    ~ Win 6 | 95% train | test_n=65 | OOS=52.31% | AUC=0.603 | F1=0.687 | LGB=52.31% | XGB=52.31% | T=0.10
         DL → LSTM=47.69%  BiLSTM=47.69%  GRU=44.62%  CNN_LSTM=52.31%  CNN_GRU=58.46%
  [3/3] OOS Overall → Accuracy=50.56%  F1=0.6562  (708 preds, 6 wins, avg_T=3.11)
  Plots → 06_results\runs\20260301_000647\TITAN\plots
