
────────────────────────────────────────────────────────────
  COFORGE
────────────────────────────────────────────────────────────
  COFORGE      ↻ computing features ... ✓ 1435 rows × 166 features
  [1/3] Walk-forward: 6 windows  |  1435 rows  |  166 features
        Win 1: train[0:904]  val[904:1004]  test[1004:1148]  (70%)
        Win 2: train[0:969]  val[969:1076]  test[1076:1219]  (75%)
        Win 3: train[0:1034]  val[1034:1148]  test[1148:1291]  (80%)
        Win 4: train[0:1098]  val[1098:1219]  test[1219:1363]  (85%)
        Win 5: train[0:1162]  val[1162:1291]  test[1291:1435]  (90%)
        Win 6: train[0:1227]  val[1227:1363]  test[1363:1435]  (95%)
  [1b] Feature selection: top 50 of 166 ... ✓ 50 features kept
  [2/3] Training...
      [scaler] range [-3.32, 5.00]  15.9% outside [-1,1]
      [PCA]    22 components → 90.8% explained variance
      [LSTM    ] acc=0.535
      [BiLSTM  ] acc=0.438
      [GRU     ] acc=0.472
      [CNN_LSTM] acc=0.500
      [CNN_GRU ] acc=0.514
      [calib]  temperature T=0.396  (prob spread: [0.327, 0.824])
    ~ Win 1 | 70% train | test_n=144 | OOS=50.00% | AUC=0.483 | F1=0.640 | LGB=42.36% | XGB=49.31% | T=0.40
         DL → LSTM=53.47%  BiLSTM=43.75%  GRU=47.22%  CNN_LSTM=50.00%  CNN_GRU=51.39%
      [scaler] range [-3.29, 5.00]  16.0% outside [-1,1]
      [PCA]    22 components → 90.8% explained variance
      [LSTM    ] acc=0.510
      [BiLSTM  ] acc=0.413
      [GRU     ] acc=0.434
      [CNN_LSTM] acc=0.483
      [CNN_GRU ] acc=0.566
      [calib]  temperature T=0.876  (prob spread: [0.458, 0.547])
    ✓ Win 2 | 75% train | test_n=143 | OOS=60.84% | AUC=0.530 | F1=0.738 | LGB=52.45% | XGB=60.84% | T=0.88
         DL → LSTM=51.05%  BiLSTM=41.26%  GRU=43.36%  CNN_LSTM=48.25%  CNN_GRU=56.64%
      [scaler] range [-3.25, 5.00]  16.3% outside [-1,1]
      [PCA]    22 components → 90.8% explained variance
      [LSTM    ] acc=0.448
      [BiLSTM  ] acc=0.531
      [GRU     ] acc=0.434
      [CNN_LSTM] acc=0.538
      [CNN_GRU ] acc=0.524
      [calib]  temperature T=0.100  (prob spread: [0.439, 0.804])
    ✓ Win 3 | 80% train | test_n=143 | OOS=58.74% | AUC=0.562 | F1=0.738 | LGB=58.74% | XGB=58.74% | T=0.10
         DL → LSTM=44.76%  BiLSTM=53.15%  GRU=43.36%  CNN_LSTM=53.85%  CNN_GRU=52.45%
      [scaler] range [-3.34, 5.00]  16.1% outside [-1,1]
      [PCA]    22 components → 90.7% explained variance
      [LSTM    ] acc=0.562
      [BiLSTM  ] acc=0.493
      [GRU     ] acc=0.528
      [CNN_LSTM] acc=0.542
      [CNN_GRU ] acc=0.549
      [calib]  temperature T=0.727  (prob spread: [0.300, 0.716])
    ~ Win 4 | 85% train | test_n=144 | OOS=51.39% | AUC=0.434 | F1=0.643 | LGB=54.86% | XGB=50.00% | T=0.73
         DL → LSTM=56.25%  BiLSTM=49.31%  GRU=52.78%  CNN_LSTM=54.17%  CNN_GRU=54.86%
      [scaler] range [-3.24, 5.00]  16.4% outside [-1,1]
      [PCA]    22 components → 90.5% explained variance
      [LSTM    ] acc=0.542
      [BiLSTM  ] acc=0.562
      [GRU     ] acc=0.562
      [CNN_LSTM] acc=0.514
      [CNN_GRU ] acc=0.535
      [calib]  temperature T=0.307  (prob spread: [0.325, 0.836])
    ~ Win 5 | 90% train | test_n=144 | OOS=56.25% | AUC=0.530 | F1=0.693 | LGB=49.31% | XGB=54.86% | T=0.31
         DL → LSTM=54.17%  BiLSTM=56.25%  GRU=56.25%  CNN_LSTM=51.39%  CNN_GRU=53.47%
      [scaler] range [-3.15, 5.00]  16.6% outside [-1,1]
      [PCA]    22 components → 90.5% explained variance
      [LSTM    ] acc=0.569
      [BiLSTM  ] acc=0.458
      [GRU     ] acc=0.500
      [CNN_LSTM] acc=0.514
      [CNN_GRU ] acc=0.500
      [calib]  temperature T=0.731  (prob spread: [0.505, 0.573])
    ✗ Win 6 | 95% train | test_n=72 | OOS=47.22% | AUC=0.536 | F1=0.642 | LGB=47.22% | XGB=47.22% | T=0.73
         DL → LSTM=56.94%  BiLSTM=45.83%  GRU=50.00%  CNN_LSTM=51.39%  CNN_GRU=50.00%
  [3/3] OOS Overall → Accuracy=54.68%  F1=0.6876  (790 preds, 6 wins, avg_T=0.52)
  Plots → 06_results\runs\20260301_000647\COFORGE\plots
