
────────────────────────────────────────────────────────────
  SUNPHARMA
────────────────────────────────────────────────────────────
  SUNPHARMA    ↻ computing features ... ✓ 1308 rows × 159 features
  [1/3] Walk-forward: 6 windows  |  1308 rows  |  159 features
        Win 1: train[0:824]  val[824:915]  test[915:1046]  (70%)
        Win 2: train[0:883]  val[883:981]  test[981:1111]  (75%)
        Win 3: train[0:942]  val[942:1046]  test[1046:1177]  (80%)
        Win 4: train[0:1000]  val[1000:1111]  test[1111:1242]  (85%)
        Win 5: train[0:1060]  val[1060:1177]  test[1177:1308]  (90%)
        Win 6: train[0:1118]  val[1118:1242]  test[1242:1308]  (95%)
  [1b] Feature selection: top 50 of 159 ... ✓ 50 features kept
  [2/3] Training...
      [scaler] range [-5.00, 5.00]  16.5% outside [-1,1]
      [PCA]    23 components → 90.2% explained variance
      [LSTM    ] acc=0.466
      [BiLSTM  ] acc=0.534
      [GRU     ] acc=0.542
      [CNN_LSTM] acc=0.489
      [CNN_GRU ] acc=0.458
      [TCN_GRU ] acc=0.412
      [TCN_Transformer] acc=0.443
      [NBEATS  ] acc=0.534
      [calib]  temperature T=1.655  (prob spread: [0.480, 0.522])
    ✗ Win 1 | 70% train | test_n=131 | OOS=40.46% | AUC=0.483 | F1=0.278 | LGB=39.69% | XGB=39.69% | T=1.65
         Dir → UP=51.72%  DOWN=37.25%  NEUTRAL=0.0%
         DL  → LSTM=46.56%  BiLSTM=53.44%  GRU=54.20%  CNN_LSTM=48.85%  CNN_GRU=45.80%  TCN_GRU=41.22%  TCN_Transformer=44.27%  NBEATS=53.44%
      [scaler] range [-5.00, 5.00]  16.2% outside [-1,1]
      [PCA]    23 components → 90.0% explained variance
      [LSTM    ] acc=0.531
      [BiLSTM  ] acc=0.477
      [GRU     ] acc=0.546
      [CNN_LSTM] acc=0.546
      [CNN_GRU ] acc=0.562
      [TCN_GRU ] acc=0.446
      [TCN_Transformer] acc=0.546
      [NBEATS  ] acc=0.577
      [calib]  temperature T=0.739  (prob spread: [0.468, 0.560])
    ~ Win 2 | 75% train | test_n=130 | OOS=53.08% | AUC=0.531 | F1=0.567 | LGB=53.85% | XGB=46.92% | T=0.74
         Dir → UP=57.97%  DOWN=47.54%  NEUTRAL=0.0%
         DL  → LSTM=53.08%  BiLSTM=47.69%  GRU=54.62%  CNN_LSTM=54.62%  CNN_GRU=56.15%  TCN_GRU=44.62%  TCN_Transformer=54.62%  NBEATS=57.69%
      [scaler] range [-5.00, 5.00]  16.0% outside [-1,1]
      [PCA]    23 components → 90.1% explained variance
      [LSTM    ] acc=0.504
      [BiLSTM  ] acc=0.427
      [GRU     ] acc=0.519
      [CNN_LSTM] acc=0.481
      [CNN_GRU ] acc=0.534
      [TCN_GRU ] acc=0.580
      [TCN_Transformer] acc=0.420
      [NBEATS  ] acc=0.542
      [calib]  temperature T=0.345  (prob spread: [0.456, 0.653])
    ~ Win 3 | 80% train | test_n=131 | OOS=53.44% | AUC=0.525 | F1=0.651 | LGB=54.96% | XGB=52.67% | T=0.34
         Dir → UP=51.82%  DOWN=61.90%  NEUTRAL=0.0%
         DL  → LSTM=50.38%  BiLSTM=42.75%  GRU=51.91%  CNN_LSTM=48.09%  CNN_GRU=53.44%  TCN_GRU=58.02%  TCN_Transformer=41.98%  NBEATS=54.20%
      [scaler] range [-5.00, 5.00]  16.1% outside [-1,1]
      [PCA]    23 components → 90.4% explained variance
      [LSTM    ] acc=0.550
      [BiLSTM  ] acc=0.435
      [GRU     ] acc=0.527
      [CNN_LSTM] acc=0.511
      [CNN_GRU ] acc=0.511
      [TCN_GRU ] acc=0.420
      [TCN_Transformer] acc=0.511
      [NBEATS  ] acc=0.550
      [calib]  temperature T=0.606  (prob spread: [0.464, 0.581])
    ✗ Win 4 | 85% train | test_n=131 | OOS=46.56% | AUC=0.495 | F1=0.602 | LGB=49.62% | XGB=48.85% | T=0.61
         Dir → UP=47.75%  DOWN=40.00%  NEUTRAL=0.0%
         DL  → LSTM=54.96%  BiLSTM=43.51%  GRU=52.67%  CNN_LSTM=51.15%  CNN_GRU=51.15%  TCN_GRU=41.98%  TCN_Transformer=51.15%  NBEATS=54.96%
      [scaler] range [-5.00, 5.00]  16.0% outside [-1,1]
      [PCA]    24 components → 91.1% explained variance
      [LSTM    ] acc=0.588
      [BiLSTM  ] acc=0.550
      [GRU     ] acc=0.519
      [CNN_LSTM] acc=0.550
      [CNN_GRU ] acc=0.534
      [TCN_GRU ] acc=0.580
      [TCN_Transformer] acc=0.557
      [NBEATS  ] acc=0.504
      [calib]  temperature T=0.298  (prob spread: [0.379, 0.724])
    ~ Win 5 | 90% train | test_n=131 | OOS=57.25% | AUC=0.573 | F1=0.674 | LGB=55.73% | XGB=55.73% | T=0.30
         Dir → UP=58.59%  DOWN=53.12%  NEUTRAL=0.0%
         DL  → LSTM=58.78%  BiLSTM=54.96%  GRU=51.91%  CNN_LSTM=54.96%  CNN_GRU=53.44%  TCN_GRU=58.02%  TCN_Transformer=55.73%  NBEATS=50.38%
      [scaler] range [-5.00, 5.00]  15.9% outside [-1,1]
      [PCA]    23 components → 90.0% explained variance
      [LSTM    ] acc=0.591
      [BiLSTM  ] acc=0.530
      [GRU     ] acc=0.621
      [CNN_LSTM] acc=0.576
      [CNN_GRU ] acc=0.606
      [TCN_GRU ] acc=0.576
      [TCN_Transformer] acc=0.636
      [NBEATS  ] acc=0.561
      [calib]  temperature T=3.162  (prob spread: [0.494, 0.512])
    ~ Win 6 | 95% train | test_n=66 | OOS=54.55% | AUC=0.606 | F1=0.706 | LGB=54.55% | XGB=56.06% | T=3.16
         Dir → UP=56.25%  DOWN=0.00%  NEUTRAL=0.0%
         DL  → LSTM=59.09%  BiLSTM=53.03%  GRU=62.12%  CNN_LSTM=57.58%  CNN_GRU=60.61%  TCN_GRU=57.58%  TCN_Transformer=63.64%  NBEATS=56.06%
  [3/3] OOS Overall → Accuracy=50.56%  F1=0.5927  (720 preds, 6 wins, avg_T=1.13)
  Plots → 06_results\runs\20260307_141956\SUNPHARMA\plots
