
────────────────────────────────────────────────────────────
  ADANIENT
────────────────────────────────────────────────────────────
  ADANIENT     ↻ computing features ... ✓ 1398 rows × 153 features
  [1/3] Walk-forward: 6 windows  |  1398 rows  |  153 features
        Win 1: train[0:881]  val[881:978]  test[978:1118]  (70%)
        Win 2: train[0:944]  val[944:1048]  test[1048:1188]  (75%)
        Win 3: train[0:1007]  val[1007:1118]  test[1118:1258]  (80%)
        Win 4: train[0:1070]  val[1070:1188]  test[1188:1328]  (85%)
        Win 5: train[0:1133]  val[1133:1258]  test[1258:1398]  (90%)
        Win 6: train[0:1196]  val[1196:1328]  test[1328:1398]  (95%)
  [1b] Feature selection: top 50 of 153 ... ✓ 50 features kept
  [2/3] Training...
      [scaler] range [-5.00, 5.00]  19.3% outside [-1,1]
      [PCA]    25 components → 90.9% explained variance
      [LSTM    ] acc=0.500
      [BiLSTM  ] acc=0.471
      [GRU     ] acc=0.486
      [CNN_LSTM] acc=0.543
      [CNN_GRU ] acc=0.450
      [calib]  temperature T=0.602  (prob spread: [0.339, 0.705])
    ~ Win 1 | 70% train | test_n=140 | OOS=52.14% | AUC=0.561 | F1=0.604 | LGB=52.86% | XGB=50.00% | T=0.60
         DL → LSTM=50.00%  BiLSTM=47.14%  GRU=48.57%  CNN_LSTM=54.29%  CNN_GRU=45.00%
      [scaler] range [-5.00, 5.00]  19.3% outside [-1,1]
      [PCA]    25 components → 90.6% explained variance
      [LSTM    ] acc=0.393
      [BiLSTM  ] acc=0.621
      [GRU     ] acc=0.400
      [CNN_LSTM] acc=0.457
      [CNN_GRU ] acc=0.479
      [calib]  temperature T=1.864  (prob spread: [0.499, 0.553])
    ✗ Win 2 | 75% train | test_n=140 | OOS=47.14% | AUC=0.498 | F1=0.634 | LGB=45.71% | XGB=45.71% | T=1.86
         DL → LSTM=39.29%  BiLSTM=62.14%  GRU=40.00%  CNN_LSTM=45.71%  CNN_GRU=47.86%
      [scaler] range [-5.00, 5.00]  19.3% outside [-1,1]
      [PCA]    25 components → 90.6% explained variance
      [LSTM    ] acc=0.500
      [BiLSTM  ] acc=0.514
      [GRU     ] acc=0.450
      [CNN_LSTM] acc=0.500
      [CNN_GRU ] acc=0.493
      [calib]  temperature T=0.949  (prob spread: [0.509, 0.582])
    ~ Win 3 | 80% train | test_n=140 | OOS=50.00% | AUC=0.525 | F1=0.667 | LGB=52.86% | XGB=52.14% | T=0.95
         DL → LSTM=50.00%  BiLSTM=51.43%  GRU=45.00%  CNN_LSTM=50.00%  CNN_GRU=49.29%
      [scaler] range [-5.00, 5.00]  19.2% outside [-1,1]
      [PCA]    25 components → 90.5% explained variance
      [LSTM    ] acc=0.479
      [BiLSTM  ] acc=0.471
      [GRU     ] acc=0.500
      [CNN_LSTM] acc=0.443
      [CNN_GRU ] acc=0.471
      [calib]  temperature T=0.315  (prob spread: [0.230, 0.947])
    ✗ Win 4 | 85% train | test_n=140 | OOS=45.71% | AUC=0.464 | F1=0.596 | LGB=47.86% | XGB=51.43% | T=0.32
         DL → LSTM=47.86%  BiLSTM=47.14%  GRU=50.00%  CNN_LSTM=44.29%  CNN_GRU=47.14%
      [scaler] range [-5.00, 5.00]  19.3% outside [-1,1]
      [PCA]    25 components → 90.5% explained variance
      [LSTM    ] acc=0.493
      [BiLSTM  ] acc=0.457
      [GRU     ] acc=0.514
      [CNN_LSTM] acc=0.479
      [CNN_GRU ] acc=0.479
      [calib]  temperature T=0.574  (prob spread: [0.407, 0.685])
    ✗ Win 5 | 90% train | test_n=140 | OOS=46.43% | AUC=0.510 | F1=0.623 | LGB=43.57% | XGB=43.57% | T=0.57
         DL → LSTM=49.29%  BiLSTM=45.71%  GRU=51.43%  CNN_LSTM=47.86%  CNN_GRU=47.86%
      [scaler] range [-5.00, 5.00]  19.4% outside [-1,1]
      [PCA]    25 components → 90.4% explained variance
      [LSTM    ] acc=0.514
      [BiLSTM  ] acc=0.500
      [GRU     ] acc=0.557
      [CNN_LSTM] acc=0.457
      [CNN_GRU ] acc=0.443
      [calib]  temperature T=1.178  (prob spread: [0.465, 0.572])
    ✗ Win 6 | 95% train | test_n=70 | OOS=44.29% | AUC=0.546 | F1=0.598 | LGB=57.14% | XGB=55.71% | T=1.18
         DL → LSTM=51.43%  BiLSTM=50.00%  GRU=55.71%  CNN_LSTM=45.71%  CNN_GRU=44.29%
  [3/3] OOS Overall → Accuracy=47.92%  F1=0.6235  (770 preds, 6 wins, avg_T=0.91)
  Plots → 06_results\runs\20260301_000647\ADANIENT\plots
