
────────────────────────────────────────────────────────────
  VOLTAS
────────────────────────────────────────────────────────────
  VOLTAS       ↻ computing features ... ✓ 1389 rows × 159 features
  [1/3] Walk-forward: 6 windows  |  1389 rows  |  159 features
        Win 1: train[0:875]  val[875:972]  test[972:1111]  (70%)
        Win 2: train[0:937]  val[937:1041]  test[1041:1180]  (75%)
        Win 3: train[0:1000]  val[1000:1111]  test[1111:1250]  (80%)
        Win 4: train[0:1062]  val[1062:1180]  test[1180:1319]  (85%)
        Win 5: train[0:1125]  val[1125:1250]  test[1250:1389]  (90%)
        Win 6: train[0:1188]  val[1188:1319]  test[1319:1389]  (95%)
  [1b] Feature selection: top 50 of 159 ... ✓ 50 features kept
  [2/3] Training...
      [scaler] range [-5.00, 5.00]  18.1% outside [-1,1]
      [PCA]    25 components → 91.0% explained variance
      [LSTM    ] acc=0.532
      [BiLSTM  ] acc=0.547
      [GRU     ] acc=0.475
      [CNN_LSTM] acc=0.626
      [CNN_GRU ] acc=0.583
      [calib]  temperature T=0.382  (prob spread: [0.224, 0.730])
    ~ Win 1 | 70% train | test_n=139 | OOS=54.68% | AUC=0.505 | F1=0.663 | LGB=51.80% | XGB=53.24% | T=0.38
         DL → LSTM=53.24%  BiLSTM=54.68%  GRU=47.48%  CNN_LSTM=62.59%  CNN_GRU=58.27%
      [scaler] range [-5.00, 5.00]  18.0% outside [-1,1]
      [PCA]    25 components → 91.0% explained variance
      [LSTM    ] acc=0.554
      [BiLSTM  ] acc=0.525
      [GRU     ] acc=0.540
      [CNN_LSTM] acc=0.489
      [CNN_GRU ] acc=0.403
      [calib]  temperature T=0.289  (prob spread: [0.461, 0.680])
    ✗ Win 2 | 75% train | test_n=139 | OOS=49.64% | AUC=0.531 | F1=0.653 | LGB=48.92% | XGB=56.12% | T=0.29
         DL → LSTM=55.40%  BiLSTM=52.52%  GRU=53.96%  CNN_LSTM=48.92%  CNN_GRU=40.29%
      [scaler] range [-5.00, 5.00]  18.1% outside [-1,1]
      [PCA]    25 components → 91.0% explained variance
      [LSTM    ] acc=0.532
      [BiLSTM  ] acc=0.489
      [GRU     ] acc=0.475
      [CNN_LSTM] acc=0.460
      [CNN_GRU ] acc=0.453
      [calib]  temperature T=0.173  (prob spread: [0.350, 0.754])
    ✗ Win 3 | 80% train | test_n=139 | OOS=43.17% | AUC=0.465 | F1=0.455 | LGB=47.48% | XGB=45.32% | T=0.17
         DL → LSTM=53.24%  BiLSTM=48.92%  GRU=47.48%  CNN_LSTM=46.04%  CNN_GRU=45.32%
      [scaler] range [-5.00, 5.00]  18.1% outside [-1,1]
      [PCA]    25 components → 91.0% explained variance
      [LSTM    ] acc=0.540
      [BiLSTM  ] acc=0.532
      [GRU     ] acc=0.547
      [CNN_LSTM] acc=0.482
      [CNN_GRU ] acc=0.525
      [calib]  temperature T=3.112  (prob spread: [0.494, 0.524])
    ~ Win 4 | 85% train | test_n=139 | OOS=56.12% | AUC=0.531 | F1=0.647 | LGB=53.24% | XGB=53.24% | T=3.11
         DL → LSTM=53.96%  BiLSTM=53.24%  GRU=54.68%  CNN_LSTM=48.20%  CNN_GRU=52.52%
      [scaler] range [-5.00, 5.00]  18.1% outside [-1,1]
      [PCA]    25 components → 91.0% explained variance
      [LSTM    ] acc=0.576
      [BiLSTM  ] acc=0.576
      [GRU     ] acc=0.424
      [CNN_LSTM] acc=0.453
      [CNN_GRU ] acc=0.540
      [calib]  temperature T=8.000  (prob spread: [0.493, 0.506])
    ~ Win 5 | 90% train | test_n=139 | OOS=56.83% | AUC=0.482 | F1=0.706 | LGB=54.68% | XGB=58.27% | T=8.00
         DL → LSTM=57.55%  BiLSTM=57.55%  GRU=42.45%  CNN_LSTM=45.32%  CNN_GRU=53.96%
      [scaler] range [-5.00, 5.00]  18.3% outside [-1,1]
      [PCA]    25 components → 91.0% explained variance
      [LSTM    ] acc=0.543
      [BiLSTM  ] acc=0.514
      [GRU     ] acc=0.514
      [CNN_LSTM] acc=0.457
      [CNN_GRU ] acc=0.486
      [calib]  temperature T=0.608  (prob spread: [0.432, 0.639])
    ~ Win 6 | 95% train | test_n=70 | OOS=57.14% | AUC=0.575 | F1=0.681 | LGB=52.86% | XGB=52.86% | T=0.61
         DL → LSTM=54.29%  BiLSTM=51.43%  GRU=51.43%  CNN_LSTM=45.71%  CNN_GRU=48.57%
  [3/3] OOS Overall → Accuracy=52.55%  F1=0.6388  (765 preds, 6 wins, avg_T=2.09)
  Plots → 06_results\runs\20260301_000647\VOLTAS\plots
