
────────────────────────────────────────────────────────────
  HINDUNILVR
────────────────────────────────────────────────────────────
  HINDUNILVR   ↻ computing features ... ✓ 1224 rows × 159 features
  [1/3] Walk-forward: 6 windows  |  1224 rows  |  159 features
        Win 1: train[0:771]  val[771:856]  test[856:979]  (70%)
        Win 2: train[0:827]  val[827:918]  test[918:1040]  (75%)
        Win 3: train[0:882]  val[882:979]  test[979:1101]  (80%)
        Win 4: train[0:936]  val[936:1040]  test[1040:1162]  (85%)
        Win 5: train[0:991]  val[991:1101]  test[1101:1224]  (90%)
        Win 6: train[0:1046]  val[1046:1162]  test[1162:1224]  (95%)
  [1b] Feature selection: top 50 of 159 ... ✓ 50 features kept
  [2/3] Training...
      [scaler] range [-5.00, 5.00]  16.0% outside [-1,1]
      [PCA]    24 components → 90.1% explained variance
      [LSTM    ] acc=0.431
      [BiLSTM  ] acc=0.537
      [GRU     ] acc=0.545
      [CNN_LSTM] acc=0.545
      [CNN_GRU ] acc=0.455
      [TCN_GRU ] acc=0.520
      [TCN_Transformer] acc=0.496
      [NBEATS  ] acc=0.472
      [calib]  temperature T=0.266  (prob spread: [0.293, 0.712])
    ✗ Win 1 | 70% train | test_n=123 | OOS=44.72% | AUC=0.434 | F1=0.452 | LGB=45.53% | XGB=44.72% | T=0.27
         Dir → UP=50.00%  DOWN=40.30%  NEUTRAL=0.0%
         DL  → LSTM=43.09%  BiLSTM=53.66%  GRU=54.47%  CNN_LSTM=54.47%  CNN_GRU=45.53%  TCN_GRU=52.03%  TCN_Transformer=49.59%  NBEATS=47.15%
      [scaler] range [-5.00, 5.00]  15.8% outside [-1,1]
      [PCA]    25 components → 91.0% explained variance
      [LSTM    ] acc=0.549
      [BiLSTM  ] acc=0.484
      [GRU     ] acc=0.467
      [CNN_LSTM] acc=0.533
      [CNN_GRU ] acc=0.426
      [TCN_GRU ] acc=0.475
      [TCN_Transformer] acc=0.508
      [NBEATS  ] acc=0.443
      [calib]  temperature T=0.393  (prob spread: [0.357, 0.670])
    ~ Win 2 | 75% train | test_n=122 | OOS=54.10% | AUC=0.582 | F1=0.548 | LGB=48.36% | XGB=50.00% | T=0.39
         Dir → UP=52.31%  DOWN=56.14%  NEUTRAL=0.0%
         DL  → LSTM=54.92%  BiLSTM=48.36%  GRU=46.72%  CNN_LSTM=53.28%  CNN_GRU=42.62%  TCN_GRU=47.54%  TCN_Transformer=50.82%  NBEATS=44.26%
      [scaler] range [-5.00, 5.00]  15.8% outside [-1,1]
      [PCA]    25 components → 90.9% explained variance
      [LSTM    ] acc=0.492
      [BiLSTM  ] acc=0.500
      [GRU     ] acc=0.484
      [CNN_LSTM] acc=0.492
      [CNN_GRU ] acc=0.574
      [TCN_GRU ] acc=0.459
      [TCN_Transformer] acc=0.533
      [NBEATS  ] acc=0.533
      [calib]  temperature T=0.647  (prob spread: [0.346, 0.745])
    ~ Win 3 | 80% train | test_n=122 | OOS=51.64% | AUC=0.551 | F1=0.504 | LGB=56.56% | XGB=54.92% | T=0.65
         Dir → UP=44.78%  DOWN=60.00%  NEUTRAL=0.0%
         DL  → LSTM=49.18%  BiLSTM=50.00%  GRU=48.36%  CNN_LSTM=49.18%  CNN_GRU=57.38%  TCN_GRU=45.90%  TCN_Transformer=53.28%  NBEATS=53.28%
      [scaler] range [-5.00, 5.00]  15.7% outside [-1,1]
      [PCA]    25 components → 91.0% explained variance
      [LSTM    ] acc=0.508
      [BiLSTM  ] acc=0.516
      [GRU     ] acc=0.451
      [CNN_LSTM] acc=0.516
      [CNN_GRU ] acc=0.434
      [TCN_GRU ] acc=0.500
      [TCN_Transformer] acc=0.467
      [NBEATS  ] acc=0.508
      [calib]  temperature T=0.128  (prob spread: [0.179, 0.801])
    ✗ Win 4 | 85% train | test_n=122 | OOS=43.44% | AUC=0.430 | F1=0.430 | LGB=51.64% | XGB=51.64% | T=0.13
         Dir → UP=41.94%  DOWN=45.00%  NEUTRAL=0.0%
         DL  → LSTM=50.82%  BiLSTM=51.64%  GRU=45.08%  CNN_LSTM=51.64%  CNN_GRU=43.44%  TCN_GRU=50.00%  TCN_Transformer=46.72%  NBEATS=50.82%
      [scaler] range [-5.00, 5.00]  15.7% outside [-1,1]
      [PCA]    25 components → 90.9% explained variance
      [LSTM    ] acc=0.569
      [BiLSTM  ] acc=0.463
      [GRU     ] acc=0.504
      [CNN_LSTM] acc=0.455
      [CNN_GRU ] acc=0.561
      [TCN_GRU ] acc=0.463
      [TCN_Transformer] acc=0.463
      [NBEATS  ] acc=0.561
      [calib]  temperature T=1.766  (prob spread: [0.483, 0.526])
    ~ Win 5 | 90% train | test_n=123 | OOS=53.66% | AUC=0.593 | F1=0.486 | LGB=51.22% | XGB=52.85% | T=1.77
         Dir → UP=57.45%  DOWN=51.32%  NEUTRAL=0.0%
         DL  → LSTM=56.91%  BiLSTM=46.34%  GRU=50.41%  CNN_LSTM=45.53%  CNN_GRU=56.10%  TCN_GRU=46.34%  TCN_Transformer=46.34%  NBEATS=56.10%
      [scaler] range [-5.00, 5.00]  15.7% outside [-1,1]
      [PCA]    25 components → 90.6% explained variance
      [LSTM    ] acc=0.435
      [BiLSTM  ] acc=0.484
      [GRU     ] acc=0.468
      [CNN_LSTM] acc=0.532
      [CNN_GRU ] acc=0.419
      [TCN_GRU ] acc=0.548
      [TCN_Transformer] acc=0.516
      [NBEATS  ] acc=0.581
      [calib]  temperature T=0.261  (prob spread: [0.334, 0.645])
    ✓ Win 6 | 95% train | test_n=62 | OOS=59.68% | AUC=0.630 | F1=0.576 | LGB=46.77% | XGB=46.77% | T=0.26
         Dir → UP=65.38%  DOWN=55.56%  NEUTRAL=0.0%
         DL  → LSTM=43.55%  BiLSTM=48.39%  GRU=46.77%  CNN_LSTM=53.23%  CNN_GRU=41.94%  TCN_GRU=54.84%  TCN_Transformer=51.61%  NBEATS=58.06%
  [3/3] OOS Overall → Accuracy=50.45%  F1=0.4924  (674 preds, 6 wins, avg_T=0.58)
  Plots → 06_results\runs\20260307_141956\HINDUNILVR\plots
