
────────────────────────────────────────────────────────────
  MPHASIS
────────────────────────────────────────────────────────────
  MPHASIS      ↻ computing features ... ✓ 1414 rows × 166 features
  [1/3] Walk-forward: 6 windows  |  1414 rows  |  166 features
        Win 1: train[0:891]  val[891:989]  test[989:1131]  (70%)
        Win 2: train[0:954]  val[954:1060]  test[1060:1201]  (75%)
        Win 3: train[0:1018]  val[1018:1131]  test[1131:1272]  (80%)
        Win 4: train[0:1081]  val[1081:1201]  test[1201:1343]  (85%)
        Win 5: train[0:1145]  val[1145:1272]  test[1272:1414]  (90%)
        Win 6: train[0:1209]  val[1209:1343]  test[1343:1414]  (95%)
  [1b] Feature selection: top 50 of 166 ... ✓ 50 features kept
  [2/3] Training...
      [scaler] range [-5.00, 5.00]  18.1% outside [-1,1]
      [PCA]    25 components → 90.4% explained variance
      [LSTM    ] acc=0.535
      [BiLSTM  ] acc=0.430
      [GRU     ] acc=0.500
      [CNN_LSTM] acc=0.585
      [CNN_GRU ] acc=0.458
      [TCN_GRU ] acc=0.514
      [TCN_Transformer] acc=0.507
      [NBEATS  ] acc=0.415
      [calib]  temperature T=0.264  (prob spread: [0.219, 0.941])
    ~ Win 1 | 70% train | test_n=142 | OOS=52.82% | AUC=0.513 | F1=0.646 | LGB=53.52% | XGB=52.11% | T=0.26
         Dir → UP=53.98%  DOWN=48.28%  NEUTRAL=0.0%
         DL  → LSTM=53.52%  BiLSTM=42.96%  GRU=50.00%  CNN_LSTM=58.45%  CNN_GRU=45.77%  TCN_GRU=51.41%  TCN_Transformer=50.70%  NBEATS=41.55%
      [scaler] range [-5.00, 5.00]  18.0% outside [-1,1]
      [PCA]    25 components → 90.3% explained variance
      [LSTM    ] acc=0.560
      [BiLSTM  ] acc=0.567
      [GRU     ] acc=0.546
      [CNN_LSTM] acc=0.461
      [CNN_GRU ] acc=0.532
      [TCN_GRU ] acc=0.475
      [TCN_Transformer] acc=0.539
      [NBEATS  ] acc=0.511
      [calib]  temperature T=2.546  (prob spread: [0.471, 0.531])
    ~ Win 2 | 75% train | test_n=141 | OOS=54.61% | AUC=0.509 | F1=0.663 | LGB=55.32% | XGB=55.32% | T=2.55
         Dir → UP=56.25%  DOWN=48.28%  NEUTRAL=0.0%
         DL  → LSTM=56.03%  BiLSTM=56.74%  GRU=54.61%  CNN_LSTM=46.10%  CNN_GRU=53.19%  TCN_GRU=47.52%  TCN_Transformer=53.90%  NBEATS=51.06%
      [scaler] range [-5.00, 5.00]  18.1% outside [-1,1]
      [PCA]    25 components → 90.1% explained variance
      [LSTM    ] acc=0.518
      [BiLSTM  ] acc=0.468
      [GRU     ] acc=0.454
      [CNN_LSTM] acc=0.482
      [CNN_GRU ] acc=0.475
      [TCN_GRU ] acc=0.468
      [TCN_Transformer] acc=0.518
      [NBEATS  ] acc=0.489
      [calib]  temperature T=0.645  (prob spread: [0.481, 0.602])
    ✗ Win 3 | 80% train | test_n=141 | OOS=46.10% | AUC=0.422 | F1=0.616 | LGB=51.06% | XGB=47.52% | T=0.64
         Dir → UP=46.56%  DOWN=40.00%  NEUTRAL=0.0%
         DL  → LSTM=51.77%  BiLSTM=46.81%  GRU=45.39%  CNN_LSTM=48.23%  CNN_GRU=47.52%  TCN_GRU=46.81%  TCN_Transformer=51.77%  NBEATS=48.94%
      [scaler] range [-5.00, 5.00]  18.1% outside [-1,1]
      [PCA]    25 components → 90.2% explained variance
      [LSTM    ] acc=0.493
      [BiLSTM  ] acc=0.535
      [GRU     ] acc=0.472
      [CNN_LSTM] acc=0.514
      [CNN_GRU ] acc=0.465
      [TCN_GRU ] acc=0.444
      [TCN_Transformer] acc=0.535
      [NBEATS  ] acc=0.465
      [calib]  temperature T=0.543  (prob spread: [0.357, 0.643])
    ✗ Win 4 | 85% train | test_n=142 | OOS=45.77% | AUC=0.465 | F1=0.570 | LGB=49.30% | XGB=46.48% | T=0.54
         Dir → UP=45.13%  DOWN=48.28%  NEUTRAL=0.0%
         DL  → LSTM=49.30%  BiLSTM=53.52%  GRU=47.18%  CNN_LSTM=51.41%  CNN_GRU=46.48%  TCN_GRU=44.37%  TCN_Transformer=53.52%  NBEATS=46.48%
      [scaler] range [-5.00, 5.00]  18.3% outside [-1,1]
      [PCA]    25 components → 90.2% explained variance
      [LSTM    ] acc=0.458
      [BiLSTM  ] acc=0.528
      [GRU     ] acc=0.500
      [CNN_LSTM] acc=0.479
      [CNN_GRU ] acc=0.528
      [TCN_GRU ] acc=0.500
      [TCN_Transformer] acc=0.521
      [NBEATS  ] acc=0.556
      [calib]  temperature T=0.346  (prob spread: [0.369, 0.706])
    ✗ Win 5 | 90% train | test_n=142 | OOS=47.89% | AUC=0.487 | F1=0.570 | LGB=48.59% | XGB=50.00% | T=0.35
         Dir → UP=48.51%  DOWN=46.34%  NEUTRAL=0.0%
         DL  → LSTM=45.77%  BiLSTM=52.82%  GRU=50.00%  CNN_LSTM=47.89%  CNN_GRU=52.82%  TCN_GRU=50.00%  TCN_Transformer=52.11%  NBEATS=55.63%
      [scaler] range [-5.00, 5.00]  18.2% outside [-1,1]
      [PCA]    25 components → 90.2% explained variance
      [LSTM    ] acc=0.563
      [BiLSTM  ] acc=0.521
      [GRU     ] acc=0.549
      [CNN_LSTM] acc=0.507
      [CNN_GRU ] acc=0.521
      [TCN_GRU ] acc=0.577
      [TCN_Transformer] acc=0.465
      [NBEATS  ] acc=0.535
      [calib]  temperature T=0.834  (prob spread: [0.473, 0.539])
    ✓ Win 6 | 95% train | test_n=71 | OOS=59.15% | AUC=0.617 | F1=0.508 | LGB=50.70% | XGB=54.93% | T=0.83
         Dir → UP=65.22%  DOWN=56.25%  NEUTRAL=0.0%
         DL  → LSTM=56.34%  BiLSTM=52.11%  GRU=54.93%  CNN_LSTM=50.70%  CNN_GRU=52.11%  TCN_GRU=57.75%  TCN_Transformer=46.48%  NBEATS=53.52%
  [3/3] OOS Overall → Accuracy=50.32%  F1=0.6079  (779 preds, 6 wins, avg_T=0.86)
  Plots → 06_results\runs\20260307_141956\MPHASIS\plots
