
────────────────────────────────────────────────────────────
  OFSS
────────────────────────────────────────────────────────────
  OFSS         ↻ computing features ... ✓ 1317 rows × 166 features
  [1/3] Walk-forward: 6 windows  |  1317 rows  |  166 features
        Win 1: train[0:829]  val[829:921]  test[921:1053]  (70%)
        Win 2: train[0:889]  val[889:987]  test[987:1119]  (75%)
        Win 3: train[0:948]  val[948:1053]  test[1053:1185]  (80%)
        Win 4: train[0:1008]  val[1008:1119]  test[1119:1251]  (85%)
        Win 5: train[0:1067]  val[1067:1185]  test[1185:1317]  (90%)
        Win 6: train[0:1126]  val[1126:1251]  test[1251:1317]  (95%)
  [1b] Feature selection: top 50 of 166 ... ✓ 50 features kept
  [2/3] Training...
      [scaler] range [-4.66, 5.00]  18.1% outside [-1,1]
      [PCA]    24 components → 90.1% explained variance
      [LSTM    ] acc=0.447
      [BiLSTM  ] acc=0.439
      [GRU     ] acc=0.508
      [CNN_LSTM] acc=0.508
      [CNN_GRU ] acc=0.561
      [calib]  temperature T=0.306  (prob spread: [0.164, 0.844])
    ~ Win 1 | 70% train | test_n=132 | OOS=53.03% | AUC=0.482 | F1=0.613 | LGB=55.30% | XGB=53.79% | T=0.31
         DL → LSTM=44.70%  BiLSTM=43.94%  GRU=50.76%  CNN_LSTM=50.76%  CNN_GRU=56.06%
      [scaler] range [-4.68, 5.00]  18.0% outside [-1,1]
      [PCA]    24 components → 90.0% explained variance
      [LSTM    ] acc=0.553
      [BiLSTM  ] acc=0.462
      [GRU     ] acc=0.485
      [CNN_LSTM] acc=0.470
      [CNN_GRU ] acc=0.576
      [calib]  temperature T=0.747  (prob spread: [0.483, 0.545])
    ✗ Win 2 | 75% train | test_n=132 | OOS=44.70% | AUC=0.479 | F1=0.547 | LGB=52.27% | XGB=50.00% | T=0.75
         DL → LSTM=55.30%  BiLSTM=46.21%  GRU=48.48%  CNN_LSTM=46.97%  CNN_GRU=57.58%
      [scaler] range [-4.50, 5.00]  18.4% outside [-1,1]
      [PCA]    24 components → 90.6% explained variance
      [LSTM    ] acc=0.424
      [BiLSTM  ] acc=0.485
      [GRU     ] acc=0.439
      [CNN_LSTM] acc=0.530
      [CNN_GRU ] acc=0.485
      [calib]  temperature T=0.342  (prob spread: [0.371, 0.761])
    ✗ Win 3 | 80% train | test_n=132 | OOS=41.67% | AUC=0.477 | F1=0.516 | LGB=42.42% | XGB=42.42% | T=0.34
         DL → LSTM=42.42%  BiLSTM=48.48%  GRU=43.94%  CNN_LSTM=53.03%  CNN_GRU=48.48%
      [scaler] range [-4.60, 5.00]  18.4% outside [-1,1]
      [PCA]    24 components → 90.4% explained variance
      [LSTM    ] acc=0.470
      [BiLSTM  ] acc=0.485
      [GRU     ] acc=0.538
      [CNN_LSTM] acc=0.485
      [CNN_GRU ] acc=0.515
      [calib]  temperature T=0.271  (prob spread: [0.259, 0.846])
    ✗ Win 4 | 85% train | test_n=132 | OOS=46.21% | AUC=0.478 | F1=0.474 | LGB=46.21% | XGB=47.73% | T=0.27
         DL → LSTM=46.97%  BiLSTM=48.48%  GRU=53.79%  CNN_LSTM=48.48%  CNN_GRU=51.52%
      [scaler] range [-4.50, 5.00]  18.4% outside [-1,1]
      [PCA]    24 components → 90.1% explained variance
      [LSTM    ] acc=0.439
      [BiLSTM  ] acc=0.492
      [GRU     ] acc=0.455
      [CNN_LSTM] acc=0.455
      [CNN_GRU ] acc=0.500
      [calib]  temperature T=0.342  (prob spread: [0.436, 0.780])
    ✗ Win 5 | 90% train | test_n=132 | OOS=48.48% | AUC=0.477 | F1=0.618 | LGB=44.70% | XGB=44.70% | T=0.34
         DL → LSTM=43.94%  BiLSTM=49.24%  GRU=45.45%  CNN_LSTM=45.45%  CNN_GRU=50.00%
      [scaler] range [-4.49, 5.00]  18.3% outside [-1,1]
      [PCA]    25 components → 90.9% explained variance
      [LSTM    ] acc=0.530
      [BiLSTM  ] acc=0.530
      [GRU     ] acc=0.515
      [CNN_LSTM] acc=0.470
      [CNN_GRU ] acc=0.424
      [calib]  temperature T=8.000  (prob spread: [0.497, 0.502])
    ~ Win 6 | 95% train | test_n=66 | OOS=54.55% | AUC=0.510 | F1=0.500 | LGB=43.94% | XGB=57.58% | T=8.00
         DL → LSTM=53.03%  BiLSTM=53.03%  GRU=51.52%  CNN_LSTM=46.97%  CNN_GRU=42.42%
  [3/3] OOS Overall → Accuracy=47.52%  F1=0.5533  (726 preds, 6 wins, avg_T=1.67)
  Plots → 06_results\runs\20260301_000647\OFSS\plots
