
────────────────────────────────────────────────────────────
  MARICO
────────────────────────────────────────────────────────────
  MARICO       ↻ computing features ... ✓ 1260 rows × 159 features
  [1/3] Walk-forward: 6 windows  |  1260 rows  |  159 features
        Win 1: train[0:794]  val[794:882]  test[882:1008]  (70%)
        Win 2: train[0:851]  val[851:945]  test[945:1071]  (75%)
        Win 3: train[0:908]  val[908:1008]  test[1008:1134]  (80%)
        Win 4: train[0:964]  val[964:1071]  test[1071:1197]  (85%)
        Win 5: train[0:1021]  val[1021:1134]  test[1134:1260]  (90%)
        Win 6: train[0:1078]  val[1078:1197]  test[1197:1260]  (95%)
  [1b] Feature selection: top 50 of 159 ... ✓ 50 features kept
  [2/3] Training...
      [scaler] range [-5.00, 5.00]  17.5% outside [-1,1]
      [PCA]    22 components → 90.6% explained variance
      [LSTM    ] acc=0.556
      [BiLSTM  ] acc=0.556
      [GRU     ] acc=0.524
      [CNN_LSTM] acc=0.579
      [CNN_GRU ] acc=0.516
      [TCN_GRU ] acc=0.524
      [TCN_Transformer] acc=0.579
      [NBEATS  ] acc=0.540
      [calib]  temperature T=0.485  (prob spread: [0.379, 0.571])
    ~ Win 1 | 70% train | test_n=126 | OOS=50.00% | AUC=0.560 | F1=0.496 | LGB=44.44% | XGB=47.62% | T=0.48
         Dir → UP=56.36%  DOWN=45.07%  NEUTRAL=0.0%
         DL  → LSTM=55.56%  BiLSTM=55.56%  GRU=52.38%  CNN_LSTM=57.94%  CNN_GRU=51.59%  TCN_GRU=52.38%  TCN_Transformer=57.94%  NBEATS=53.97%
      [scaler] range [-5.00, 5.00]  17.4% outside [-1,1]
      [PCA]    22 components → 90.6% explained variance
      [LSTM    ] acc=0.524
      [BiLSTM  ] acc=0.556
      [GRU     ] acc=0.548
      [CNN_LSTM] acc=0.492
      [CNN_GRU ] acc=0.500
      [TCN_GRU ] acc=0.556
      [TCN_Transformer] acc=0.484
      [NBEATS  ] acc=0.397
      [calib]  temperature T=0.551  (prob spread: [0.404, 0.601])
    ✗ Win 2 | 75% train | test_n=126 | OOS=46.03% | AUC=0.508 | F1=0.500 | LGB=53.17% | XGB=53.17% | T=0.55
         Dir → UP=51.52%  DOWN=40.00%  NEUTRAL=0.0%
         DL  → LSTM=52.38%  BiLSTM=55.56%  GRU=54.76%  CNN_LSTM=49.21%  CNN_GRU=50.00%  TCN_GRU=55.56%  TCN_Transformer=48.41%  NBEATS=39.68%
      [scaler] range [-5.00, 5.00]  17.4% outside [-1,1]
      [PCA]    22 components → 90.3% explained variance
      [LSTM    ] acc=0.476
      [BiLSTM  ] acc=0.468
      [GRU     ] acc=0.524
      [CNN_LSTM] acc=0.397
      [CNN_GRU ] acc=0.476
      [TCN_GRU ] acc=0.389
      [TCN_Transformer] acc=0.468
      [NBEATS  ] acc=0.452
      [calib]  temperature T=0.426  (prob spread: [0.265, 0.749])
    ~ Win 3 | 80% train | test_n=126 | OOS=50.00% | AUC=0.488 | F1=0.462 | LGB=51.59% | XGB=47.62% | T=0.43
         Dir → UP=47.37%  DOWN=52.17%  NEUTRAL=0.0%
         DL  → LSTM=47.62%  BiLSTM=46.83%  GRU=52.38%  CNN_LSTM=39.68%  CNN_GRU=47.62%  TCN_GRU=38.89%  TCN_Transformer=46.83%  NBEATS=45.24%
      [scaler] range [-5.00, 5.00]  17.2% outside [-1,1]
      [PCA]    22 components → 90.3% explained variance
      [LSTM    ] acc=0.460
      [BiLSTM  ] acc=0.492
      [GRU     ] acc=0.500
      [CNN_LSTM] acc=0.508
      [CNN_GRU ] acc=0.452
      [TCN_GRU ] acc=0.484
      [TCN_Transformer] acc=0.540
      [NBEATS  ] acc=0.452
      [calib]  temperature T=0.368  (prob spread: [0.241, 0.666])
    ✗ Win 4 | 85% train | test_n=126 | OOS=45.24% | AUC=0.443 | F1=0.511 | LGB=46.83% | XGB=50.00% | T=0.37
         Dir → UP=45.00%  DOWN=45.65%  NEUTRAL=0.0%
         DL  → LSTM=46.03%  BiLSTM=49.21%  GRU=50.00%  CNN_LSTM=50.79%  CNN_GRU=45.24%  TCN_GRU=48.41%  TCN_Transformer=53.97%  NBEATS=45.24%
      [scaler] range [-5.00, 5.00]  17.0% outside [-1,1]
      [PCA]    22 components → 90.0% explained variance
      [LSTM    ] acc=0.508
      [BiLSTM  ] acc=0.484
      [GRU     ] acc=0.500
      [CNN_LSTM] acc=0.500
      [CNN_GRU ] acc=0.492
      [TCN_GRU ] acc=0.508
      [TCN_Transformer] acc=0.524
      [NBEATS  ] acc=0.468
      [calib]  temperature T=8.000  (prob spread: [0.498, 0.504])
    ✗ Win 5 | 90% train | test_n=126 | OOS=49.21% | AUC=0.484 | F1=0.644 | LGB=51.59% | XGB=50.00% | T=8.00
         Dir → UP=49.57%  DOWN=44.44%  NEUTRAL=0.0%
         DL  → LSTM=50.79%  BiLSTM=48.41%  GRU=50.00%  CNN_LSTM=50.00%  CNN_GRU=49.21%  TCN_GRU=50.79%  TCN_Transformer=52.38%  NBEATS=46.83%
      [scaler] range [-4.84, 5.00]  17.1% outside [-1,1]
      [PCA]    23 components → 90.8% explained variance
      [LSTM    ] acc=0.635
      [BiLSTM  ] acc=0.540
      [GRU     ] acc=0.524
      [CNN_LSTM] acc=0.492
      [CNN_GRU ] acc=0.492
      [TCN_GRU ] acc=0.397
      [TCN_Transformer] acc=0.492
      [NBEATS  ] acc=0.540
      [calib]  temperature T=8.000  (prob spread: [0.483, 0.507])
    ~ Win 6 | 95% train | test_n=63 | OOS=50.79% | AUC=0.559 | F1=0.436 | LGB=58.73% | XGB=50.79% | T=8.00
         Dir → UP=52.17%  DOWN=50.00%  NEUTRAL=0.0%
         DL  → LSTM=63.49%  BiLSTM=53.97%  GRU=52.38%  CNN_LSTM=49.21%  CNN_GRU=49.21%  TCN_GRU=39.68%  TCN_Transformer=49.21%  NBEATS=53.97%
  [3/3] OOS Overall → Accuracy=48.34%  F1=0.5252  (693 preds, 6 wins, avg_T=2.97)
  Plots → 06_results\runs\20260307_141956\MARICO\plots
