
────────────────────────────────────────────────────────────
  NMDC
────────────────────────────────────────────────────────────
  NMDC         ↻ computing features ... ✓ 1429 rows × 159 features
  [1/3] Walk-forward: 6 windows  |  1429 rows  |  159 features
        Win 1: train[0:900]  val[900:1000]  test[1000:1143]  (70%)
        Win 2: train[0:964]  val[964:1071]  test[1071:1214]  (75%)
        Win 3: train[0:1029]  val[1029:1143]  test[1143:1286]  (80%)
        Win 4: train[0:1093]  val[1093:1214]  test[1214:1357]  (85%)
        Win 5: train[0:1158]  val[1158:1286]  test[1286:1429]  (90%)
        Win 6: train[0:1222]  val[1222:1357]  test[1357:1429]  (95%)
  [1b] Feature selection: top 50 of 159 ... ✓ 50 features kept
  [2/3] Training...
      [scaler] range [-5.00, 5.00]  18.2% outside [-1,1]
      [PCA]    26 components → 90.6% explained variance
      [LSTM    ] acc=0.469
      [BiLSTM  ] acc=0.497
      [GRU     ] acc=0.497
      [CNN_LSTM] acc=0.483
      [CNN_GRU ] acc=0.601
      [calib]  temperature T=8.000  (prob spread: [0.492, 0.507])
    ~ Win 1 | 70% train | test_n=143 | OOS=51.75% | AUC=0.564 | F1=0.646 | LGB=58.04% | XGB=61.54% | T=8.00
         DL → LSTM=46.85%  BiLSTM=49.65%  GRU=49.65%  CNN_LSTM=48.25%  CNN_GRU=60.14%
      [scaler] range [-5.00, 5.00]  18.5% outside [-1,1]
      [PCA]    26 components → 90.7% explained variance
      [LSTM    ] acc=0.503
      [BiLSTM  ] acc=0.483
      [GRU     ] acc=0.490
      [CNN_LSTM] acc=0.469
      [CNN_GRU ] acc=0.434
      [calib]  temperature T=0.420  (prob spread: [0.364, 0.766])
    ~ Win 2 | 75% train | test_n=143 | OOS=50.35% | AUC=0.573 | F1=0.599 | LGB=50.35% | XGB=58.74% | T=0.42
         DL → LSTM=50.35%  BiLSTM=48.25%  GRU=48.95%  CNN_LSTM=46.85%  CNN_GRU=43.36%
      [scaler] range [-5.00, 5.00]  18.6% outside [-1,1]
      [PCA]    26 components → 90.7% explained variance
      [LSTM    ] acc=0.524
      [BiLSTM  ] acc=0.476
      [GRU     ] acc=0.441
      [CNN_LSTM] acc=0.517
      [CNN_GRU ] acc=0.538
      [calib]  temperature T=0.408  (prob spread: [0.442, 0.719])
    ~ Win 3 | 80% train | test_n=143 | OOS=53.85% | AUC=0.494 | F1=0.689 | LGB=48.95% | XGB=55.24% | T=0.41
         DL → LSTM=52.45%  BiLSTM=47.55%  GRU=44.06%  CNN_LSTM=51.75%  CNN_GRU=53.85%
      [scaler] range [-5.00, 5.00]  18.3% outside [-1,1]
      [PCA]    26 components → 90.7% explained variance
      [LSTM    ] acc=0.455
      [BiLSTM  ] acc=0.552
      [GRU     ] acc=0.524
      [CNN_LSTM] acc=0.531
      [CNN_GRU ] acc=0.545
      [calib]  temperature T=8.000  (prob spread: [0.489, 0.517])
    ~ Win 4 | 85% train | test_n=143 | OOS=55.24% | AUC=0.534 | F1=0.701 | LGB=55.24% | XGB=54.55% | T=8.00
         DL → LSTM=45.45%  BiLSTM=55.24%  GRU=52.45%  CNN_LSTM=53.15%  CNN_GRU=54.55%
      [scaler] range [-4.90, 5.00]  18.2% outside [-1,1]
      [PCA]    26 components → 90.4% explained variance
      [LSTM    ] acc=0.497
      [BiLSTM  ] acc=0.510
      [GRU     ] acc=0.483
      [CNN_LSTM] acc=0.490
      [CNN_GRU ] acc=0.517
      [calib]  temperature T=0.531  (prob spread: [0.455, 0.634])
    ✗ Win 5 | 90% train | test_n=143 | OOS=46.15% | AUC=0.447 | F1=0.503 | LGB=51.75% | XGB=55.94% | T=0.53
         DL → LSTM=49.65%  BiLSTM=51.05%  GRU=48.25%  CNN_LSTM=48.95%  CNN_GRU=51.75%
      [scaler] range [-4.58, 5.00]  18.2% outside [-1,1]
      [PCA]    26 components → 90.3% explained variance
      [LSTM    ] acc=0.458
      [BiLSTM  ] acc=0.486
      [GRU     ] acc=0.444
      [CNN_LSTM] acc=0.458
      [CNN_GRU ] acc=0.528
      [calib]  temperature T=0.298  (prob spread: [0.457, 0.725])
    ✗ Win 6 | 95% train | test_n=72 | OOS=41.67% | AUC=0.424 | F1=0.462 | LGB=50.00% | XGB=51.39% | T=0.30
         DL → LSTM=45.83%  BiLSTM=48.61%  GRU=44.44%  CNN_LSTM=45.83%  CNN_GRU=52.78%
  [3/3] OOS Overall → Accuracy=50.57%  F1=0.6227  (787 preds, 6 wins, avg_T=2.94)
  Plots → 06_results\runs\20260301_000647\NMDC\plots
