
────────────────────────────────────────────────────────────
  MPHASIS
────────────────────────────────────────────────────────────
  MPHASIS      ↻ computing features ... ✓ 1411 rows × 166 features
  [1/3] Walk-forward: 6 windows  |  1411 rows  |  166 features
        Win 1: train[0:889]  val[889:987]  test[987:1128]  (70%)
        Win 2: train[0:953]  val[953:1058]  test[1058:1199]  (75%)
        Win 3: train[0:1016]  val[1016:1128]  test[1128:1269]  (80%)
        Win 4: train[0:1080]  val[1080:1199]  test[1199:1340]  (85%)
        Win 5: train[0:1143]  val[1143:1269]  test[1269:1411]  (90%)
        Win 6: train[0:1206]  val[1206:1340]  test[1340:1411]  (95%)
  [1b] Feature selection: top 50 of 166 ... ✓ 50 features kept
  [2/3] Training...
      [scaler] range [-5.00, 5.00]  16.7% outside [-1,1]
      [PCA]    19 components → 90.8% explained variance
      [LSTM    ] acc=0.518
      [BiLSTM  ] acc=0.418
      [GRU     ] acc=0.454
      [CNN_LSTM] acc=0.475
      [CNN_GRU ] acc=0.475
      [calib]  temperature T=0.167  (prob spread: [0.289, 0.873])
    ✗ Win 1 | 70% train | test_n=141 | OOS=47.52% | AUC=0.425 | F1=0.615 | LGB=45.39% | XGB=47.52% | T=0.17
         DL → LSTM=51.77%  BiLSTM=41.84%  GRU=45.39%  CNN_LSTM=47.52%  CNN_GRU=47.52%
      [scaler] range [-5.00, 5.00]  16.7% outside [-1,1]
      [PCA]    19 components → 90.7% explained variance
      [LSTM    ] acc=0.560
      [BiLSTM  ] acc=0.496
      [GRU     ] acc=0.447
      [CNN_LSTM] acc=0.461
      [CNN_GRU ] acc=0.468
      [calib]  temperature T=0.568  (prob spread: [0.425, 0.728])
    ✗ Win 2 | 75% train | test_n=141 | OOS=48.23% | AUC=0.452 | F1=0.597 | LGB=52.48% | XGB=51.77% | T=0.57
         DL → LSTM=56.03%  BiLSTM=49.65%  GRU=44.68%  CNN_LSTM=46.10%  CNN_GRU=46.81%
      [scaler] range [-5.00, 5.00]  16.8% outside [-1,1]
      [PCA]    19 components → 90.6% explained variance
      [LSTM    ] acc=0.489
      [BiLSTM  ] acc=0.447
      [GRU     ] acc=0.461
      [CNN_LSTM] acc=0.489
      [CNN_GRU ] acc=0.482
      [calib]  temperature T=1.758  (prob spread: [0.493, 0.527])
    ✗ Win 3 | 80% train | test_n=141 | OOS=43.26% | AUC=0.421 | F1=0.565 | LGB=48.94% | XGB=48.94% | T=1.76
         DL → LSTM=48.94%  BiLSTM=44.68%  GRU=46.10%  CNN_LSTM=48.94%  CNN_GRU=48.23%
      [scaler] range [-5.00, 5.00]  16.5% outside [-1,1]
      [PCA]    19 components → 90.6% explained variance
      [LSTM    ] acc=0.454
      [BiLSTM  ] acc=0.518
      [GRU     ] acc=0.447
      [CNN_LSTM] acc=0.504
      [CNN_GRU ] acc=0.440
      [calib]  temperature T=1.054  (prob spread: [0.412, 0.568])
    ✗ Win 4 | 85% train | test_n=141 | OOS=46.81% | AUC=0.470 | F1=0.576 | LGB=45.39% | XGB=46.10% | T=1.05
         DL → LSTM=45.39%  BiLSTM=51.77%  GRU=44.68%  CNN_LSTM=50.35%  CNN_GRU=43.97%
      [scaler] range [-5.00, 5.00]  16.8% outside [-1,1]
      [PCA]    19 components → 90.6% explained variance
      [LSTM    ] acc=0.423
      [BiLSTM  ] acc=0.465
      [GRU     ] acc=0.444
      [CNN_LSTM] acc=0.479
      [CNN_GRU ] acc=0.465
      [calib]  temperature T=0.631  (prob spread: [0.478, 0.595])
    ✗ Win 5 | 90% train | test_n=142 | OOS=45.07% | AUC=0.445 | F1=0.562 | LGB=50.00% | XGB=50.00% | T=0.63
         DL → LSTM=42.25%  BiLSTM=46.48%  GRU=44.37%  CNN_LSTM=47.89%  CNN_GRU=46.48%
      [scaler] range [-5.00, 5.00]  16.5% outside [-1,1]
      [PCA]    19 components → 90.5% explained variance
      [LSTM    ] acc=0.479
      [BiLSTM  ] acc=0.423
      [GRU     ] acc=0.549
      [CNN_LSTM] acc=0.451
      [CNN_GRU ] acc=0.493
      [calib]  temperature T=4.876  (prob spread: [0.493, 0.510])
    ✗ Win 6 | 95% train | test_n=71 | OOS=45.07% | AUC=0.444 | F1=0.494 | LGB=49.30% | XGB=52.11% | T=4.88
         DL → LSTM=47.89%  BiLSTM=42.25%  GRU=54.93%  CNN_LSTM=45.07%  CNN_GRU=49.30%
  [3/3] OOS Overall → Accuracy=46.07%  F1=0.5763  (777 preds, 6 wins, avg_T=1.51)
  Plots → 06_results\runs\20260301_000647\MPHASIS\plots
