
────────────────────────────────────────────────────────────
  PIDILITIND
────────────────────────────────────────────────────────────
  PIDILITIND   ↻ computing features ... ✓ 1280 rows × 159 features
  [1/3] Walk-forward: 6 windows  |  1280 rows  |  159 features
        Win 1: train[0:807]  val[807:896]  test[896:1024]  (70%)
        Win 2: train[0:864]  val[864:960]  test[960:1088]  (75%)
        Win 3: train[0:922]  val[922:1024]  test[1024:1152]  (80%)
        Win 4: train[0:980]  val[980:1088]  test[1088:1216]  (85%)
        Win 5: train[0:1037]  val[1037:1152]  test[1152:1280]  (90%)
        Win 6: train[0:1095]  val[1095:1216]  test[1216:1280]  (95%)
  [1b] Feature selection: top 50 of 159 ... ✓ 50 features kept
  [2/3] Training...
      [scaler] range [-3.35, 5.00]  16.7% outside [-1,1]
      [PCA]    24 components → 90.3% explained variance
      [LSTM    ] acc=0.523
      [BiLSTM  ] acc=0.453
      [GRU     ] acc=0.445
      [CNN_LSTM] acc=0.508
      [CNN_GRU ] acc=0.445
      [calib]  temperature T=0.590  (prob spread: [0.470, 0.665])
    ✓ Win 1 | 70% train | test_n=128 | OOS=60.16% | AUC=0.501 | F1=0.721 | LGB=60.16% | XGB=60.16% | T=0.59
         DL → LSTM=52.34%  BiLSTM=45.31%  GRU=44.53%  CNN_LSTM=50.78%  CNN_GRU=44.53%
      [scaler] range [-3.26, 5.00]  16.3% outside [-1,1]
      [PCA]    24 components → 90.1% explained variance
      [LSTM    ] acc=0.438
      [BiLSTM  ] acc=0.461
      [GRU     ] acc=0.492
      [CNN_LSTM] acc=0.469
      [CNN_GRU ] acc=0.516
      [calib]  temperature T=0.272  (prob spread: [0.411, 0.628])
    ✗ Win 2 | 75% train | test_n=128 | OOS=47.66% | AUC=0.481 | F1=0.544 | LGB=48.44% | XGB=58.59% | T=0.27
         DL → LSTM=43.75%  BiLSTM=46.09%  GRU=49.22%  CNN_LSTM=46.88%  CNN_GRU=51.56%
      [scaler] range [-3.19, 5.00]  16.2% outside [-1,1]
      [PCA]    25 components → 91.1% explained variance
      [LSTM    ] acc=0.461
      [BiLSTM  ] acc=0.430
      [GRU     ] acc=0.500
      [CNN_LSTM] acc=0.438
      [CNN_GRU ] acc=0.445
      [calib]  temperature T=0.648  (prob spread: [0.473, 0.583])
    ~ Win 3 | 80% train | test_n=128 | OOS=53.12% | AUC=0.484 | F1=0.630 | LGB=46.09% | XGB=46.09% | T=0.65
         DL → LSTM=46.09%  BiLSTM=42.97%  GRU=50.00%  CNN_LSTM=43.75%  CNN_GRU=44.53%
      [scaler] range [-3.23, 5.00]  16.4% outside [-1,1]
      [PCA]    25 components → 90.9% explained variance
      [LSTM    ] acc=0.445
      [BiLSTM  ] acc=0.461
      [GRU     ] acc=0.508
      [CNN_LSTM] acc=0.492
      [CNN_GRU ] acc=0.492
      [calib]  temperature T=0.552  (prob spread: [0.481, 0.584])
    ~ Win 4 | 85% train | test_n=128 | OOS=50.78% | AUC=0.455 | F1=0.667 | LGB=49.22% | XGB=46.88% | T=0.55
         DL → LSTM=44.53%  BiLSTM=46.09%  GRU=50.78%  CNN_LSTM=49.22%  CNN_GRU=49.22%
      [scaler] range [-3.21, 5.00]  16.4% outside [-1,1]
      [PCA]    25 components → 90.7% explained variance
      [LSTM    ] acc=0.516
      [BiLSTM  ] acc=0.523
      [GRU     ] acc=0.391
      [CNN_LSTM] acc=0.477
      [CNN_GRU ] acc=0.438
      [calib]  temperature T=8.000  (prob spread: [0.500, 0.506])
    ~ Win 5 | 90% train | test_n=128 | OOS=50.78% | AUC=0.426 | F1=0.674 | LGB=52.34% | XGB=52.34% | T=8.00
         DL → LSTM=51.56%  BiLSTM=52.34%  GRU=39.06%  CNN_LSTM=47.66%  CNN_GRU=43.75%
      [scaler] range [-3.28, 5.00]  16.3% outside [-1,1]
      [PCA]    25 components → 90.5% explained variance
      [LSTM    ] acc=0.453
      [BiLSTM  ] acc=0.578
      [GRU     ] acc=0.562
      [CNN_LSTM] acc=0.547
      [CNN_GRU ] acc=0.453
      [calib]  temperature T=0.507  (prob spread: [0.490, 0.585])
    ~ Win 6 | 95% train | test_n=64 | OOS=53.12% | AUC=0.491 | F1=0.694 | LGB=48.44% | XGB=46.88% | T=0.51
         DL → LSTM=45.31%  BiLSTM=57.81%  GRU=56.25%  CNN_LSTM=54.69%  CNN_GRU=45.31%
  [3/3] OOS Overall → Accuracy=52.56%  F1=0.6564  (704 preds, 6 wins, avg_T=1.76)
  Plots → 06_results\runs\20260301_000647\PIDILITIND\plots
