
────────────────────────────────────────────────────────────
  DLF
────────────────────────────────────────────────────────────
  DLF          ↻ computing features ... ✓ 1452 rows × 159 features
  [1/3] Walk-forward: 6 windows  |  1452 rows  |  159 features
        Win 1: train[0:915]  val[915:1016]  test[1016:1161]  (70%)
        Win 2: train[0:981]  val[981:1089]  test[1089:1234]  (75%)
        Win 3: train[0:1045]  val[1045:1161]  test[1161:1306]  (80%)
        Win 4: train[0:1111]  val[1111:1234]  test[1234:1379]  (85%)
        Win 5: train[0:1176]  val[1176:1306]  test[1306:1452]  (90%)
        Win 6: train[0:1242]  val[1242:1379]  test[1379:1452]  (95%)
  [1b] Feature selection: top 50 of 159 ... ✓ 50 features kept
  [2/3] Training...
      [scaler] range [-5.00, 5.00]  15.5% outside [-1,1]
      [PCA]    22 components → 90.3% explained variance
      [LSTM    ] acc=0.524
      [BiLSTM  ] acc=0.600
      [GRU     ] acc=0.572
      [CNN_LSTM] acc=0.441
      [CNN_GRU ] acc=0.559
      [calib]  temperature T=0.161  (prob spread: [0.226, 0.940])
    ✓ Win 1 | 70% train | test_n=145 | OOS=60.69% | AUC=0.530 | F1=0.727 | LGB=62.07% | XGB=62.07% | T=0.16
         DL → LSTM=52.41%  BiLSTM=60.00%  GRU=57.24%  CNN_LSTM=44.14%  CNN_GRU=55.86%
      [scaler] range [-5.00, 5.00]  15.4% outside [-1,1]
      [PCA]    22 components → 90.3% explained variance
      [LSTM    ] acc=0.517
      [BiLSTM  ] acc=0.545
      [GRU     ] acc=0.559
      [CNN_LSTM] acc=0.552
      [CNN_GRU ] acc=0.566
      [calib]  temperature T=0.341  (prob spread: [0.425, 0.693])
    ~ Win 2 | 75% train | test_n=145 | OOS=54.48% | AUC=0.601 | F1=0.686 | LGB=53.10% | XGB=53.10% | T=0.34
         DL → LSTM=51.72%  BiLSTM=54.48%  GRU=55.86%  CNN_LSTM=55.17%  CNN_GRU=56.55%
      [scaler] range [-5.00, 5.00]  15.4% outside [-1,1]
      [PCA]    22 components → 90.3% explained variance
      [LSTM    ] acc=0.483
      [BiLSTM  ] acc=0.476
      [GRU     ] acc=0.497
      [CNN_LSTM] acc=0.490
      [CNN_GRU ] acc=0.476
      [calib]  temperature T=0.580  (prob spread: [0.442, 0.648])
    ✗ Win 3 | 80% train | test_n=145 | OOS=48.28% | AUC=0.507 | F1=0.645 | LGB=46.21% | XGB=47.59% | T=0.58
         DL → LSTM=48.28%  BiLSTM=47.59%  GRU=49.66%  CNN_LSTM=48.97%  CNN_GRU=47.59%
      [scaler] range [-5.00, 5.00]  15.3% outside [-1,1]
      [PCA]    22 components → 90.3% explained variance
      [LSTM    ] acc=0.448
      [BiLSTM  ] acc=0.441
      [GRU     ] acc=0.448
      [CNN_LSTM] acc=0.448
      [CNN_GRU ] acc=0.428
      [calib]  temperature T=1.014  (prob spread: [0.489, 0.611])
    ✗ Win 4 | 85% train | test_n=145 | OOS=44.14% | AUC=0.473 | F1=0.612 | LGB=44.83% | XGB=44.83% | T=1.01
         DL → LSTM=44.83%  BiLSTM=44.14%  GRU=44.83%  CNN_LSTM=44.83%  CNN_GRU=42.76%
      [scaler] range [-5.00, 5.00]  15.3% outside [-1,1]
      [PCA]    22 components → 90.2% explained variance
      [LSTM    ] acc=0.459
      [BiLSTM  ] acc=0.541
      [GRU     ] acc=0.493
      [CNN_LSTM] acc=0.459
      [CNN_GRU ] acc=0.548
      [calib]  temperature T=8.000  (prob spread: [0.502, 0.509])
    ✗ Win 5 | 90% train | test_n=146 | OOS=45.89% | AUC=0.500 | F1=0.629 | LGB=45.89% | XGB=45.89% | T=8.00
         DL → LSTM=45.89%  BiLSTM=54.11%  GRU=49.32%  CNN_LSTM=45.89%  CNN_GRU=54.79%
      [scaler] range [-5.00, 5.00]  15.1% outside [-1,1]
      [PCA]    22 components → 90.2% explained variance
      [LSTM    ] acc=0.466
      [BiLSTM  ] acc=0.466
      [GRU     ] acc=0.589
      [CNN_LSTM] acc=0.466
      [CNN_GRU ] acc=0.466
      [calib]  temperature T=8.000  (prob spread: [0.495, 0.514])
    ~ Win 6 | 95% train | test_n=73 | OOS=50.68% | AUC=0.583 | F1=0.654 | LGB=46.58% | XGB=46.58% | T=8.00
         DL → LSTM=46.58%  BiLSTM=46.58%  GRU=58.90%  CNN_LSTM=46.58%  CNN_GRU=46.58%
  [3/3] OOS Overall → Accuracy=50.69%  F1=0.6592  (799 preds, 6 wins, avg_T=3.02)
  Plots → 06_results\runs\20260301_000647\DLF\plots
