
────────────────────────────────────────────────────────────
  POWERGRID
────────────────────────────────────────────────────────────
  POWERGRID    ↻ computing features ... ✓ 1318 rows × 159 features
  [1/3] Walk-forward: 6 windows  |  1318 rows  |  159 features
        Win 1: train[0:830]  val[830:922]  test[922:1054]  (70%)
        Win 2: train[0:890]  val[890:988]  test[988:1120]  (75%)
        Win 3: train[0:949]  val[949:1054]  test[1054:1186]  (80%)
        Win 4: train[0:1008]  val[1008:1120]  test[1120:1252]  (85%)
        Win 5: train[0:1068]  val[1068:1186]  test[1186:1318]  (90%)
        Win 6: train[0:1127]  val[1127:1252]  test[1252:1318]  (95%)
  [1b] Feature selection: top 50 of 159 ... ✓ 50 features kept
  [2/3] Training...
      [scaler] range [-5.00, 5.00]  18.0% outside [-1,1]
      [PCA]    24 components → 90.5% explained variance
      [LSTM    ] acc=0.432
      [BiLSTM  ] acc=0.492
      [GRU     ] acc=0.432
      [CNN_LSTM] acc=0.523
      [CNN_GRU ] acc=0.485
      [calib]  temperature T=0.623  (prob spread: [0.274, 0.677])
    ~ Win 1 | 70% train | test_n=132 | OOS=54.55% | AUC=0.629 | F1=0.559 | LGB=59.85% | XGB=52.27% | T=0.62
         DL → LSTM=43.18%  BiLSTM=49.24%  GRU=43.18%  CNN_LSTM=52.27%  CNN_GRU=48.48%
      [scaler] range [-5.00, 5.00]  17.9% outside [-1,1]
      [PCA]    24 components → 90.5% explained variance
      [LSTM    ] acc=0.500
      [BiLSTM  ] acc=0.500
      [GRU     ] acc=0.553
      [CNN_LSTM] acc=0.470
      [CNN_GRU ] acc=0.508
      [calib]  temperature T=8.000  (prob spread: [0.487, 0.514])
    ~ Win 2 | 75% train | test_n=132 | OOS=52.27% | AUC=0.528 | F1=0.613 | LGB=53.79% | XGB=54.55% | T=8.00
         DL → LSTM=50.00%  BiLSTM=50.00%  GRU=55.30%  CNN_LSTM=46.97%  CNN_GRU=50.76%
      [scaler] range [-5.00, 5.00]  17.9% outside [-1,1]
      [PCA]    24 components → 90.5% explained variance
      [LSTM    ] acc=0.485
      [BiLSTM  ] acc=0.515
      [GRU     ] acc=0.508
      [CNN_LSTM] acc=0.515
      [CNN_GRU ] acc=0.523
      [calib]  temperature T=0.397  (prob spread: [0.411, 0.801])
    ✗ Win 3 | 80% train | test_n=132 | OOS=48.48% | AUC=0.545 | F1=0.642 | LGB=49.24% | XGB=49.24% | T=0.40
         DL → LSTM=48.48%  BiLSTM=51.52%  GRU=50.76%  CNN_LSTM=51.52%  CNN_GRU=52.27%
      [scaler] range [-5.00, 5.00]  18.1% outside [-1,1]
      [PCA]    24 components → 90.2% explained variance
      [LSTM    ] acc=0.492
      [BiLSTM  ] acc=0.500
      [GRU     ] acc=0.477
      [CNN_LSTM] acc=0.508
      [CNN_GRU ] acc=0.515
      [calib]  temperature T=1.456  (prob spread: [0.480, 0.629])
    ✗ Win 4 | 85% train | test_n=132 | OOS=47.73% | AUC=0.571 | F1=0.635 | LGB=50.76% | XGB=50.76% | T=1.46
         DL → LSTM=49.24%  BiLSTM=50.00%  GRU=47.73%  CNN_LSTM=50.76%  CNN_GRU=51.52%
      [scaler] range [-5.00, 5.00]  18.3% outside [-1,1]
      [PCA]    24 components → 90.1% explained variance
      [LSTM    ] acc=0.492
      [BiLSTM  ] acc=0.477
      [GRU     ] acc=0.485
      [CNN_LSTM] acc=0.455
      [CNN_GRU ] acc=0.485
      [calib]  temperature T=8.000  (prob spread: [0.502, 0.508])
    ✗ Win 5 | 90% train | test_n=132 | OOS=47.73% | AUC=0.472 | F1=0.646 | LGB=47.73% | XGB=47.73% | T=8.00
         DL → LSTM=49.24%  BiLSTM=47.73%  GRU=48.48%  CNN_LSTM=45.45%  CNN_GRU=48.48%
      [scaler] range [-5.00, 5.00]  18.2% outside [-1,1]
      [PCA]    25 components → 91.1% explained variance
      [LSTM    ] acc=0.439
      [BiLSTM  ] acc=0.621
      [GRU     ] acc=0.470
      [CNN_LSTM] acc=0.561
      [CNN_GRU ] acc=0.500
      [calib]  temperature T=1.926  (prob spread: [0.503, 0.535])
    ✗ Win 6 | 95% train | test_n=66 | OOS=45.45% | AUC=0.374 | F1=0.625 | LGB=43.94% | XGB=45.45% | T=1.93
         DL → LSTM=43.94%  BiLSTM=62.12%  GRU=46.97%  CNN_LSTM=56.06%  CNN_GRU=50.00%
  [3/3] OOS Overall → Accuracy=49.72%  F1=0.6233  (726 preds, 6 wins, avg_T=3.40)
  Plots → 06_results\runs\20260301_000647\POWERGRID\plots
