
────────────────────────────────────────────────────────────
  DIVISLAB
────────────────────────────────────────────────────────────
  DIVISLAB     ↻ computing features ... ✓ 1335 rows × 159 features
  [1/3] Walk-forward: 6 windows  |  1335 rows  |  159 features
        Win 1: train[0:841]  val[841:934]  test[934:1068]  (70%)
        Win 2: train[0:901]  val[901:1001]  test[1001:1134]  (75%)
        Win 3: train[0:962]  val[962:1068]  test[1068:1201]  (80%)
        Win 4: train[0:1021]  val[1021:1134]  test[1134:1268]  (85%)
        Win 5: train[0:1081]  val[1081:1201]  test[1201:1335]  (90%)
        Win 6: train[0:1142]  val[1142:1268]  test[1268:1335]  (95%)
  [1b] Feature selection: top 50 of 159 ... ✓ 50 features kept
  [2/3] Training...
      [scaler] range [-3.53, 5.00]  17.1% outside [-1,1]
      [PCA]    24 components → 90.3% explained variance
      [LSTM    ] acc=0.507
      [BiLSTM  ] acc=0.537
      [GRU     ] acc=0.470
      [CNN_LSTM] acc=0.485
      [CNN_GRU ] acc=0.478
      [TCN_GRU ] acc=0.425
      [TCN_Transformer] acc=0.493
      [NBEATS  ] acc=0.507
      [calib]  temperature T=0.427  (prob spread: [0.502, 0.683])
    ✗ Win 1 | 70% train | test_n=134 | OOS=49.25% | AUC=0.502 | F1=0.660 | LGB=49.25% | XGB=46.27% | T=0.43
         Dir → UP=49.25%  DOWN=0.00%  NEUTRAL=0.0%
         DL  → LSTM=50.75%  BiLSTM=53.73%  GRU=47.01%  CNN_LSTM=48.51%  CNN_GRU=47.76%  TCN_GRU=42.54%  TCN_Transformer=49.25%  NBEATS=50.75%
      [scaler] range [-3.55, 5.00]  17.1% outside [-1,1]
      [PCA]    24 components → 90.2% explained variance
      [LSTM    ] acc=0.496
      [BiLSTM  ] acc=0.519
      [GRU     ] acc=0.504
      [CNN_LSTM] acc=0.519
      [CNN_GRU ] acc=0.602
      [TCN_GRU ] acc=0.526
      [TCN_Transformer] acc=0.489
      [NBEATS  ] acc=0.511
      [calib]  temperature T=8.000  (prob spread: [0.502, 0.506])
    ~ Win 2 | 75% train | test_n=133 | OOS=51.88% | AUC=0.563 | F1=0.683 | LGB=51.88% | XGB=55.64% | T=8.00
         Dir → UP=51.88%  DOWN=0.00%  NEUTRAL=0.0%
         DL  → LSTM=49.62%  BiLSTM=51.88%  GRU=50.38%  CNN_LSTM=51.88%  CNN_GRU=60.15%  TCN_GRU=52.63%  TCN_Transformer=48.87%  NBEATS=51.13%
      [scaler] range [-3.49, 5.00]  17.0% outside [-1,1]
      [PCA]    24 components → 90.1% explained variance
      [LSTM    ] acc=0.534
      [BiLSTM  ] acc=0.549
      [GRU     ] acc=0.549
      [CNN_LSTM] acc=0.541
      [CNN_GRU ] acc=0.617
      [TCN_GRU ] acc=0.511
      [TCN_Transformer] acc=0.534
      [NBEATS  ] acc=0.511
      [calib]  temperature T=0.389  (prob spread: [0.459, 0.669])
    ~ Win 3 | 80% train | test_n=133 | OOS=51.88% | AUC=0.544 | F1=0.652 | LGB=52.63% | XGB=52.63% | T=0.39
         Dir → UP=52.63%  DOWN=47.37%  NEUTRAL=0.0%
         DL  → LSTM=53.38%  BiLSTM=54.89%  GRU=54.89%  CNN_LSTM=54.14%  CNN_GRU=61.65%  TCN_GRU=51.13%  TCN_Transformer=53.38%  NBEATS=51.13%
      [scaler] range [-3.65, 5.00]  16.9% outside [-1,1]
      [PCA]    25 components → 91.0% explained variance
      [LSTM    ] acc=0.522
      [BiLSTM  ] acc=0.567
      [GRU     ] acc=0.493
      [CNN_LSTM] acc=0.522
      [CNN_GRU ] acc=0.522
      [TCN_GRU ] acc=0.455
      [TCN_Transformer] acc=0.545
      [NBEATS  ] acc=0.507
      [calib]  temperature T=0.330  (prob spread: [0.441, 0.743])
    ~ Win 4 | 85% train | test_n=134 | OOS=54.48% | AUC=0.511 | F1=0.684 | LGB=56.72% | XGB=58.96% | T=0.33
         Dir → UP=53.23%  DOWN=70.00%  NEUTRAL=0.0%
         DL  → LSTM=52.24%  BiLSTM=56.72%  GRU=49.25%  CNN_LSTM=52.24%  CNN_GRU=52.24%  TCN_GRU=45.52%  TCN_Transformer=54.48%  NBEATS=50.75%
      [scaler] range [-3.60, 5.00]  17.0% outside [-1,1]
      [PCA]    25 components → 90.8% explained variance
      [LSTM    ] acc=0.478
      [BiLSTM  ] acc=0.493
      [GRU     ] acc=0.485
      [CNN_LSTM] acc=0.470
      [CNN_GRU ] acc=0.440
      [TCN_GRU ] acc=0.537
      [TCN_Transformer] acc=0.470
      [NBEATS  ] acc=0.507
      [calib]  temperature T=0.314  (prob spread: [0.471, 0.690])
    ~ Win 5 | 90% train | test_n=134 | OOS=52.99% | AUC=0.473 | F1=0.677 | LGB=50.00% | XGB=49.25% | T=0.31
         Dir → UP=51.56%  DOWN=83.33%  NEUTRAL=0.0%
         DL  → LSTM=47.76%  BiLSTM=49.25%  GRU=48.51%  CNN_LSTM=47.01%  CNN_GRU=44.03%  TCN_GRU=53.73%  TCN_Transformer=47.01%  NBEATS=50.75%
      [scaler] range [-3.60, 5.00]  17.0% outside [-1,1]
      [PCA]    25 components → 90.6% explained variance
      [LSTM    ] acc=0.507
      [BiLSTM  ] acc=0.493
      [GRU     ] acc=0.522
      [CNN_LSTM] acc=0.582
      [CNN_GRU ] acc=0.418
      [TCN_GRU ] acc=0.507
      [TCN_Transformer] acc=0.582
      [NBEATS  ] acc=0.522
      [calib]  temperature T=0.372  (prob spread: [0.463, 0.621])
    ✓ Win 6 | 95% train | test_n=67 | OOS=61.19% | AUC=0.678 | F1=0.705 | LGB=47.76% | XGB=56.72% | T=0.37
         Dir → UP=59.62%  DOWN=66.67%  NEUTRAL=0.0%
         DL  → LSTM=50.75%  BiLSTM=49.25%  GRU=52.24%  CNN_LSTM=58.21%  CNN_GRU=41.79%  TCN_GRU=50.75%  TCN_Transformer=58.21%  NBEATS=52.24%
  [3/3] OOS Overall → Accuracy=52.93%  F1=0.6742  (735 preds, 6 wins, avg_T=1.64)
  Plots → 06_results\runs\20260307_141956\DIVISLAB\plots
