
────────────────────────────────────────────────────────────
  GAIL
────────────────────────────────────────────────────────────
  GAIL         ✓ features cached  (1409 rows × 159 feat)
  [1/3] Walk-forward: 6 windows  |  1409 rows  |  159 features
        Win 1: train[0:888]  val[888:986]  test[986:1127]  (70%)
        Win 2: train[0:951]  val[951:1056]  test[1056:1197]  (75%)
        Win 3: train[0:1015]  val[1015:1127]  test[1127:1268]  (80%)
        Win 4: train[0:1078]  val[1078:1197]  test[1197:1338]  (85%)
        Win 5: train[0:1142]  val[1142:1268]  test[1268:1409]  (90%)
        Win 6: train[0:1205]  val[1205:1338]  test[1338:1409]  (95%)
  [1b] Feature selection: top 50 of 159 ... ✓ 50 features kept
  [2/3] Training...
      [scaler] range [-5.00, 5.00]  17.1% outside [-1,1]
      [PCA]    21 components → 90.9% explained variance
      [LSTM    ] acc=0.546
      [BiLSTM  ] acc=0.504
      [GRU     ] acc=0.589
      [CNN_LSTM] acc=0.511
      [CNN_GRU ] acc=0.489
      [TCN_GRU ] acc=0.461
      [TCN_Transformer] acc=0.496
      [NBEATS  ] acc=0.461
      [calib]  temperature T=0.169  (prob spread: [0.173, 0.760])
    ✗ Win 1 | 70% train | test_n=141 | OOS=46.81% | AUC=0.490 | F1=0.419 | LGB=54.61% | XGB=54.61% | T=0.17
         Dir → UP=51.92%  DOWN=43.82%  NEUTRAL=0.0%
         DL  → LSTM=54.61%  BiLSTM=50.35%  GRU=58.87%  CNN_LSTM=51.06%  CNN_GRU=48.94%  TCN_GRU=46.10%  TCN_Transformer=49.65%  NBEATS=46.10%
      [scaler] range [-5.00, 5.00]  16.9% outside [-1,1]
      [PCA]    21 components → 90.9% explained variance
      [LSTM    ] acc=0.475
      [BiLSTM  ] acc=0.496
      [GRU     ] acc=0.532
      [CNN_LSTM] acc=0.532
      [CNN_GRU ] acc=0.532
      [TCN_GRU ] acc=0.518
      [TCN_Transformer] acc=0.482
      [NBEATS  ] acc=0.468
      [calib]  temperature T=0.371  (prob spread: [0.419, 0.684])
    ✗ Win 2 | 75% train | test_n=141 | OOS=49.65% | AUC=0.510 | F1=0.647 | LGB=48.23% | XGB=48.94% | T=0.37
         Dir → UP=48.87%  DOWN=62.50%  NEUTRAL=0.0%
         DL  → LSTM=47.52%  BiLSTM=49.65%  GRU=53.19%  CNN_LSTM=53.19%  CNN_GRU=53.19%  TCN_GRU=51.77%  TCN_Transformer=48.23%  NBEATS=46.81%
      [scaler] range [-4.94, 5.00]  16.9% outside [-1,1]
      [PCA]    21 components → 90.9% explained variance
      [LSTM    ] acc=0.518
      [BiLSTM  ] acc=0.454
      [GRU     ] acc=0.489
      [CNN_LSTM] acc=0.511
      [CNN_GRU ] acc=0.489
      [TCN_GRU ] acc=0.539
      [TCN_Transformer] acc=0.496
      [NBEATS  ] acc=0.489
      [calib]  temperature T=1.434  (prob spread: [0.430, 0.617])
    ~ Win 3 | 80% train | test_n=141 | OOS=52.48% | AUC=0.495 | F1=0.642 | LGB=51.06% | XGB=49.65% | T=1.43
         Dir → UP=51.28%  DOWN=58.33%  NEUTRAL=0.0%
         DL  → LSTM=51.77%  BiLSTM=45.39%  GRU=48.94%  CNN_LSTM=51.06%  CNN_GRU=48.94%  TCN_GRU=53.90%  TCN_Transformer=49.65%  NBEATS=48.94%
      [scaler] range [-4.94, 5.00]  16.5% outside [-1,1]
      [PCA]    21 components → 91.0% explained variance
      [LSTM    ] acc=0.511
      [BiLSTM  ] acc=0.532
      [GRU     ] acc=0.518
      [CNN_LSTM] acc=0.504
      [CNN_GRU ] acc=0.496
      [TCN_GRU ] acc=0.482
      [TCN_Transformer] acc=0.496
      [NBEATS  ] acc=0.496
      [calib]  temperature T=1.626  (prob spread: [0.483, 0.551])
    ~ Win 4 | 85% train | test_n=141 | OOS=51.77% | AUC=0.515 | F1=0.670 | LGB=51.06% | XGB=51.06% | T=1.63
         Dir → UP=51.49%  DOWN=57.14%  NEUTRAL=0.0%
         DL  → LSTM=51.06%  BiLSTM=53.19%  GRU=51.77%  CNN_LSTM=50.35%  CNN_GRU=49.65%  TCN_GRU=48.23%  TCN_Transformer=49.65%  NBEATS=49.65%
      [scaler] range [-4.91, 5.00]  16.6% outside [-1,1]
      [PCA]    21 components → 90.8% explained variance
      [LSTM    ] acc=0.511
      [BiLSTM  ] acc=0.496
      [GRU     ] acc=0.511
      [CNN_LSTM] acc=0.489
      [CNN_GRU ] acc=0.518
      [TCN_GRU ] acc=0.461
      [TCN_Transformer] acc=0.553
      [NBEATS  ] acc=0.546
      [calib]  temperature T=8.000  (prob spread: [0.502, 0.506])
    ~ Win 5 | 90% train | test_n=141 | OOS=51.06% | AUC=0.509 | F1=0.676 | LGB=51.06% | XGB=51.06% | T=8.00
         Dir → UP=51.06%  DOWN=0.00%  NEUTRAL=0.0%
         DL  → LSTM=51.06%  BiLSTM=49.65%  GRU=51.06%  CNN_LSTM=48.94%  CNN_GRU=51.77%  TCN_GRU=46.10%  TCN_Transformer=55.32%  NBEATS=54.61%
      [scaler] range [-4.86, 5.00]  16.5% outside [-1,1]
      [PCA]    21 components → 90.6% explained variance
      [LSTM    ] acc=0.535
      [BiLSTM  ] acc=0.493
      [GRU     ] acc=0.521
      [CNN_LSTM] acc=0.521
      [CNN_GRU ] acc=0.451
      [TCN_GRU ] acc=0.521
      [TCN_Transformer] acc=0.507
      [NBEATS  ] acc=0.507
      [calib]  temperature T=0.799  (prob spread: [0.444, 0.701])
    ✗ Win 6 | 95% train | test_n=71 | OOS=47.89% | AUC=0.446 | F1=0.619 | LGB=50.70% | XGB=50.70% | T=0.80
         Dir → UP=49.18%  DOWN=40.00%  NEUTRAL=0.0%
         DL  → LSTM=53.52%  BiLSTM=49.30%  GRU=52.11%  CNN_LSTM=52.11%  CNN_GRU=45.07%  TCN_GRU=52.11%  TCN_Transformer=50.70%  NBEATS=50.70%
  [3/3] OOS Overall → Accuracy=50.13%  F1=0.6254  (776 preds, 6 wins, avg_T=2.07)
  Plots → 06_results\runs\20260307_141956\GAIL\plots
