
────────────────────────────────────────────────────────────
  AMBUJACEM
────────────────────────────────────────────────────────────
  AMBUJACEM    ✓ features cached  (1383 rows × 159 feat)
  [1/3] Walk-forward: 6 windows  |  1383 rows  |  159 features
        Win 1: train[0:872]  val[872:968]  test[968:1106]  (70%)
        Win 2: train[0:934]  val[934:1037]  test[1037:1175]  (75%)
        Win 3: train[0:996]  val[996:1106]  test[1106:1244]  (80%)
        Win 4: train[0:1058]  val[1058:1175]  test[1175:1313]  (85%)
        Win 5: train[0:1120]  val[1120:1244]  test[1244:1383]  (90%)
        Win 6: train[0:1182]  val[1182:1313]  test[1313:1383]  (95%)
  [1b] Feature selection: top 50 of 159 ... ✓ 50 features kept
  [2/3] Training...
      [scaler] range [-4.46, 5.00]  17.2% outside [-1,1]
      [PCA]    25 components → 90.7% explained variance
      [LSTM    ] acc=0.536
      [BiLSTM  ] acc=0.529
      [GRU     ] acc=0.543
      [CNN_LSTM] acc=0.529
      [CNN_GRU ] acc=0.493
      [calib]  temperature T=0.994  (prob spread: [0.490, 0.595])
    ~ Win 1 | 70% train | test_n=138 | OOS=52.17% | AUC=0.528 | F1=0.683 | LGB=52.90% | XGB=52.90% | T=0.99
         DL → LSTM=53.62%  BiLSTM=52.90%  GRU=54.35%  CNN_LSTM=52.90%  CNN_GRU=49.28%
      [scaler] range [-4.41, 5.00]  17.0% outside [-1,1]
      [PCA]    25 components → 90.5% explained variance
      [LSTM    ] acc=0.478
      [BiLSTM  ] acc=0.486
      [GRU     ] acc=0.478
      [CNN_LSTM] acc=0.464
      [CNN_GRU ] acc=0.522
      [calib]  temperature T=0.578  (prob spread: [0.430, 0.675])
    ✗ Win 2 | 75% train | test_n=138 | OOS=49.28% | AUC=0.613 | F1=0.639 | LGB=47.83% | XGB=47.83% | T=0.58
         DL → LSTM=47.83%  BiLSTM=48.55%  GRU=47.83%  CNN_LSTM=46.38%  CNN_GRU=52.17%
      [scaler] range [-4.38, 5.00]  17.0% outside [-1,1]
      [PCA]    25 components → 90.6% explained variance
      [LSTM    ] acc=0.493
      [BiLSTM  ] acc=0.514
      [GRU     ] acc=0.507
      [CNN_LSTM] acc=0.493
      [CNN_GRU ] acc=0.500
      [calib]  temperature T=0.428  (prob spread: [0.426, 0.790])
    ✗ Win 3 | 80% train | test_n=138 | OOS=48.55% | AUC=0.575 | F1=0.643 | LGB=49.28% | XGB=49.28% | T=0.43
         DL → LSTM=49.28%  BiLSTM=51.45%  GRU=50.72%  CNN_LSTM=49.28%  CNN_GRU=50.00%
      [scaler] range [-4.39, 5.00]  16.9% outside [-1,1]
      [PCA]    25 components → 90.5% explained variance
      [LSTM    ] acc=0.507
      [BiLSTM  ] acc=0.507
      [GRU     ] acc=0.464
      [CNN_LSTM] acc=0.507
      [CNN_GRU ] acc=0.507
      [calib]  temperature T=1.089  (prob spread: [0.410, 0.668])
    ~ Win 4 | 85% train | test_n=138 | OOS=50.72% | AUC=0.508 | F1=0.622 | LGB=52.17% | XGB=54.35% | T=1.09
         DL → LSTM=50.72%  BiLSTM=50.72%  GRU=46.38%  CNN_LSTM=50.72%  CNN_GRU=50.72%
      [scaler] range [-4.20, 5.00]  16.8% outside [-1,1]
      [PCA]    25 components → 90.3% explained variance
      [LSTM    ] acc=0.475
      [BiLSTM  ] acc=0.540
      [GRU     ] acc=0.460
      [CNN_LSTM] acc=0.453
      [CNN_GRU ] acc=0.518
      [calib]  temperature T=0.100  (prob spread: [0.528, 0.953])
    ✗ Win 5 | 90% train | test_n=139 | OOS=47.48% | AUC=0.546 | F1=0.644 | LGB=52.52% | XGB=48.92% | T=0.10
         DL → LSTM=47.48%  BiLSTM=53.96%  GRU=46.04%  CNN_LSTM=45.32%  CNN_GRU=51.80%
      [scaler] range [-3.94, 5.00]  16.7% outside [-1,1]
      [PCA]    25 components → 90.3% explained variance
      [LSTM    ] acc=0.471
      [BiLSTM  ] acc=0.457
      [GRU     ] acc=0.471
      [CNN_LSTM] acc=0.471
      [CNN_GRU ] acc=0.543
      [calib]  temperature T=1.170  (prob spread: [0.509, 0.550])
    ✗ Win 6 | 95% train | test_n=70 | OOS=45.71% | AUC=0.484 | F1=0.627 | LGB=45.71% | XGB=45.71% | T=1.17
         DL → LSTM=47.14%  BiLSTM=45.71%  GRU=47.14%  CNN_LSTM=47.14%  CNN_GRU=54.29%
  [3/3] OOS Overall → Accuracy=49.28%  F1=0.6452  (761 preds, 6 wins, avg_T=0.73)
  Plots → 06_results\runs\20260301_000647\AMBUJACEM\plots
