
────────────────────────────────────────────────────────────
  MOTHERSON
────────────────────────────────────────────────────────────
  MOTHERSON    ↻ computing features ... ✓ 1466 rows × 159 features
  [1/3] Walk-forward: 6 windows  |  1466 rows  |  159 features
        Win 1: train[0:924]  val[924:1026]  test[1026:1172]  (70%)
        Win 2: train[0:990]  val[990:1099]  test[1099:1246]  (75%)
        Win 3: train[0:1055]  val[1055:1172]  test[1172:1319]  (80%)
        Win 4: train[0:1122]  val[1122:1246]  test[1246:1392]  (85%)
        Win 5: train[0:1188]  val[1188:1319]  test[1319:1466]  (90%)
        Win 6: train[0:1253]  val[1253:1392]  test[1392:1466]  (95%)
  [1b] Feature selection: top 50 of 159 ... ✓ 50 features kept
  [2/3] Training...
      [scaler] range [-5.00, 5.00]  16.9% outside [-1,1]
      [PCA]    23 components → 90.3% explained variance
      [LSTM    ] acc=0.521
      [BiLSTM  ] acc=0.349
      [GRU     ] acc=0.397
      [CNN_LSTM] acc=0.651
      [CNN_GRU ] acc=0.445
      [TCN_GRU ] acc=0.514
      [TCN_Transformer] acc=0.603
      [NBEATS  ] acc=0.473
      [calib]  temperature T=0.491  (prob spread: [0.427, 0.593])
    ✗ Win 1 | 70% train | test_n=146 | OOS=49.32% | AUC=0.536 | F1=0.471 | LGB=48.63% | XGB=60.27% | T=0.49
         Dir → UP=75.00%  DOWN=38.24%  NEUTRAL=0.0%
         DL  → LSTM=52.05%  BiLSTM=34.93%  GRU=39.73%  CNN_LSTM=65.07%  CNN_GRU=44.52%  TCN_GRU=51.37%  TCN_Transformer=60.27%  NBEATS=47.26%
      [scaler] range [-5.00, 5.00]  16.6% outside [-1,1]
      [PCA]    23 components → 90.2% explained variance
      [LSTM    ] acc=0.551
      [BiLSTM  ] acc=0.599
      [GRU     ] acc=0.497
      [CNN_LSTM] acc=0.510
      [CNN_GRU ] acc=0.531
      [TCN_GRU ] acc=0.503
      [TCN_Transformer] acc=0.544
      [NBEATS  ] acc=0.483
      [calib]  temperature T=0.328  (prob spread: [0.313, 0.688])
    ✗ Win 2 | 75% train | test_n=147 | OOS=42.86% | AUC=0.432 | F1=0.562 | LGB=53.06% | XGB=51.02% | T=0.33
         Dir → UP=47.37%  DOWN=27.27%  NEUTRAL=0.0%
         DL  → LSTM=55.10%  BiLSTM=59.86%  GRU=49.66%  CNN_LSTM=51.02%  CNN_GRU=53.06%  TCN_GRU=50.34%  TCN_Transformer=54.42%  NBEATS=48.30%
      [scaler] range [-5.00, 5.00]  16.6% outside [-1,1]
      [PCA]    23 components → 90.1% explained variance
      [LSTM    ] acc=0.449
      [BiLSTM  ] acc=0.510
      [GRU     ] acc=0.469
      [CNN_LSTM] acc=0.449
      [CNN_GRU ] acc=0.517
      [TCN_GRU ] acc=0.537
      [TCN_Transformer] acc=0.503
      [NBEATS  ] acc=0.490
      [calib]  temperature T=0.348  (prob spread: [0.211, 0.832])
    ✗ Win 3 | 80% train | test_n=147 | OOS=44.22% | AUC=0.421 | F1=0.453 | LGB=46.26% | XGB=46.26% | T=0.35
         Dir → UP=41.46%  DOWN=47.69%  NEUTRAL=0.0%
         DL  → LSTM=44.90%  BiLSTM=51.02%  GRU=46.94%  CNN_LSTM=44.90%  CNN_GRU=51.70%  TCN_GRU=53.74%  TCN_Transformer=50.34%  NBEATS=48.98%
      [scaler] range [-5.00, 5.00]  16.5% outside [-1,1]
      [PCA]    24 components → 91.0% explained variance
      [LSTM    ] acc=0.521
      [BiLSTM  ] acc=0.541
      [GRU     ] acc=0.479
      [CNN_LSTM] acc=0.555
      [CNN_GRU ] acc=0.514
      [TCN_GRU ] acc=0.507
      [TCN_Transformer] acc=0.486
      [NBEATS  ] acc=0.473
      [calib]  temperature T=0.100  (prob spread: [0.016, 0.996])
    ✗ Win 4 | 85% train | test_n=146 | OOS=48.63% | AUC=0.463 | F1=0.599 | LGB=52.05% | XGB=52.05% | T=0.10
         Dir → UP=50.45%  DOWN=42.86%  NEUTRAL=0.0%
         DL  → LSTM=52.05%  BiLSTM=54.11%  GRU=47.95%  CNN_LSTM=55.48%  CNN_GRU=51.37%  TCN_GRU=50.68%  TCN_Transformer=48.63%  NBEATS=47.26%
      [scaler] range [-5.00, 5.00]  16.7% outside [-1,1]
      [PCA]    24 components → 90.9% explained variance
      [LSTM    ] acc=0.524
      [BiLSTM  ] acc=0.503
      [GRU     ] acc=0.517
      [CNN_LSTM] acc=0.524
      [CNN_GRU ] acc=0.510
      [TCN_GRU ] acc=0.531
      [TCN_Transformer] acc=0.503
      [NBEATS  ] acc=0.551
      [calib]  temperature T=8.000  (prob spread: [0.502, 0.509])
    ~ Win 5 | 90% train | test_n=147 | OOS=52.38% | AUC=0.500 | F1=0.688 | LGB=52.38% | XGB=52.38% | T=8.00
         Dir → UP=52.38%  DOWN=0.00%  NEUTRAL=0.0%
         DL  → LSTM=52.38%  BiLSTM=50.34%  GRU=51.70%  CNN_LSTM=52.38%  CNN_GRU=51.02%  TCN_GRU=53.06%  TCN_Transformer=50.34%  NBEATS=55.10%
      [scaler] range [-5.00, 5.00]  16.6% outside [-1,1]
      [PCA]    24 components → 90.8% explained variance
      [LSTM    ] acc=0.432
      [BiLSTM  ] acc=0.486
      [GRU     ] acc=0.486
      [CNN_LSTM] acc=0.527
      [CNN_GRU ] acc=0.568
      [TCN_GRU ] acc=0.514
      [TCN_Transformer] acc=0.554
      [NBEATS  ] acc=0.527
      [calib]  temperature T=3.854  (prob spread: [0.499, 0.514])
    ~ Win 6 | 95% train | test_n=74 | OOS=52.70% | AUC=0.577 | F1=0.685 | LGB=52.70% | XGB=52.70% | T=3.85
         Dir → UP=52.78%  DOWN=50.00%  NEUTRAL=0.0%
         DL  → LSTM=43.24%  BiLSTM=48.65%  GRU=48.65%  CNN_LSTM=52.70%  CNN_GRU=56.76%  TCN_GRU=51.35%  TCN_Transformer=55.41%  NBEATS=52.70%
  [3/3] OOS Overall → Accuracy=47.96%  F1=0.5817  (807 preds, 6 wins, avg_T=2.19)
  Plots → 06_results\runs\20260307_141956\MOTHERSON\plots
