  [DL] models available: LSTM, BiLSTM, GRU, CNN_LSTM, CNN_GRU, TCN_GRU, TCN_Transformer, NBEATS
======================================================================
  AI STOCK PREDICTION — PRODUCTION PIPELINE V3  [Phase 1]
  Run ID    : 20260330_151653
  Date      : 2026-03-30 15:16
  Stocks    : 10  (SBIN, HDFCBANK, ICICIBANK, AXISBANK, KOTAKBANK, TCS, INFY, WIPRO, HCLTECH, TECHM)
  Workers   : 4  (n_jobs/model=2,  cpu_count=8)
  MIN_MOVE  : 0.4%  (above transaction costs)
  CONF THR  : 58%
  Data from : 2018-01-01 → today  (incremental)
  Windows   : 70% → 95% (step 5%)
======================================================================

======================================================================
  STEP 1 — DATA DOWNLOAD  (incremental, parallel threads)
======================================================================
  HDFCBANK     ↓ incremental  2026-03-25 → 2026-03-30 ...   WIPRO        ↓ incremental  2026-03-25 → 2026-03-30 ...   SBIN         ↓ incremental  2026-03-25 → 2026-03-30 ...   KOTAKBANK    ↓ incremental  2026-03-25 → 2026-03-30 ...   AXISBANK     ↓ incremental  2026-03-25 → 2026-03-30 ...   INFY         ↓ incremental  2026-03-25 → 2026-03-30 ...   TCS          ↓ incremental  2026-03-25 → 2026-03-30 ...   ICICIBANK    ↓ incremental  2026-03-25 → 2026-03-30 ... ✓ +1 rows  (total 2035  [2026-03-27])
✓ +1 rows  (total 2035  [2026-03-27])
✓ +1 rows  (total 2035  [2026-03-27])
✓ +1 rows  (total 2035  [2026-03-27])
✓ +1 rows  (total 2035  [2026-03-27])
  HCLTECH      ↓ incremental  2026-03-25 → 2026-03-30 ...   TECHM        ↓ incremental  2026-03-25 → 2026-03-30 ... ✓ +1 rows  (total 2035  [2026-03-27])
✓ +1 rows  (total 2035  [2026-03-27])
✓ +1 rows  (total 2035  [2026-03-27])
✓ +1 rows  (total 2035  [2026-03-27])
✓ +1 rows  (total 2035  [2026-03-27])

  Loaded 10/10 symbols

  Downloading auxiliary data ...
  global_cues     ↓ 2026-03-27 → 2026-03-30 ... 