
────────────────────────────────────────────────────────────
  TORNTPHARM
────────────────────────────────────────────────────────────
  TORNTPHARM   ↻ computing features ... ✓ 1292 rows × 159 features
  [1/3] Walk-forward: 6 windows  |  1292 rows  |  159 features
        Win 1: train[0:814]  val[814:904]  test[904:1033]  (70%)
        Win 2: train[0:873]  val[873:969]  test[969:1098]  (75%)
        Win 3: train[0:930]  val[930:1033]  test[1033:1162]  (80%)
        Win 4: train[0:989]  val[989:1098]  test[1098:1227]  (85%)
        Win 5: train[0:1046]  val[1046:1162]  test[1162:1292]  (90%)
        Win 6: train[0:1105]  val[1105:1227]  test[1227:1292]  (95%)
  [1b] Feature selection: top 50 of 159 ... ✓ 50 features kept
  [2/3] Training...
      [scaler] range [-4.65, 5.00]  17.2% outside [-1,1]
      [PCA]    25 components → 91.1% explained variance
      [LSTM    ] acc=0.527
      [BiLSTM  ] acc=0.574
      [GRU     ] acc=0.488
      [CNN_LSTM] acc=0.605
      [CNN_GRU ] acc=0.550
      [calib]  temperature T=0.196  (prob spread: [0.422, 0.668])
    ~ Win 1 | 70% train | test_n=129 | OOS=52.71% | AUC=0.536 | F1=0.630 | LGB=60.47% | XGB=58.14% | T=0.20
         DL → LSTM=52.71%  BiLSTM=57.36%  GRU=48.84%  CNN_LSTM=60.47%  CNN_GRU=55.04%
      [scaler] range [-4.76, 5.00]  17.4% outside [-1,1]
      [PCA]    24 components → 90.0% explained variance
      [LSTM    ] acc=0.504
      [BiLSTM  ] acc=0.504
      [GRU     ] acc=0.550
      [CNN_LSTM] acc=0.574
      [CNN_GRU ] acc=0.550
      [calib]  temperature T=0.586  (prob spread: [0.421, 0.597])
    ~ Win 2 | 75% train | test_n=129 | OOS=54.26% | AUC=0.489 | F1=0.663 | LGB=51.16% | XGB=46.51% | T=0.59
         DL → LSTM=50.39%  BiLSTM=50.39%  GRU=55.04%  CNN_LSTM=57.36%  CNN_GRU=55.04%
      [scaler] range [-4.83, 5.00]  17.2% outside [-1,1]
      [PCA]    25 components → 91.0% explained variance
      [LSTM    ] acc=0.473
      [BiLSTM  ] acc=0.512
      [GRU     ] acc=0.527
      [CNN_LSTM] acc=0.457
      [CNN_GRU ] acc=0.457
      [calib]  temperature T=0.518  (prob spread: [0.450, 0.784])
    ✗ Win 3 | 80% train | test_n=129 | OOS=48.84% | AUC=0.514 | F1=0.602 | LGB=48.06% | XGB=48.06% | T=0.52
         DL → LSTM=47.29%  BiLSTM=51.16%  GRU=52.71%  CNN_LSTM=45.74%  CNN_GRU=45.74%
      [scaler] range [-4.92, 5.00]  17.2% outside [-1,1]
      [PCA]    25 components → 90.9% explained variance
      [LSTM    ] acc=0.527
      [BiLSTM  ] acc=0.527
      [GRU     ] acc=0.550
      [CNN_LSTM] acc=0.465
      [CNN_GRU ] acc=0.488
      [calib]  temperature T=0.476  (prob spread: [0.477, 0.665])
    ✗ Win 4 | 85% train | test_n=129 | OOS=49.61% | AUC=0.540 | F1=0.656 | LGB=50.39% | XGB=48.84% | T=0.48
         DL → LSTM=52.71%  BiLSTM=52.71%  GRU=55.04%  CNN_LSTM=46.51%  CNN_GRU=48.84%
      [scaler] range [-4.89, 5.00]  17.2% outside [-1,1]
      [PCA]    25 components → 90.8% explained variance
      [LSTM    ] acc=0.531
      [BiLSTM  ] acc=0.546
      [GRU     ] acc=0.554
      [CNN_LSTM] acc=0.523
      [CNN_GRU ] acc=0.538
      [calib]  temperature T=8.000  (prob spread: [0.498, 0.510])
    ~ Win 5 | 90% train | test_n=130 | OOS=54.62% | AUC=0.520 | F1=0.691 | LGB=53.08% | XGB=53.08% | T=8.00
         DL → LSTM=53.08%  BiLSTM=54.62%  GRU=55.38%  CNN_LSTM=52.31%  CNN_GRU=53.85%
      [scaler] range [-5.00, 5.00]  17.3% outside [-1,1]
      [PCA]    25 components → 90.7% explained variance
      [LSTM    ] acc=0.523
      [BiLSTM  ] acc=0.492
      [GRU     ] acc=0.585
      [CNN_LSTM] acc=0.492
      [CNN_GRU ] acc=0.492
      [calib]  temperature T=0.512  (prob spread: [0.418, 0.703])
    ✗ Win 6 | 95% train | test_n=65 | OOS=49.23% | AUC=0.491 | F1=0.629 | LGB=58.46% | XGB=61.54% | T=0.51
         DL → LSTM=52.31%  BiLSTM=49.23%  GRU=58.46%  CNN_LSTM=49.23%  CNN_GRU=49.23%
  [3/3] OOS Overall → Accuracy=51.76%  F1=0.6482  (711 preds, 6 wins, avg_T=1.71)
  Plots → 06_results\runs\20260301_000647\TORNTPHARM\plots
