
────────────────────────────────────────────────────────────
  TATAELXSI
────────────────────────────────────────────────────────────
  TATAELXSI    ↻ computing features ... ✓ 1385 rows × 166 features
  [1/3] Walk-forward: 6 windows  |  1385 rows  |  166 features
        Win 1: train[0:873]  val[873:969]  test[969:1108]  (70%)
        Win 2: train[0:935]  val[935:1038]  test[1038:1177]  (75%)
        Win 3: train[0:998]  val[998:1108]  test[1108:1246]  (80%)
        Win 4: train[0:1060]  val[1060:1177]  test[1177:1315]  (85%)
        Win 5: train[0:1122]  val[1122:1246]  test[1246:1385]  (90%)
        Win 6: train[0:1184]  val[1184:1315]  test[1315:1385]  (95%)
  [1b] Feature selection: top 50 of 166 ... ✓ 50 features kept
  [2/3] Training...
      [scaler] range [-5.00, 5.00]  15.7% outside [-1,1]
      [PCA]    19 components → 90.6% explained variance
      [LSTM    ] acc=0.518
      [BiLSTM  ] acc=0.489
      [GRU     ] acc=0.482
      [CNN_LSTM] acc=0.482
      [CNN_GRU ] acc=0.482
      [calib]  temperature T=0.230  (prob spread: [0.184, 0.760])
    ✗ Win 1 | 70% train | test_n=139 | OOS=48.20% | AUC=0.508 | F1=0.526 | LGB=54.68% | XGB=57.55% | T=0.23
         DL → LSTM=51.80%  BiLSTM=48.92%  GRU=48.20%  CNN_LSTM=48.20%  CNN_GRU=48.20%
      [scaler] range [-5.00, 5.00]  15.7% outside [-1,1]
      [PCA]    19 components → 90.6% explained variance
      [LSTM    ] acc=0.417
      [BiLSTM  ] acc=0.439
      [GRU     ] acc=0.475
      [CNN_LSTM] acc=0.460
      [CNN_GRU ] acc=0.511
      [calib]  temperature T=0.346  (prob spread: [0.249, 0.758])
    ~ Win 2 | 75% train | test_n=139 | OOS=52.52% | AUC=0.515 | F1=0.587 | LGB=51.08% | XGB=50.36% | T=0.35
         DL → LSTM=41.73%  BiLSTM=43.88%  GRU=47.48%  CNN_LSTM=46.04%  CNN_GRU=51.08%
      [scaler] range [-5.00, 5.00]  16.2% outside [-1,1]
      [PCA]    19 components → 90.5% explained variance
      [LSTM    ] acc=0.514
      [BiLSTM  ] acc=0.428
      [GRU     ] acc=0.493
      [CNN_LSTM] acc=0.478
      [CNN_GRU ] acc=0.493
      [calib]  temperature T=2.180  (prob spread: [0.411, 0.567])
    ✗ Win 3 | 80% train | test_n=138 | OOS=48.55% | AUC=0.525 | F1=0.616 | LGB=47.83% | XGB=57.25% | T=2.18
         DL → LSTM=51.45%  BiLSTM=42.75%  GRU=49.28%  CNN_LSTM=47.83%  CNN_GRU=49.28%
      [scaler] range [-5.00, 5.00]  16.0% outside [-1,1]
      [PCA]    19 components → 90.4% explained variance
      [LSTM    ] acc=0.486
      [BiLSTM  ] acc=0.514
      [GRU     ] acc=0.558
      [CNN_LSTM] acc=0.587
      [CNN_GRU ] acc=0.580
      [calib]  temperature T=0.427  (prob spread: [0.335, 0.756])
    ✗ Win 4 | 85% train | test_n=138 | OOS=47.10% | AUC=0.489 | F1=0.517 | LGB=51.45% | XGB=52.90% | T=0.43
         DL → LSTM=48.55%  BiLSTM=51.45%  GRU=55.80%  CNN_LSTM=58.70%  CNN_GRU=57.97%
      [scaler] range [-5.00, 5.00]  16.0% outside [-1,1]
      [PCA]    19 components → 90.2% explained variance
      [LSTM    ] acc=0.590
      [BiLSTM  ] acc=0.453
      [GRU     ] acc=0.489
      [CNN_LSTM] acc=0.496
      [CNN_GRU ] acc=0.525
      [calib]  temperature T=0.197  (prob spread: [0.163, 0.812])
    ✗ Win 5 | 90% train | test_n=139 | OOS=45.32% | AUC=0.457 | F1=0.553 | LGB=50.36% | XGB=52.52% | T=0.20
         DL → LSTM=58.99%  BiLSTM=45.32%  GRU=48.92%  CNN_LSTM=49.64%  CNN_GRU=52.52%
      [scaler] range [-5.00, 5.00]  15.2% outside [-1,1]
      [PCA]    19 components → 90.2% explained variance
      [LSTM    ] acc=0.557
      [BiLSTM  ] acc=0.514
      [GRU     ] acc=0.529
      [CNN_LSTM] acc=0.571
      [CNN_GRU ] acc=0.471
      [calib]  temperature T=0.306  (prob spread: [0.289, 0.569])
    ~ Win 6 | 95% train | test_n=70 | OOS=50.00% | AUC=0.492 | F1=0.426 | LGB=41.43% | XGB=52.86% | T=0.31
         DL → LSTM=55.71%  BiLSTM=51.43%  GRU=52.86%  CNN_LSTM=57.14%  CNN_GRU=47.14%
  [3/3] OOS Overall → Accuracy=48.49%  F1=0.5529  (763 preds, 6 wins, avg_T=0.61)
  Plots → 06_results\runs\20260301_000647\TATAELXSI\plots
