
────────────────────────────────────────────────────────────
  COLPAL
────────────────────────────────────────────────────────────
  COLPAL       ↻ computing features ... ✓ 1281 rows × 159 features
  [1/3] Walk-forward: 6 windows  |  1281 rows  |  159 features
        Win 1: train[0:807]  val[807:896]  test[896:1024]  (70%)
        Win 2: train[0:864]  val[864:960]  test[960:1088]  (75%)
        Win 3: train[0:922]  val[922:1024]  test[1024:1152]  (80%)
        Win 4: train[0:980]  val[980:1088]  test[1088:1216]  (85%)
        Win 5: train[0:1037]  val[1037:1152]  test[1152:1281]  (90%)
        Win 6: train[0:1095]  val[1095:1216]  test[1216:1281]  (95%)
  [1b] Feature selection: top 50 of 159 ... ✓ 50 features kept
  [2/3] Training...
      [scaler] range [-4.01, 5.00]  16.9% outside [-1,1]
      [PCA]    23 components → 90.1% explained variance
      [LSTM    ] acc=0.484
      [BiLSTM  ] acc=0.625
      [GRU     ] acc=0.477
      [CNN_LSTM] acc=0.453
      [CNN_GRU ] acc=0.508
      [TCN_GRU ] acc=0.523
      [TCN_Transformer] acc=0.398
      [NBEATS  ] acc=0.398
      [calib]  temperature T=3.956  (prob spread: [0.485, 0.517])
    ✗ Win 1 | 70% train | test_n=128 | OOS=45.31% | AUC=0.582 | F1=0.397 | LGB=61.72% | XGB=61.72% | T=3.96
         Dir → UP=62.16%  DOWN=38.46%  NEUTRAL=0.0%
         DL  → LSTM=48.44%  BiLSTM=62.50%  GRU=47.66%  CNN_LSTM=45.31%  CNN_GRU=50.78%  TCN_GRU=52.34%  TCN_Transformer=39.84%  NBEATS=39.84%
      [scaler] range [-4.35, 5.00]  17.0% outside [-1,1]
      [PCA]    23 components → 90.1% explained variance
      [LSTM    ] acc=0.516
      [BiLSTM  ] acc=0.555
      [GRU     ] acc=0.586
      [CNN_LSTM] acc=0.430
      [CNN_GRU ] acc=0.516
      [TCN_GRU ] acc=0.492
      [TCN_Transformer] acc=0.539
      [NBEATS  ] acc=0.500
      [calib]  temperature T=0.332  (prob spread: [0.427, 0.691])
    ~ Win 2 | 75% train | test_n=128 | OOS=51.56% | AUC=0.488 | F1=0.581 | LGB=53.91% | XGB=51.56% | T=0.33
         Dir → UP=54.43%  DOWN=46.94%  NEUTRAL=0.0%
         DL  → LSTM=51.56%  BiLSTM=55.47%  GRU=58.59%  CNN_LSTM=42.97%  CNN_GRU=51.56%  TCN_GRU=49.22%  TCN_Transformer=53.91%  NBEATS=50.00%
      [scaler] range [-4.76, 5.00]  17.1% outside [-1,1]
      [PCA]    23 components → 90.1% explained variance
      [LSTM    ] acc=0.531
      [BiLSTM  ] acc=0.547
      [GRU     ] acc=0.453
      [CNN_LSTM] acc=0.523
      [CNN_GRU ] acc=0.430
      [TCN_GRU ] acc=0.523
      [TCN_Transformer] acc=0.445
      [NBEATS  ] acc=0.430
      [calib]  temperature T=0.295  (prob spread: [0.238, 0.866])
    ✗ Win 3 | 80% train | test_n=128 | OOS=44.53% | AUC=0.468 | F1=0.530 | LGB=42.97% | XGB=42.97% | T=0.29
         Dir → UP=41.67%  DOWN=53.12%  NEUTRAL=0.0%
         DL  → LSTM=53.12%  BiLSTM=54.69%  GRU=45.31%  CNN_LSTM=52.34%  CNN_GRU=42.97%  TCN_GRU=52.34%  TCN_Transformer=44.53%  NBEATS=42.97%
      [scaler] range [-5.00, 5.00]  16.9% outside [-1,1]
      [PCA]    23 components → 90.1% explained variance
      [LSTM    ] acc=0.484
      [BiLSTM  ] acc=0.586
      [GRU     ] acc=0.508
      [CNN_LSTM] acc=0.523
      [CNN_GRU ] acc=0.508
      [TCN_GRU ] acc=0.516
      [TCN_Transformer] acc=0.539
      [NBEATS  ] acc=0.461
      [calib]  temperature T=0.678  (prob spread: [0.515, 0.577])
    ✗ Win 4 | 85% train | test_n=128 | OOS=44.53% | AUC=0.563 | F1=0.616 | LGB=44.53% | XGB=44.53% | T=0.68
         Dir → UP=44.53%  DOWN=0.00%  NEUTRAL=0.0%
         DL  → LSTM=48.44%  BiLSTM=58.59%  GRU=50.78%  CNN_LSTM=52.34%  CNN_GRU=50.78%  TCN_GRU=51.56%  TCN_Transformer=53.91%  NBEATS=46.09%
      [scaler] range [-5.00, 5.00]  16.9% outside [-1,1]
      [PCA]    24 components → 90.9% explained variance
      [LSTM    ] acc=0.488
      [BiLSTM  ] acc=0.512
      [GRU     ] acc=0.504
      [CNN_LSTM] acc=0.527
      [CNN_GRU ] acc=0.504
      [TCN_GRU ] acc=0.496
      [TCN_Transformer] acc=0.519
      [NBEATS  ] acc=0.504
      [calib]  temperature T=0.334  (prob spread: [0.426, 0.654])
    ✗ Win 5 | 90% train | test_n=129 | OOS=47.29% | AUC=0.473 | F1=0.618 | LGB=47.29% | XGB=48.84% | T=0.33
         Dir → UP=47.83%  DOWN=42.86%  NEUTRAL=0.0%
         DL  → LSTM=48.84%  BiLSTM=51.16%  GRU=50.39%  CNN_LSTM=52.71%  CNN_GRU=50.39%  TCN_GRU=49.61%  TCN_Transformer=51.94%  NBEATS=50.39%
      [scaler] range [-5.00, 5.00]  17.0% outside [-1,1]
      [PCA]    24 components → 90.8% explained variance
      [LSTM    ] acc=0.508
      [BiLSTM  ] acc=0.477
      [GRU     ] acc=0.477
      [CNN_LSTM] acc=0.462
      [CNN_GRU ] acc=0.569
      [TCN_GRU ] acc=0.431
      [TCN_Transformer] acc=0.508
      [NBEATS  ] acc=0.538
      [calib]  temperature T=0.763  (prob spread: [0.486, 0.566])
    ✗ Win 6 | 95% train | test_n=65 | OOS=49.23% | AUC=0.541 | F1=0.653 | LGB=53.85% | XGB=52.31% | T=0.76
         Dir → UP=51.67%  DOWN=20.00%  NEUTRAL=0.0%
         DL  → LSTM=50.77%  BiLSTM=47.69%  GRU=47.69%  CNN_LSTM=46.15%  CNN_GRU=56.92%  TCN_GRU=43.08%  TCN_Transformer=50.77%  NBEATS=53.85%
  [3/3] OOS Overall → Accuracy=46.88%  F1=0.5704  (706 preds, 6 wins, avg_T=1.06)
  Plots → 06_results\runs\20260307_141956\COLPAL\plots
