
────────────────────────────────────────────────────────────
  GODREJPROP
────────────────────────────────────────────────────────────
  GODREJPROP   ↻ computing features ... ✓ 1465 rows × 159 features
  [1/3] Walk-forward: 6 windows  |  1465 rows  |  159 features
        Win 1: train[0:923]  val[923:1025]  test[1025:1172]  (70%)
        Win 2: train[0:989]  val[989:1098]  test[1098:1245]  (75%)
        Win 3: train[0:1055]  val[1055:1172]  test[1172:1318]  (80%)
        Win 4: train[0:1121]  val[1121:1245]  test[1245:1391]  (85%)
        Win 5: train[0:1187]  val[1187:1318]  test[1318:1465]  (90%)
        Win 6: train[0:1252]  val[1252:1391]  test[1391:1465]  (95%)
  [1b] Feature selection: top 50 of 159 ... ✓ 50 features kept
  [2/3] Training...
      [scaler] range [-5.00, 5.00]  14.5% outside [-1,1]
      [PCA]    23 components → 90.2% explained variance
      [LSTM    ] acc=0.551
      [BiLSTM  ] acc=0.503
      [GRU     ] acc=0.531
      [CNN_LSTM] acc=0.531
      [CNN_GRU ] acc=0.537
      [TCN_GRU ] acc=0.497
      [TCN_Transformer] acc=0.497
      [NBEATS  ] acc=0.503
      [calib]  temperature T=0.338  (prob spread: [0.394, 0.681])
    ~ Win 1 | 70% train | test_n=147 | OOS=52.38% | AUC=0.538 | F1=0.588 | LGB=53.06% | XGB=48.30% | T=0.34
         Dir → UP=55.56%  DOWN=47.37%  NEUTRAL=0.0%
         DL  → LSTM=55.10%  BiLSTM=50.34%  GRU=53.06%  CNN_LSTM=53.06%  CNN_GRU=53.74%  TCN_GRU=49.66%  TCN_Transformer=49.66%  NBEATS=50.34%
      [scaler] range [-5.00, 5.00]  14.2% outside [-1,1]
      [PCA]    24 components → 91.0% explained variance
      [LSTM    ] acc=0.531
      [BiLSTM  ] acc=0.558
      [GRU     ] acc=0.510
      [CNN_LSTM] acc=0.531
      [CNN_GRU ] acc=0.558
      [TCN_GRU ] acc=0.510
      [TCN_Transformer] acc=0.476
      [NBEATS  ] acc=0.517
      [calib]  temperature T=0.374  (prob spread: [0.413, 0.778])
    ~ Win 2 | 75% train | test_n=147 | OOS=51.70% | AUC=0.542 | F1=0.612 | LGB=50.34% | XGB=50.34% | T=0.37
         Dir → UP=51.38%  DOWN=52.63%  NEUTRAL=0.0%
         DL  → LSTM=53.06%  BiLSTM=55.78%  GRU=51.02%  CNN_LSTM=53.06%  CNN_GRU=55.78%  TCN_GRU=51.02%  TCN_Transformer=47.62%  NBEATS=51.70%
      [scaler] range [-5.00, 5.00]  14.2% outside [-1,1]
      [PCA]    24 components → 91.0% explained variance
      [LSTM    ] acc=0.473
      [BiLSTM  ] acc=0.493
      [GRU     ] acc=0.473
      [CNN_LSTM] acc=0.473
      [CNN_GRU ] acc=0.500
      [TCN_GRU ] acc=0.500
      [TCN_Transformer] acc=0.459
      [NBEATS  ] acc=0.500
      [calib]  temperature T=0.525  (prob spread: [0.438, 0.699])
    ~ Win 3 | 80% train | test_n=146 | OOS=50.68% | AUC=0.506 | F1=0.633 | LGB=49.32% | XGB=48.63% | T=0.52
         Dir → UP=50.00%  DOWN=54.55%  NEUTRAL=0.0%
         DL  → LSTM=47.26%  BiLSTM=49.32%  GRU=47.26%  CNN_LSTM=47.26%  CNN_GRU=50.00%  TCN_GRU=50.00%  TCN_Transformer=45.89%  NBEATS=50.00%
      [scaler] range [-5.00, 5.00]  14.1% outside [-1,1]
      [PCA]    24 components → 90.8% explained variance
      [LSTM    ] acc=0.500
      [BiLSTM  ] acc=0.445
      [GRU     ] acc=0.479
      [CNN_LSTM] acc=0.486
      [CNN_GRU ] acc=0.507
      [TCN_GRU ] acc=0.527
      [TCN_Transformer] acc=0.466
      [NBEATS  ] acc=0.507
      [calib]  temperature T=3.701  (prob spread: [0.498, 0.519])
    ~ Win 4 | 85% train | test_n=146 | OOS=50.00% | AUC=0.450 | F1=0.660 | LGB=46.58% | XGB=50.00% | T=3.70
         Dir → UP=49.31%  DOWN=100.00%  NEUTRAL=0.0%
         DL  → LSTM=50.00%  BiLSTM=44.52%  GRU=47.95%  CNN_LSTM=48.63%  CNN_GRU=50.68%  TCN_GRU=52.74%  TCN_Transformer=46.58%  NBEATS=50.68%
      [scaler] range [-5.00, 5.00]  14.2% outside [-1,1]
      [PCA]    24 components → 90.7% explained variance
      [LSTM    ] acc=0.490
      [BiLSTM  ] acc=0.463
      [GRU     ] acc=0.483
      [CNN_LSTM] acc=0.497
      [CNN_GRU ] acc=0.490
      [TCN_GRU ] acc=0.422
      [TCN_Transformer] acc=0.497
      [NBEATS  ] acc=0.469
      [calib]  temperature T=8.000  (prob spread: [0.492, 0.514])
    ✗ Win 5 | 90% train | test_n=147 | OOS=48.98% | AUC=0.501 | F1=0.603 | LGB=46.94% | XGB=46.94% | T=8.00
         Dir → UP=47.50%  DOWN=55.56%  NEUTRAL=0.0%
         DL  → LSTM=48.98%  BiLSTM=46.26%  GRU=48.30%  CNN_LSTM=49.66%  CNN_GRU=48.98%  TCN_GRU=42.18%  TCN_Transformer=49.66%  NBEATS=46.94%
      [scaler] range [-5.00, 5.00]  14.1% outside [-1,1]
      [PCA]    24 components → 90.6% explained variance
      [LSTM    ] acc=0.446
      [BiLSTM  ] acc=0.432
      [GRU     ] acc=0.378
      [CNN_LSTM] acc=0.581
      [CNN_GRU ] acc=0.446
      [TCN_GRU ] acc=0.473
      [TCN_Transformer] acc=0.446
      [NBEATS  ] acc=0.486
      [calib]  temperature T=2.095  (prob spread: [0.504, 0.527])
    ✗ Win 6 | 95% train | test_n=74 | OOS=44.59% | AUC=0.576 | F1=0.617 | LGB=44.59% | XGB=44.59% | T=2.10
         Dir → UP=44.59%  DOWN=0.00%  NEUTRAL=0.0%
         DL  → LSTM=44.59%  BiLSTM=43.24%  GRU=37.84%  CNN_LSTM=58.11%  CNN_GRU=44.59%  TCN_GRU=47.30%  TCN_Transformer=44.59%  NBEATS=48.65%
  [3/3] OOS Overall → Accuracy=50.19%  F1=0.6208  (807 preds, 6 wins, avg_T=2.51)
  Plots → 06_results\runs\20260307_141956\GODREJPROP\plots
