
────────────────────────────────────────────────────────────
  BAJFINANCE
────────────────────────────────────────────────────────────
  BAJFINANCE   ↻ computing features ... ✓ 1348 rows × 159 features
  [1/3] Walk-forward: 6 windows  |  1348 rows  |  159 features
        Win 1: train[0:849]  val[849:943]  test[943:1078]  (70%)
        Win 2: train[0:910]  val[910:1011]  test[1011:1145]  (75%)
        Win 3: train[0:971]  val[971:1078]  test[1078:1213]  (80%)
        Win 4: train[0:1031]  val[1031:1145]  test[1145:1280]  (85%)
        Win 5: train[0:1092]  val[1092:1213]  test[1213:1348]  (90%)
        Win 6: train[0:1152]  val[1152:1280]  test[1280:1348]  (95%)
  [1b] Feature selection: top 50 of 159 ... ✓ 47 features kept
  [2/3] Training...
      [scaler] range [-4.99, 5.00]  17.0% outside [-1,1]
      [PCA]    21 components → 90.9% explained variance
      [LSTM    ] acc=0.519
      [BiLSTM  ] acc=0.519
      [GRU     ] acc=0.459
      [CNN_LSTM] acc=0.563
      [CNN_GRU ] acc=0.407
      [calib]  temperature T=0.438  (prob spread: [0.244, 0.768])
    ✗ Win 1 | 70% train | test_n=135 | OOS=48.89% | AUC=0.469 | F1=0.610 | LGB=48.89% | XGB=54.81% | T=0.44
         DL → LSTM=51.85%  BiLSTM=51.85%  GRU=45.93%  CNN_LSTM=56.30%  CNN_GRU=40.74%
      [scaler] range [-4.77, 5.00]  16.9% outside [-1,1]
      [PCA]    21 components → 90.9% explained variance
      [LSTM    ] acc=0.590
      [BiLSTM  ] acc=0.500
      [GRU     ] acc=0.493
      [CNN_LSTM] acc=0.440
      [CNN_GRU ] acc=0.493
      [calib]  temperature T=0.456  (prob spread: [0.417, 0.661])
    ~ Win 2 | 75% train | test_n=134 | OOS=52.24% | AUC=0.520 | F1=0.600 | LGB=52.24% | XGB=47.76% | T=0.46
         DL → LSTM=58.96%  BiLSTM=50.00%  GRU=49.25%  CNN_LSTM=44.03%  CNN_GRU=49.25%
      [scaler] range [-4.88, 5.00]  16.7% outside [-1,1]
      [PCA]    21 components → 90.8% explained variance
      [LSTM    ] acc=0.511
      [BiLSTM  ] acc=0.526
      [GRU     ] acc=0.519
      [CNN_LSTM] acc=0.511
      [CNN_GRU ] acc=0.541
      [calib]  temperature T=0.526  (prob spread: [0.485, 0.565])
    ~ Win 3 | 80% train | test_n=135 | OOS=51.11% | AUC=0.516 | F1=0.656 | LGB=48.15% | XGB=52.59% | T=0.53
         DL → LSTM=51.11%  BiLSTM=52.59%  GRU=51.85%  CNN_LSTM=51.11%  CNN_GRU=54.07%
      [scaler] range [-5.00, 5.00]  16.3% outside [-1,1]
      [PCA]    21 components → 90.8% explained variance
      [LSTM    ] acc=0.511
      [BiLSTM  ] acc=0.467
      [GRU     ] acc=0.504
      [CNN_LSTM] acc=0.474
      [CNN_GRU ] acc=0.526
      [calib]  temperature T=0.488  (prob spread: [0.459, 0.594])
    ~ Win 4 | 85% train | test_n=135 | OOS=50.37% | AUC=0.488 | F1=0.617 | LGB=48.15% | XGB=44.44% | T=0.49
         DL → LSTM=51.11%  BiLSTM=46.67%  GRU=50.37%  CNN_LSTM=47.41%  CNN_GRU=52.59%
      [scaler] range [-5.00, 5.00]  16.2% outside [-1,1]
      [PCA]    21 components → 90.6% explained variance
      [LSTM    ] acc=0.459
      [BiLSTM  ] acc=0.519
      [GRU     ] acc=0.481
      [CNN_LSTM] acc=0.504
      [CNN_GRU ] acc=0.533
      [calib]  temperature T=0.950  (prob spread: [0.458, 0.570])
    ~ Win 5 | 90% train | test_n=135 | OOS=54.07% | AUC=0.564 | F1=0.635 | LGB=49.63% | XGB=49.63% | T=0.95
         DL → LSTM=45.93%  BiLSTM=51.85%  GRU=48.15%  CNN_LSTM=50.37%  CNN_GRU=53.33%
      [scaler] range [-5.00, 5.00]  16.1% outside [-1,1]
      [PCA]    21 components → 90.5% explained variance
      [LSTM    ] acc=0.441
      [BiLSTM  ] acc=0.426
      [GRU     ] acc=0.485
      [CNN_LSTM] acc=0.426
      [CNN_GRU ] acc=0.515
      [calib]  temperature T=0.597  (prob spread: [0.450, 0.609])
    ✗ Win 6 | 95% train | test_n=68 | OOS=45.59% | AUC=0.537 | F1=0.575 | LGB=44.12% | XGB=44.12% | T=0.60
         DL → LSTM=44.12%  BiLSTM=42.65%  GRU=48.53%  CNN_LSTM=42.65%  CNN_GRU=51.47%
  [3/3] OOS Overall → Accuracy=50.81%  F1=0.6202  (742 preds, 6 wins, avg_T=0.58)
  Plots → 06_results\runs\20260301_000647\BAJFINANCE\plots
