
────────────────────────────────────────────────────────────
  NESTLEIND
────────────────────────────────────────────────────────────
  NESTLEIND    ↻ computing features ... ✓ 1243 rows × 159 features
  [1/3] Walk-forward: 6 windows  |  1243 rows  |  159 features
        Win 1: train[0:783]  val[783:870]  test[870:994]  (70%)
        Win 2: train[0:839]  val[839:932]  test[932:1056]  (75%)
        Win 3: train[0:895]  val[895:994]  test[994:1118]  (80%)
        Win 4: train[0:951]  val[951:1056]  test[1056:1180]  (85%)
        Win 5: train[0:1007]  val[1007:1118]  test[1118:1243]  (90%)
        Win 6: train[0:1062]  val[1062:1180]  test[1180:1243]  (95%)
  [1b] Feature selection: top 50 of 159 ... ✓ 50 features kept
  [2/3] Training...
      [scaler] range [-4.29, 5.00]  15.7% outside [-1,1]
      [PCA]    22 components → 90.4% explained variance
      [LSTM    ] acc=0.435
      [BiLSTM  ] acc=0.500
      [GRU     ] acc=0.484
      [CNN_LSTM] acc=0.548
      [CNN_GRU ] acc=0.500
      [calib]  temperature T=0.488  (prob spread: [0.424, 0.632])
    ~ Win 1 | 70% train | test_n=124 | OOS=50.81% | AUC=0.519 | F1=0.567 | LGB=52.42% | XGB=47.58% | T=0.49
         DL → LSTM=43.55%  BiLSTM=50.00%  GRU=48.39%  CNN_LSTM=54.84%  CNN_GRU=50.00%
      [scaler] range [-4.21, 5.00]  15.6% outside [-1,1]
      [PCA]    22 components → 90.5% explained variance
      [LSTM    ] acc=0.468
      [BiLSTM  ] acc=0.476
      [GRU     ] acc=0.508
      [CNN_LSTM] acc=0.548
      [CNN_GRU ] acc=0.524
      [calib]  temperature T=0.203  (prob spread: [0.020, 0.997])
    ✗ Win 2 | 75% train | test_n=124 | OOS=47.58% | AUC=0.454 | F1=0.570 | LGB=49.19% | XGB=50.81% | T=0.20
         DL → LSTM=46.77%  BiLSTM=47.58%  GRU=50.81%  CNN_LSTM=54.84%  CNN_GRU=52.42%
      [scaler] range [-4.22, 5.00]  16.1% outside [-1,1]
      [PCA]    22 components → 90.5% explained variance
      [LSTM    ] acc=0.500
      [BiLSTM  ] acc=0.500
      [GRU     ] acc=0.500
      [CNN_LSTM] acc=0.508
      [CNN_GRU ] acc=0.500
      [calib]  temperature T=0.521  (prob spread: [0.456, 0.713])
    ✗ Win 3 | 80% train | test_n=124 | OOS=47.58% | AUC=0.542 | F1=0.637 | LGB=49.19% | XGB=49.19% | T=0.52
         DL → LSTM=50.00%  BiLSTM=50.00%  GRU=50.00%  CNN_LSTM=50.81%  CNN_GRU=50.00%
      [scaler] range [-4.06, 5.00]  16.0% outside [-1,1]
      [PCA]    22 components → 90.3% explained variance
      [LSTM    ] acc=0.492
      [BiLSTM  ] acc=0.516
      [GRU     ] acc=0.492
      [CNN_LSTM] acc=0.532
      [CNN_GRU ] acc=0.508
      [calib]  temperature T=3.325  (prob spread: [0.452, 0.540])
    ~ Win 4 | 85% train | test_n=124 | OOS=54.03% | AUC=0.591 | F1=0.678 | LGB=50.00% | XGB=49.19% | T=3.32
         DL → LSTM=49.19%  BiLSTM=51.61%  GRU=49.19%  CNN_LSTM=53.23%  CNN_GRU=50.81%
      [scaler] range [-3.83, 5.00]  15.9% outside [-1,1]
      [PCA]    22 components → 90.2% explained variance
      [LSTM    ] acc=0.488
      [BiLSTM  ] acc=0.480
      [GRU     ] acc=0.520
      [CNN_LSTM] acc=0.576
      [CNN_GRU ] acc=0.520
      [calib]  temperature T=8.000  (prob spread: [0.500, 0.506])
    ~ Win 5 | 90% train | test_n=125 | OOS=50.40% | AUC=0.575 | F1=0.670 | LGB=50.40% | XGB=50.40% | T=8.00
         DL → LSTM=48.80%  BiLSTM=48.00%  GRU=52.00%  CNN_LSTM=57.60%  CNN_GRU=52.00%
      [scaler] range [-3.65, 5.00]  15.8% outside [-1,1]
      [PCA]    23 components → 91.0% explained variance
      [LSTM    ] acc=0.540
      [BiLSTM  ] acc=0.476
      [GRU     ] acc=0.476
      [CNN_LSTM] acc=0.524
      [CNN_GRU ] acc=0.524
      [calib]  temperature T=0.486  (prob spread: [0.463, 0.627])
    ~ Win 6 | 95% train | test_n=63 | OOS=52.38% | AUC=0.555 | F1=0.615 | LGB=55.56% | XGB=50.79% | T=0.49
         DL → LSTM=53.97%  BiLSTM=47.62%  GRU=47.62%  CNN_LSTM=52.38%  CNN_GRU=52.38%
  [3/3] OOS Overall → Accuracy=50.29%  F1=0.6280  (684 preds, 6 wins, avg_T=2.17)
  Plots → 06_results\runs\20260301_000647\NESTLEIND\plots
