
────────────────────────────────────────────────────────────
  ADANIPORTS
────────────────────────────────────────────────────────────
  ADANIPORTS   ↻ computing features ... ✓ 1278 rows × 159 features
  [1/3] Walk-forward: 6 windows  |  1278 rows  |  159 features
        Win 1: train[0:805]  val[805:894]  test[894:1022]  (70%)
        Win 2: train[0:863]  val[863:958]  test[958:1086]  (75%)
        Win 3: train[0:920]  val[920:1022]  test[1022:1150]  (80%)
        Win 4: train[0:978]  val[978:1086]  test[1086:1214]  (85%)
        Win 5: train[0:1035]  val[1035:1150]  test[1150:1278]  (90%)
        Win 6: train[0:1093]  val[1093:1214]  test[1214:1278]  (95%)
  [1b] Feature selection: top 50 of 159 ... ✓ 50 features kept
  [2/3] Training...
      [scaler] range [-5.00, 5.00]  18.4% outside [-1,1]
      [PCA]    22 components → 90.8% explained variance
      [LSTM    ] acc=0.484
      [BiLSTM  ] acc=0.469
      [GRU     ] acc=0.562
      [CNN_LSTM] acc=0.484
      [CNN_GRU ] acc=0.484
      [calib]  temperature T=0.214  (prob spread: [0.241, 0.665])
    ~ Win 1 | 70% train | test_n=128 | OOS=57.81% | AUC=0.497 | F1=0.518 | LGB=49.22% | XGB=50.78% | T=0.21
         DL → LSTM=48.44%  BiLSTM=46.88%  GRU=56.25%  CNN_LSTM=48.44%  CNN_GRU=48.44%
      [scaler] range [-5.00, 5.00]  18.0% outside [-1,1]
      [PCA]    22 components → 90.2% explained variance
      [LSTM    ] acc=0.508
      [BiLSTM  ] acc=0.516
      [GRU     ] acc=0.492
      [CNN_LSTM] acc=0.461
      [CNN_GRU ] acc=0.414
      [calib]  temperature T=8.000  (prob spread: [0.496, 0.516])
    ~ Win 2 | 75% train | test_n=128 | OOS=51.56% | AUC=0.480 | F1=0.508 | LGB=46.88% | XGB=46.09% | T=8.00
         DL → LSTM=50.78%  BiLSTM=51.56%  GRU=49.22%  CNN_LSTM=46.09%  CNN_GRU=41.41%
      [scaler] range [-5.00, 5.00]  17.7% outside [-1,1]
      [PCA]    23 components → 90.9% explained variance
      [LSTM    ] acc=0.438
      [BiLSTM  ] acc=0.445
      [GRU     ] acc=0.523
      [CNN_LSTM] acc=0.508
      [CNN_GRU ] acc=0.508
      [calib]  temperature T=8.000  (prob spread: [0.492, 0.510])
    ~ Win 3 | 80% train | test_n=128 | OOS=51.56% | AUC=0.474 | F1=0.667 | LGB=50.78% | XGB=48.44% | T=8.00
         DL → LSTM=43.75%  BiLSTM=44.53%  GRU=52.34%  CNN_LSTM=50.78%  CNN_GRU=50.78%
      [scaler] range [-5.00, 5.00]  17.4% outside [-1,1]
      [PCA]    23 components → 90.3% explained variance
      [LSTM    ] acc=0.523
      [BiLSTM  ] acc=0.531
      [GRU     ] acc=0.469
      [CNN_LSTM] acc=0.523
      [CNN_GRU ] acc=0.570
      [calib]  temperature T=8.000  (prob spread: [0.493, 0.516])
    ~ Win 4 | 85% train | test_n=128 | OOS=53.91% | AUC=0.586 | F1=0.619 | LGB=52.34% | XGB=52.34% | T=8.00
         DL → LSTM=52.34%  BiLSTM=53.12%  GRU=46.88%  CNN_LSTM=52.34%  CNN_GRU=57.03%
      [scaler] range [-5.00, 5.00]  17.3% outside [-1,1]
      [PCA]    23 components → 90.3% explained variance
      [LSTM    ] acc=0.461
      [BiLSTM  ] acc=0.500
      [GRU     ] acc=0.547
      [CNN_LSTM] acc=0.492
      [CNN_GRU ] acc=0.453
      [calib]  temperature T=3.783  (prob spread: [0.489, 0.508])
    ~ Win 5 | 90% train | test_n=128 | OOS=53.12% | AUC=0.498 | F1=0.268 | LGB=46.88% | XGB=51.56% | T=3.78
         DL → LSTM=46.09%  BiLSTM=50.00%  GRU=54.69%  CNN_LSTM=49.22%  CNN_GRU=45.31%
      [scaler] range [-5.00, 5.00]  17.1% outside [-1,1]
      [PCA]    24 components → 91.0% explained variance
      [LSTM    ] acc=0.500
      [BiLSTM  ] acc=0.500
      [GRU     ] acc=0.547
      [CNN_LSTM] acc=0.438
      [CNN_GRU ] acc=0.453
      [calib]  temperature T=0.351  (prob spread: [0.439, 0.611])
    ~ Win 6 | 95% train | test_n=64 | OOS=54.69% | AUC=0.493 | F1=0.408 | LGB=46.88% | XGB=42.19% | T=0.35
         DL → LSTM=50.00%  BiLSTM=50.00%  GRU=54.69%  CNN_LSTM=43.75%  CNN_GRU=45.31%
  [3/3] OOS Overall → Accuracy=53.69%  F1=0.5408  (704 preds, 6 wins, avg_T=4.72)
  Plots → 06_results\runs\20260301_000647\ADANIPORTS\plots
