
────────────────────────────────────────────────────────────
  INFY
────────────────────────────────────────────────────────────
  INFY         ✓ features cached  (1314 rows × 163 feat)
  [1/3] Walk-forward: 6 windows  |  1314 rows  |  163 features
        Win 1: train[0:828]  val[828:919]  test[919:1051]  (70%)
        Win 2: train[0:887]  val[887:985]  test[985:1116]  (75%)
        Win 3: train[0:946]  val[946:1051]  test[1051:1182]  (80%)
        Win 4: train[0:1005]  val[1005:1116]  test[1116:1248]  (85%)
        Win 5: train[0:1064]  val[1064:1182]  test[1182:1314]  (90%)
        Win 6: train[0:1124]  val[1124:1248]  test[1248:1314]  (95%)
  [1b] Feature selection: top 50 of 163 ... ✓ 50 features kept
  [2/3] Training...
      [scaler] range [-4.46, 5.00]  16.4% outside [-1,1]
      [PCA]    22 components → 90.3% explained variance
      [LSTM    ] acc=0.477
      [BiLSTM  ] acc=0.523
      [GRU     ] acc=0.553
      [CNN_LSTM] acc=0.477
      [CNN_GRU ] acc=0.523
      [TCN_GRU ] acc=0.447
      [TCN_Transformer] acc=0.470
      [NBEATS  ] acc=0.508
      [regime] adaptive blend α=0.50  (regime_ll=0.6916  global_ll=0.6853)
      [calib]  temperature T=0.127  (prob spread: [0.190, 0.863])
    ~ Win 1 | 70% train | test_n=132 | OOS=50.76% | AUC=0.491 | F1=0.488 | LGB=46.97% | XGB=52.27% | T=0.13
         Dir → UP=54.39%  DOWN=48.00%  NEUTRAL=0.0%
         DL  → LSTM=47.73%  BiLSTM=52.27%  GRU=55.30%  CNN_LSTM=47.73%  CNN_GRU=52.27%  TCN_GRU=44.70%  TCN_Transformer=46.97%  NBEATS=50.76%
      [scaler] range [-4.30, 5.00]  15.8% outside [-1,1]
      [PCA]    22 components → 90.3% explained variance
      [LSTM    ] acc=0.519
      [BiLSTM  ] acc=0.542
      [GRU     ] acc=0.496
      [CNN_LSTM] acc=0.481
      [CNN_GRU ] acc=0.450
      [TCN_GRU ] acc=0.427
      [TCN_Transformer] acc=0.557
      [NBEATS  ] acc=0.443
      [regime] adaptive blend α=0.50  (regime_ll=0.6905  global_ll=0.6889)
      [calib]  temperature T=0.325  (prob spread: [0.373, 0.660])
    ✗ Win 2 | 75% train | test_n=131 | OOS=47.33% | AUC=0.461 | F1=0.481 | LGB=51.15% | XGB=48.85% | T=0.33
         Dir → UP=53.33%  DOWN=42.25%  NEUTRAL=0.0%
         DL  → LSTM=51.91%  BiLSTM=54.20%  GRU=49.62%  CNN_LSTM=48.09%  CNN_GRU=45.04%  TCN_GRU=42.75%  TCN_Transformer=55.73%  NBEATS=44.27%
      [scaler] range [-4.30, 5.00]  15.8% outside [-1,1]
      [PCA]    22 components → 90.2% explained variance
      [LSTM    ] acc=0.481
      [BiLSTM  ] acc=0.519
      [GRU     ] acc=0.450
      [CNN_LSTM] acc=0.496
      [CNN_GRU ] acc=0.481
      [TCN_GRU ] acc=0.550
      [TCN_Transformer] acc=0.519
      [NBEATS] ✗ Unable to allocate 1000. KiB for an array with shape (256, 1000) and data type float32
      [regime] adaptive blend α=0.50  (regime_ll=0.6933  global_ll=0.6909)
      [calib]  temperature T=0.100  (prob spread: [0.149, 0.930])
