
────────────────────────────────────────────────────────────
  EICHERMOT
────────────────────────────────────────────────────────────
  EICHERMOT    ↻ computing features ... ✓ 1379 rows × 159 features
  [1/3] Walk-forward: 6 windows  |  1379 rows  |  159 features
        Win 1: train[0:869]  val[869:965]  test[965:1103]  (70%)
        Win 2: train[0:931]  val[931:1034]  test[1034:1172]  (75%)
        Win 3: train[0:993]  val[993:1103]  test[1103:1241]  (80%)
        Win 4: train[0:1055]  val[1055:1172]  test[1172:1310]  (85%)
        Win 5: train[0:1117]  val[1117:1241]  test[1241:1379]  (90%)
        Win 6: train[0:1179]  val[1179:1310]  test[1310:1379]  (95%)
  [1b] Feature selection: top 50 of 159 ... ✓ 50 features kept
  [2/3] Training...
      [scaler] range [-5.00, 5.00]  16.7% outside [-1,1]
      [PCA]    26 components → 90.9% explained variance
      [LSTM    ] acc=0.486
      [BiLSTM  ] acc=0.464
      [GRU     ] acc=0.529
      [CNN_LSTM] acc=0.551
      [CNN_GRU ] acc=0.536
      [TCN_GRU ] acc=0.514
      [TCN_Transformer] acc=0.514
      [NBEATS  ] acc=0.471
      [calib]  temperature T=0.202  (prob spread: [0.400, 0.623])
    ~ Win 1 | 70% train | test_n=138 | OOS=53.62% | AUC=0.516 | F1=0.549 | LGB=45.65% | XGB=45.65% | T=0.20
         Dir → UP=57.35%  DOWN=50.00%  NEUTRAL=0.0%
         DL  → LSTM=48.55%  BiLSTM=46.38%  GRU=52.90%  CNN_LSTM=55.07%  CNN_GRU=53.62%  TCN_GRU=51.45%  TCN_Transformer=51.45%  NBEATS=47.10%
      [scaler] range [-5.00, 5.00]  16.7% outside [-1,1]
      [PCA]    25 components → 90.2% explained variance
      [LSTM    ] acc=0.500
      [BiLSTM  ] acc=0.478
      [GRU     ] acc=0.529
      [CNN_LSTM] acc=0.565
      [CNN_GRU ] acc=0.486
      [TCN_GRU ] acc=0.551
      [TCN_Transformer] acc=0.500
      [NBEATS  ] acc=0.500
      [calib]  temperature T=0.540  (prob spread: [0.289, 0.748])
    ~ Win 2 | 75% train | test_n=138 | OOS=50.72% | AUC=0.509 | F1=0.493 | LGB=49.28% | XGB=50.72% | T=0.54
         Dir → UP=50.00%  DOWN=51.39%  NEUTRAL=0.0%
         DL  → LSTM=50.00%  BiLSTM=47.83%  GRU=52.90%  CNN_LSTM=56.52%  CNN_GRU=48.55%  TCN_GRU=55.07%  TCN_Transformer=50.00%  NBEATS=50.00%
      [scaler] range [-5.00, 5.00]  16.7% outside [-1,1]
      [PCA]    25 components → 90.2% explained variance
      [LSTM    ] acc=0.580
      [BiLSTM  ] acc=0.565
      [GRU     ] acc=0.522
      [CNN_LSTM] acc=0.500
      [CNN_GRU ] acc=0.522
      [TCN_GRU ] acc=0.500
      [TCN_Transformer] acc=0.551
      [NBEATS  ] acc=0.449
      [calib]  temperature T=0.220  (prob spread: [0.345, 0.731])
    ~ Win 3 | 80% train | test_n=138 | OOS=50.72% | AUC=0.529 | F1=0.553 | LGB=45.65% | XGB=46.38% | T=0.22
         Dir → UP=47.19%  DOWN=57.14%  NEUTRAL=0.0%
         DL  → LSTM=57.97%  BiLSTM=56.52%  GRU=52.17%  CNN_LSTM=50.00%  CNN_GRU=52.17%  TCN_GRU=50.00%  TCN_Transformer=55.07%  NBEATS=44.93%
      [scaler] range [-5.00, 5.00]  16.7% outside [-1,1]
      [PCA]    25 components → 90.1% explained variance
      [LSTM    ] acc=0.507
      [BiLSTM  ] acc=0.543
      [GRU     ] acc=0.572
      [CNN_LSTM] acc=0.594
      [CNN_GRU ] acc=0.522
      [TCN_GRU ] acc=0.442
      [TCN_Transformer] acc=0.449
      [NBEATS  ] acc=0.551
      [calib]  temperature T=0.498  (prob spread: [0.439, 0.592])
    ~ Win 4 | 85% train | test_n=138 | OOS=55.07% | AUC=0.473 | F1=0.677 | LGB=55.80% | XGB=55.80% | T=0.50
         Dir → UP=56.52%  DOWN=47.83%  NEUTRAL=0.0%
         DL  → LSTM=50.72%  BiLSTM=54.35%  GRU=57.25%  CNN_LSTM=59.42%  CNN_GRU=52.17%  TCN_GRU=44.20%  TCN_Transformer=44.93%  NBEATS=55.07%
      [scaler] range [-5.00, 5.00]  16.4% outside [-1,1]
      [PCA]    26 components → 90.8% explained variance
      [LSTM    ] acc=0.572
      [BiLSTM  ] acc=0.543
      [GRU     ] acc=0.565
      [CNN_LSTM] acc=0.543
      [CNN_GRU ] acc=0.565
      [TCN_GRU ] acc=0.522
      [TCN_Transformer] acc=0.486
      [NBEATS  ] acc=0.471
      [calib]  temperature T=8.000  (prob spread: [0.498, 0.504])
    ✓ Win 5 | 90% train | test_n=138 | OOS=58.70% | AUC=0.576 | F1=0.655 | LGB=56.52% | XGB=58.70% | T=8.00
         Dir → UP=62.07%  DOWN=52.94%  NEUTRAL=0.0%
         DL  → LSTM=57.25%  BiLSTM=54.35%  GRU=56.52%  CNN_LSTM=54.35%  CNN_GRU=56.52%  TCN_GRU=52.17%  TCN_Transformer=48.55%  NBEATS=47.10%
      [scaler] range [-5.00, 5.00]  16.2% outside [-1,1]
      [PCA]    26 components → 90.7% explained variance
      [LSTM    ] acc=0.565
      [BiLSTM  ] acc=0.623
      [GRU     ] acc=0.609
      [CNN_LSTM] acc=0.551
      [CNN_GRU ] acc=0.522
      [TCN_GRU ] acc=0.377
      [TCN_Transformer] acc=0.522
      [NBEATS  ] acc=0.536
      [calib]  temperature T=0.292  (prob spread: [0.399, 0.651])
    ✗ Win 6 | 95% train | test_n=69 | OOS=46.38% | AUC=0.460 | F1=0.565 | LGB=47.83% | XGB=49.28% | T=0.29
         Dir → UP=48.98%  DOWN=40.00%  NEUTRAL=0.0%
         DL  → LSTM=56.52%  BiLSTM=62.32%  GRU=60.87%  CNN_LSTM=55.07%  CNN_GRU=52.17%  TCN_GRU=37.68%  TCN_Transformer=52.17%  NBEATS=53.62%
  [3/3] OOS Overall → Accuracy=53.10%  F1=0.5908  (759 preds, 6 wins, avg_T=1.63)
  Plots → 06_results\runs\20260307_141956\EICHERMOT\plots
