
────────────────────────────────────────────────────────────
  SBIN
────────────────────────────────────────────────────────────
  SBIN         ↻ computing features ... ✓ 1330 rows × 159 features
  [1/3] Walk-forward: 6 windows  |  1330 rows  |  159 features
        Win 1: train[0:837]  val[837:930]  test[930:1064]  (70%)
        Win 2: train[0:898]  val[898:997]  test[997:1130]  (75%)
        Win 3: train[0:958]  val[958:1064]  test[1064:1197]  (80%)
        Win 4: train[0:1017]  val[1017:1130]  test[1130:1263]  (85%)
        Win 5: train[0:1078]  val[1078:1197]  test[1197:1330]  (90%)
        Win 6: train[0:1137]  val[1137:1263]  test[1263:1330]  (95%)
  [1b] Feature selection: top 50 of 159 ... ✓ 47 features kept
  [2/3] Training...
      [scaler] range [-5.00, 5.00]  17.1% outside [-1,1]
      [PCA]    23 components → 90.4% explained variance
      [LSTM    ] acc=0.522
      [BiLSTM  ] acc=0.567
      [GRU     ] acc=0.590
      [CNN_LSTM] acc=0.493
      [CNN_GRU ] acc=0.522
      [calib]  temperature T=0.343  (prob spread: [0.260, 0.789])
    ✓ Win 1 | 70% train | test_n=134 | OOS=61.19% | AUC=0.593 | F1=0.705 | LGB=59.70% | XGB=61.94% | T=0.34
         DL → LSTM=52.24%  BiLSTM=56.72%  GRU=58.96%  CNN_LSTM=49.25%  CNN_GRU=52.24%
      [scaler] range [-5.00, 5.00]  17.1% outside [-1,1]
      [PCA]    23 components → 90.4% explained variance
      [LSTM    ] acc=0.519
      [BiLSTM  ] acc=0.541
      [GRU     ] acc=0.519
      [CNN_LSTM] acc=0.556
      [CNN_GRU ] acc=0.496
      [calib]  temperature T=0.560  (prob spread: [0.357, 0.776])
    ~ Win 2 | 75% train | test_n=133 | OOS=52.63% | AUC=0.521 | F1=0.648 | LGB=45.11% | XGB=50.38% | T=0.56
         DL → LSTM=51.88%  BiLSTM=54.14%  GRU=51.88%  CNN_LSTM=55.64%  CNN_GRU=49.62%
      [scaler] range [-5.00, 5.00]  16.9% outside [-1,1]
      [PCA]    23 components → 90.4% explained variance
      [LSTM    ] acc=0.489
      [BiLSTM  ] acc=0.534
      [GRU     ] acc=0.466
      [CNN_LSTM] acc=0.511
      [CNN_GRU ] acc=0.481
      [calib]  temperature T=0.453  (prob spread: [0.425, 0.785])
    ✗ Win 3 | 80% train | test_n=133 | OOS=48.12% | AUC=0.557 | F1=0.631 | LGB=51.13% | XGB=47.37% | T=0.45
         DL → LSTM=48.87%  BiLSTM=53.38%  GRU=46.62%  CNN_LSTM=51.13%  CNN_GRU=48.12%
      [scaler] range [-5.00, 5.00]  16.9% outside [-1,1]
      [PCA]    23 components → 90.4% explained variance
      [LSTM    ] acc=0.534
      [BiLSTM  ] acc=0.481
      [GRU     ] acc=0.504
      [CNN_LSTM] acc=0.496
      [CNN_GRU ] acc=0.519
      [calib]  temperature T=0.787  (prob spread: [0.480, 0.604])
    ✗ Win 4 | 85% train | test_n=133 | OOS=48.87% | AUC=0.467 | F1=0.653 | LGB=48.12% | XGB=51.13% | T=0.79
         DL → LSTM=53.38%  BiLSTM=48.12%  GRU=50.38%  CNN_LSTM=49.62%  CNN_GRU=51.88%
      [scaler] range [-5.00, 5.00]  16.9% outside [-1,1]
      [PCA]    23 components → 90.6% explained variance
      [LSTM    ] acc=0.602
      [BiLSTM  ] acc=0.586
      [GRU     ] acc=0.571
      [CNN_LSTM] acc=0.564
      [CNN_GRU ] acc=0.541
      [calib]  temperature T=8.000  (prob spread: [0.499, 0.513])
    ✓ Win 5 | 90% train | test_n=133 | OOS=60.90% | AUC=0.533 | F1=0.755 | LGB=60.15% | XGB=60.15% | T=8.00
         DL → LSTM=60.15%  BiLSTM=58.65%  GRU=57.14%  CNN_LSTM=56.39%  CNN_GRU=54.14%
      [scaler] range [-5.00, 5.00]  16.8% outside [-1,1]
      [PCA]    23 components → 90.5% explained variance
      [LSTM    ] acc=0.657
      [BiLSTM  ] acc=0.657
      [GRU     ] acc=0.627
      [CNN_LSTM] acc=0.463
      [CNN_GRU ] acc=0.627
      [calib]  temperature T=8.000  (prob spread: [0.501, 0.510])
    ✓ Win 6 | 95% train | test_n=67 | OOS=65.67% | AUC=0.553 | F1=0.793 | LGB=65.67% | XGB=65.67% | T=8.00
         DL → LSTM=65.67%  BiLSTM=65.67%  GRU=62.69%  CNN_LSTM=46.27%  CNN_GRU=62.69%
  [3/3] OOS Overall → Accuracy=55.39%  F1=0.6918  (733 preds, 6 wins, avg_T=3.02)
  Plots → 06_results\runs\20260301_000647\SBIN\plots
