
────────────────────────────────────────────────────────────
  COALINDIA
────────────────────────────────────────────────────────────
  COALINDIA    ↻ computing features ... ✓ 1354 rows × 159 features
  [1/3] Walk-forward: 6 windows  |  1354 rows  |  159 features
        Win 1: train[0:853]  val[853:947]  test[947:1083]  (70%)
        Win 2: train[0:914]  val[914:1015]  test[1015:1150]  (75%)
        Win 3: train[0:975]  val[975:1083]  test[1083:1218]  (80%)
        Win 4: train[0:1035]  val[1035:1150]  test[1150:1286]  (85%)
        Win 5: train[0:1097]  val[1097:1218]  test[1218:1354]  (90%)
        Win 6: train[0:1158]  val[1158:1286]  test[1286:1354]  (95%)
  [1b] Feature selection: top 50 of 159 ... ✓ 50 features kept
  [2/3] Training...
      [scaler] range [-4.09, 5.00]  17.2% outside [-1,1]
      [PCA]    26 components → 90.1% explained variance
      [LSTM    ] acc=0.441
      [BiLSTM  ] acc=0.478
      [GRU     ] acc=0.529
      [CNN_LSTM] acc=0.485
      [CNN_GRU ] acc=0.537
      [calib]  temperature T=0.497  (prob spread: [0.461, 0.542])
    ~ Win 1 | 70% train | test_n=136 | OOS=50.00% | AUC=0.520 | F1=0.521 | LGB=60.29% | XGB=60.29% | T=0.50
         DL → LSTM=44.12%  BiLSTM=47.79%  GRU=52.94%  CNN_LSTM=48.53%  CNN_GRU=53.68%
      [scaler] range [-3.91, 5.00]  17.7% outside [-1,1]
      [PCA]    26 components → 90.2% explained variance
      [LSTM    ] acc=0.504
      [BiLSTM  ] acc=0.452
      [GRU     ] acc=0.563
      [CNN_LSTM] acc=0.489
      [CNN_GRU ] acc=0.526
      [calib]  temperature T=0.256  (prob spread: [0.443, 0.680])
    ~ Win 2 | 75% train | test_n=135 | OOS=51.85% | AUC=0.517 | F1=0.641 | LGB=53.33% | XGB=52.59% | T=0.26
         DL → LSTM=50.37%  BiLSTM=45.19%  GRU=56.30%  CNN_LSTM=48.89%  CNN_GRU=52.59%
      [scaler] range [-3.68, 5.00]  17.8% outside [-1,1]
      [PCA]    26 components → 90.4% explained variance
      [LSTM    ] acc=0.437
      [BiLSTM  ] acc=0.481
      [GRU     ] acc=0.496
      [CNN_LSTM] acc=0.474
      [CNN_GRU ] acc=0.519
      [calib]  temperature T=0.251  (prob spread: [0.304, 0.758])
    ✗ Win 3 | 80% train | test_n=135 | OOS=47.41% | AUC=0.490 | F1=0.620 | LGB=46.67% | XGB=48.15% | T=0.25
         DL → LSTM=43.70%  BiLSTM=48.15%  GRU=49.63%  CNN_LSTM=47.41%  CNN_GRU=51.85%
      [scaler] range [-3.61, 5.00]  17.7% outside [-1,1]
      [PCA]    26 components → 90.2% explained variance
      [LSTM    ] acc=0.463
      [BiLSTM  ] acc=0.478
      [GRU     ] acc=0.537
      [CNN_LSTM] acc=0.529
      [CNN_GRU ] acc=0.559
      [calib]  temperature T=0.777  (prob spread: [0.385, 0.658])
    ~ Win 4 | 85% train | test_n=136 | OOS=54.41% | AUC=0.532 | F1=0.635 | LGB=50.74% | XGB=52.94% | T=0.78
         DL → LSTM=46.32%  BiLSTM=47.79%  GRU=53.68%  CNN_LSTM=52.94%  CNN_GRU=55.88%
      [scaler] range [-3.41, 5.00]  17.8% outside [-1,1]
      [PCA]    26 components → 90.3% explained variance
      [LSTM    ] acc=0.522
      [BiLSTM  ] acc=0.522
      [GRU     ] acc=0.529
      [CNN_LSTM] acc=0.529
      [CNN_GRU ] acc=0.544
      [calib]  temperature T=2.960  (prob spread: [0.474, 0.532])
    ~ Win 5 | 90% train | test_n=136 | OOS=51.47% | AUC=0.487 | F1=0.653 | LGB=51.47% | XGB=52.94% | T=2.96
         DL → LSTM=52.21%  BiLSTM=52.21%  GRU=52.94%  CNN_LSTM=52.94%  CNN_GRU=54.41%
      [scaler] range [-3.21, 5.00]  17.8% outside [-1,1]
      [PCA]    26 components → 90.1% explained variance
      [LSTM    ] acc=0.529
      [BiLSTM  ] acc=0.485
      [GRU     ] acc=0.456
      [CNN_LSTM] acc=0.529
      [CNN_GRU ] acc=0.500
      [calib]  temperature T=0.179  (prob spread: [0.437, 0.733])
    ~ Win 6 | 95% train | test_n=68 | OOS=52.94% | AUC=0.466 | F1=0.660 | LGB=52.94% | XGB=52.94% | T=0.18
         DL → LSTM=52.94%  BiLSTM=48.53%  GRU=45.59%  CNN_LSTM=52.94%  CNN_GRU=50.00%
  [3/3] OOS Overall → Accuracy=51.21%  F1=0.6224  (746 preds, 6 wins, avg_T=0.82)
  Plots → 06_results\runs\20260301_000647\COALINDIA\plots
