
────────────────────────────────────────────────────────────
  ETERNAL
────────────────────────────────────────────────────────────
  ETERNAL      ↻ computing features ... ✓ 757 rows × 153 features
  [1/3] Walk-forward: 6 windows  |  757 rows  |  153 features
        Win 1: train[0:477]  val[477:529]  test[529:605]  (70%)
        Win 2: train[0:511]  val[511:567]  test[567:643]  (75%)
        Win 3: train[0:545]  val[545:605]  test[605:681]  (80%)
        Win 4: train[0:579]  val[579:643]  test[643:719]  (85%)
        Win 5: train[0:613]  val[613:681]  test[681:757]  (90%)
        Win 6: train[0:648]  val[648:719]  test[719:757]  (95%)
  [1b] Feature selection: top 50 of 153 ... ✓ 50 features kept
  [2/3] Training...
      [scaler] range [-4.46, 5.00]  15.7% outside [-1,1]
      [PCA]    23 components → 90.9% explained variance
      [LSTM    ] acc=0.539
      [BiLSTM  ] acc=0.447
      [GRU     ] acc=0.487
      [CNN_LSTM] acc=0.408
      [CNN_GRU ] acc=0.474
      [TCN_GRU ] acc=0.474
      [TCN_Transformer] acc=0.539
      [NBEATS  ] acc=0.513
      [calib]  temperature T=0.272  (prob spread: [0.235, 0.844])
    ~ Win 1 | 70% train | test_n=76 | OOS=50.00% | AUC=0.440 | F1=0.441 | LGB=39.47% | XGB=46.05% | T=0.27
         Dir → UP=44.12%  DOWN=54.76%  NEUTRAL=0.0%
         DL  → LSTM=53.95%  BiLSTM=44.74%  GRU=48.68%  CNN_LSTM=40.79%  CNN_GRU=47.37%  TCN_GRU=47.37%  TCN_Transformer=53.95%  NBEATS=51.32%
      [scaler] range [-4.26, 5.00]  15.9% outside [-1,1]
      [PCA]    23 components → 90.6% explained variance
      [LSTM    ] acc=0.474
      [BiLSTM  ] acc=0.592
      [GRU     ] acc=0.474
      [CNN_LSTM] acc=0.447
      [CNN_GRU ] acc=0.513
      [TCN_GRU ] acc=0.487
      [TCN_Transformer] acc=0.461
      [NBEATS  ] acc=0.539
      [calib]  temperature T=0.339  (prob spread: [0.282, 0.603])
    ✗ Win 2 | 75% train | test_n=76 | OOS=48.68% | AUC=0.470 | F1=0.466 | LGB=51.32% | XGB=48.68% | T=0.34
         Dir → UP=44.74%  DOWN=52.63%  NEUTRAL=0.0%
         DL  → LSTM=47.37%  BiLSTM=59.21%  GRU=47.37%  CNN_LSTM=44.74%  CNN_GRU=51.32%  TCN_GRU=48.68%  TCN_Transformer=46.05%  NBEATS=53.95%
      [scaler] range [-4.08, 5.00]  16.1% outside [-1,1]
      [PCA]    23 components → 90.4% explained variance
      [LSTM    ] acc=0.553
      [BiLSTM  ] acc=0.500
      [GRU     ] acc=0.592
      [CNN_LSTM] acc=0.553
      [CNN_GRU ] acc=0.658
      [TCN_GRU ] acc=0.592
      [TCN_Transformer] acc=0.500
      [NBEATS  ] acc=0.474
      [calib]  temperature T=0.240  (prob spread: [0.053, 0.844])
    ~ Win 3 | 80% train | test_n=76 | OOS=53.95% | AUC=0.555 | F1=0.444 | LGB=56.58% | XGB=51.32% | T=0.24
         Dir → UP=46.67%  DOWN=58.70%  NEUTRAL=0.0%
         DL  → LSTM=55.26%  BiLSTM=50.00%  GRU=59.21%  CNN_LSTM=55.26%  CNN_GRU=65.79%  TCN_GRU=59.21%  TCN_Transformer=50.00%  NBEATS=47.37%
      [scaler] range [-3.95, 5.00]  15.8% outside [-1,1]
      [PCA]    23 components → 90.2% explained variance
      [LSTM    ] acc=0.618
      [BiLSTM  ] acc=0.592
      [GRU     ] acc=0.632
      [CNN_LSTM] acc=0.592
      [CNN_GRU ] acc=0.592
      [TCN_GRU ] acc=0.566
      [TCN_Transformer] acc=0.592
      [NBEATS  ] acc=0.566
      [calib]  temperature T=0.100  (prob spread: [0.008, 0.967])
    ✓ Win 4 | 85% train | test_n=76 | OOS=64.47% | AUC=0.568 | F1=0.400 | LGB=61.84% | XGB=61.84% | T=0.10
         Dir → UP=56.25%  DOWN=66.67%  NEUTRAL=0.0%
         DL  → LSTM=61.84%  BiLSTM=59.21%  GRU=63.16%  CNN_LSTM=59.21%  CNN_GRU=59.21%  TCN_GRU=56.58%  TCN_Transformer=59.21%  NBEATS=56.58%
      [scaler] range [-3.79, 5.00]  15.8% outside [-1,1]
      [PCA]    24 components → 90.9% explained variance
      [LSTM    ] acc=0.526
      [BiLSTM  ] acc=0.500
      [GRU     ] acc=0.474
      [CNN_LSTM] acc=0.566
      [CNN_GRU ] acc=0.553
      [TCN_GRU ] acc=0.526
      [TCN_Transformer] acc=0.579
      [NBEATS  ] acc=0.526
      [calib]  temperature T=0.312  (prob spread: [0.182, 0.799])
    ✗ Win 5 | 90% train | test_n=76 | OOS=48.68% | AUC=0.496 | F1=0.435 | LGB=55.26% | XGB=55.26% | T=0.31
         Dir → UP=38.46%  DOWN=59.46%  NEUTRAL=0.0%
         DL  → LSTM=52.63%  BiLSTM=50.00%  GRU=47.37%  CNN_LSTM=56.58%  CNN_GRU=55.26%  TCN_GRU=52.63%  TCN_Transformer=57.89%  NBEATS=52.63%
      [scaler] range [-3.67, 5.00]  15.8% outside [-1,1]
      [PCA]    24 components → 90.9% explained variance
      [LSTM    ] acc=0.474
      [BiLSTM  ] acc=0.368
      [GRU     ] acc=0.447
      [CNN_LSTM] acc=0.368
      [CNN_GRU ] acc=0.421
      [TCN_GRU ] acc=0.474
      [TCN_Transformer] acc=0.447
      [NBEATS  ] acc=0.579
      [calib]  temperature T=0.543  (prob spread: [0.378, 0.775])
    ✗ Win 6 | 95% train | test_n=38 | OOS=42.11% | AUC=0.418 | F1=0.476 | LGB=44.74% | XGB=44.74% | T=0.54
         Dir → UP=38.46%  DOWN=50.00%  NEUTRAL=0.0%
         DL  → LSTM=47.37%  BiLSTM=36.84%  GRU=44.74%  CNN_LSTM=36.84%  CNN_GRU=42.11%  TCN_GRU=47.37%  TCN_Transformer=44.74%  NBEATS=57.89%
  [3/3] OOS Overall → Accuracy=52.15%  F1=0.4444  (418 preds, 6 wins, avg_T=0.30)
  Plots → 06_results\runs\20260311_010027\ETERNAL\plots
