
────────────────────────────────────────────────────────────
  BAJAJ-AUTO
────────────────────────────────────────────────────────────
  BAJAJ-AUTO   ↻ computing features ... ✓ 1278 rows × 159 features
  [1/3] Walk-forward: 6 windows  |  1278 rows  |  159 features
        Win 1: train[0:805]  val[805:894]  test[894:1022]  (70%)
        Win 2: train[0:863]  val[863:958]  test[958:1086]  (75%)
        Win 3: train[0:920]  val[920:1022]  test[1022:1150]  (80%)
        Win 4: train[0:978]  val[978:1086]  test[1086:1214]  (85%)
        Win 5: train[0:1035]  val[1035:1150]  test[1150:1278]  (90%)
        Win 6: train[0:1093]  val[1093:1214]  test[1214:1278]  (95%)
  [1b] Feature selection: top 50 of 159 ... ✓ 50 features kept
  [2/3] Training...
      [scaler] range [-4.48, 5.00]  18.7% outside [-1,1]
      [PCA]    22 components → 91.0% explained variance
      [LSTM    ] acc=0.547
      [BiLSTM  ] acc=0.547
      [GRU     ] acc=0.477
      [CNN_LSTM] acc=0.484
      [CNN_GRU ] acc=0.609
      [calib]  temperature T=0.217  (prob spread: [0.477, 0.657])
    ✓ Win 1 | 70% train | test_n=128 | OOS=60.16% | AUC=0.526 | F1=0.741 | LGB=54.69% | XGB=60.16% | T=0.22
         DL → LSTM=54.69%  BiLSTM=54.69%  GRU=47.66%  CNN_LSTM=48.44%  CNN_GRU=60.94%
      [scaler] range [-4.44, 5.00]  18.6% outside [-1,1]
      [PCA]    22 components → 90.9% explained variance
      [LSTM    ] acc=0.484
      [BiLSTM  ] acc=0.469
      [GRU     ] acc=0.500
      [CNN_LSTM] acc=0.445
      [CNN_GRU ] acc=0.516
      [calib]  temperature T=0.287  (prob spread: [0.496, 0.821])
    ✗ Win 2 | 75% train | test_n=128 | OOS=47.66% | AUC=0.450 | F1=0.646 | LGB=46.88% | XGB=48.44% | T=0.29
         DL → LSTM=48.44%  BiLSTM=46.88%  GRU=50.00%  CNN_LSTM=44.53%  CNN_GRU=51.56%
      [scaler] range [-4.49, 5.00]  18.6% outside [-1,1]
      [PCA]    22 components → 90.9% explained variance
      [LSTM    ] acc=0.484
      [BiLSTM  ] acc=0.484
      [GRU     ] acc=0.453
      [CNN_LSTM] acc=0.453
      [CNN_GRU ] acc=0.531
      [calib]  temperature T=0.797  (prob spread: [0.449, 0.645])
    ✗ Win 3 | 80% train | test_n=128 | OOS=47.66% | AUC=0.521 | F1=0.617 | LGB=45.31% | XGB=43.75% | T=0.80
         DL → LSTM=48.44%  BiLSTM=48.44%  GRU=45.31%  CNN_LSTM=45.31%  CNN_GRU=53.12%
      [scaler] range [-4.56, 5.00]  18.5% outside [-1,1]
      [PCA]    22 components → 90.6% explained variance
      [LSTM    ] acc=0.539
      [BiLSTM  ] acc=0.547
      [GRU     ] acc=0.477
      [CNN_LSTM] acc=0.500
      [CNN_GRU ] acc=0.484
      [calib]  temperature T=8.000  (prob spread: [0.495, 0.510])
    ~ Win 4 | 85% train | test_n=128 | OOS=53.91% | AUC=0.500 | F1=0.674 | LGB=51.56% | XGB=51.56% | T=8.00
         DL → LSTM=53.91%  BiLSTM=54.69%  GRU=47.66%  CNN_LSTM=50.00%  CNN_GRU=48.44%
      [scaler] range [-4.26, 5.00]  18.5% outside [-1,1]
      [PCA]    22 components → 90.4% explained variance
      [LSTM    ] acc=0.523
      [BiLSTM  ] acc=0.523
      [GRU     ] acc=0.492
      [CNN_LSTM] acc=0.531
      [CNN_GRU ] acc=0.453
      [calib]  temperature T=8.000  (prob spread: [0.500, 0.507])
    ~ Win 5 | 90% train | test_n=128 | OOS=51.56% | AUC=0.491 | F1=0.680 | LGB=52.34% | XGB=52.34% | T=8.00
         DL → LSTM=52.34%  BiLSTM=52.34%  GRU=49.22%  CNN_LSTM=53.12%  CNN_GRU=45.31%
      [scaler] range [-4.01, 5.00]  18.6% outside [-1,1]
      [PCA]    22 components → 90.2% explained variance
      [LSTM    ] acc=0.500
--- Logging error ---
Traceback (most recent call last):
  File "C:\Users\Home\AppData\Local\Programs\Python\Python310\lib\logging\__init__.py", line 1103, in emit
    stream.write(msg + self.terminator)
ValueError: I/O operation on closed file.
Call stack:
  File "<string>", line 1, in <module>
  File "C:\Users\Home\AppData\Local\Programs\Python\Python310\lib\multiprocessing\spawn.py", line 116, in spawn_main
    exitcode = _main(fd, parent_sentinel)
  File "C:\Users\Home\AppData\Local\Programs\Python\Python310\lib\multiprocessing\spawn.py", line 129, in _main
    return self._bootstrap(parent_sentinel)
  File "C:\Users\Home\AppData\Local\Programs\Python\Python310\lib\multiprocessing\process.py", line 314, in _bootstrap
    self.run()
  File "C:\Users\Home\AppData\Local\Programs\Python\Python310\lib\multiprocessing\process.py", line 108, in run
    self._target(*self._args, **self._kwargs)
  File "C:\Users\Home\AppData\Local\Programs\Python\Python310\lib\concurrent\futures\process.py", line 246, in _process_worker
    r = call_item.fn(*call_item.args, **call_item.kwargs)
  File "C:\Users\Home\Documents\AI_IN_STOCK_V2\V3\07_pipeline\run_pipeline.py", line 230, in _run_symbol_worker
    Top-level picklable function for ProcessPoolExecutor.
  File "C:\Users\Home\Documents\AI_IN_STOCK_V2\V3\07_pipeline\run_pipeline.py", line 1592, in run_symbol
  File "C:\Users\Home\Documents\AI_IN_STOCK_V2\V3\07_pipeline\run_pipeline.py", line 1199, in train_window
    return None
  File "C:\Users\Home\Documents\AI_IN_STOCK_V2\V3\02_models\deep_learning\base_deep.py", line 257, in predict
    return (self.predict_proba(X) >= 0.5).astype(int)
  File "C:\Users\Home\Documents\AI_IN_STOCK_V2\V3\02_models\deep_learning\base_deep.py", line 252, in predict_proba
    raw = self._model.predict(X.astype(np.float32), verbose=0)
  File "C:\Users\Home\AppData\Local\Programs\Python\Python310\lib\site-packages\keras\src\utils\traceback_utils.py", line 117, in error_handler
    return fn(*args, **kwargs)
  File "C:\Users\Home\AppData\Local\Programs\Python\Python310\lib\site-packages\keras\src\backend\tensorflow\trainer.py", line 588, in predict
    batch_outputs = self.predict_function(data)
  File "C:\Users\Home\AppData\Local\Programs\Python\Python310\lib\site-packages\tensorflow\python\util\traceback_utils.py", line 150, in error_handler
    return fn(*args, **kwargs)
  File "C:\Users\Home\AppData\Local\Programs\Python\Python310\lib\site-packages\tensorflow\python\eager\polymorphic_function\polymorphic_function.py", line 846, in __call__
    _frequent_tracing_detector_manager.called_with_tracing(
  File "C:\Users\Home\AppData\Local\Programs\Python\Python310\lib\site-packages\tensorflow\python\eager\polymorphic_function\polymorphic_function.py", line 202, in called_with_tracing
    detector.called_with_tracing(function_name, omit_warning)
  File "C:\Users\Home\AppData\Local\Programs\Python\Python310\lib\site-packages\tensorflow\python\eager\polymorphic_function\polymorphic_function.py", line 157, in called_with_tracing
    logging.warning(
  File "C:\Users\Home\AppData\Local\Programs\Python\Python310\lib\site-packages\tensorflow\python\platform\tf_logging.py", line 214, in warning
    get_logger().warning(msg, *args, **kwargs)
Message: '5 out of the last 21 calls to <function TensorFlowTrainer.make_predict_function.<locals>.one_step_on_data_distributed at 0x000001D6C2C0D000> triggered tf.function retracing. Tracing is expensive and the excessive number of tracings could be due to (1) creating @tf.function repeatedly in a loop, (2) passing tensors with different shapes, (3) passing Python objects instead of tensors. For (1), please define your @tf.function outside of the loop. For (2), @tf.function has reduce_retracing=True option that can avoid unnecessary retracing. For (3), please refer to https://www.tensorflow.org/guide/function#controlling_retracing and https://www.tensorflow.org/api_docs/python/tf/function for  more details.'
Arguments: ()
      [BiLSTM  ] acc=0.531
--- Logging error ---
Traceback (most recent call last):
  File "C:\Users\Home\AppData\Local\Programs\Python\Python310\lib\logging\__init__.py", line 1103, in emit
    stream.write(msg + self.terminator)
ValueError: I/O operation on closed file.
Call stack:
  File "<string>", line 1, in <module>
  File "C:\Users\Home\AppData\Local\Programs\Python\Python310\lib\multiprocessing\spawn.py", line 116, in spawn_main
    exitcode = _main(fd, parent_sentinel)
  File "C:\Users\Home\AppData\Local\Programs\Python\Python310\lib\multiprocessing\spawn.py", line 129, in _main
    return self._bootstrap(parent_sentinel)
  File "C:\Users\Home\AppData\Local\Programs\Python\Python310\lib\multiprocessing\process.py", line 314, in _bootstrap
    self.run()
  File "C:\Users\Home\AppData\Local\Programs\Python\Python310\lib\multiprocessing\process.py", line 108, in run
    self._target(*self._args, **self._kwargs)
  File "C:\Users\Home\AppData\Local\Programs\Python\Python310\lib\concurrent\futures\process.py", line 246, in _process_worker
    r = call_item.fn(*call_item.args, **call_item.kwargs)
  File "C:\Users\Home\Documents\AI_IN_STOCK_V2\V3\07_pipeline\run_pipeline.py", line 230, in _run_symbol_worker
    Top-level picklable function for ProcessPoolExecutor.
  File "C:\Users\Home\Documents\AI_IN_STOCK_V2\V3\07_pipeline\run_pipeline.py", line 1592, in run_symbol
  File "C:\Users\Home\Documents\AI_IN_STOCK_V2\V3\07_pipeline\run_pipeline.py", line 1199, in train_window
    return None
  File "C:\Users\Home\Documents\AI_IN_STOCK_V2\V3\02_models\deep_learning\base_deep.py", line 257, in predict
    return (self.predict_proba(X) >= 0.5).astype(int)
  File "C:\Users\Home\Documents\AI_IN_STOCK_V2\V3\02_models\deep_learning\base_deep.py", line 252, in predict_proba
    raw = self._model.predict(X.astype(np.float32), verbose=0)
  File "C:\Users\Home\AppData\Local\Programs\Python\Python310\lib\site-packages\keras\src\utils\traceback_utils.py", line 117, in error_handler
    return fn(*args, **kwargs)
  File "C:\Users\Home\AppData\Local\Programs\Python\Python310\lib\site-packages\keras\src\backend\tensorflow\trainer.py", line 588, in predict
    batch_outputs = self.predict_function(data)
  File "C:\Users\Home\AppData\Local\Programs\Python\Python310\lib\site-packages\tensorflow\python\util\traceback_utils.py", line 150, in error_handler
    return fn(*args, **kwargs)
  File "C:\Users\Home\AppData\Local\Programs\Python\Python310\lib\site-packages\tensorflow\python\eager\polymorphic_function\polymorphic_function.py", line 846, in __call__
    _frequent_tracing_detector_manager.called_with_tracing(
  File "C:\Users\Home\AppData\Local\Programs\Python\Python310\lib\site-packages\tensorflow\python\eager\polymorphic_function\polymorphic_function.py", line 202, in called_with_tracing
    detector.called_with_tracing(function_name, omit_warning)
  File "C:\Users\Home\AppData\Local\Programs\Python\Python310\lib\site-packages\tensorflow\python\eager\polymorphic_function\polymorphic_function.py", line 157, in called_with_tracing
    logging.warning(
  File "C:\Users\Home\AppData\Local\Programs\Python\Python310\lib\site-packages\tensorflow\python\platform\tf_logging.py", line 214, in warning
    get_logger().warning(msg, *args, **kwargs)
Message: '5 out of the last 17 calls to <function TensorFlowTrainer.make_predict_function.<locals>.one_step_on_data_distributed at 0x000001D63EC8D870> triggered tf.function retracing. Tracing is expensive and the excessive number of tracings could be due to (1) creating @tf.function repeatedly in a loop, (2) passing tensors with different shapes, (3) passing Python objects instead of tensors. For (1), please define your @tf.function outside of the loop. For (2), @tf.function has reduce_retracing=True option that can avoid unnecessary retracing. For (3), please refer to https://www.tensorflow.org/guide/function#controlling_retracing and https://www.tensorflow.org/api_docs/python/tf/function for  more details.'
Arguments: ()
      [GRU     ] acc=0.484
      [CNN_LSTM] acc=0.422
      [CNN_GRU ] acc=0.469
      [calib]  temperature T=8.000  (prob spread: [0.495, 0.510])
    ✗ Win 6 | 95% train | test_n=64 | OOS=45.31% | AUC=0.385 | F1=0.588 | LGB=48.44% | XGB=54.69% | T=8.00
         DL → LSTM=50.00%  BiLSTM=53.12%  GRU=48.44%  CNN_LSTM=42.19%  CNN_GRU=46.88%
  [3/3] OOS Overall → Accuracy=51.56%  F1=0.6660  (704 preds, 6 wins, avg_T=4.22)
  Plots → 06_results\runs\20260301_000647\BAJAJ-AUTO\plots
