
────────────────────────────────────────────────────────────
  EXIDEIND
────────────────────────────────────────────────────────────
  EXIDEIND     ↻ computing features ... ✓ 1357 rows × 159 features
  [1/3] Walk-forward: 6 windows  |  1357 rows  |  159 features
        Win 1: train[0:855]  val[855:949]  test[949:1085]  (70%)
        Win 2: train[0:916]  val[916:1017]  test[1017:1153]  (75%)
        Win 3: train[0:977]  val[977:1085]  test[1085:1221]  (80%)
        Win 4: train[0:1038]  val[1038:1153]  test[1153:1289]  (85%)
        Win 5: train[0:1099]  val[1099:1221]  test[1221:1357]  (90%)
        Win 6: train[0:1161]  val[1161:1289]  test[1289:1357]  (95%)
  [1b] Feature selection: top 50 of 159 ... ✓ 50 features kept
  [2/3] Training...
      [scaler] range [-5.00, 5.00]  18.6% outside [-1,1]
      [PCA]    27 components → 90.1% explained variance
      [LSTM    ] acc=0.596
      [BiLSTM  ] acc=0.566
      [GRU     ] acc=0.544
      [CNN_LSTM] acc=0.559
      [CNN_GRU ] acc=0.456
      [calib]  temperature T=0.110  (prob spread: [0.234, 0.661])
    ✗ Win 1 | 70% train | test_n=136 | OOS=42.65% | AUC=0.467 | F1=0.418 | LGB=52.21% | XGB=55.88% | T=0.11
         DL → LSTM=59.56%  BiLSTM=56.62%  GRU=54.41%  CNN_LSTM=55.88%  CNN_GRU=45.59%
      [scaler] range [-5.00, 5.00]  18.2% outside [-1,1]
      [PCA]    27 components → 90.1% explained variance
      [LSTM    ] acc=0.537
      [BiLSTM  ] acc=0.529
      [GRU     ] acc=0.463
      [CNN_LSTM] acc=0.507
      [CNN_GRU ] acc=0.463
      [calib]  temperature T=0.410  (prob spread: [0.322, 0.796])
    ~ Win 2 | 75% train | test_n=136 | OOS=52.21% | AUC=0.611 | F1=0.624 | LGB=48.53% | XGB=47.06% | T=0.41
         DL → LSTM=53.68%  BiLSTM=52.94%  GRU=46.32%  CNN_LSTM=50.74%  CNN_GRU=46.32%
      [scaler] range [-5.00, 5.00]  18.0% outside [-1,1]
      [PCA]    27 components → 90.2% explained variance
      [LSTM    ] acc=0.581
      [BiLSTM  ] acc=0.500
      [GRU     ] acc=0.529
      [CNN_LSTM] acc=0.493
      [CNN_GRU ] acc=0.507
      [calib]  temperature T=0.524  (prob spread: [0.418, 0.615])
    ✗ Win 3 | 80% train | test_n=136 | OOS=43.38% | AUC=0.451 | F1=0.503 | LGB=50.00% | XGB=49.26% | T=0.52
         DL → LSTM=58.09%  BiLSTM=50.00%  GRU=52.94%  CNN_LSTM=49.26%  CNN_GRU=50.74%
      [scaler] range [-5.00, 5.00]  18.0% outside [-1,1]
      [PCA]    27 components → 90.4% explained variance
      [LSTM    ] acc=0.529
      [BiLSTM  ] acc=0.471
      [GRU     ] acc=0.493
      [CNN_LSTM] acc=0.515
      [CNN_GRU ] acc=0.603
      [calib]  temperature T=8.000  (prob spread: [0.490, 0.509])
    ✗ Win 4 | 85% train | test_n=136 | OOS=47.79% | AUC=0.482 | F1=0.474 | LGB=56.62% | XGB=52.94% | T=8.00
         DL → LSTM=52.94%  BiLSTM=47.06%  GRU=49.26%  CNN_LSTM=51.47%  CNN_GRU=60.29%
      [scaler] range [-5.00, 5.00]  17.9% outside [-1,1]
      [PCA]    27 components → 90.1% explained variance
      [LSTM    ] acc=0.500
      [BiLSTM  ] acc=0.581
      [GRU     ] acc=0.493
      [CNN_LSTM] acc=0.434
      [CNN_GRU ] acc=0.515
      [calib]  temperature T=8.000  (prob spread: [0.494, 0.508])
    ✗ Win 5 | 90% train | test_n=136 | OOS=48.53% | AUC=0.495 | F1=0.557 | LGB=47.06% | XGB=47.06% | T=8.00
         DL → LSTM=50.00%  BiLSTM=58.09%  GRU=49.26%  CNN_LSTM=43.38%  CNN_GRU=51.47%
      [scaler] range [-5.00, 5.00]  17.8% outside [-1,1]
      [PCA]    27 components → 90.1% explained variance
      [LSTM    ] acc=0.574
      [BiLSTM  ] acc=0.456
      [GRU     ] acc=0.515
      [CNN_LSTM] acc=0.544
      [CNN_GRU ] acc=0.382
      [calib]  temperature T=0.407  (prob spread: [0.323, 0.605])
    ~ Win 6 | 95% train | test_n=68 | OOS=57.35% | AUC=0.490 | F1=0.508 | LGB=41.18% | XGB=47.06% | T=0.41
         DL → LSTM=57.35%  BiLSTM=45.59%  GRU=51.47%  CNN_LSTM=54.41%  CNN_GRU=38.24%
  [3/3] OOS Overall → Accuracy=47.86%  F1=0.5209  (748 preds, 6 wins, avg_T=2.91)
  Plots → 06_results\runs\20260301_000647\EXIDEIND\plots
