
────────────────────────────────────────────────────────────
  COALINDIA
────────────────────────────────────────────────────────────
  COALINDIA    ↻ computing features ... ✓ 1357 rows × 159 features
  [1/3] Walk-forward: 6 windows  |  1357 rows  |  159 features
        Win 1: train[0:855]  val[855:949]  test[949:1085]  (70%)
        Win 2: train[0:916]  val[916:1017]  test[1017:1153]  (75%)
        Win 3: train[0:977]  val[977:1085]  test[1085:1221]  (80%)
        Win 4: train[0:1038]  val[1038:1153]  test[1153:1289]  (85%)
        Win 5: train[0:1099]  val[1099:1221]  test[1221:1357]  (90%)
        Win 6: train[0:1161]  val[1161:1289]  test[1289:1357]  (95%)
  [1b] Feature selection: top 50 of 159 ... ✓ 50 features kept
  [2/3] Training...
      [scaler] range [-3.15, 5.00]  16.7% outside [-1,1]
      [PCA]    25 components → 90.2% explained variance
      [LSTM    ] acc=0.610
      [BiLSTM  ] acc=0.603
      [GRU     ] acc=0.449
      [CNN_LSTM] acc=0.596
      [CNN_GRU ] acc=0.544
      [TCN_GRU ] acc=0.441
      [TCN_Transformer] acc=0.485
      [NBEATS  ] acc=0.397
      [calib]  temperature T=0.147  (prob spread: [0.337, 0.721])
    ✗ Win 1 | 70% train | test_n=136 | OOS=49.26% | AUC=0.485 | F1=0.571 | LGB=62.50% | XGB=59.56% | T=0.15
         Dir → UP=57.50%  DOWN=37.50%  NEUTRAL=0.0%
         DL  → LSTM=61.03%  BiLSTM=60.29%  GRU=44.85%  CNN_LSTM=59.56%  CNN_GRU=54.41%  TCN_GRU=44.12%  TCN_Transformer=48.53%  NBEATS=39.71%
      [scaler] range [-3.19, 5.00]  17.2% outside [-1,1]
      [PCA]    25 components → 90.3% explained variance
      [LSTM    ] acc=0.551
      [BiLSTM  ] acc=0.471
      [GRU     ] acc=0.522
      [CNN_LSTM] acc=0.515
      [CNN_GRU ] acc=0.485
      [TCN_GRU ] acc=0.456
      [TCN_Transformer] acc=0.507
      [NBEATS  ] acc=0.456
      [calib]  temperature T=0.289  (prob spread: [0.175, 0.847])
    ✗ Win 2 | 75% train | test_n=136 | OOS=42.65% | AUC=0.422 | F1=0.530 | LGB=52.21% | XGB=48.53% | T=0.29
         Dir → UP=46.81%  DOWN=33.33%  NEUTRAL=0.0%
         DL  → LSTM=55.15%  BiLSTM=47.06%  GRU=52.21%  CNN_LSTM=51.47%  CNN_GRU=48.53%  TCN_GRU=45.59%  TCN_Transformer=50.74%  NBEATS=45.59%
      [scaler] range [-3.11, 5.00]  17.3% outside [-1,1]
      [PCA]    25 components → 90.4% explained variance
      [LSTM    ] acc=0.500
      [BiLSTM  ] acc=0.471
      [GRU     ] acc=0.493
      [CNN_LSTM] acc=0.485
      [CNN_GRU ] acc=0.537
      [TCN_GRU ] acc=0.507
      [TCN_Transformer] acc=0.485
      [NBEATS  ] acc=0.529
      [calib]  temperature T=0.474  (prob spread: [0.355, 0.706])
    ✗ Win 3 | 80% train | test_n=136 | OOS=43.38% | AUC=0.448 | F1=0.528 | LGB=48.53% | XGB=48.53% | T=0.47
         Dir → UP=44.33%  DOWN=41.03%  NEUTRAL=0.0%
         DL  → LSTM=50.00%  BiLSTM=47.06%  GRU=49.26%  CNN_LSTM=48.53%  CNN_GRU=53.68%  TCN_GRU=50.74%  TCN_Transformer=48.53%  NBEATS=52.94%
      [scaler] range [-3.14, 5.00]  17.3% outside [-1,1]
      [PCA]    25 components → 90.3% explained variance
      [LSTM    ] acc=0.574
      [BiLSTM  ] acc=0.456
      [GRU     ] acc=0.500
      [CNN_LSTM] acc=0.478
      [CNN_GRU ] acc=0.551
      [TCN_GRU ] acc=0.456
      [TCN_Transformer] acc=0.471
      [NBEATS  ] acc=0.478
      [calib]  temperature T=0.557  (prob spread: [0.269, 0.701])
    ✗ Win 4 | 85% train | test_n=136 | OOS=48.53% | AUC=0.488 | F1=0.500 | LGB=52.21% | XGB=52.21% | T=0.56
         Dir → UP=50.72%  DOWN=46.27%  NEUTRAL=0.0%
         DL  → LSTM=57.35%  BiLSTM=45.59%  GRU=50.00%  CNN_LSTM=47.79%  CNN_GRU=55.15%  TCN_GRU=45.59%  TCN_Transformer=47.06%  NBEATS=47.79%
      [scaler] range [-3.07, 5.00]  17.4% outside [-1,1]
      [PCA]    25 components → 90.2% explained variance
      [LSTM    ] acc=0.551
      [BiLSTM  ] acc=0.500
      [GRU     ] acc=0.529
      [CNN_LSTM] acc=0.559
      [CNN_GRU ] acc=0.493
      [TCN_GRU ] acc=0.529
      [TCN_Transformer] acc=0.471
      [NBEATS  ] acc=0.478
      [calib]  temperature T=0.392  (prob spread: [0.334, 0.764])
    ~ Win 5 | 90% train | test_n=136 | OOS=57.35% | AUC=0.559 | F1=0.659 | LGB=53.68% | XGB=53.68% | T=0.39
         Dir → UP=57.73%  DOWN=56.41%  NEUTRAL=0.0%
         DL  → LSTM=55.15%  BiLSTM=50.00%  GRU=52.94%  CNN_LSTM=55.88%  CNN_GRU=49.26%  TCN_GRU=52.94%  TCN_Transformer=47.06%  NBEATS=47.79%
      [scaler] range [-3.03, 5.00]  17.3% outside [-1,1]
      [PCA]    25 components → 90.2% explained variance
      [LSTM    ] acc=0.529
      [BiLSTM  ] acc=0.544
      [GRU     ] acc=0.515
      [CNN_LSTM] acc=0.559
      [CNN_GRU ] acc=0.471
      [TCN_GRU ] acc=0.529
      [TCN_Transformer] acc=0.574
      [NBEATS  ] acc=0.559
      [calib]  temperature T=0.197  (prob spread: [0.533, 0.731])
    ~ Win 6 | 95% train | test_n=68 | OOS=54.41% | AUC=0.429 | F1=0.705 | LGB=54.41% | XGB=47.06% | T=0.20
         Dir → UP=54.41%  DOWN=0.00%  NEUTRAL=0.0%
         DL  → LSTM=52.94%  BiLSTM=54.41%  GRU=51.47%  CNN_LSTM=55.88%  CNN_GRU=47.06%  TCN_GRU=52.94%  TCN_Transformer=57.35%  NBEATS=55.88%
  [3/3] OOS Overall → Accuracy=48.80%  F1=0.5768  (748 preds, 6 wins, avg_T=0.34)
  Plots → 06_results\runs\20260307_141956\COALINDIA\plots
