
────────────────────────────────────────────────────────────
  HEROMOTOCO
────────────────────────────────────────────────────────────
  HEROMOTOCO   ↻ computing features ... ✓ 1365 rows × 159 features
  [1/3] Walk-forward: 6 windows  |  1365 rows  |  159 features
        Win 1: train[0:860]  val[860:955]  test[955:1092]  (70%)
        Win 2: train[0:921]  val[921:1023]  test[1023:1160]  (75%)
        Win 3: train[0:983]  val[983:1092]  test[1092:1228]  (80%)
        Win 4: train[0:1044]  val[1044:1160]  test[1160:1296]  (85%)
        Win 5: train[0:1106]  val[1106:1228]  test[1228:1365]  (90%)
        Win 6: train[0:1167]  val[1167:1296]  test[1296:1365]  (95%)
  [1b] Feature selection: top 50 of 159 ... ✓ 50 features kept
  [2/3] Training...
      [scaler] range [-5.00, 5.00]  17.3% outside [-1,1]
      [PCA]    23 components → 90.7% explained variance
      [LSTM    ] acc=0.540
      [BiLSTM  ] acc=0.511
      [GRU     ] acc=0.518
      [CNN_LSTM] acc=0.467
      [CNN_GRU ] acc=0.526
      [TCN_GRU ] acc=0.474
      [TCN_Transformer] acc=0.518
      [NBEATS  ] acc=0.569
      [calib]  temperature T=0.479  (prob spread: [0.336, 0.670])
    ~ Win 1 | 70% train | test_n=137 | OOS=57.66% | AUC=0.601 | F1=0.655 | LGB=57.66% | XGB=55.47% | T=0.48
         Dir → UP=61.11%  DOWN=51.06%  NEUTRAL=0.0%
         DL  → LSTM=54.01%  BiLSTM=51.09%  GRU=51.82%  CNN_LSTM=46.72%  CNN_GRU=52.55%  TCN_GRU=47.45%  TCN_Transformer=51.82%  NBEATS=56.93%
      [scaler] range [-5.00, 5.00]  17.3% outside [-1,1]
      [PCA]    23 components → 90.7% explained variance
      [LSTM    ] acc=0.482
      [BiLSTM  ] acc=0.453
      [GRU     ] acc=0.511
      [CNN_LSTM] acc=0.438
      [CNN_GRU ] acc=0.533
      [TCN_GRU ] acc=0.526
      [TCN_Transformer] acc=0.394
      [NBEATS  ] acc=0.489
      [calib]  temperature T=0.208  (prob spread: [0.252, 0.872])
    ✗ Win 2 | 75% train | test_n=137 | OOS=48.18% | AUC=0.541 | F1=0.594 | LGB=47.45% | XGB=48.18% | T=0.21
         Dir → UP=47.27%  DOWN=51.85%  NEUTRAL=0.0%
         DL  → LSTM=48.18%  BiLSTM=45.26%  GRU=51.09%  CNN_LSTM=43.80%  CNN_GRU=53.28%  TCN_GRU=52.55%  TCN_Transformer=39.42%  NBEATS=48.91%
      [scaler] range [-5.00, 5.00]  17.5% outside [-1,1]
      [PCA]    23 components → 90.6% explained variance
      [LSTM    ] acc=0.522
      [BiLSTM  ] acc=0.456
      [GRU     ] acc=0.456
      [CNN_LSTM] acc=0.522
      [CNN_GRU ] acc=0.412
      [TCN_GRU ] acc=0.478
      [TCN_Transformer] acc=0.434
      [NBEATS  ] acc=0.529
      [calib]  temperature T=3.897  (prob spread: [0.501, 0.511])
    ✗ Win 3 | 80% train | test_n=136 | OOS=43.38% | AUC=0.486 | F1=0.605 | LGB=43.38% | XGB=44.85% | T=3.90
         Dir → UP=43.38%  DOWN=0.00%  NEUTRAL=0.0%
         DL  → LSTM=52.21%  BiLSTM=45.59%  GRU=45.59%  CNN_LSTM=52.21%  CNN_GRU=41.18%  TCN_GRU=47.79%  TCN_Transformer=43.38%  NBEATS=52.94%
      [scaler] range [-5.00, 5.00]  17.6% outside [-1,1]
      [PCA]    23 components → 90.6% explained variance
      [LSTM    ] acc=0.574
      [BiLSTM  ] acc=0.478
      [GRU     ] acc=0.493
      [CNN_LSTM] acc=0.544
      [CNN_GRU ] acc=0.544
      [TCN_GRU ] acc=0.500
      [TCN_Transformer] acc=0.551
      [NBEATS  ] acc=0.478
      [calib]  temperature T=8.000  (prob spread: [0.496, 0.506])
    ~ Win 4 | 85% train | test_n=136 | OOS=52.21% | AUC=0.502 | F1=0.677 | LGB=55.15% | XGB=55.15% | T=8.00
         Dir → UP=53.97%  DOWN=30.00%  NEUTRAL=0.0%
         DL  → LSTM=57.35%  BiLSTM=47.79%  GRU=49.26%  CNN_LSTM=54.41%  CNN_GRU=54.41%  TCN_GRU=50.00%  TCN_Transformer=55.15%  NBEATS=47.79%
      [scaler] range [-5.00, 5.00]  17.6% outside [-1,1]
      [PCA]    23 components → 90.4% explained variance
      [LSTM    ] acc=0.540
      [BiLSTM  ] acc=0.438
      [GRU     ] acc=0.496
      [CNN_LSTM] acc=0.474
      [CNN_GRU ] acc=0.504
      [TCN_GRU ] acc=0.526
      [TCN_Transformer] acc=0.460
      [NBEATS  ] acc=0.496
      [calib]  temperature T=0.544  (prob spread: [0.379, 0.698])
    ~ Win 5 | 90% train | test_n=137 | OOS=53.28% | AUC=0.391 | F1=0.673 | LGB=54.74% | XGB=50.36% | T=0.54
         Dir → UP=54.55%  DOWN=43.75%  NEUTRAL=0.0%
         DL  → LSTM=54.01%  BiLSTM=43.80%  GRU=49.64%  CNN_LSTM=47.45%  CNN_GRU=50.36%  TCN_GRU=52.55%  TCN_Transformer=45.99%  NBEATS=49.64%
      [scaler] range [-5.00, 5.00]  17.5% outside [-1,1]
      [PCA]    23 components → 90.3% explained variance
      [LSTM    ] acc=0.478
      [BiLSTM  ] acc=0.507
      [GRU     ] acc=0.362
      [CNN_LSTM] acc=0.507
      [CNN_GRU ] acc=0.420
      [TCN_GRU ] acc=0.536
      [TCN_Transformer] acc=0.493
      [NBEATS  ] acc=0.493
      [calib]  temperature T=0.233  (prob spread: [0.360, 0.728])
    ✗ Win 6 | 95% train | test_n=69 | OOS=49.28% | AUC=0.431 | F1=0.568 | LGB=43.48% | XGB=42.03% | T=0.23
         Dir → UP=50.00%  DOWN=47.83%  NEUTRAL=0.0%
         DL  → LSTM=47.83%  BiLSTM=50.72%  GRU=36.23%  CNN_LSTM=50.72%  CNN_GRU=42.03%  TCN_GRU=53.62%  TCN_Transformer=49.28%  NBEATS=49.28%
  [3/3] OOS Overall → Accuracy=50.80%  F1=0.6358  (752 preds, 6 wins, avg_T=2.23)
  Plots → 06_results\runs\20260307_141956\HEROMOTOCO\plots
