
────────────────────────────────────────────────────────────
  ALKEM
────────────────────────────────────────────────────────────
  ALKEM        ↻ computing features ... ✓ 1296 rows × 159 features
  [1/3] Walk-forward: 6 windows  |  1296 rows  |  159 features
        Win 1: train[0:817]  val[817:907]  test[907:1036]  (70%)
        Win 2: train[0:875]  val[875:972]  test[972:1101]  (75%)
        Win 3: train[0:933]  val[933:1036]  test[1036:1166]  (80%)
        Win 4: train[0:991]  val[991:1101]  test[1101:1231]  (85%)
        Win 5: train[0:1050]  val[1050:1166]  test[1166:1296]  (90%)
        Win 6: train[0:1108]  val[1108:1231]  test[1231:1296]  (95%)
  [1b] Feature selection: top 50 of 159 ... ✓ 50 features kept
  [2/3] Training...
      [scaler] range [-5.00, 5.00]  18.3% outside [-1,1]
      [PCA]    30 components → 90.8% explained variance
      [LSTM    ] acc=0.504
      [BiLSTM  ] acc=0.496
      [GRU     ] acc=0.481
      [CNN_LSTM] acc=0.558
      [CNN_GRU ] acc=0.488
      [calib]  temperature T=0.177  (prob spread: [0.385, 0.663])
    ~ Win 1 | 70% train | test_n=129 | OOS=50.39% | AUC=0.574 | F1=0.636 | LGB=48.06% | XGB=55.04% | T=0.18
         DL → LSTM=50.39%  BiLSTM=49.61%  GRU=48.06%  CNN_LSTM=55.81%  CNN_GRU=48.84%
      [scaler] range [-5.00, 5.00]  18.0% outside [-1,1]
      [PCA]    30 components → 90.7% explained variance
      [LSTM    ] acc=0.535
      [BiLSTM  ] acc=0.558
      [GRU     ] acc=0.496
      [CNN_LSTM] acc=0.442
      [CNN_GRU ] acc=0.550
      [calib]  temperature T=0.577  (prob spread: [0.121, 0.852])
    ~ Win 2 | 75% train | test_n=129 | OOS=57.36% | AUC=0.623 | F1=0.567 | LGB=56.59% | XGB=51.16% | T=0.58
         DL → LSTM=53.49%  BiLSTM=55.81%  GRU=49.61%  CNN_LSTM=44.19%  CNN_GRU=55.04%
      [scaler] range [-5.00, 5.00]  17.7% outside [-1,1]
      [PCA]    30 components → 90.8% explained variance
      [LSTM    ] acc=0.531
      [BiLSTM  ] acc=0.523
      [GRU     ] acc=0.523
      [CNN_LSTM] acc=0.538
      [CNN_GRU ] acc=0.515
      [calib]  temperature T=1.334  (prob spread: [0.470, 0.568])
    ~ Win 3 | 80% train | test_n=130 | OOS=52.31% | AUC=0.555 | F1=0.603 | LGB=57.69% | XGB=50.00% | T=1.33
         DL → LSTM=53.08%  BiLSTM=52.31%  GRU=52.31%  CNN_LSTM=53.85%  CNN_GRU=51.54%
      [scaler] range [-5.00, 5.00]  17.7% outside [-1,1]
      [PCA]    30 components → 90.4% explained variance
      [LSTM    ] acc=0.515
      [BiLSTM  ] acc=0.523
      [GRU     ] acc=0.554
      [CNN_LSTM] acc=0.515
      [CNN_GRU ] acc=0.523
      [calib]  temperature T=0.100  (prob spread: [0.030, 0.966])
    ✗ Win 4 | 85% train | test_n=130 | OOS=49.23% | AUC=0.463 | F1=0.637 | LGB=50.00% | XGB=52.31% | T=0.10
         DL → LSTM=51.54%  BiLSTM=52.31%  GRU=55.38%  CNN_LSTM=51.54%  CNN_GRU=52.31%
      [scaler] range [-5.00, 5.00]  17.6% outside [-1,1]
      [PCA]    30 components → 90.3% explained variance
      [LSTM    ] acc=0.446
      [BiLSTM  ] acc=0.431
      [GRU     ] acc=0.515
      [CNN_LSTM] acc=0.477
      [CNN_GRU ] acc=0.531
      [calib]  temperature T=0.428  (prob spread: [0.396, 0.656])
    ✗ Win 5 | 90% train | test_n=130 | OOS=49.23% | AUC=0.444 | F1=0.629 | LGB=51.54% | XGB=48.46% | T=0.43
         DL → LSTM=44.62%  BiLSTM=43.08%  GRU=51.54%  CNN_LSTM=47.69%  CNN_GRU=53.08%
      [scaler] range [-5.00, 5.00]  17.5% outside [-1,1]
      [PCA]    30 components → 90.3% explained variance
      [LSTM    ] acc=0.492
      [BiLSTM  ] acc=0.554
      [GRU     ] acc=0.400
      [CNN_LSTM] acc=0.477
      [CNN_GRU ] acc=0.431
      [calib]  temperature T=0.499  (prob spread: [0.499, 0.573])
    ✗ Win 6 | 95% train | test_n=65 | OOS=49.23% | AUC=0.513 | F1=0.653 | LGB=47.69% | XGB=46.15% | T=0.50
         DL → LSTM=49.23%  BiLSTM=55.38%  GRU=40.00%  CNN_LSTM=47.69%  CNN_GRU=43.08%
  [3/3] OOS Overall → Accuracy=51.47%  F1=0.6214  (713 preds, 6 wins, avg_T=0.52)
  Plots → 06_results\runs\20260301_000647\ALKEM\plots
