
────────────────────────────────────────────────────────────
  GODREJPROP
────────────────────────────────────────────────────────────
  GODREJPROP   ↻ computing features ... ✓ 1462 rows × 159 features
  [1/3] Walk-forward: 6 windows  |  1462 rows  |  159 features
        Win 1: train[0:921]  val[921:1023]  test[1023:1169]  (70%)
        Win 2: train[0:987]  val[987:1096]  test[1096:1242]  (75%)
        Win 3: train[0:1053]  val[1053:1169]  test[1169:1315]  (80%)
        Win 4: train[0:1118]  val[1118:1242]  test[1242:1388]  (85%)
        Win 5: train[0:1184]  val[1184:1315]  test[1315:1462]  (90%)
        Win 6: train[0:1250]  val[1250:1388]  test[1388:1462]  (95%)
  [1b] Feature selection: top 50 of 159 ... ✓ 50 features kept
  [2/3] Training...
      [scaler] range [-3.30, 5.00]  13.7% outside [-1,1]
      [PCA]    18 components → 90.9% explained variance
      [LSTM    ] acc=0.582
      [BiLSTM  ] acc=0.507
      [GRU     ] acc=0.473
      [CNN_LSTM] acc=0.479
      [CNN_GRU ] acc=0.507
      [calib]  temperature T=0.155  (prob spread: [0.108, 0.942])
    ✗ Win 1 | 70% train | test_n=146 | OOS=47.95% | AUC=0.478 | F1=0.500 | LGB=54.11% | XGB=54.11% | T=0.15
         DL → LSTM=58.22%  BiLSTM=50.68%  GRU=47.26%  CNN_LSTM=47.95%  CNN_GRU=50.68%
      [scaler] range [-3.30, 5.00]  13.6% outside [-1,1]
      [PCA]    18 components → 90.9% explained variance
      [LSTM    ] acc=0.562
      [BiLSTM  ] acc=0.514
      [GRU     ] acc=0.507
      [CNN_LSTM] acc=0.514
      [CNN_GRU ] acc=0.541
      [calib]  temperature T=0.220  (prob spread: [0.362, 0.721])
    ~ Win 2 | 75% train | test_n=146 | OOS=54.11% | AUC=0.540 | F1=0.638 | LGB=51.37% | XGB=49.32% | T=0.22
         DL → LSTM=56.16%  BiLSTM=51.37%  GRU=50.68%  CNN_LSTM=51.37%  CNN_GRU=54.11%
      [scaler] range [-3.29, 5.00]  13.7% outside [-1,1]
      [PCA]    18 components → 90.8% explained variance
      [LSTM    ] acc=0.521
      [BiLSTM  ] acc=0.500
      [GRU     ] acc=0.486
      [CNN_LSTM] acc=0.527
      [CNN_GRU ] acc=0.507
      [calib]  temperature T=0.707  (prob spread: [0.428, 0.679])
    ~ Win 3 | 80% train | test_n=146 | OOS=55.48% | AUC=0.542 | F1=0.656 | LGB=54.11% | XGB=54.11% | T=0.71
         DL → LSTM=52.05%  BiLSTM=50.00%  GRU=48.63%  CNN_LSTM=52.74%  CNN_GRU=50.68%
      [scaler] range [-3.35, 5.00]  14.0% outside [-1,1]
      [PCA]    18 components → 90.7% explained variance
      [LSTM    ] acc=0.500
      [BiLSTM  ] acc=0.479
      [GRU     ] acc=0.514
      [CNN_LSTM] acc=0.500
      [CNN_GRU ] acc=0.534
      [calib]  temperature T=8.000  (prob spread: [0.493, 0.520])
    ~ Win 4 | 85% train | test_n=146 | OOS=52.05% | AUC=0.524 | F1=0.667 | LGB=50.00% | XGB=50.68% | T=8.00
         DL → LSTM=50.00%  BiLSTM=47.95%  GRU=51.37%  CNN_LSTM=50.00%  CNN_GRU=53.42%
      [scaler] range [-3.56, 5.00]  13.9% outside [-1,1]
      [PCA]    18 components → 90.5% explained variance
      [LSTM    ] acc=0.503
      [BiLSTM  ] acc=0.497
      [GRU     ] acc=0.531
      [CNN_LSTM] acc=0.483
      [CNN_GRU ] acc=0.463
      [calib]  temperature T=8.000  (prob spread: [0.497, 0.509])
    ✗ Win 5 | 90% train | test_n=147 | OOS=47.62% | AUC=0.573 | F1=0.632 | LGB=46.26% | XGB=46.26% | T=8.00
         DL → LSTM=50.34%  BiLSTM=49.66%  GRU=53.06%  CNN_LSTM=48.30%  CNN_GRU=46.26%
      [scaler] range [-3.85, 5.00]  13.9% outside [-1,1]
      [PCA]    18 components → 90.5% explained variance
      [LSTM    ] acc=0.514
      [BiLSTM  ] acc=0.527
      [GRU     ] acc=0.541
      [CNN_LSTM] acc=0.432
      [CNN_GRU ] acc=0.432
      [calib]  temperature T=0.100  (prob spread: [0.400, 0.932])
    ✗ Win 6 | 95% train | test_n=74 | OOS=47.30% | AUC=0.524 | F1=0.621 | LGB=43.24% | XGB=43.24% | T=0.10
         DL → LSTM=51.35%  BiLSTM=52.70%  GRU=54.05%  CNN_LSTM=43.24%  CNN_GRU=43.24%
  [3/3] OOS Overall → Accuracy=51.06%  F1=0.6240  (805 preds, 6 wins, avg_T=2.86)
  Plots → 06_results\runs\20260301_000647\GODREJPROP\plots
