
────────────────────────────────────────────────────────────
  AUROPHARMA
────────────────────────────────────────────────────────────
  AUROPHARMA   ✓ features cached  (1406 rows × 159 feat)
  [1/3] Walk-forward: 6 windows  |  1406 rows  |  159 features
        Win 1: train[0:886]  val[886:984]  test[984:1124]  (70%)
        Win 2: train[0:949]  val[949:1054]  test[1054:1195]  (75%)
        Win 3: train[0:1012]  val[1012:1124]  test[1124:1265]  (80%)
        Win 4: train[0:1076]  val[1076:1195]  test[1195:1335]  (85%)
        Win 5: train[0:1139]  val[1139:1265]  test[1265:1406]  (90%)
        Win 6: train[0:1202]  val[1202:1335]  test[1335:1406]  (95%)
  [1b] Feature selection: top 50 of 159 ... ✓ 50 features kept
  [2/3] Training...
      [scaler] range [-5.00, 5.00]  13.2% outside [-1,1]
      [PCA]    23 components → 90.1% explained variance
      [LSTM    ] acc=0.500
      [BiLSTM  ] acc=0.479
      [GRU] ✗ Unable to allocate 3.31 MiB for an array with shape (867, 20, 50) and data type float32
      [CNN_LSTM] ✗ Unable to allocate 3.31 MiB for an array with shape (867, 20, 50) and data type float32
      [CNN_GRU ] acc=0.443
      [TCN_GRU ] acc=0.493
      [TCN_Transformer] acc=0.543
      [NBEATS  ] acc=0.443
      [calib]  temperature T=0.383  (prob spread: [0.306, 0.632])
    ~ Win 1 | 70% train | test_n=140 | OOS=50.71% | AUC=0.513 | F1=0.420 | LGB=43.57% | XGB=47.14% | T=0.38
         Dir → UP=62.50%  DOWN=46.00%  NEUTRAL=0.0%
         DL  → LSTM=50.00%  BiLSTM=47.86%  CNN_GRU=44.29%  TCN_GRU=49.29%  TCN_Transformer=54.29%  NBEATS=44.29%
      [scaler] range [-5.00, 5.00]  13.0% outside [-1,1]
      [PCA]    24 components → 90.9% explained variance
      [LSTM    ] acc=0.532
      [BiLSTM  ] acc=0.518
      [GRU     ] acc=0.546
      [CNN_LSTM] acc=0.560
      [CNN_GRU ] acc=0.511
      [TCN_GRU ] acc=0.511
      [TCN_Transformer] acc=0.504
      [NBEATS  ] acc=0.553
      [calib]  temperature T=8.000  (prob spread: [0.488, 0.511])
    ~ Win 2 | 75% train | test_n=141 | OOS=51.77% | AUC=0.557 | F1=0.128 | LGB=52.48% | XGB=58.16% | T=8.00
         Dir → UP=50.00%  DOWN=51.91%  NEUTRAL=0.0%
         DL  → LSTM=53.19%  BiLSTM=51.77%  GRU=54.61%  CNN_LSTM=56.03%  CNN_GRU=51.06%  TCN_GRU=51.06%  TCN_Transformer=50.35%  NBEATS=55.32%
      [scaler] range [-5.00, 5.00]  12.7% outside [-1,1]
      [PCA]    24 components → 90.8% explained variance
      [LSTM    ] acc=0.518
      [BiLSTM  ] acc=0.525
      [GRU     ] acc=0.589
      [CNN_LSTM] acc=0.475
      [CNN_GRU ] acc=0.525
      [TCN_GRU ] acc=0.482
      [TCN_Transformer] acc=0.546
      [NBEATS  ] acc=0.511
      [calib]  temperature T=8.000  (prob spread: [0.491, 0.507])
    ~ Win 3 | 80% train | test_n=141 | OOS=55.32% | AUC=0.549 | F1=0.519 | LGB=56.03% | XGB=48.94% | T=8.00
         Dir → UP=49.28%  DOWN=61.11%  NEUTRAL=0.0%
         DL  → LSTM=51.77%  BiLSTM=52.48%  GRU=58.87%  CNN_LSTM=47.52%  CNN_GRU=52.48%  TCN_GRU=48.23%  TCN_Transformer=54.61%  NBEATS=51.06%
      [scaler] range [-5.00, 5.00]  12.7% outside [-1,1]
      [PCA]    24 components → 90.7% explained variance
      [LSTM    ] acc=0.500
      [BiLSTM  ] acc=0.557
      [GRU     ] acc=0.457
      [CNN_LSTM] acc=0.536
      [CNN_GRU ] acc=0.443
      [TCN_GRU ] acc=0.529
      [TCN_Transformer] acc=0.493
      [NBEATS  ] acc=0.514
      [calib]  temperature T=0.252  (prob spread: [0.263, 0.521])
    ~ Win 4 | 85% train | test_n=140 | OOS=50.00% | AUC=0.537 | F1=0.103 | LGB=51.43% | XGB=49.29% | T=0.25
         Dir → UP=40.00%  DOWN=50.77%  NEUTRAL=0.0%
         DL  → LSTM=50.00%  BiLSTM=55.71%  GRU=45.71%  CNN_LSTM=53.57%  CNN_GRU=44.29%  TCN_GRU=52.86%  TCN_Transformer=49.29%  NBEATS=51.43%
      [scaler] range [-5.00, 5.00]  12.6% outside [-1,1]
      [PCA]    24 components → 90.6% explained variance
      [LSTM    ] acc=0.468
      [BiLSTM  ] acc=0.489
      [GRU     ] acc=0.461
      [CNN_LSTM] acc=0.426
      [CNN_GRU ] acc=0.525
      [TCN_GRU ] acc=0.504
      [TCN_Transformer] acc=0.454
      [NBEATS  ] acc=0.468
      [calib]  temperature T=0.696  (prob spread: [0.367, 0.583])
    ✗ Win 5 | 90% train | test_n=141 | OOS=46.10% | AUC=0.453 | F1=0.345 | LGB=48.94% | XGB=48.94% | T=0.70
         Dir → UP=42.55%  DOWN=47.87%  NEUTRAL=0.0%
         DL  → LSTM=46.81%  BiLSTM=48.94%  GRU=46.10%  CNN_LSTM=42.55%  CNN_GRU=52.48%  TCN_GRU=50.35%  TCN_Transformer=45.39%  NBEATS=46.81%
      [scaler] range [-5.00, 5.00]  12.5% outside [-1,1]
      [PCA]    24 components → 90.4% explained variance
      [LSTM    ] acc=0.493
      [BiLSTM  ] acc=0.493
      [GRU     ] acc=0.437
      [CNN_LSTM] acc=0.493
      [CNN_GRU ] acc=0.521
      [TCN_GRU ] acc=0.521
      [TCN_Transformer] acc=0.507
      [NBEATS  ] acc=0.465
      [calib]  temperature T=0.447  (prob spread: [0.379, 0.504])
    ✗ Win 6 | 95% train | test_n=71 | OOS=45.07% | AUC=0.438 | F1=0.049 | LGB=50.70% | XGB=50.70% | T=0.45
         Dir → UP=16.67%  DOWN=47.69%  NEUTRAL=0.0%
         DL  → LSTM=49.30%  BiLSTM=49.30%  GRU=43.66%  CNN_LSTM=49.30%  CNN_GRU=52.11%  TCN_GRU=52.11%  TCN_Transformer=50.70%  NBEATS=46.48%
  [3/3] OOS Overall → Accuracy=50.26%  F1=0.3162  (774 preds, 6 wins, avg_T=2.96)
  Plots → 06_results\runs\20260307_141956\AUROPHARMA\plots
