
────────────────────────────────────────────────────────────
  TCS
────────────────────────────────────────────────────────────
  TCS          ↻ computing features ... ✓ 1236 rows × 166 features
  [1/3] Walk-forward: 6 windows  |  1236 rows  |  166 features
        Win 1: train[0:779]  val[779:865]  test[865:988]  (70%)
        Win 2: train[0:835]  val[835:927]  test[927:1050]  (75%)
        Win 3: train[0:890]  val[890:988]  test[988:1112]  (80%)
        Win 4: train[0:945]  val[945:1050]  test[1050:1174]  (85%)
        Win 5: train[0:1001]  val[1001:1112]  test[1112:1236]  (90%)
        Win 6: train[0:1057]  val[1057:1174]  test[1174:1236]  (95%)
  [1b] Feature selection: top 50 of 166 ... ✓ 50 features kept
  [2/3] Training...
      [scaler] range [-3.61, 5.00]  18.0% outside [-1,1]
      [PCA]    23 components → 90.0% explained variance
      [LSTM    ] acc=0.528
      [BiLSTM  ] acc=0.545
      [GRU     ] acc=0.545
      [CNN_LSTM] acc=0.545
      [CNN_GRU ] acc=0.545
      [calib]  temperature T=0.532  (prob spread: [0.379, 0.694])
    ~ Win 1 | 70% train | test_n=123 | OOS=51.22% | AUC=0.480 | F1=0.663 | LGB=53.66% | XGB=53.66% | T=0.53
         DL → LSTM=52.85%  BiLSTM=54.47%  GRU=54.47%  CNN_LSTM=54.47%  CNN_GRU=54.47%
      [scaler] range [-3.32, 5.00]  17.9% outside [-1,1]
      [PCA]    24 components → 91.0% explained variance
      [LSTM    ] acc=0.537
      [BiLSTM  ] acc=0.439
      [GRU     ] acc=0.545
      [CNN_LSTM] acc=0.520
      [CNN_GRU ] acc=0.553
      [calib]  temperature T=0.471  (prob spread: [0.463, 0.738])
    ~ Win 2 | 75% train | test_n=123 | OOS=55.28% | AUC=0.500 | F1=0.689 | LGB=53.66% | XGB=52.03% | T=0.47
         DL → LSTM=53.66%  BiLSTM=43.90%  GRU=54.47%  CNN_LSTM=52.03%  CNN_GRU=55.28%
      [scaler] range [-3.06, 5.00]  18.0% outside [-1,1]
      [PCA]    24 components → 91.0% explained variance
      [LSTM    ] acc=0.444
      [BiLSTM  ] acc=0.444
      [GRU     ] acc=0.484
      [CNN_LSTM] acc=0.468
      [CNN_GRU ] acc=0.484
      [calib]  temperature T=0.481  (prob spread: [0.398, 0.845])
    ✗ Win 3 | 80% train | test_n=124 | OOS=49.19% | AUC=0.533 | F1=0.618 | LGB=54.03% | XGB=54.84% | T=0.48
         DL → LSTM=44.35%  BiLSTM=44.35%  GRU=48.39%  CNN_LSTM=46.77%  CNN_GRU=48.39%
      [scaler] range [-3.09, 5.00]  18.0% outside [-1,1]
      [PCA]    24 components → 90.8% explained variance
      [LSTM    ] acc=0.435
      [BiLSTM  ] acc=0.435
      [GRU     ] acc=0.484
      [CNN_LSTM] acc=0.452
      [CNN_GRU ] acc=0.427
      [calib]  temperature T=0.425  (prob spread: [0.436, 0.797])
    ✗ Win 4 | 85% train | test_n=124 | OOS=43.55% | AUC=0.558 | F1=0.583 | LGB=43.55% | XGB=47.58% | T=0.43
         DL → LSTM=43.55%  BiLSTM=43.55%  GRU=48.39%  CNN_LSTM=45.16%  CNN_GRU=42.74%
      [scaler] range [-3.07, 5.00]  18.2% outside [-1,1]
      [PCA]    24 components → 90.7% explained variance
      [LSTM    ] acc=0.460
      [BiLSTM  ] acc=0.532
      [GRU     ] acc=0.444
      [CNN_LSTM] acc=0.460
      [CNN_GRU ] acc=0.460
      [calib]  temperature T=8.000  (prob spread: [0.501, 0.507])
    ✗ Win 5 | 90% train | test_n=124 | OOS=45.97% | AUC=0.488 | F1=0.630 | LGB=45.97% | XGB=45.97% | T=8.00
         DL → LSTM=45.97%  BiLSTM=53.23%  GRU=44.35%  CNN_LSTM=45.97%  CNN_GRU=45.97%
      [scaler] range [-3.10, 5.00]  18.2% outside [-1,1]
      [PCA]    24 components → 90.7% explained variance
      [LSTM    ] acc=0.500
--- Logging error ---
Traceback (most recent call last):
  File "C:\Users\Home\AppData\Local\Programs\Python\Python310\lib\logging\__init__.py", line 1103, in emit
    stream.write(msg + self.terminator)
ValueError: I/O operation on closed file.
Call stack:
  File "<string>", line 1, in <module>
  File "C:\Users\Home\AppData\Local\Programs\Python\Python310\lib\multiprocessing\spawn.py", line 116, in spawn_main
    exitcode = _main(fd, parent_sentinel)
  File "C:\Users\Home\AppData\Local\Programs\Python\Python310\lib\multiprocessing\spawn.py", line 129, in _main
    return self._bootstrap(parent_sentinel)
  File "C:\Users\Home\AppData\Local\Programs\Python\Python310\lib\multiprocessing\process.py", line 314, in _bootstrap
    self.run()
  File "C:\Users\Home\AppData\Local\Programs\Python\Python310\lib\multiprocessing\process.py", line 108, in run
    self._target(*self._args, **self._kwargs)
  File "C:\Users\Home\AppData\Local\Programs\Python\Python310\lib\concurrent\futures\process.py", line 246, in _process_worker
    r = call_item.fn(*call_item.args, **call_item.kwargs)
  File "C:\Users\Home\Documents\AI_IN_STOCK_V2\V3\07_pipeline\run_pipeline.py", line 230, in _run_symbol_worker
    return run_symbol(
  File "C:\Users\Home\Documents\AI_IN_STOCK_V2\V3\07_pipeline\run_pipeline.py", line 1515, in run_symbol
    res = train_window(X, y, win, feat_cols, symbol, sym_model_path, regimes=regimes)
  File "C:\Users\Home\Documents\AI_IN_STOCK_V2\V3\07_pipeline\run_pipeline.py", line 1122, in train_window
    test_preds[dl_name]     = mdl.predict(X_te_seq)
  File "C:\Users\Home\Documents\AI_IN_STOCK_V2\V3\02_models\deep_learning\base_deep.py", line 257, in predict
    return (self.predict_proba(X) >= 0.5).astype(int)
  File "C:\Users\Home\Documents\AI_IN_STOCK_V2\V3\02_models\deep_learning\base_deep.py", line 252, in predict_proba
    raw = self._model.predict(X.astype(np.float32), verbose=0)
  File "C:\Users\Home\AppData\Local\Programs\Python\Python310\lib\site-packages\keras\src\utils\traceback_utils.py", line 117, in error_handler
    return fn(*args, **kwargs)
  File "C:\Users\Home\AppData\Local\Programs\Python\Python310\lib\site-packages\keras\src\backend\tensorflow\trainer.py", line 588, in predict
    batch_outputs = self.predict_function(data)
  File "C:\Users\Home\AppData\Local\Programs\Python\Python310\lib\site-packages\tensorflow\python\util\traceback_utils.py", line 150, in error_handler
    return fn(*args, **kwargs)
  File "C:\Users\Home\AppData\Local\Programs\Python\Python310\lib\site-packages\tensorflow\python\eager\polymorphic_function\polymorphic_function.py", line 846, in __call__
    _frequent_tracing_detector_manager.called_with_tracing(
  File "C:\Users\Home\AppData\Local\Programs\Python\Python310\lib\site-packages\tensorflow\python\eager\polymorphic_function\polymorphic_function.py", line 202, in called_with_tracing
    detector.called_with_tracing(function_name, omit_warning)
  File "C:\Users\Home\AppData\Local\Programs\Python\Python310\lib\site-packages\tensorflow\python\eager\polymorphic_function\polymorphic_function.py", line 157, in called_with_tracing
    logging.warning(
  File "C:\Users\Home\AppData\Local\Programs\Python\Python310\lib\site-packages\tensorflow\python\platform\tf_logging.py", line 214, in warning
    get_logger().warning(msg, *args, **kwargs)
Message: '5 out of the last 19 calls to <function TensorFlowTrainer.make_predict_function.<locals>.one_step_on_data_distributed at 0x0000023CAA28A830> triggered tf.function retracing. Tracing is expensive and the excessive number of tracings could be due to (1) creating @tf.function repeatedly in a loop, (2) passing tensors with different shapes, (3) passing Python objects instead of tensors. For (1), please define your @tf.function outside of the loop. For (2), @tf.function has reduce_retracing=True option that can avoid unnecessary retracing. For (3), please refer to https://www.tensorflow.org/guide/function#controlling_retracing and https://www.tensorflow.org/api_docs/python/tf/function for  more details.'
Arguments: ()
      [BiLSTM  ] acc=0.484
--- Logging error ---
Traceback (most recent call last):
  File "C:\Users\Home\AppData\Local\Programs\Python\Python310\lib\logging\__init__.py", line 1103, in emit
    stream.write(msg + self.terminator)
ValueError: I/O operation on closed file.
Call stack:
  File "<string>", line 1, in <module>
  File "C:\Users\Home\AppData\Local\Programs\Python\Python310\lib\multiprocessing\spawn.py", line 116, in spawn_main
    exitcode = _main(fd, parent_sentinel)
  File "C:\Users\Home\AppData\Local\Programs\Python\Python310\lib\multiprocessing\spawn.py", line 129, in _main
    return self._bootstrap(parent_sentinel)
  File "C:\Users\Home\AppData\Local\Programs\Python\Python310\lib\multiprocessing\process.py", line 314, in _bootstrap
    self.run()
  File "C:\Users\Home\AppData\Local\Programs\Python\Python310\lib\multiprocessing\process.py", line 108, in run
    self._target(*self._args, **self._kwargs)
  File "C:\Users\Home\AppData\Local\Programs\Python\Python310\lib\concurrent\futures\process.py", line 246, in _process_worker
    r = call_item.fn(*call_item.args, **call_item.kwargs)
  File "C:\Users\Home\Documents\AI_IN_STOCK_V2\V3\07_pipeline\run_pipeline.py", line 230, in _run_symbol_worker
    return run_symbol(
  File "C:\Users\Home\Documents\AI_IN_STOCK_V2\V3\07_pipeline\run_pipeline.py", line 1515, in run_symbol
    res = train_window(X, y, win, feat_cols, symbol, sym_model_path, regimes=regimes)
  File "C:\Users\Home\Documents\AI_IN_STOCK_V2\V3\07_pipeline\run_pipeline.py", line 1122, in train_window
    test_preds[dl_name]     = mdl.predict(X_te_seq)
  File "C:\Users\Home\Documents\AI_IN_STOCK_V2\V3\02_models\deep_learning\base_deep.py", line 257, in predict
    return (self.predict_proba(X) >= 0.5).astype(int)
  File "C:\Users\Home\Documents\AI_IN_STOCK_V2\V3\02_models\deep_learning\base_deep.py", line 252, in predict_proba
    raw = self._model.predict(X.astype(np.float32), verbose=0)
  File "C:\Users\Home\AppData\Local\Programs\Python\Python310\lib\site-packages\keras\src\utils\traceback_utils.py", line 117, in error_handler
    return fn(*args, **kwargs)
  File "C:\Users\Home\AppData\Local\Programs\Python\Python310\lib\site-packages\keras\src\backend\tensorflow\trainer.py", line 588, in predict
    batch_outputs = self.predict_function(data)
  File "C:\Users\Home\AppData\Local\Programs\Python\Python310\lib\site-packages\tensorflow\python\util\traceback_utils.py", line 150, in error_handler
    return fn(*args, **kwargs)
  File "C:\Users\Home\AppData\Local\Programs\Python\Python310\lib\site-packages\tensorflow\python\eager\polymorphic_function\polymorphic_function.py", line 846, in __call__
    _frequent_tracing_detector_manager.called_with_tracing(
  File "C:\Users\Home\AppData\Local\Programs\Python\Python310\lib\site-packages\tensorflow\python\eager\polymorphic_function\polymorphic_function.py", line 202, in called_with_tracing
    detector.called_with_tracing(function_name, omit_warning)
  File "C:\Users\Home\AppData\Local\Programs\Python\Python310\lib\site-packages\tensorflow\python\eager\polymorphic_function\polymorphic_function.py", line 157, in called_with_tracing
    logging.warning(
  File "C:\Users\Home\AppData\Local\Programs\Python\Python310\lib\site-packages\tensorflow\python\platform\tf_logging.py", line 214, in warning
    get_logger().warning(msg, *args, **kwargs)
Message: '5 out of the last 17 calls to <function TensorFlowTrainer.make_predict_function.<locals>.one_step_on_data_distributed at 0x0000023CB7E21EA0> triggered tf.function retracing. Tracing is expensive and the excessive number of tracings could be due to (1) creating @tf.function repeatedly in a loop, (2) passing tensors with different shapes, (3) passing Python objects instead of tensors. For (1), please define your @tf.function outside of the loop. For (2), @tf.function has reduce_retracing=True option that can avoid unnecessary retracing. For (3), please refer to https://www.tensorflow.org/guide/function#controlling_retracing and https://www.tensorflow.org/api_docs/python/tf/function for  more details.'
Arguments: ()
      [GRU     ] acc=0.484
      [CNN_LSTM] acc=0.452
      [CNN_GRU ] acc=0.452
      [calib]  temperature T=8.000  (prob spread: [0.502, 0.507])
    ✗ Win 6 | 95% train | test_n=62 | OOS=48.39% | AUC=0.452 | F1=0.652 | LGB=48.39% | XGB=48.39% | T=8.00
         DL → LSTM=50.00%  BiLSTM=48.39%  GRU=48.39%  CNN_LSTM=45.16%  CNN_GRU=45.16%
  [3/3] OOS Overall → Accuracy=48.97%  F1=0.6389  (680 preds, 6 wins, avg_T=2.98)
  Plots → 06_results\runs\20260301_000647\TCS\plots
