
────────────────────────────────────────────────────────────
  DIVISLAB
────────────────────────────────────────────────────────────
  DIVISLAB     ↻ computing features ... ✓ 1331 rows × 159 features
  [1/3] Walk-forward: 6 windows  |  1331 rows  |  159 features
        Win 1: train[0:838]  val[838:931]  test[931:1064]  (70%)
        Win 2: train[0:899]  val[899:998]  test[998:1131]  (75%)
        Win 3: train[0:958]  val[958:1064]  test[1064:1197]  (80%)
        Win 4: train[0:1018]  val[1018:1131]  test[1131:1264]  (85%)
        Win 5: train[0:1078]  val[1078:1197]  test[1197:1331]  (90%)
        Win 6: train[0:1138]  val[1138:1264]  test[1264:1331]  (95%)
  [1b] Feature selection: top 50 of 159 ... ✓ 50 features kept
  [2/3] Training...
      [scaler] range [-3.54, 5.00]  17.4% outside [-1,1]
      [PCA]    24 components → 90.5% explained variance
      [LSTM    ] acc=0.481
      [BiLSTM  ] acc=0.511
      [GRU     ] acc=0.511
      [CNN_LSTM] acc=0.526
      [CNN_GRU ] acc=0.519
      [calib]  temperature T=0.687  (prob spread: [0.448, 0.641])
    ✗ Win 1 | 70% train | test_n=133 | OOS=46.62% | AUC=0.493 | F1=0.620 | LGB=48.12% | XGB=49.62% | T=0.69
         DL → LSTM=48.12%  BiLSTM=51.13%  GRU=51.13%  CNN_LSTM=52.63%  CNN_GRU=51.88%
      [scaler] range [-3.55, 5.00]  17.1% outside [-1,1]
      [PCA]    24 components → 90.4% explained variance
      [LSTM    ] acc=0.526
      [BiLSTM  ] acc=0.511
      [GRU     ] acc=0.534
      [CNN_LSTM] acc=0.534
      [CNN_GRU ] acc=0.504
      [calib]  temperature T=2.245  (prob spread: [0.499, 0.524])
    ~ Win 2 | 75% train | test_n=133 | OOS=53.38% | AUC=0.527 | F1=0.693 | LGB=51.88% | XGB=54.14% | T=2.25
         DL → LSTM=52.63%  BiLSTM=51.13%  GRU=53.38%  CNN_LSTM=53.38%  CNN_GRU=50.38%
      [scaler] range [-3.49, 5.00]  17.1% outside [-1,1]
      [PCA]    24 components → 90.3% explained variance
      [LSTM    ] acc=0.496
      [BiLSTM  ] acc=0.586
      [GRU     ] acc=0.549
      [CNN_LSTM] acc=0.511
      [CNN_GRU ] acc=0.519
      [calib]  temperature T=0.411  (prob spread: [0.505, 0.614])
    ~ Win 3 | 80% train | test_n=133 | OOS=51.88% | AUC=0.568 | F1=0.683 | LGB=51.88% | XGB=51.88% | T=0.41
         DL → LSTM=49.62%  BiLSTM=58.65%  GRU=54.89%  CNN_LSTM=51.13%  CNN_GRU=51.88%
      [scaler] range [-3.64, 5.00]  17.0% outside [-1,1]
      [PCA]    24 components → 90.2% explained variance
      [LSTM    ] acc=0.481
      [BiLSTM  ] acc=0.541
      [GRU     ] acc=0.481
      [CNN_LSTM] acc=0.474
      [CNN_GRU ] acc=0.511
      [calib]  temperature T=0.240  (prob spread: [0.416, 0.652])
    ~ Win 4 | 85% train | test_n=133 | OOS=50.38% | AUC=0.529 | F1=0.663 | LGB=48.87% | XGB=52.63% | T=0.24
         DL → LSTM=48.12%  BiLSTM=54.14%  GRU=48.12%  CNN_LSTM=47.37%  CNN_GRU=51.13%
      [scaler] range [-3.61, 5.00]  17.1% outside [-1,1]
      [PCA]    25 components → 91.1% explained variance
      [LSTM    ] acc=0.537
      [BiLSTM  ] acc=0.530
      [GRU     ] acc=0.485
      [CNN_LSTM] acc=0.478
      [CNN_GRU ] acc=0.500
      [calib]  temperature T=0.274  (prob spread: [0.417, 0.859])
    ✗ Win 5 | 90% train | test_n=134 | OOS=49.25% | AUC=0.527 | F1=0.653 | LGB=49.25% | XGB=45.52% | T=0.27
         DL → LSTM=53.73%  BiLSTM=52.99%  GRU=48.51%  CNN_LSTM=47.76%  CNN_GRU=50.00%
      [scaler] range [-3.61, 5.00]  17.3% outside [-1,1]
      [PCA]    25 components → 91.0% explained variance
      [LSTM    ] acc=0.537
      [BiLSTM  ] acc=0.537
      [GRU     ] acc=0.448
      [CNN_LSTM] acc=0.522
      [CNN_GRU ] acc=0.597
      [calib]  temperature T=0.172  (prob spread: [0.459, 0.691])
    ✓ Win 6 | 95% train | test_n=67 | OOS=59.70% | AUC=0.590 | F1=0.722 | LGB=43.28% | XGB=53.73% | T=0.17
         DL → LSTM=53.73%  BiLSTM=53.73%  GRU=44.78%  CNN_LSTM=52.24%  CNN_GRU=59.70%
  [3/3] OOS Overall → Accuracy=51.16%  F1=0.6685  (733 preds, 6 wins, avg_T=0.67)
  Plots → 06_results\runs\20260301_000647\DIVISLAB\plots
