
────────────────────────────────────────────────────────────
  FEDERALBNK
────────────────────────────────────────────────────────────
  FEDERALBNK   ↻ computing features ... ✓ 1368 rows × 159 features
  [1/3] Walk-forward: 6 windows  |  1368 rows  |  159 features
        Win 1: train[0:862]  val[862:957]  test[957:1094]  (70%)
        Win 2: train[0:924]  val[924:1026]  test[1026:1162]  (75%)
        Win 3: train[0:985]  val[985:1094]  test[1094:1231]  (80%)
        Win 4: train[0:1046]  val[1046:1162]  test[1162:1299]  (85%)
        Win 5: train[0:1108]  val[1108:1231]  test[1231:1368]  (90%)
        Win 6: train[0:1170]  val[1170:1299]  test[1299:1368]  (95%)
  [1b] Feature selection: top 50 of 159 ... ✓ 47 features kept
  [2/3] Training...
      [scaler] range [-4.60, 5.00]  16.4% outside [-1,1]
      [PCA]    25 components → 90.1% explained variance
      [LSTM    ] acc=0.482
      [BiLSTM  ] acc=0.474
      [GRU     ] acc=0.496
      [CNN_LSTM] acc=0.562
      [CNN_GRU ] acc=0.474
      [calib]  temperature T=0.294  (prob spread: [0.397, 0.622])
    ~ Win 1 | 70% train | test_n=137 | OOS=51.82% | AUC=0.584 | F1=0.476 | LGB=61.31% | XGB=56.93% | T=0.29
         DL → LSTM=48.18%  BiLSTM=47.45%  GRU=49.64%  CNN_LSTM=56.20%  CNN_GRU=47.45%
      [scaler] range [-4.40, 5.00]  16.4% outside [-1,1]
      [PCA]    25 components → 90.2% explained variance
      [LSTM    ] acc=0.471
      [BiLSTM  ] acc=0.478
      [GRU     ] acc=0.529
      [CNN_LSTM] acc=0.515
      [CNN_GRU ] acc=0.441
      [calib]  temperature T=8.000  (prob spread: [0.491, 0.509])
    ✗ Win 2 | 75% train | test_n=136 | OOS=48.53% | AUC=0.491 | F1=0.435 | LGB=45.59% | XGB=48.53% | T=8.00
         DL → LSTM=47.06%  BiLSTM=47.79%  GRU=52.94%  CNN_LSTM=51.47%  CNN_GRU=44.12%
      [scaler] range [-4.48, 5.00]  16.4% outside [-1,1]
      [PCA]    25 components → 90.2% explained variance
      [LSTM    ] acc=0.547
      [BiLSTM  ] acc=0.489
      [GRU     ] acc=0.496
      [CNN_LSTM] acc=0.518
      [CNN_GRU ] acc=0.416
      [calib]  temperature T=0.227  (prob spread: [0.128, 0.885])
    ✗ Win 3 | 80% train | test_n=137 | OOS=48.18% | AUC=0.514 | F1=0.530 | LGB=53.28% | XGB=54.01% | T=0.23
         DL → LSTM=54.74%  BiLSTM=48.91%  GRU=49.64%  CNN_LSTM=51.82%  CNN_GRU=41.61%
      [scaler] range [-4.61, 5.00]  16.4% outside [-1,1]
      [PCA]    25 components → 90.2% explained variance
      [LSTM    ] acc=0.445
      [BiLSTM  ] acc=0.482
      [GRU     ] acc=0.467
      [CNN_LSTM] acc=0.496
      [CNN_GRU ] acc=0.460
      [calib]  temperature T=0.329  (prob spread: [0.465, 0.677])
    ✗ Win 4 | 85% train | test_n=137 | OOS=48.91% | AUC=0.600 | F1=0.635 | LGB=46.72% | XGB=47.45% | T=0.33
         DL → LSTM=44.53%  BiLSTM=48.18%  GRU=46.72%  CNN_LSTM=49.64%  CNN_GRU=45.99%
      [scaler] range [-4.60, 5.00]  16.3% outside [-1,1]
      [PCA]    26 components → 91.1% explained variance
      [LSTM    ] acc=0.555
      [BiLSTM  ] acc=0.555
      [GRU     ] acc=0.511
      [CNN_LSTM] acc=0.518
      [CNN_GRU ] acc=0.467
      [calib]  temperature T=1.851  (prob spread: [0.466, 0.571])
    ~ Win 5 | 90% train | test_n=137 | OOS=54.01% | AUC=0.498 | F1=0.693 | LGB=55.47% | XGB=55.47% | T=1.85
         DL → LSTM=55.47%  BiLSTM=55.47%  GRU=51.09%  CNN_LSTM=51.82%  CNN_GRU=46.72%
      [scaler] range [-4.65, 5.00]  16.5% outside [-1,1]
      [PCA]    26 components → 90.9% explained variance
      [LSTM    ] acc=0.536
      [BiLSTM  ] acc=0.609
      [GRU     ] acc=0.464
      [CNN_LSTM] acc=0.493
      [CNN_GRU ] acc=0.565
      [calib]  temperature T=3.058  (prob spread: [0.497, 0.521])
    ✓ Win 6 | 95% train | test_n=69 | OOS=59.42% | AUC=0.489 | F1=0.741 | LGB=60.87% | XGB=60.87% | T=3.06
         DL → LSTM=53.62%  BiLSTM=60.87%  GRU=46.38%  CNN_LSTM=49.28%  CNN_GRU=56.52%
  [3/3] OOS Overall → Accuracy=51.13%  F1=0.5938  (753 preds, 6 wins, avg_T=2.29)
  Plots → 06_results\runs\20260301_000647\FEDERALBNK\plots
