
────────────────────────────────────────────────────────────
  NTPC
────────────────────────────────────────────────────────────
  NTPC         ↻ computing features ... ✓ 1330 rows × 159 features
  [1/3] Walk-forward: 6 windows  |  1330 rows  |  159 features
        Win 1: train[0:837]  val[837:930]  test[930:1064]  (70%)
        Win 2: train[0:898]  val[898:997]  test[997:1130]  (75%)
        Win 3: train[0:958]  val[958:1064]  test[1064:1197]  (80%)
        Win 4: train[0:1017]  val[1017:1130]  test[1130:1263]  (85%)
        Win 5: train[0:1078]  val[1078:1197]  test[1197:1330]  (90%)
        Win 6: train[0:1137]  val[1137:1263]  test[1263:1330]  (95%)
  [1b] Feature selection: top 50 of 159 ... ✓ 50 features kept
  [2/3] Training...
      [scaler] range [-5.00, 5.00]  18.2% outside [-1,1]
      [PCA]    26 components → 90.6% explained variance
      [LSTM    ] acc=0.507
      [BiLSTM  ] acc=0.582
      [GRU     ] acc=0.545
      [CNN_LSTM] acc=0.463
      [CNN_GRU ] acc=0.530
      [calib]  temperature T=0.175  (prob spread: [0.350, 0.892])
    ~ Win 1 | 70% train | test_n=134 | OOS=54.48% | AUC=0.556 | F1=0.548 | LGB=61.19% | XGB=58.21% | T=0.18
         DL → LSTM=50.75%  BiLSTM=58.21%  GRU=54.48%  CNN_LSTM=46.27%  CNN_GRU=52.99%
      [scaler] range [-5.00, 5.00]  18.0% outside [-1,1]
      [PCA]    26 components → 90.5% explained variance
      [LSTM    ] acc=0.519
      [BiLSTM  ] acc=0.534
      [GRU     ] acc=0.534
      [CNN_LSTM] acc=0.519
      [CNN_GRU ] acc=0.466
      [calib]  temperature T=0.196  (prob spread: [0.034, 0.993])
    ~ Win 2 | 75% train | test_n=133 | OOS=54.89% | AUC=0.511 | F1=0.625 | LGB=53.38% | XGB=48.12% | T=0.20
         DL → LSTM=51.88%  BiLSTM=53.38%  GRU=53.38%  CNN_LSTM=51.88%  CNN_GRU=46.62%
      [scaler] range [-5.00, 5.00]  18.1% outside [-1,1]
      [PCA]    26 components → 90.4% explained variance
      [LSTM    ] acc=0.489
      [BiLSTM  ] acc=0.481
      [GRU     ] acc=0.421
      [CNN_LSTM] acc=0.489
      [CNN_GRU ] acc=0.466
      [calib]  temperature T=0.872  (prob spread: [0.324, 0.640])
    ~ Win 3 | 80% train | test_n=133 | OOS=50.38% | AUC=0.497 | F1=0.621 | LGB=47.37% | XGB=47.37% | T=0.87
         DL → LSTM=48.87%  BiLSTM=48.12%  GRU=42.11%  CNN_LSTM=48.87%  CNN_GRU=46.62%
      [scaler] range [-5.00, 5.00]  18.4% outside [-1,1]
      [PCA]    26 components → 90.3% explained variance
      [LSTM    ] acc=0.466
      [BiLSTM  ] acc=0.451
      [GRU     ] acc=0.436
      [CNN_LSTM] acc=0.481
      [CNN_GRU ] acc=0.436
      [calib]  temperature T=2.250  (prob spread: [0.461, 0.565])
    ✗ Win 4 | 85% train | test_n=133 | OOS=46.62% | AUC=0.493 | F1=0.559 | LGB=45.86% | XGB=47.37% | T=2.25
         DL → LSTM=46.62%  BiLSTM=45.11%  GRU=43.61%  CNN_LSTM=48.12%  CNN_GRU=43.61%
      [scaler] range [-5.00, 5.00]  18.4% outside [-1,1]
      [PCA]    26 components → 90.3% explained variance
      [LSTM    ] acc=0.496
      [BiLSTM  ] acc=0.496
      [GRU     ] acc=0.519
      [CNN_LSTM] acc=0.504
      [CNN_GRU ] acc=0.481
      [calib]  temperature T=8.000  (prob spread: [0.498, 0.513])
    ~ Win 5 | 90% train | test_n=133 | OOS=50.38% | AUC=0.567 | F1=0.637 | LGB=51.13% | XGB=49.62% | T=8.00
         DL → LSTM=49.62%  BiLSTM=49.62%  GRU=51.88%  CNN_LSTM=50.38%  CNN_GRU=48.12%
      [scaler] range [-5.00, 5.00]  18.3% outside [-1,1]
      [PCA]    26 components → 90.2% explained variance
      [LSTM    ] acc=0.493
      [BiLSTM  ] acc=0.537
      [GRU     ] acc=0.582
      [CNN_LSTM] acc=0.567
      [CNN_GRU ] acc=0.478
      [calib]  temperature T=0.694  (prob spread: [0.458, 0.637])
    ~ Win 6 | 95% train | test_n=67 | OOS=53.73% | AUC=0.545 | F1=0.627 | LGB=47.76% | XGB=44.78% | T=0.69
         DL → LSTM=49.25%  BiLSTM=53.73%  GRU=58.21%  CNN_LSTM=56.72%  CNN_GRU=47.76%
  [3/3] OOS Overall → Accuracy=51.57%  F1=0.6034  (733 preds, 6 wins, avg_T=2.03)
  Plots → 06_results\runs\20260301_000647\NTPC\plots
