
────────────────────────────────────────────────────────────
  LUPIN
────────────────────────────────────────────────────────────
  LUPIN        ↻ computing features ... ✓ 1343 rows × 159 features
  [1/3] Walk-forward: 6 windows  |  1343 rows  |  159 features
        Win 1: train[0:846]  val[846:940]  test[940:1074]  (70%)
        Win 2: train[0:907]  val[907:1007]  test[1007:1141]  (75%)
        Win 3: train[0:967]  val[967:1074]  test[1074:1208]  (80%)
        Win 4: train[0:1027]  val[1027:1141]  test[1141:1275]  (85%)
        Win 5: train[0:1088]  val[1088:1208]  test[1208:1343]  (90%)
        Win 6: train[0:1148]  val[1148:1275]  test[1275:1343]  (95%)
  [1b] Feature selection: top 50 of 159 ... ✓ 50 features kept
  [2/3] Training...
      [scaler] range [-3.98, 5.00]  12.8% outside [-1,1]
      [PCA]    23 components → 90.0% explained variance
      [LSTM    ] acc=0.366
      [BiLSTM  ] acc=0.507
      [GRU     ] acc=0.463
      [CNN_LSTM] acc=0.418
      [CNN_GRU ] acc=0.582
      [TCN_GRU ] acc=0.552
      [TCN_Transformer] acc=0.552
      [NBEATS  ] acc=0.530
      [calib]  temperature T=0.172  (prob spread: [0.338, 0.536])
    ✗ Win 1 | 70% train | test_n=134 | OOS=41.79% | AUC=0.476 | F1=0.152 | LGB=47.76% | XGB=49.25% | T=0.17
         Dir → UP=50.00%  DOWN=40.83%  NEUTRAL=0.0%
         DL  → LSTM=36.57%  BiLSTM=50.75%  GRU=46.27%  CNN_LSTM=41.79%  CNN_GRU=58.21%  TCN_GRU=55.22%  TCN_Transformer=55.22%  NBEATS=52.99%
      [scaler] range [-3.77, 5.00]  12.8% outside [-1,1]
      [PCA]    24 components → 91.0% explained variance
      [LSTM    ] acc=0.545
      [BiLSTM  ] acc=0.545
      [GRU     ] acc=0.537
      [CNN_LSTM] acc=0.545
      [CNN_GRU ] acc=0.493
      [TCN_GRU ] acc=0.522
      [TCN_Transformer] acc=0.545
      [NBEATS  ] acc=0.478
      [calib]  temperature T=0.755  (prob spread: [0.431, 0.567])
    ~ Win 2 | 75% train | test_n=134 | OOS=53.73% | AUC=0.465 | F1=0.648 | LGB=54.48% | XGB=54.48% | T=0.75
         Dir → UP=55.34%  DOWN=48.39%  NEUTRAL=0.0%
         DL  → LSTM=54.48%  BiLSTM=54.48%  GRU=53.73%  CNN_LSTM=54.48%  CNN_GRU=49.25%  TCN_GRU=52.24%  TCN_Transformer=54.48%  NBEATS=47.76%
      [scaler] range [-3.66, 5.00]  13.0% outside [-1,1]
      [PCA]    24 components → 90.7% explained variance
      [LSTM    ] acc=0.485
      [BiLSTM  ] acc=0.522
      [GRU     ] acc=0.515
      [CNN_LSTM] acc=0.515
      [CNN_GRU ] acc=0.530
      [TCN_GRU ] acc=0.530
      [TCN_Transformer] acc=0.493
      [NBEATS  ] acc=0.485
      [calib]  temperature T=0.756  (prob spread: [0.476, 0.600])
    ~ Win 3 | 80% train | test_n=134 | OOS=52.99% | AUC=0.560 | F1=0.627 | LGB=50.00% | XGB=50.75% | T=0.76
         Dir → UP=52.48%  DOWN=54.55%  NEUTRAL=0.0%
         DL  → LSTM=48.51%  BiLSTM=52.24%  GRU=51.49%  CNN_LSTM=51.49%  CNN_GRU=52.99%  TCN_GRU=52.99%  TCN_Transformer=49.25%  NBEATS=48.51%
      [scaler] range [-3.62, 5.00]  12.8% outside [-1,1]
      [PCA]    24 components → 90.6% explained variance
      [LSTM    ] acc=0.478
      [BiLSTM  ] acc=0.463
      [GRU     ] acc=0.463
      [CNN_LSTM] acc=0.485
      [CNN_GRU ] acc=0.507
      [TCN_GRU ] acc=0.507
      [TCN_Transformer] acc=0.433
      [NBEATS  ] acc=0.440
      [calib]  temperature T=0.464  (prob spread: [0.395, 0.607])
    ✗ Win 4 | 85% train | test_n=134 | OOS=45.52% | AUC=0.510 | F1=0.558 | LGB=50.00% | XGB=50.00% | T=0.46
         Dir → UP=46.94%  DOWN=41.67%  NEUTRAL=0.0%
         DL  → LSTM=47.76%  BiLSTM=46.27%  GRU=46.27%  CNN_LSTM=48.51%  CNN_GRU=50.75%  TCN_GRU=50.75%  TCN_Transformer=43.28%  NBEATS=44.03%
      [scaler] range [-3.55, 5.00]  12.8% outside [-1,1]
      [PCA]    24 components → 90.5% explained variance
      [LSTM    ] acc=0.533
      [BiLSTM  ] acc=0.541
      [GRU     ] acc=0.444
      [CNN_LSTM] acc=0.563
      [CNN_GRU ] acc=0.519
      [TCN_GRU ] acc=0.519
      [TCN_Transformer] acc=0.489
      [NBEATS  ] acc=0.541
      [calib]  temperature T=2.690  (prob spread: [0.496, 0.514])
    ✗ Win 5 | 90% train | test_n=135 | OOS=49.63% | AUC=0.425 | F1=0.649 | LGB=53.33% | XGB=54.07% | T=2.69
         Dir → UP=51.64%  DOWN=30.77%  NEUTRAL=0.0%
         DL  → LSTM=53.33%  BiLSTM=54.07%  GRU=44.44%  CNN_LSTM=56.30%  CNN_GRU=51.85%  TCN_GRU=51.85%  TCN_Transformer=48.89%  NBEATS=54.07%
      [scaler] range [-3.53, 5.00]  12.7% outside [-1,1]
      [PCA]    24 components → 90.3% explained variance
      [LSTM    ] acc=0.529
      [BiLSTM  ] acc=0.574
      [GRU     ] acc=0.574
      [CNN_LSTM] acc=0.559
      [CNN_GRU ] acc=0.559
      [TCN_GRU ] acc=0.529
      [TCN_Transformer] acc=0.426
      [NBEATS  ] acc=0.426
      [calib]  temperature T=0.805  (prob spread: [0.400, 0.564])
    ~ Win 6 | 95% train | test_n=68 | OOS=54.41% | AUC=0.528 | F1=0.652 | LGB=57.35% | XGB=54.41% | T=0.80
         Dir → UP=58.00%  DOWN=44.44%  NEUTRAL=0.0%
         DL  → LSTM=52.94%  BiLSTM=57.35%  GRU=57.35%  CNN_LSTM=55.88%  CNN_GRU=55.88%  TCN_GRU=52.94%  TCN_Transformer=42.65%  NBEATS=42.65%
  [3/3] OOS Overall → Accuracy=49.26%  F1=0.5763  (739 preds, 6 wins, avg_T=0.94)
  Plots → 06_results\runs\20260307_141956\LUPIN\plots
