
────────────────────────────────────────────────────────────
  HINDUNILVR
────────────────────────────────────────────────────────────
  HINDUNILVR   ↻ computing features ... ✓ 1220 rows × 159 features
  [1/3] Walk-forward: 6 windows  |  1220 rows  |  159 features
        Win 1: train[0:769]  val[769:854]  test[854:976]  (70%)
        Win 2: train[0:824]  val[824:915]  test[915:1037]  (75%)
        Win 3: train[0:879]  val[879:976]  test[976:1098]  (80%)
        Win 4: train[0:934]  val[934:1037]  test[1037:1159]  (85%)
        Win 5: train[0:989]  val[989:1098]  test[1098:1220]  (90%)
        Win 6: train[0:1044]  val[1044:1159]  test[1159:1220]  (95%)
  [1b] Feature selection: top 50 of 159 ... ✓ 50 features kept
  [2/3] Training...
      [scaler] range [-5.00, 5.00]  14.7% outside [-1,1]
      [PCA]    17 components → 90.7% explained variance
      [LSTM    ] acc=0.508
      [BiLSTM  ] acc=0.410
      [GRU     ] acc=0.516
      [CNN_LSTM] acc=0.541
      [CNN_GRU ] acc=0.484
      [calib]  temperature T=0.290  (prob spread: [0.115, 0.786])
    ✗ Win 1 | 70% train | test_n=122 | OOS=47.54% | AUC=0.522 | F1=0.407 | LGB=47.54% | XGB=51.64% | T=0.29
         DL → LSTM=50.82%  BiLSTM=40.98%  GRU=51.64%  CNN_LSTM=54.10%  CNN_GRU=48.36%
      [scaler] range [-5.00, 5.00]  14.5% outside [-1,1]
      [PCA]    17 components → 90.7% explained variance
      [LSTM    ] acc=0.475
      [BiLSTM  ] acc=0.434
      [GRU     ] acc=0.451
      [CNN_LSTM] acc=0.541
      [CNN_GRU ] acc=0.434
      [calib]  temperature T=0.750  (prob spread: [0.379, 0.664])
    ~ Win 2 | 75% train | test_n=122 | OOS=50.00% | AUC=0.505 | F1=0.496 | LGB=52.46% | XGB=51.64% | T=0.75
         DL → LSTM=47.54%  BiLSTM=43.44%  GRU=45.08%  CNN_LSTM=54.10%  CNN_GRU=43.44%
      [scaler] range [-5.00, 5.00]  14.3% outside [-1,1]
      [PCA]    17 components → 90.6% explained variance
      [LSTM    ] acc=0.557
      [BiLSTM  ] acc=0.533
      [GRU     ] acc=0.500
      [CNN_LSTM] acc=0.467
      [CNN_GRU ] acc=0.410
      [calib]  temperature T=1.500  (prob spread: [0.473, 0.570])
    ~ Win 3 | 80% train | test_n=122 | OOS=50.00% | AUC=0.537 | F1=0.520 | LGB=55.74% | XGB=53.28% | T=1.50
         DL → LSTM=55.74%  BiLSTM=53.28%  GRU=50.00%  CNN_LSTM=46.72%  CNN_GRU=40.98%
      [scaler] range [-5.00, 5.00]  14.2% outside [-1,1]
      [PCA]    17 components → 90.5% explained variance
      [LSTM    ] acc=0.516
      [BiLSTM  ] acc=0.516
      [GRU     ] acc=0.525
      [CNN_LSTM] acc=0.484
      [CNN_GRU ] acc=0.525
      [calib]  temperature T=0.448  (prob spread: [0.320, 0.733])
    ~ Win 4 | 85% train | test_n=122 | OOS=53.28% | AUC=0.495 | F1=0.537 | LGB=54.92% | XGB=54.92% | T=0.45
         DL → LSTM=51.64%  BiLSTM=51.64%  GRU=52.46%  CNN_LSTM=48.36%  CNN_GRU=52.46%
      [scaler] range [-5.00, 5.00]  14.2% outside [-1,1]
      [PCA]    17 components → 90.3% explained variance
      [LSTM    ] acc=0.484
      [BiLSTM  ] acc=0.574
      [GRU     ] acc=0.508
      [CNN_LSTM] acc=0.541
      [CNN_GRU ] acc=0.533
      [calib]  temperature T=0.304  (prob spread: [0.140, 0.806])
    ~ Win 5 | 90% train | test_n=122 | OOS=50.82% | AUC=0.499 | F1=0.583 | LGB=55.74% | XGB=50.82% | T=0.30
         DL → LSTM=48.36%  BiLSTM=57.38%  GRU=50.82%  CNN_LSTM=54.10%  CNN_GRU=53.28%
      [scaler] range [-5.00, 5.00]  14.3% outside [-1,1]
      [PCA]    17 components → 90.1% explained variance
      [LSTM    ] acc=0.475
      [BiLSTM  ] acc=0.557
      [GRU     ] acc=0.541
      [CNN_LSTM] acc=0.492
      [CNN_GRU ] acc=0.426
      [calib]  temperature T=0.211  (prob spread: [0.200, 0.886])
    ✓ Win 6 | 95% train | test_n=61 | OOS=59.02% | AUC=0.597 | F1=0.648 | LGB=49.18% | XGB=59.02% | T=0.21
         DL → LSTM=47.54%  BiLSTM=55.74%  GRU=54.10%  CNN_LSTM=49.18%  CNN_GRU=42.62%
  [3/3] OOS Overall → Accuracy=51.12%  F1=0.5274  (671 preds, 6 wins, avg_T=0.58)
  Plots → 06_results\runs\20260301_000647\HINDUNILVR\plots
