
────────────────────────────────────────────────────────────
  ONGC
────────────────────────────────────────────────────────────
  ONGC         ↻ computing features ... ✓ 1404 rows × 159 features
  [1/3] Walk-forward: 6 windows  |  1404 rows  |  159 features
        Win 1: train[0:884]  val[884:982]  test[982:1123]  (70%)
        Win 2: train[0:948]  val[948:1053]  test[1053:1193]  (75%)
        Win 3: train[0:1011]  val[1011:1123]  test[1123:1263]  (80%)
        Win 4: train[0:1074]  val[1074:1193]  test[1193:1333]  (85%)
        Win 5: train[0:1137]  val[1137:1263]  test[1263:1404]  (90%)
        Win 6: train[0:1200]  val[1200:1333]  test[1333:1404]  (95%)
  [1b] Feature selection: top 50 of 159 ... ✓ 50 features kept
  [2/3] Training...
      [scaler] range [-5.00, 5.00]  14.1% outside [-1,1]
      [PCA]    17 components → 90.7% explained variance
      [LSTM    ] acc=0.504
      [BiLSTM  ] acc=0.475
      [GRU     ] acc=0.468
      [CNN_LSTM] acc=0.546
      [CNN_GRU ] acc=0.440
      [calib]  temperature T=0.369  (prob spread: [0.398, 0.721])
    ~ Win 1 | 70% train | test_n=141 | OOS=53.19% | AUC=0.518 | F1=0.500 | LGB=53.90% | XGB=57.45% | T=0.37
         DL → LSTM=50.35%  BiLSTM=47.52%  GRU=46.81%  CNN_LSTM=54.61%  CNN_GRU=43.97%
      [scaler] range [-5.00, 5.00]  14.1% outside [-1,1]
      [PCA]    17 components → 90.7% explained variance
      [LSTM    ] acc=0.514
      [BiLSTM  ] acc=0.486
      [GRU     ] acc=0.514
      [CNN_LSTM] acc=0.521
      [CNN_GRU ] acc=0.514
      [calib]  temperature T=0.320  (prob spread: [0.136, 0.828])
    ✗ Win 2 | 75% train | test_n=140 | OOS=48.57% | AUC=0.516 | F1=0.526 | LGB=47.86% | XGB=48.57% | T=0.32
         DL → LSTM=51.43%  BiLSTM=48.57%  GRU=51.43%  CNN_LSTM=52.14%  CNN_GRU=51.43%
      [scaler] range [-5.00, 5.00]  14.1% outside [-1,1]
      [PCA]    17 components → 90.7% explained variance
      [LSTM    ] acc=0.421
      [BiLSTM  ] acc=0.479
      [GRU     ] acc=0.464
      [CNN_LSTM] acc=0.514
      [CNN_GRU ] acc=0.479
      [calib]  temperature T=0.680  (prob spread: [0.351, 0.597])
    ✗ Win 3 | 80% train | test_n=140 | OOS=47.86% | AUC=0.474 | F1=0.547 | LGB=47.86% | XGB=47.14% | T=0.68
         DL → LSTM=42.14%  BiLSTM=47.86%  GRU=46.43%  CNN_LSTM=51.43%  CNN_GRU=47.86%
      [scaler] range [-5.00, 5.00]  14.2% outside [-1,1]
      [PCA]    17 components → 90.6% explained variance
      [LSTM    ] acc=0.550
      [BiLSTM  ] acc=0.536
      [GRU     ] acc=0.493
      [CNN_LSTM] acc=0.550
      [CNN_GRU ] acc=0.486
      [calib]  temperature T=3.561  (prob spread: [0.485, 0.543])
    ~ Win 4 | 85% train | test_n=140 | OOS=53.57% | AUC=0.523 | F1=0.615 | LGB=47.14% | XGB=48.57% | T=3.56
         DL → LSTM=55.00%  BiLSTM=53.57%  GRU=49.29%  CNN_LSTM=55.00%  CNN_GRU=48.57%
      [scaler] range [-5.00, 5.00]  14.4% outside [-1,1]
      [PCA]    17 components → 90.4% explained variance
      [LSTM    ] acc=0.553
      [BiLSTM  ] acc=0.532
      [GRU     ] acc=0.546
      [CNN_LSTM] acc=0.532
      [CNN_GRU ] acc=0.511
      [calib]  temperature T=0.837  (prob spread: [0.387, 0.699])
    ~ Win 5 | 90% train | test_n=141 | OOS=53.19% | AUC=0.510 | F1=0.680 | LGB=53.19% | XGB=53.19% | T=0.84
         DL → LSTM=55.32%  BiLSTM=53.19%  GRU=54.61%  CNN_LSTM=53.19%  CNN_GRU=51.06%
      [scaler] range [-5.00, 5.00]  14.1% outside [-1,1]
      [PCA]    17 components → 90.4% explained variance
      [LSTM    ] acc=0.507
      [BiLSTM  ] acc=0.507
      [GRU     ] acc=0.521
      [CNN_LSTM] acc=0.535
      [CNN_GRU ] acc=0.493
      [calib]  temperature T=0.388  (prob spread: [0.494, 0.608])
    ~ Win 6 | 95% train | test_n=71 | OOS=56.34% | AUC=0.440 | F1=0.710 | LGB=53.52% | XGB=54.93% | T=0.39
         DL → LSTM=50.70%  BiLSTM=50.70%  GRU=52.11%  CNN_LSTM=53.52%  CNN_GRU=49.30%
  [3/3] OOS Overall → Accuracy=51.75%  F1=0.5976  (773 preds, 6 wins, avg_T=1.03)
  Plots → 06_results\runs\20260301_000647\ONGC\plots
