
────────────────────────────────────────────────────────────
  NMDC
────────────────────────────────────────────────────────────
  NMDC         ↻ computing features ... ✓ 757 rows × 153 features
  [1/3] Walk-forward: 6 windows  |  757 rows  |  153 features
        Win 1: train[0:477]  val[477:529]  test[529:605]  (70%)
        Win 2: train[0:511]  val[511:567]  test[567:643]  (75%)
        Win 3: train[0:545]  val[545:605]  test[605:681]  (80%)
        Win 4: train[0:579]  val[579:643]  test[643:719]  (85%)
        Win 5: train[0:613]  val[613:681]  test[681:757]  (90%)
        Win 6: train[0:648]  val[648:719]  test[719:757]  (95%)
  [1b] Feature selection: top 50 of 153 ... ✓ 50 features kept
  [2/3] Training...
      [scaler] range [-4.46, 5.00]  15.7% outside [-1,1]
      [PCA]    23 components → 90.9% explained variance
      [LSTM    ] acc=0.553
      [BiLSTM  ] acc=0.526
      [GRU     ] acc=0.500
      [CNN_LSTM] acc=0.539
      [CNN_GRU ] acc=0.526
      [TCN_GRU ] acc=0.395
      [TCN_Transformer] acc=0.526
      [NBEATS  ] acc=0.434
      [calib]  temperature T=0.341  (prob spread: [0.213, 0.759])
    ✗ Win 1 | 70% train | test_n=76 | OOS=44.74% | AUC=0.431 | F1=0.160 | LGB=39.47% | XGB=46.05% | T=0.34
         Dir → UP=25.00%  DOWN=50.00%  NEUTRAL=0.0%
         DL  → LSTM=55.26%  BiLSTM=52.63%  GRU=50.00%  CNN_LSTM=53.95%  CNN_GRU=52.63%  TCN_GRU=39.47%  TCN_Transformer=52.63%  NBEATS=43.42%
      [scaler] range [-4.26, 5.00]  15.9% outside [-1,1]
      [PCA]    23 components → 90.6% explained variance
      [LSTM    ] acc=0.461
      [BiLSTM  ] acc=0.539
      [GRU     ] acc=0.474
      [CNN_LSTM] acc=0.618
      [CNN_GRU ] acc=0.632
      [TCN_GRU ] acc=0.539
      [TCN_Transformer] acc=0.526
      [NBEATS  ] acc=0.487
      [calib]  temperature T=0.963  (prob spread: [0.392, 0.543])
    ~ Win 2 | 75% train | test_n=76 | OOS=53.95% | AUC=0.557 | F1=0.444 | LGB=51.32% | XGB=48.68% | T=0.96
         Dir → UP=50.00%  DOWN=56.25%  NEUTRAL=0.0%
         DL  → LSTM=46.05%  BiLSTM=53.95%  GRU=47.37%  CNN_LSTM=61.84%  CNN_GRU=63.16%  TCN_GRU=53.95%  TCN_Transformer=52.63%  NBEATS=48.68%
      [scaler] range [-4.08, 5.00]  16.1% outside [-1,1]
      [PCA]    23 components → 90.4% explained variance
      [LSTM    ] acc=0.579
      [BiLSTM  ] acc=0.513
      [GRU     ] acc=0.618
      [CNN_LSTM] acc=0.513
      [CNN_GRU ] acc=0.553
      [TCN_GRU ] acc=0.500
      [TCN_Transformer] acc=0.632
      [NBEATS  ] acc=0.566
      [calib]  temperature T=0.244  (prob spread: [0.060, 0.873])
    ~ Win 3 | 80% train | test_n=76 | OOS=53.95% | AUC=0.551 | F1=0.545 | LGB=56.58% | XGB=51.32% | T=0.24
         Dir → UP=47.73%  DOWN=62.50%  NEUTRAL=0.0%
         DL  → LSTM=57.89%  BiLSTM=51.32%  GRU=61.84%  CNN_LSTM=51.32%  CNN_GRU=55.26%  TCN_GRU=50.00%  TCN_Transformer=63.16%  NBEATS=56.58%
      [scaler] range [-3.95, 5.00]  15.8% outside [-1,1]
      [PCA]    23 components → 90.2% explained variance
      [LSTM    ] acc=0.605
      [BiLSTM  ] acc=0.579
      [GRU     ] acc=0.566
      [CNN_LSTM] acc=0.553
      [CNN_GRU ] acc=0.618
      [TCN_GRU ] acc=0.605
      [TCN_Transformer] acc=0.632
      [NBEATS  ] acc=0.632
      [calib]  temperature T=0.100  (prob spread: [0.014, 0.981])
    ✓ Win 4 | 85% train | test_n=76 | OOS=63.16% | AUC=0.574 | F1=0.417 | LGB=61.84% | XGB=61.84% | T=0.10
         Dir → UP=52.63%  DOWN=66.67%  NEUTRAL=0.0%
         DL  → LSTM=60.53%  BiLSTM=57.89%  GRU=56.58%  CNN_LSTM=55.26%  CNN_GRU=61.84%  TCN_GRU=60.53%  TCN_Transformer=63.16%  NBEATS=63.16%
      [scaler] range [-3.79, 5.00]  15.8% outside [-1,1]
      [PCA]    24 components → 90.9% explained variance
      [LSTM    ] acc=0.553
      [BiLSTM  ] acc=0.553
      [GRU     ] acc=0.513
      [CNN_LSTM] acc=0.526
      [CNN_GRU ] acc=0.500
      [TCN_GRU ] acc=0.592
      [TCN_Transformer] acc=0.526
      [NBEATS  ] acc=0.500
      [calib]  temperature T=0.353  (prob spread: [0.189, 0.829])
    ✗ Win 5 | 90% train | test_n=76 | OOS=47.37% | AUC=0.497 | F1=0.394 | LGB=55.26% | XGB=55.26% | T=0.35
         Dir → UP=36.11%  DOWN=57.50%  NEUTRAL=0.0%
         DL  → LSTM=55.26%  BiLSTM=55.26%  GRU=51.32%  CNN_LSTM=52.63%  CNN_GRU=50.00%  TCN_GRU=59.21%  TCN_Transformer=52.63%  NBEATS=50.00%
      [scaler] range [-3.67, 5.00]  15.8% outside [-1,1]
      [PCA]    24 components → 90.9% explained variance
      [LSTM    ] acc=0.342
      [BiLSTM  ] acc=0.526
      [GRU     ] acc=0.500
      [CNN_LSTM] acc=0.395
      [CNN_GRU ] acc=0.447
      [TCN_GRU ] acc=0.579
      [TCN_Transformer] acc=0.474
      [NBEATS  ] acc=0.474
      [calib]  temperature T=0.514  (prob spread: [0.373, 0.766])
    ✗ Win 6 | 95% train | test_n=38 | OOS=42.11% | AUC=0.472 | F1=0.522 | LGB=44.74% | XGB=44.74% | T=0.51
         Dir → UP=40.00%  DOWN=50.00%  NEUTRAL=0.0%
         DL  → LSTM=34.21%  BiLSTM=52.63%  GRU=50.00%  CNN_LSTM=39.47%  CNN_GRU=44.74%  TCN_GRU=57.89%  TCN_Transformer=47.37%  NBEATS=47.37%
  [3/3] OOS Overall → Accuracy=51.67%  F1=0.4229  (418 preds, 6 wins, avg_T=0.42)
  Plots → 06_results\runs\20260311_010027\NMDC\plots
