
────────────────────────────────────────────────────────────
  BOSCHLTD
────────────────────────────────────────────────────────────
  BOSCHLTD     ↻ computing features ... ✓ 1309 rows × 159 features
  [1/3] Walk-forward: 6 windows  |  1309 rows  |  159 features
        Win 1: train[0:825]  val[825:916]  test[916:1047]  (70%)
        Win 2: train[0:883]  val[883:981]  test[981:1112]  (75%)
        Win 3: train[0:943]  val[943:1047]  test[1047:1178]  (80%)
        Win 4: train[0:1001]  val[1001:1112]  test[1112:1243]  (85%)
        Win 5: train[0:1061]  val[1061:1178]  test[1178:1309]  (90%)
        Win 6: train[0:1119]  val[1119:1243]  test[1243:1309]  (95%)
  [1b] Feature selection: top 50 of 159 ... ✓ 50 features kept
  [2/3] Training...
      [scaler] range [-5.00, 5.00]  16.9% outside [-1,1]
      [PCA]    23 components → 90.1% explained variance
      [LSTM    ] acc=0.450
      [BiLSTM  ] acc=0.443
      [GRU     ] acc=0.496
      [CNN_LSTM] acc=0.489
      [CNN_GRU ] acc=0.588
      [calib]  temperature T=0.247  (prob spread: [0.164, 0.718])
    ✗ Win 1 | 70% train | test_n=131 | OOS=44.27% | AUC=0.504 | F1=0.277 | LGB=48.85% | XGB=47.33% | T=0.25
         DL → LSTM=45.04%  BiLSTM=44.27%  GRU=49.62%  CNN_LSTM=48.85%  CNN_GRU=58.78%
      [scaler] range [-5.00, 5.00]  16.7% outside [-1,1]
      [PCA]    23 components → 90.0% explained variance
      [LSTM    ] acc=0.481
      [BiLSTM  ] acc=0.458
      [GRU     ] acc=0.504
      [CNN_LSTM] acc=0.481
      [CNN_GRU ] acc=0.466
      [calib]  temperature T=8.000  (prob spread: [0.497, 0.504])
    ✗ Win 2 | 75% train | test_n=131 | OOS=44.27% | AUC=0.463 | F1=0.510 | LGB=51.91% | XGB=51.91% | T=8.00
         DL → LSTM=48.09%  BiLSTM=45.80%  GRU=50.38%  CNN_LSTM=48.09%  CNN_GRU=46.56%
      [scaler] range [-5.00, 5.00]  16.8% outside [-1,1]
      [PCA]    23 components → 90.0% explained variance
      [LSTM    ] acc=0.504
      [BiLSTM  ] acc=0.466
      [GRU     ] acc=0.519
      [CNN_LSTM] acc=0.450
      [CNN_GRU ] acc=0.435
      [calib]  temperature T=0.488  (prob spread: [0.407, 0.604])
    ~ Win 3 | 80% train | test_n=131 | OOS=51.91% | AUC=0.457 | F1=0.594 | LGB=53.44% | XGB=53.44% | T=0.49
         DL → LSTM=50.38%  BiLSTM=46.56%  GRU=51.91%  CNN_LSTM=45.04%  CNN_GRU=43.51%
      [scaler] range [-5.00, 5.00]  16.8% outside [-1,1]
      [PCA]    24 components → 90.9% explained variance
      [LSTM    ] acc=0.588
      [BiLSTM  ] acc=0.550
      [GRU     ] acc=0.511
      [CNN_LSTM] acc=0.565
      [CNN_GRU ] acc=0.580
      [calib]  temperature T=1.990  (prob spread: [0.495, 0.523])
    ~ Win 4 | 85% train | test_n=131 | OOS=54.96% | AUC=0.491 | F1=0.697 | LGB=58.78% | XGB=58.78% | T=1.99
         DL → LSTM=58.78%  BiLSTM=54.96%  GRU=51.15%  CNN_LSTM=56.49%  CNN_GRU=58.02%
      [scaler] range [-5.00, 5.00]  17.0% outside [-1,1]
      [PCA]    24 components → 90.7% explained variance
      [LSTM    ] acc=0.489
      [BiLSTM  ] acc=0.412
      [GRU     ] acc=0.466
      [CNN_LSTM] acc=0.450
      [CNN_GRU ] acc=0.489
      [calib]  temperature T=8.000  (prob spread: [0.497, 0.506])
    ✗ Win 5 | 90% train | test_n=131 | OOS=47.33% | AUC=0.566 | F1=0.642 | LGB=48.85% | XGB=48.85% | T=8.00
         DL → LSTM=48.85%  BiLSTM=41.22%  GRU=46.56%  CNN_LSTM=45.04%  CNN_GRU=48.85%
      [scaler] range [-5.00, 5.00]  17.1% outside [-1,1]
      [PCA]    24 components → 90.6% explained variance
      [LSTM    ] acc=0.424
      [BiLSTM  ] acc=0.409
      [GRU     ] acc=0.485
      [CNN_LSTM] acc=0.379
      [CNN_GRU ] acc=0.591
      [calib]  temperature T=0.335  (prob spread: [0.422, 0.643])
    ✗ Win 6 | 95% train | test_n=66 | OOS=36.36% | AUC=0.411 | F1=0.512 | LGB=36.36% | XGB=36.36% | T=0.33
         DL → LSTM=42.42%  BiLSTM=40.91%  GRU=48.48%  CNN_LSTM=37.88%  CNN_GRU=59.09%
  [3/3] OOS Overall → Accuracy=47.43%  F1=0.5688  (721 preds, 6 wins, avg_T=3.18)
  Plots → 06_results\runs\20260301_000647\BOSCHLTD\plots
