
────────────────────────────────────────────────────────────
  RBLBANK
────────────────────────────────────────────────────────────
  RBLBANK      ↻ computing features ... ✓ 1487 rows × 159 features
  [1/3] Walk-forward: 6 windows  |  1487 rows  |  159 features
        Win 1: train[0:936]  val[936:1040]  test[1040:1189]  (70%)
        Win 2: train[0:1004]  val[1004:1115]  test[1115:1263]  (75%)
        Win 3: train[0:1071]  val[1071:1189]  test[1189:1338]  (80%)
        Win 4: train[0:1137]  val[1137:1263]  test[1263:1412]  (85%)
        Win 5: train[0:1205]  val[1205:1338]  test[1338:1487]  (90%)
        Win 6: train[0:1271]  val[1271:1412]  test[1412:1487]  (95%)
  [1b] Feature selection: top 50 of 159 ... ✓ 47 features kept
  [2/3] Training...
      [scaler] range [-5.00, 5.00]  18.0% outside [-1,1]
      [PCA]    21 components → 90.9% explained variance
      [LSTM    ] acc=0.416
      [BiLSTM  ] acc=0.497
      [GRU     ] acc=0.517
      [CNN_LSTM] acc=0.523
      [CNN_GRU ] acc=0.497
      [TCN_GRU ] acc=0.530
      [TCN_Transformer] acc=0.557
      [NBEATS  ] acc=0.483
      [calib]  temperature T=0.376  (prob spread: [0.177, 0.777])
    ✗ Win 1 | 70% train | test_n=149 | OOS=46.98% | AUC=0.541 | F1=0.397 | LGB=52.35% | XGB=48.32% | T=0.38
         Dir → UP=50.00%  DOWN=45.36%  NEUTRAL=0.0%
         DL  → LSTM=41.61%  BiLSTM=49.66%  GRU=51.68%  CNN_LSTM=52.35%  CNN_GRU=49.66%  TCN_GRU=53.02%  TCN_Transformer=55.70%  NBEATS=48.32%
      [scaler] range [-5.00, 5.00]  17.8% outside [-1,1]
      [PCA]    21 components → 90.7% explained variance
      [LSTM    ] acc=0.568
      [BiLSTM  ] acc=0.507
      [GRU     ] acc=0.520
      [CNN_LSTM] acc=0.520
      [CNN_GRU ] acc=0.432
      [TCN_GRU ] acc=0.534
      [TCN_Transformer] acc=0.500
      [NBEATS  ] acc=0.507
      [calib]  temperature T=0.436  (prob spread: [0.435, 0.599])
    ~ Win 2 | 75% train | test_n=148 | OOS=54.73% | AUC=0.541 | F1=0.489 | LGB=52.03% | XGB=52.70% | T=0.44
         Dir → UP=55.17%  DOWN=54.44%  NEUTRAL=0.0%
         DL  → LSTM=56.76%  BiLSTM=50.68%  GRU=52.03%  CNN_LSTM=52.03%  CNN_GRU=43.24%  TCN_GRU=53.38%  TCN_Transformer=50.00%  NBEATS=50.68%
      [scaler] range [-5.00, 5.00]  17.4% outside [-1,1]
      [PCA]    21 components → 90.6% explained variance
      [LSTM    ] acc=0.477
      [BiLSTM  ] acc=0.490
      [GRU     ] acc=0.537
      [CNN_LSTM] acc=0.530
      [CNN_GRU ] acc=0.456
      [TCN_GRU ] acc=0.463
      [TCN_Transformer] acc=0.530
      [NBEATS  ] acc=0.530
      [calib]  temperature T=0.611  (prob spread: [0.459, 0.559])
    ✗ Win 3 | 80% train | test_n=149 | OOS=48.32% | AUC=0.486 | F1=0.497 | LGB=49.66% | XGB=49.66% | T=0.61
         Dir → UP=48.10%  DOWN=48.57%  NEUTRAL=0.0%
         DL  → LSTM=47.65%  BiLSTM=48.99%  GRU=53.69%  CNN_LSTM=53.02%  CNN_GRU=45.64%  TCN_GRU=46.31%  TCN_Transformer=53.02%  NBEATS=53.02%
      [scaler] range [-5.00, 5.00]  17.3% outside [-1,1]
      [PCA]    21 components → 90.5% explained variance
      [LSTM    ] acc=0.497
      [BiLSTM  ] acc=0.470
      [GRU     ] acc=0.530
      [CNN_LSTM] acc=0.537
      [CNN_GRU ] acc=0.477
      [TCN_GRU ] acc=0.503
      [TCN_Transformer] acc=0.503
      [NBEATS  ] acc=0.470
      [calib]  temperature T=0.943  (prob spread: [0.441, 0.620])
    ~ Win 4 | 85% train | test_n=149 | OOS=51.01% | AUC=0.520 | F1=0.497 | LGB=50.34% | XGB=54.36% | T=0.94
         Dir → UP=52.17%  DOWN=50.00%  NEUTRAL=0.0%
         DL  → LSTM=49.66%  BiLSTM=46.98%  GRU=53.02%  CNN_LSTM=53.69%  CNN_GRU=47.65%  TCN_GRU=50.34%  TCN_Transformer=50.34%  NBEATS=46.98%
      [scaler] range [-5.00, 5.00]  17.1% outside [-1,1]
      [PCA]    21 components → 90.6% explained variance
      [LSTM    ] acc=0.490
      [BiLSTM  ] acc=0.463
      [GRU     ] acc=0.523
      [CNN_LSTM] acc=0.503
      [CNN_GRU ] acc=0.483
      [TCN_GRU ] acc=0.490
      [TCN_Transformer] acc=0.430
      [NBEATS  ] acc=0.490
      [calib]  temperature T=0.414  (prob spread: [0.134, 0.831])
    ~ Win 5 | 90% train | test_n=149 | OOS=56.38% | AUC=0.550 | F1=0.586 | LGB=53.02% | XGB=52.35% | T=0.41
         Dir → UP=56.79%  DOWN=55.88%  NEUTRAL=0.0%
         DL  → LSTM=48.99%  BiLSTM=46.31%  GRU=52.35%  CNN_LSTM=50.34%  CNN_GRU=48.32%  TCN_GRU=48.99%  TCN_Transformer=42.95%  NBEATS=48.99%
      [scaler] range [-5.00, 5.00]  17.1% outside [-1,1]
      [PCA]    21 components → 90.5% explained variance
      [LSTM    ] acc=0.507
      [BiLSTM  ] acc=0.440
      [GRU     ] acc=0.480
      [CNN_LSTM] acc=0.480
      [CNN_GRU ] acc=0.453
      [TCN_GRU ] acc=0.560
      [TCN_Transformer] acc=0.627
      [NBEATS  ] acc=0.507
      [calib]  temperature T=0.435  (prob spread: [0.469, 0.584])
    ✗ Win 6 | 95% train | test_n=75 | OOS=49.33% | AUC=0.445 | F1=0.627 | LGB=50.67% | XGB=46.67% | T=0.43
         Dir → UP=50.00%  DOWN=45.45%  NEUTRAL=0.0%
         DL  → LSTM=50.67%  BiLSTM=44.00%  GRU=48.00%  CNN_LSTM=48.00%  CNN_GRU=45.33%  TCN_GRU=56.00%  TCN_Transformer=62.67%  NBEATS=50.67%
  [3/3] OOS Overall → Accuracy=51.28%  F1=0.5128  (819 preds, 6 wins, avg_T=0.54)
  Plots → 06_results\runs\20260307_141956\RBLBANK\plots
