
────────────────────────────────────────────────────────────
  HDFCBANK
────────────────────────────────────────────────────────────
  HDFCBANK     ↻ computing features ... ✓ 1245 rows × 164 features
  [1/3] Walk-forward: 6 windows  |  1245 rows  |  164 features
        Win 1: train[0:784]  val[784:871]  test[871:996]  (70%)
        Win 2: train[0:840]  val[840:933]  test[933:1058]  (75%)
        Win 3: train[0:897]  val[897:996]  test[996:1120]  (80%)
        Win 4: train[0:953]  val[953:1058]  test[1058:1182]  (85%)
        Win 5: train[0:1008]  val[1008:1120]  test[1120:1245]  (90%)
        Win 6: train[0:1064]  val[1064:1182]  test[1182:1245]  (95%)
  [1b] Feature selection: top 50 of 164 ... ✓ 47 features kept
  [2/3] Training...
      [scaler] range [-4.80, 5.00]  16.5% outside [-1,1]
      [PCA]    21 components → 90.0% explained variance
      [LSTM    ] acc=0.464
      [BiLSTM  ] acc=0.544
      [GRU     ] acc=0.512
      [CNN_LSTM] acc=0.456
      [CNN_GRU ] acc=0.488
      [TCN_GRU ] acc=0.440
      [TCN_Transformer] acc=0.528
      [NBEATS  ] acc=0.392
      [regime] adaptive blend α=0.50  (regime_ll=0.6958  global_ll=0.6918)
      [calib]  temperature T=0.100  (prob spread: [0.383, 0.760])
    ✗ Win 1 | 70% train | test_n=125 | OOS=48.80% | AUC=0.429 | F1=0.562 | LGB=48.80% | XGB=52.00% | T=0.10
         Dir → UP=52.56%  DOWN=42.55%  NEUTRAL=0.0%
         DL  → LSTM=46.40%  BiLSTM=54.40%  GRU=51.20%  CNN_LSTM=45.60%  CNN_GRU=48.80%  TCN_GRU=44.00%  TCN_Transformer=52.80%  NBEATS=39.20%
      [scaler] range [-5.00, 5.00]  16.5% outside [-1,1]
      [PCA]    22 components → 91.0% explained variance
      [LSTM    ] acc=0.584
      [BiLSTM  ] acc=0.536
      [GRU     ] acc=0.584
      [CNN_LSTM] acc=0.440
      [CNN_GRU ] acc=0.544
      [TCN_GRU ] acc=0.504
      [TCN_Transformer] acc=0.456
      [NBEATS  ] acc=0.520
      [regime] adaptive blend α=0.50  (regime_ll=0.6949  global_ll=0.6873)
      [calib]  temperature T=0.100  (prob spread: [0.081, 0.884])
    ~ Win 2 | 75% train | test_n=125 | OOS=53.60% | AUC=0.455 | F1=0.603 | LGB=56.80% | XGB=52.80% | T=0.10
         Dir → UP=60.27%  DOWN=44.23%  NEUTRAL=0.0%
         DL  → LSTM=58.40%  BiLSTM=53.60%  GRU=58.40%  CNN_LSTM=44.00%  CNN_GRU=54.40%  TCN_GRU=50.40%  TCN_Transformer=45.60%  NBEATS=52.00%
      [scaler] range [-4.87, 5.00]  16.2% outside [-1,1]
      [PCA]    22 components → 91.1% explained variance
      [LSTM    ] acc=0.565
      [BiLSTM  ] acc=0.444
      [GRU     ] acc=0.532
      [CNN_LSTM] acc=0.532
      [CNN_GRU ] acc=0.548
      [TCN_GRU ] acc=0.492
      [TCN_Transformer] acc=0.573
      [NBEATS  ] acc=0.468
      [regime] adaptive blend α=0.50  (regime_ll=0.6936  global_ll=0.6901)
      [calib]  temperature T=0.100  (prob spread: [0.187, 0.759])
    ~ Win 3 | 80% train | test_n=124 | OOS=50.00% | AUC=0.515 | F1=0.492 | LGB=51.61% | XGB=58.06% | T=0.10
         Dir → UP=55.56%  DOWN=45.71%  NEUTRAL=0.0%
         DL  → LSTM=56.45%  BiLSTM=44.35%  GRU=53.23%  CNN_LSTM=53.23%  CNN_GRU=54.84%  TCN_GRU=49.19%  TCN_Transformer=57.26%  NBEATS=46.77%
      [scaler] range [-5.00, 5.00]  16.2% outside [-1,1]
      [PCA]    22 components → 90.9% explained variance
      [LSTM    ] acc=0.532
      [BiLSTM  ] acc=0.589
      [GRU     ] acc=0.500
      [CNN_LSTM] acc=0.516
      [CNN_GRU ] acc=0.573
      [TCN_GRU ] acc=0.548
      [TCN_Transformer] acc=0.540
      [NBEATS  ] acc=0.524
      [regime] adaptive blend α=0.50  (regime_ll=0.6906  global_ll=0.6856)
      [calib]  temperature T=0.100  (prob spread: [0.374, 0.723])
    ~ Win 4 | 85% train | test_n=124 | OOS=50.00% | AUC=0.494 | F1=0.592 | LGB=46.77% | XGB=45.97% | T=0.10
         Dir → UP=52.94%  DOWN=43.59%  NEUTRAL=0.0%
         DL  → LSTM=53.23%  BiLSTM=58.87%  GRU=50.00%  CNN_LSTM=51.61%  CNN_GRU=57.26%  TCN_GRU=54.84%  TCN_Transformer=54.03%  NBEATS=52.42%
      [scaler] range [-5.00, 5.00]  16.0% outside [-1,1]
      [PCA]    22 components → 90.6% explained variance
      [LSTM    ] acc=0.392
      [BiLSTM  ] acc=0.456
      [GRU     ] acc=0.536
      [CNN_LSTM] acc=0.480
      [CNN_GRU ] acc=0.488
      [TCN_GRU ] acc=0.480
      [TCN_Transformer] acc=0.536
      [NBEATS  ] acc=0.496
      [regime] adaptive blend α=0.50  (regime_ll=0.6926  global_ll=0.6866)
      [calib]  temperature T=0.100  (prob spread: [0.253, 0.888])
    ✗ Win 5 | 90% train | test_n=125 | OOS=47.20% | AUC=0.463 | F1=0.598 | LGB=49.60% | XGB=51.20% | T=0.10
         Dir → UP=49.00%  DOWN=40.00%  NEUTRAL=0.0%
         DL  → LSTM=39.20%  BiLSTM=45.60%  GRU=53.60%  CNN_LSTM=48.00%  CNN_GRU=48.80%  TCN_GRU=48.00%  TCN_Transformer=53.60%  NBEATS=49.60%
      [scaler] range [-5.00, 5.00]  16.0% outside [-1,1]
      [PCA]    22 components → 90.5% explained variance
      [LSTM    ] acc=0.381
      [BiLSTM  ] acc=0.413
      [GRU     ] acc=0.381
      [CNN_LSTM] acc=0.413
      [CNN_GRU ] acc=0.540
      [TCN_GRU ] acc=0.556
      [TCN_Transformer] acc=0.508
      [NBEATS  ] acc=0.492
      [regime] adaptive blend α=0.50  (regime_ll=0.6909  global_ll=0.6916)
      [calib]  temperature T=0.209  (prob spread: [0.280, 0.758])
    ✗ Win 6 | 95% train | test_n=63 | OOS=47.62% | AUC=0.491 | F1=0.560 | LGB=41.27% | XGB=47.62% | T=0.21
         Dir → UP=46.67%  DOWN=50.00%  NEUTRAL=0.0%
         DL  → LSTM=38.10%  BiLSTM=41.27%  GRU=38.10%  CNN_LSTM=41.27%  CNN_GRU=53.97%  TCN_GRU=55.56%  TCN_Transformer=50.79%  NBEATS=49.21%
  [3/3] OOS Overall → Accuracy=49.71%  F1=0.5714  (686 preds, 6 wins, avg_T=0.12)
  Plots → 06_results\runs\20260327_144419\HDFCBANK\plots
