
────────────────────────────────────────────────────────────
  TATAPOWER
────────────────────────────────────────────────────────────
  TATAPOWER    ✓ features cached  (1366 rows × 159 feat)
  [1/3] Walk-forward: 6 windows  |  1366 rows  |  159 features
        Win 1: train[0:861]  val[861:956]  test[956:1092]  (70%)
        Win 2: train[0:922]  val[922:1024]  test[1024:1161]  (75%)
        Win 3: train[0:983]  val[983:1092]  test[1092:1229]  (80%)
        Win 4: train[0:1045]  val[1045:1161]  test[1161:1297]  (85%)
        Win 5: train[0:1107]  val[1107:1229]  test[1229:1366]  (90%)
        Win 6: train[0:1168]  val[1168:1297]  test[1297:1366]  (95%)
  [1b] Feature selection: top 50 of 159 ... ✓ 50 features kept
  [2/3] Training...
      [scaler] range [-4.67, 5.00]  18.0% outside [-1,1]
      [PCA]    26 components → 90.5% explained variance
      [LSTM    ] acc=0.529
      [BiLSTM  ] acc=0.485
      [GRU     ] acc=0.537
      [CNN_LSTM] acc=0.603
      [CNN_GRU ] acc=0.485
      [TCN_GRU ] acc=0.493
      [TCN_Transformer] acc=0.603
      [NBEATS  ] acc=0.588
      [calib]  temperature T=0.389  (prob spread: [0.495, 0.703])
    ✓ Win 1 | 70% train | test_n=136 | OOS=62.50% | AUC=0.520 | F1=0.765 | LGB=61.03% | XGB=61.03% | T=0.39
         Dir → UP=61.94%  DOWN=100.00%  NEUTRAL=0.0%
         DL  → LSTM=52.94%  BiLSTM=48.53%  GRU=53.68%  CNN_LSTM=60.29%  CNN_GRU=48.53%  TCN_GRU=49.26%  TCN_Transformer=60.29%  NBEATS=58.82%
      [scaler] range [-4.81, 5.00]  17.9% outside [-1,1]
      [PCA]    26 components → 90.6% explained variance
      [LSTM    ] acc=0.562
      [BiLSTM  ] acc=0.518
      [GRU     ] acc=0.526
      [CNN_LSTM] acc=0.547
      [CNN_GRU ] acc=0.526
      [TCN_GRU ] acc=0.438
      [TCN_Transformer] acc=0.569
      [NBEATS  ] acc=0.547
      [calib]  temperature T=0.607  (prob spread: [0.448, 0.660])
    ~ Win 2 | 75% train | test_n=137 | OOS=56.20% | AUC=0.539 | F1=0.684 | LGB=55.47% | XGB=55.47% | T=0.61
         Dir → UP=57.02%  DOWN=52.17%  NEUTRAL=0.0%
         DL  → LSTM=56.20%  BiLSTM=51.82%  GRU=52.55%  CNN_LSTM=54.74%  CNN_GRU=52.55%  TCN_GRU=43.80%  TCN_Transformer=56.93%  NBEATS=54.74%
      [scaler] range [-4.76, 5.00]  17.7% outside [-1,1]
      [PCA]    26 components → 90.7% explained variance
      [LSTM    ] acc=0.628
      [BiLSTM  ] acc=0.533
      [GRU     ] acc=0.540
      [CNN_LSTM] acc=0.496
      [CNN_GRU ] acc=0.496
      [TCN_GRU ] acc=0.577
      [TCN_Transformer] acc=0.533
      [NBEATS  ] acc=0.518
      [calib]  temperature T=0.665  (prob spread: [0.382, 0.695])
    ~ Win 3 | 80% train | test_n=137 | OOS=52.55% | AUC=0.505 | F1=0.652 | LGB=53.28% | XGB=53.28% | T=0.66
         Dir → UP=53.51%  DOWN=47.83%  NEUTRAL=0.0%
         DL  → LSTM=62.77%  BiLSTM=53.28%  GRU=54.01%  CNN_LSTM=49.64%  CNN_GRU=49.64%  TCN_GRU=57.66%  TCN_Transformer=53.28%  NBEATS=51.82%
      [scaler] range [-4.85, 5.00]  17.7% outside [-1,1]
      [PCA]    26 components → 90.4% explained variance
      [LSTM    ] acc=0.515
      [BiLSTM  ] acc=0.529
      [GRU     ] acc=0.441
      [CNN_LSTM] acc=0.463
      [CNN_GRU ] acc=0.566
      [TCN_GRU ] acc=0.522
      [TCN_Transformer] acc=0.507
      [NBEATS  ] acc=0.456
      [calib]  temperature T=1.743  (prob spread: [0.478, 0.543])
    ~ Win 4 | 85% train | test_n=136 | OOS=54.41% | AUC=0.541 | F1=0.674 | LGB=52.94% | XGB=52.94% | T=1.74
         Dir → UP=54.24%  DOWN=55.56%  NEUTRAL=0.0%
         DL  → LSTM=51.47%  BiLSTM=52.94%  GRU=44.12%  CNN_LSTM=46.32%  CNN_GRU=56.62%  TCN_GRU=52.21%  TCN_Transformer=50.74%  NBEATS=45.59%
      [scaler] range [-4.88, 5.00]  17.7% outside [-1,1]
      [PCA]    26 components → 90.3% explained variance
      [LSTM    ] acc=0.511
      [BiLSTM  ] acc=0.555
      [GRU     ] acc=0.504
      [CNN_LSTM] acc=0.511
      [CNN_GRU ] acc=0.460
      [TCN_GRU ] acc=0.526
      [TCN_Transformer] acc=0.511
      [NBEATS  ] acc=0.555
      [calib]  temperature T=0.912  (prob spread: [0.466, 0.593])
    ~ Win 5 | 90% train | test_n=137 | OOS=51.09% | AUC=0.576 | F1=0.656 | LGB=51.09% | XGB=51.09% | T=0.91
         Dir → UP=51.20%  DOWN=50.00%  NEUTRAL=0.0%
         DL  → LSTM=51.09%  BiLSTM=55.47%  GRU=50.36%  CNN_LSTM=51.09%  CNN_GRU=45.99%  TCN_GRU=52.55%  TCN_Transformer=51.09%  NBEATS=55.47%
      [scaler] range [-5.00, 5.00]  17.7% outside [-1,1]
      [PCA]    26 components → 90.2% explained variance
      [LSTM    ] acc=0.493
      [BiLSTM  ] acc=0.536
      [GRU     ] acc=0.507
      [CNN_LSTM] acc=0.507
      [CNN_GRU ] acc=0.493
      [TCN_GRU ] acc=0.435
      [TCN_Transformer] acc=0.435
      [NBEATS  ] acc=0.522
      [calib]  temperature T=0.243  (prob spread: [0.121, 0.909])
    ✗ Win 6 | 95% train | test_n=69 | OOS=49.28% | AUC=0.492 | F1=0.598 | LGB=53.62% | XGB=52.17% | T=0.24
         Dir → UP=50.98%  DOWN=44.44%  NEUTRAL=0.0%
         DL  → LSTM=49.28%  BiLSTM=53.62%  GRU=50.72%  CNN_LSTM=50.72%  CNN_GRU=49.28%  TCN_GRU=43.48%  TCN_Transformer=43.48%  NBEATS=52.17%
  [3/3] OOS Overall → Accuracy=54.79%  F1=0.6811  (752 preds, 6 wins, avg_T=0.76)
  Plots → 06_results\runs\20260307_141956\TATAPOWER\plots
