
────────────────────────────────────────────────────────────
  INDUSTOWER
────────────────────────────────────────────────────────────
  INDUSTOWER   ↻ computing features ... ✓ 1398 rows × 159 features
  [1/3] Walk-forward: 6 windows  |  1398 rows  |  159 features
        Win 1: train[0:881]  val[881:978]  test[978:1118]  (70%)
        Win 2: train[0:944]  val[944:1048]  test[1048:1188]  (75%)
        Win 3: train[0:1007]  val[1007:1118]  test[1118:1258]  (80%)
        Win 4: train[0:1070]  val[1070:1188]  test[1188:1328]  (85%)
        Win 5: train[0:1133]  val[1133:1258]  test[1258:1398]  (90%)
        Win 6: train[0:1196]  val[1196:1328]  test[1328:1398]  (95%)
  [1b] Feature selection: top 50 of 159 ... ✓ 50 features kept
  [2/3] Training...
      [scaler] range [-5.00, 5.00]  18.2% outside [-1,1]
      [PCA]    20 components → 90.3% explained variance
      [LSTM    ] acc=0.443
      [BiLSTM  ] acc=0.464
      [GRU     ] acc=0.529
      [CNN_LSTM] acc=0.543
      [CNN_GRU ] acc=0.536
      [calib]  temperature T=0.382  (prob spread: [0.246, 0.659])
    ~ Win 1 | 70% train | test_n=140 | OOS=53.57% | AUC=0.560 | F1=0.480 | LGB=47.14% | XGB=49.29% | T=0.38
         DL → LSTM=44.29%  BiLSTM=46.43%  GRU=52.86%  CNN_LSTM=54.29%  CNN_GRU=53.57%
      [scaler] range [-5.00, 5.00]  18.0% outside [-1,1]
      [PCA]    20 components → 90.3% explained variance
      [LSTM    ] acc=0.536
      [BiLSTM  ] acc=0.536
      [GRU     ] acc=0.550
      [CNN_LSTM] acc=0.464
      [CNN_GRU ] acc=0.507
      [calib]  temperature T=0.321  (prob spread: [0.329, 0.655])
    ~ Win 2 | 75% train | test_n=140 | OOS=56.43% | AUC=0.548 | F1=0.579 | LGB=54.29% | XGB=55.71% | T=0.32
         DL → LSTM=53.57%  BiLSTM=53.57%  GRU=55.00%  CNN_LSTM=46.43%  CNN_GRU=50.71%
      [scaler] range [-5.00, 5.00]  17.7% outside [-1,1]
      [PCA]    20 components → 90.3% explained variance
      [LSTM    ] acc=0.500
      [BiLSTM  ] acc=0.543
      [GRU     ] acc=0.479
      [CNN_LSTM] acc=0.529
      [CNN_GRU ] acc=0.536
      [calib]  temperature T=0.259  (prob spread: [0.338, 0.786])
    ✓ Win 3 | 80% train | test_n=140 | OOS=60.00% | AUC=0.592 | F1=0.685 | LGB=52.86% | XGB=48.57% | T=0.26
         DL → LSTM=50.00%  BiLSTM=54.29%  GRU=47.86%  CNN_LSTM=52.86%  CNN_GRU=53.57%
      [scaler] range [-5.00, 5.00]  17.8% outside [-1,1]
      [PCA]    20 components → 90.3% explained variance
      [LSTM    ] acc=0.507
      [BiLSTM  ] acc=0.450
      [GRU     ] acc=0.507
      [CNN_LSTM] acc=0.429
      [CNN_GRU ] acc=0.543
      [calib]  temperature T=0.778  (prob spread: [0.473, 0.603])
    ✗ Win 4 | 85% train | test_n=140 | OOS=49.29% | AUC=0.529 | F1=0.603 | LGB=50.71% | XGB=45.71% | T=0.78
         DL → LSTM=50.71%  BiLSTM=45.00%  GRU=50.71%  CNN_LSTM=42.86%  CNN_GRU=54.29%
      [scaler] range [-5.00, 5.00]  18.1% outside [-1,1]
      [PCA]    20 components → 90.3% explained variance
      [LSTM    ] acc=0.486
      [BiLSTM  ] acc=0.493
      [GRU     ] acc=0.543
      [CNN_LSTM] acc=0.479
      [CNN_GRU ] acc=0.479
      [calib]  temperature T=1.515  (prob spread: [0.464, 0.552])
    ✗ Win 5 | 90% train | test_n=140 | OOS=49.29% | AUC=0.498 | F1=0.523 | LGB=51.43% | XGB=51.43% | T=1.52
         DL → LSTM=48.57%  BiLSTM=49.29%  GRU=54.29%  CNN_LSTM=47.86%  CNN_GRU=47.86%
      [scaler] range [-5.00, 5.00]  17.8% outside [-1,1]
      [PCA]    20 components → 90.1% explained variance
      [LSTM    ] acc=0.414
      [BiLSTM  ] acc=0.557
      [GRU     ] acc=0.557
      [CNN_LSTM] acc=0.557
      [CNN_GRU ] acc=0.557
      [calib]  temperature T=2.284  (prob spread: [0.463, 0.572])
    ✓ Win 6 | 95% train | test_n=70 | OOS=61.43% | AUC=0.589 | F1=0.649 | LGB=55.71% | XGB=55.71% | T=2.28
         DL → LSTM=41.43%  BiLSTM=55.71%  GRU=55.71%  CNN_LSTM=55.71%  CNN_GRU=55.71%
  [3/3] OOS Overall → Accuracy=54.42%  F1=0.5885  (770 preds, 6 wins, avg_T=0.92)
  Plots → 06_results\runs\20260301_000647\INDUSTOWER\plots
