
────────────────────────────────────────────────────────────
  GODREJCP
────────────────────────────────────────────────────────────
  GODREJCP     ↻ computing features ... ✓ 1342 rows × 159 features
  [1/3] Walk-forward: 6 windows  |  1342 rows  |  159 features
        Win 1: train[0:846]  val[846:939]  test[939:1073]  (70%)
        Win 2: train[0:906]  val[906:1006]  test[1006:1140]  (75%)
        Win 3: train[0:966]  val[966:1073]  test[1073:1207]  (80%)
        Win 4: train[0:1026]  val[1026:1140]  test[1140:1274]  (85%)
        Win 5: train[0:1087]  val[1087:1207]  test[1207:1342]  (90%)
        Win 6: train[0:1147]  val[1147:1274]  test[1274:1342]  (95%)
  [1b] Feature selection: top 50 of 159 ... ✓ 50 features kept
  [2/3] Training...
      [scaler] range [-3.39, 5.00]  15.4% outside [-1,1]
      [PCA]    25 components → 90.9% explained variance
      [LSTM    ] acc=0.493
      [BiLSTM  ] acc=0.515
      [GRU     ] acc=0.530
      [CNN_LSTM] acc=0.507
      [CNN_GRU ] acc=0.575
      [calib]  temperature T=0.896  (prob spread: [0.425, 0.597])
    ~ Win 1 | 70% train | test_n=134 | OOS=54.48% | AUC=0.551 | F1=0.299 | LGB=48.51% | XGB=50.00% | T=0.90
         DL → LSTM=49.25%  BiLSTM=51.49%  GRU=52.99%  CNN_LSTM=50.75%  CNN_GRU=57.46%
      [scaler] range [-3.46, 5.00]  15.4% outside [-1,1]
      [PCA]    25 components → 90.9% explained variance
      [LSTM    ] acc=0.470
      [BiLSTM  ] acc=0.500
      [GRU     ] acc=0.470
      [CNN_LSTM] acc=0.485
      [CNN_GRU ] acc=0.515
      [calib]  temperature T=0.100  (prob spread: [0.035, 0.990])
    ✗ Win 2 | 75% train | test_n=134 | OOS=46.27% | AUC=0.459 | F1=0.333 | LGB=57.46% | XGB=58.21% | T=0.10
         DL → LSTM=47.01%  BiLSTM=50.00%  GRU=47.01%  CNN_LSTM=48.51%  CNN_GRU=51.49%
      [scaler] range [-3.38, 5.00]  15.3% outside [-1,1]
      [PCA]    25 components → 90.8% explained variance
      [LSTM    ] acc=0.478
      [BiLSTM  ] acc=0.560
      [GRU     ] acc=0.455
      [CNN_LSTM] acc=0.433
      [CNN_GRU ] acc=0.522
      [calib]  temperature T=0.374  (prob spread: [0.287, 0.697])
    ✗ Win 3 | 80% train | test_n=134 | OOS=44.78% | AUC=0.486 | F1=0.448 | LGB=50.00% | XGB=44.03% | T=0.37
         DL → LSTM=47.76%  BiLSTM=55.97%  GRU=45.52%  CNN_LSTM=43.28%  CNN_GRU=52.24%
      [scaler] range [-3.46, 5.00]  15.3% outside [-1,1]
      [PCA]    25 components → 90.7% explained variance
      [LSTM    ] acc=0.485
      [BiLSTM  ] acc=0.522
      [GRU     ] acc=0.440
      [CNN_LSTM] acc=0.522
      [CNN_GRU ] acc=0.478
      [calib]  temperature T=8.000  (prob spread: [0.493, 0.508])
    ✗ Win 4 | 85% train | test_n=134 | OOS=49.25% | AUC=0.525 | F1=0.558 | LGB=41.79% | XGB=44.03% | T=8.00
         DL → LSTM=48.51%  BiLSTM=52.24%  GRU=44.03%  CNN_LSTM=52.24%  CNN_GRU=47.76%
      [scaler] range [-3.44, 5.00]  15.4% outside [-1,1]
      [PCA]    25 components → 90.5% explained variance
      [LSTM    ] acc=0.489
      [BiLSTM  ] acc=0.481
      [GRU     ] acc=0.519
      [CNN_LSTM] acc=0.504
      [CNN_GRU ] acc=0.511
      [calib]  temperature T=0.921  (prob spread: [0.394, 0.552])
    ✗ Win 5 | 90% train | test_n=135 | OOS=49.63% | AUC=0.482 | F1=0.626 | LGB=58.52% | XGB=54.07% | T=0.92
         DL → LSTM=48.89%  BiLSTM=48.15%  GRU=51.85%  CNN_LSTM=50.37%  CNN_GRU=51.11%
      [scaler] range [-3.50, 5.00]  15.4% outside [-1,1]
      [PCA]    25 components → 90.5% explained variance
      [LSTM    ] acc=0.382
      [BiLSTM  ] acc=0.471
      [GRU     ] acc=0.485
      [CNN_LSTM] acc=0.353
      [CNN_GRU ] acc=0.515
      [calib]  temperature T=0.339  (prob spread: [0.281, 0.703])
    ✗ Win 6 | 95% train | test_n=68 | OOS=45.59% | AUC=0.541 | F1=0.393 | LGB=44.12% | XGB=47.06% | T=0.34
         DL → LSTM=38.24%  BiLSTM=47.06%  GRU=48.53%  CNN_LSTM=35.29%  CNN_GRU=51.47%
  [3/3] OOS Overall → Accuracy=48.58%  F1=0.4766  (739 preds, 6 wins, avg_T=1.77)
  Plots → 06_results\runs\20260301_000647\GODREJCP\plots
