
────────────────────────────────────────────────────────────
  M&M
────────────────────────────────────────────────────────────
  M&M          ↻ computing features ... ✓ 1357 rows × 159 features
  [1/3] Walk-forward: 6 windows  |  1357 rows  |  159 features
        Win 1: train[0:855]  val[855:949]  test[949:1085]  (70%)
        Win 2: train[0:916]  val[916:1017]  test[1017:1153]  (75%)
        Win 3: train[0:977]  val[977:1085]  test[1085:1221]  (80%)
        Win 4: train[0:1038]  val[1038:1153]  test[1153:1289]  (85%)
        Win 5: train[0:1099]  val[1099:1221]  test[1221:1357]  (90%)
        Win 6: train[0:1161]  val[1161:1289]  test[1289:1357]  (95%)
  [1b] Feature selection: top 50 of 159 ... ✓ 50 features kept
  [2/3] Training...
      [scaler] range [-5.00, 5.00]  15.6% outside [-1,1]
      [PCA]    21 components → 90.3% explained variance
      [LSTM    ] acc=0.544
      [BiLSTM  ] acc=0.522
      [GRU     ] acc=0.478
      [CNN_LSTM] acc=0.485
      [CNN_GRU ] acc=0.441
      [calib]  temperature T=0.169  (prob spread: [0.368, 0.708])
    ~ Win 1 | 70% train | test_n=136 | OOS=53.68% | AUC=0.514 | F1=0.677 | LGB=57.35% | XGB=57.35% | T=0.17
         DL → LSTM=54.41%  BiLSTM=52.21%  GRU=47.79%  CNN_LSTM=48.53%  CNN_GRU=44.12%
      [scaler] range [-5.00, 5.00]  15.8% outside [-1,1]
      [PCA]    21 components → 90.4% explained variance
      [LSTM    ] acc=0.515
      [BiLSTM  ] acc=0.574
      [GRU     ] acc=0.515
      [CNN_LSTM] acc=0.522
      [CNN_GRU ] acc=0.574
      [calib]  temperature T=0.281  (prob spread: [0.431, 0.721])
    ✓ Win 2 | 75% train | test_n=136 | OOS=61.03% | AUC=0.532 | F1=0.723 | LGB=54.41% | XGB=54.41% | T=0.28
         DL → LSTM=51.47%  BiLSTM=57.35%  GRU=51.47%  CNN_LSTM=52.21%  CNN_GRU=57.35%
      [scaler] range [-5.00, 5.00]  15.8% outside [-1,1]
      [PCA]    21 components → 90.3% explained variance
      [LSTM    ] acc=0.515
      [BiLSTM  ] acc=0.581
      [GRU     ] acc=0.566
      [CNN_LSTM] acc=0.522
      [CNN_GRU ] acc=0.500
      [calib]  temperature T=0.421  (prob spread: [0.439, 0.679])
    ~ Win 3 | 80% train | test_n=136 | OOS=52.94% | AUC=0.572 | F1=0.648 | LGB=51.47% | XGB=51.47% | T=0.42
         DL → LSTM=51.47%  BiLSTM=58.09%  GRU=56.62%  CNN_LSTM=52.21%  CNN_GRU=50.00%
      [scaler] range [-5.00, 5.00]  16.1% outside [-1,1]
      [PCA]    21 components → 90.2% explained variance
      [LSTM    ] acc=0.493
      [BiLSTM  ] acc=0.522
      [GRU     ] acc=0.566
      [CNN_LSTM] acc=0.551
      [CNN_GRU ] acc=0.544
      [calib]  temperature T=0.763  (prob spread: [0.472, 0.603])
    ~ Win 4 | 85% train | test_n=136 | OOS=54.41% | AUC=0.554 | F1=0.659 | LGB=52.21% | XGB=52.21% | T=0.76
         DL → LSTM=49.26%  BiLSTM=52.21%  GRU=56.62%  CNN_LSTM=55.15%  CNN_GRU=54.41%
      [scaler] range [-5.00, 5.00]  16.2% outside [-1,1]
      [PCA]    21 components → 90.1% explained variance
      [LSTM    ] acc=0.537
      [BiLSTM  ] acc=0.551
      [GRU     ] acc=0.581
      [CNN_LSTM] acc=0.559
      [CNN_GRU ] acc=0.618
      [calib]  temperature T=0.100  (prob spread: [0.421, 0.972])
    ~ Win 5 | 90% train | test_n=136 | OOS=53.68% | AUC=0.637 | F1=0.693 | LGB=53.68% | XGB=53.68% | T=0.10
         DL → LSTM=53.68%  BiLSTM=55.15%  GRU=58.09%  CNN_LSTM=55.88%  CNN_GRU=61.76%
      [scaler] range [-5.00, 5.00]  16.3% outside [-1,1]
      [PCA]    22 components → 90.8% explained variance
      [LSTM    ] acc=0.544
      [BiLSTM  ] acc=0.529
      [GRU     ] acc=0.647
      [CNN_LSTM] acc=0.544
      [CNN_GRU ] acc=0.588
      [calib]  temperature T=0.561  (prob spread: [0.397, 0.650])
    ✓ Win 6 | 95% train | test_n=68 | OOS=60.29% | AUC=0.599 | F1=0.703 | LGB=52.94% | XGB=52.94% | T=0.56
         DL → LSTM=54.41%  BiLSTM=52.94%  GRU=64.71%  CNN_LSTM=54.41%  CNN_GRU=58.82%
  [3/3] OOS Overall → Accuracy=55.61%  F1=0.6826  (748 preds, 6 wins, avg_T=0.38)
  Plots → 06_results\runs\20260301_000647\M&M\plots
