
────────────────────────────────────────────────────────────
  DRREDDY
────────────────────────────────────────────────────────────
  DRREDDY      ↻ computing features ... ✓ 1270 rows × 159 features
  [1/3] Walk-forward: 6 windows  |  1270 rows  |  159 features
        Win 1: train[0:801]  val[801:889]  test[889:1016]  (70%)
        Win 2: train[0:857]  val[857:952]  test[952:1079]  (75%)
        Win 3: train[0:915]  val[915:1016]  test[1016:1143]  (80%)
        Win 4: train[0:972]  val[972:1079]  test[1079:1206]  (85%)
        Win 5: train[0:1029]  val[1029:1143]  test[1143:1270]  (90%)
        Win 6: train[0:1086]  val[1086:1206]  test[1206:1270]  (95%)
  [1b] Feature selection: top 50 of 159 ... ✓ 50 features kept
  [2/3] Training...
      [scaler] range [-3.69, 5.00]  15.2% outside [-1,1]
      [PCA]    18 components → 90.9% explained variance
      [LSTM    ] acc=0.504
      [BiLSTM  ] acc=0.472
      [GRU     ] acc=0.520
      [CNN_LSTM] acc=0.480
      [CNN_GRU ] acc=0.520
      [calib]  temperature T=0.524  (prob spread: [0.447, 0.620])
    ~ Win 1 | 70% train | test_n=127 | OOS=51.18% | AUC=0.505 | F1=0.659 | LGB=54.33% | XGB=54.33% | T=0.52
         DL → LSTM=50.39%  BiLSTM=47.24%  GRU=51.97%  CNN_LSTM=48.03%  CNN_GRU=51.97%
      [scaler] range [-4.31, 5.00]  15.2% outside [-1,1]
      [PCA]    18 components → 91.0% explained variance
      [LSTM    ] acc=0.512
      [BiLSTM  ] acc=0.488
      [GRU     ] acc=0.449
      [CNN_LSTM] acc=0.504
      [CNN_GRU ] acc=0.543
      [calib]  temperature T=1.602  (prob spread: [0.457, 0.567])
    ~ Win 2 | 75% train | test_n=127 | OOS=50.39% | AUC=0.464 | F1=0.652 | LGB=51.18% | XGB=51.18% | T=1.60
         DL → LSTM=51.18%  BiLSTM=48.82%  GRU=44.88%  CNN_LSTM=50.39%  CNN_GRU=54.33%
      [scaler] range [-4.87, 5.00]  14.8% outside [-1,1]
      [PCA]    18 components → 90.9% explained variance
      [LSTM    ] acc=0.488
      [BiLSTM  ] acc=0.528
      [GRU     ] acc=0.535
      [CNN_LSTM] acc=0.543
      [CNN_GRU ] acc=0.512
      [calib]  temperature T=1.050  (prob spread: [0.485, 0.599])
    ✗ Win 3 | 80% train | test_n=127 | OOS=46.46% | AUC=0.481 | F1=0.626 | LGB=48.03% | XGB=51.18% | T=1.05
         DL → LSTM=48.82%  BiLSTM=52.76%  GRU=53.54%  CNN_LSTM=54.33%  CNN_GRU=51.18%
      [scaler] range [-5.00, 5.00]  14.6% outside [-1,1]
      [PCA]    18 components → 90.9% explained variance
      [LSTM    ] acc=0.551
      [BiLSTM  ] acc=0.535
      [GRU     ] acc=0.488
      [CNN_LSTM] acc=0.512
      [CNN_GRU ] acc=0.472
      [calib]  temperature T=1.528  (prob spread: [0.450, 0.651])
    ~ Win 4 | 85% train | test_n=127 | OOS=55.91% | AUC=0.554 | F1=0.689 | LGB=57.48% | XGB=57.48% | T=1.53
         DL → LSTM=55.12%  BiLSTM=53.54%  GRU=48.82%  CNN_LSTM=51.18%  CNN_GRU=47.24%
      [scaler] range [-5.00, 5.00]  14.8% outside [-1,1]
      [PCA]    18 components → 91.0% explained variance
      [LSTM    ] acc=0.457
      [BiLSTM  ] acc=0.567
      [GRU     ] acc=0.504
      [CNN_LSTM] acc=0.567
      [CNN_GRU ] acc=0.551
      [calib]  temperature T=1.403  (prob spread: [0.484, 0.587])
    ~ Win 5 | 90% train | test_n=127 | OOS=55.12% | AUC=0.553 | F1=0.682 | LGB=52.76% | XGB=55.91% | T=1.40
         DL → LSTM=45.67%  BiLSTM=56.69%  GRU=50.39%  CNN_LSTM=56.69%  CNN_GRU=55.12%
      [scaler] range [-5.00, 5.00]  14.5% outside [-1,1]
      [PCA]    18 components → 91.0% explained variance
      [LSTM    ] acc=0.562
      [BiLSTM  ] acc=0.625
      [GRU     ] acc=0.547
      [CNN_LSTM] acc=0.531
      [CNN_GRU ] acc=0.500
      [calib]  temperature T=0.619  (prob spread: [0.487, 0.615])
    ~ Win 6 | 95% train | test_n=64 | OOS=53.12% | AUC=0.489 | F1=0.694 | LGB=51.56% | XGB=56.25% | T=0.62
         DL → LSTM=56.25%  BiLSTM=62.50%  GRU=54.69%  CNN_LSTM=53.12%  CNN_GRU=50.00%
  [3/3] OOS Overall → Accuracy=51.93%  F1=0.6647  (699 preds, 6 wins, avg_T=1.12)
  Plots → 06_results\runs\20260301_000647\DRREDDY\plots
