
────────────────────────────────────────────────────────────
  HCLTECH
────────────────────────────────────────────────────────────
  HCLTECH      ✓ features cached  (1296 rows × 166 feat)
  [1/3] Walk-forward: 6 windows  |  1296 rows  |  166 features
        Win 1: train[0:817]  val[817:907]  test[907:1036]  (70%)
        Win 2: train[0:875]  val[875:972]  test[972:1101]  (75%)
        Win 3: train[0:933]  val[933:1036]  test[1036:1166]  (80%)
        Win 4: train[0:991]  val[991:1101]  test[1101:1231]  (85%)
        Win 5: train[0:1050]  val[1050:1166]  test[1166:1296]  (90%)
        Win 6: train[0:1108]  val[1108:1231]  test[1231:1296]  (95%)
  [1b] Feature selection: top 50 of 166 ... ✓ 50 features kept
  [2/3] Training...
      [scaler] range [-4.20, 5.00]  19.4% outside [-1,1]
      [PCA]    26 components → 90.3% explained variance
      [LSTM    ] acc=0.426
      [BiLSTM  ] acc=0.496
      [GRU     ] acc=0.496
      [CNN_LSTM] acc=0.535
      [CNN_GRU ] acc=0.519
      [calib]  temperature T=0.429  (prob spread: [0.500, 0.637])
    ~ Win 1 | 70% train | test_n=129 | OOS=52.71% | AUC=0.385 | F1=0.690 | LGB=55.04% | XGB=46.51% | T=0.43
         DL → LSTM=42.64%  BiLSTM=49.61%  GRU=49.61%  CNN_LSTM=53.49%  CNN_GRU=51.94%
      [scaler] range [-4.00, 5.00]  19.3% outside [-1,1]
      [PCA]    26 components → 90.2% explained variance
      [LSTM    ] acc=0.488
      [BiLSTM  ] acc=0.550
      [GRU     ] acc=0.519
      [CNN_LSTM] acc=0.527
      [CNN_GRU ] acc=0.512
      [calib]  temperature T=8.000  (prob spread: [0.502, 0.505])
    ~ Win 2 | 75% train | test_n=129 | OOS=56.59% | AUC=0.486 | F1=0.723 | LGB=56.59% | XGB=56.59% | T=8.00
         DL → LSTM=48.84%  BiLSTM=55.04%  GRU=51.94%  CNN_LSTM=52.71%  CNN_GRU=51.16%
      [scaler] range [-3.82, 5.00]  19.3% outside [-1,1]
      [PCA]    26 components → 90.1% explained variance
      [LSTM    ] acc=0.523
      [BiLSTM  ] acc=0.523
      [GRU     ] acc=0.546
      [CNN_LSTM] acc=0.515
      [CNN_GRU ] acc=0.554
      [calib]  temperature T=4.412  (prob spread: [0.502, 0.512])
    ~ Win 3 | 80% train | test_n=130 | OOS=51.54% | AUC=0.561 | F1=0.680 | LGB=51.54% | XGB=51.54% | T=4.41
         DL → LSTM=52.31%  BiLSTM=52.31%  GRU=54.62%  CNN_LSTM=51.54%  CNN_GRU=55.38%
      [scaler] range [-4.02, 5.00]  19.3% outside [-1,1]
      [PCA]    27 components → 91.0% explained variance
      [LSTM    ] acc=0.477
      [BiLSTM  ] acc=0.446
      [GRU     ] acc=0.446
      [CNN_LSTM] acc=0.485
      [CNN_GRU ] acc=0.462
      [calib]  temperature T=0.325  (prob spread: [0.322, 0.776])
    ✗ Win 4 | 85% train | test_n=130 | OOS=49.23% | AUC=0.454 | F1=0.637 | LGB=46.92% | XGB=42.31% | T=0.32
         DL → LSTM=47.69%  BiLSTM=44.62%  GRU=44.62%  CNN_LSTM=48.46%  CNN_GRU=46.15%
      [scaler] range [-3.95, 5.00]  19.5% outside [-1,1]
      [PCA]    27 components → 90.8% explained variance
      [LSTM    ] acc=0.492
      [BiLSTM  ] acc=0.492
      [GRU     ] acc=0.500
      [CNN_LSTM] acc=0.469
      [CNN_GRU ] acc=0.485
      [calib]  temperature T=0.753  (prob spread: [0.510, 0.624])
    ✗ Win 5 | 90% train | test_n=130 | OOS=48.46% | AUC=0.485 | F1=0.653 | LGB=52.31% | XGB=48.46% | T=0.75
         DL → LSTM=49.23%  BiLSTM=49.23%  GRU=50.00%  CNN_LSTM=46.92%  CNN_GRU=48.46%
      [scaler] range [-3.94, 5.00]  19.4% outside [-1,1]
      [PCA]    27 components → 90.8% explained variance
      [LSTM    ] acc=0.492
      [BiLSTM  ] acc=0.538
      [GRU     ] acc=0.554
      [CNN_LSTM] acc=0.508
      [CNN_GRU ] acc=0.462
      [calib]  temperature T=1.802  (prob spread: [0.486, 0.544])
    ~ Win 6 | 95% train | test_n=65 | OOS=50.77% | AUC=0.484 | F1=0.660 | LGB=50.77% | XGB=50.77% | T=1.80
         DL → LSTM=49.23%  BiLSTM=53.85%  GRU=55.38%  CNN_LSTM=50.77%  CNN_GRU=46.15%
  [3/3] OOS Overall → Accuracy=51.61%  F1=0.6761  (713 preds, 6 wins, avg_T=2.62)
  Plots → 06_results\runs\20260301_000647\HCLTECH\plots
