
────────────────────────────────────────────────────────────
  BRITANNIA
────────────────────────────────────────────────────────────
  BRITANNIA    ↻ computing features ... ✓ 1205 rows × 159 features
  [1/3] Walk-forward: 6 windows  |  1205 rows  |  159 features
        Win 1: train[0:759]  val[759:843]  test[843:964]  (70%)
        Win 2: train[0:813]  val[813:903]  test[903:1024]  (75%)
        Win 3: train[0:868]  val[868:964]  test[964:1084]  (80%)
        Win 4: train[0:922]  val[922:1024]  test[1024:1144]  (85%)
        Win 5: train[0:976]  val[976:1084]  test[1084:1205]  (90%)
        Win 6: train[0:1030]  val[1030:1144]  test[1144:1205]  (95%)
  [1b] Feature selection: top 50 of 159 ... ✓ 50 features kept
  [2/3] Training...
      [scaler] range [-5.00, 5.00]  18.3% outside [-1,1]
      [PCA]    26 components → 90.6% explained variance
      [LSTM    ] acc=0.504
      [BiLSTM  ] acc=0.504
      [GRU     ] acc=0.537
      [CNN_LSTM] acc=0.537
      [CNN_GRU ] acc=0.488
      [TCN_GRU ] acc=0.512
      [TCN_Transformer] acc=0.504
      [NBEATS  ] acc=0.496
      [calib]  temperature T=0.334  (prob spread: [0.304, 0.682])
    ~ Win 1 | 70% train | test_n=121 | OOS=50.41% | AUC=0.533 | F1=0.464 | LGB=52.89% | XGB=52.89% | T=0.33
         Dir → UP=54.17%  DOWN=47.95%  NEUTRAL=0.0%
         DL  → LSTM=50.41%  BiLSTM=50.41%  GRU=53.72%  CNN_LSTM=53.72%  CNN_GRU=48.76%  TCN_GRU=51.24%  TCN_Transformer=50.41%  NBEATS=49.59%
      [scaler] range [-5.00, 5.00]  18.1% outside [-1,1]
      [PCA]    26 components → 90.7% explained variance
      [LSTM    ] acc=0.488
      [BiLSTM  ] acc=0.471
      [GRU     ] acc=0.446
      [CNN_LSTM] acc=0.496
      [CNN_GRU ] acc=0.463
      [TCN_GRU ] acc=0.438
      [TCN_Transformer] acc=0.488
      [NBEATS  ] acc=0.545
      [calib]  temperature T=0.428  (prob spread: [0.342, 0.682])
    ~ Win 2 | 75% train | test_n=121 | OOS=56.20% | AUC=0.521 | F1=0.667 | LGB=53.72% | XGB=53.72% | T=0.43
         Dir → UP=56.38%  DOWN=55.56%  NEUTRAL=0.0%
         DL  → LSTM=48.76%  BiLSTM=47.11%  GRU=44.63%  CNN_LSTM=49.59%  CNN_GRU=46.28%  TCN_GRU=43.80%  TCN_Transformer=48.76%  NBEATS=54.55%
      [scaler] range [-5.00, 5.00]  17.9% outside [-1,1]
      [PCA]    26 components → 90.7% explained variance
      [LSTM    ] acc=0.508
      [BiLSTM  ] acc=0.450
      [GRU     ] acc=0.483
      [CNN_LSTM] acc=0.517
      [CNN_GRU ] acc=0.492
      [TCN_GRU ] acc=0.508
      [TCN_Transformer] acc=0.517
      [NBEATS  ] acc=0.508
      [calib]  temperature T=0.395  (prob spread: [0.291, 0.814])
    ~ Win 3 | 80% train | test_n=120 | OOS=56.67% | AUC=0.577 | F1=0.629 | LGB=50.83% | XGB=55.83% | T=0.40
         Dir → UP=56.41%  DOWN=57.14%  NEUTRAL=0.0%
         DL  → LSTM=50.83%  BiLSTM=45.00%  GRU=48.33%  CNN_LSTM=51.67%  CNN_GRU=49.17%  TCN_GRU=50.83%  TCN_Transformer=51.67%  NBEATS=50.83%
      [scaler] range [-5.00, 5.00]  17.9% outside [-1,1]
      [PCA]    26 components → 90.6% explained variance
      [LSTM    ] acc=0.467
      [BiLSTM  ] acc=0.525
      [GRU     ] acc=0.500
      [CNN_LSTM] acc=0.575
      [CNN_GRU ] acc=0.442
      [TCN_GRU ] acc=0.483
      [TCN_Transformer] acc=0.558
      [NBEATS  ] acc=0.525
      [calib]  temperature T=0.254  (prob spread: [0.151, 0.910])
    ~ Win 4 | 85% train | test_n=120 | OOS=55.00% | AUC=0.487 | F1=0.640 | LGB=48.33% | XGB=51.67% | T=0.25
         Dir → UP=59.26%  DOWN=46.15%  NEUTRAL=0.0%
         DL  → LSTM=46.67%  BiLSTM=52.50%  GRU=50.00%  CNN_LSTM=57.50%  CNN_GRU=44.17%  TCN_GRU=48.33%  TCN_Transformer=55.83%  NBEATS=52.50%
      [scaler] range [-5.00, 5.00]  17.7% outside [-1,1]
      [PCA]    26 components → 90.5% explained variance
      [LSTM    ] acc=0.512
      [BiLSTM  ] acc=0.562
      [GRU     ] acc=0.455
      [CNN_LSTM] acc=0.504
      [CNN_GRU ] acc=0.504
      [TCN_GRU ] acc=0.554
      [TCN_Transformer] acc=0.545
      [NBEATS  ] acc=0.562
      [calib]  temperature T=0.739  (prob spread: [0.405, 0.658])
    ✓ Win 5 | 90% train | test_n=121 | OOS=59.50% | AUC=0.566 | F1=0.671 | LGB=56.20% | XGB=53.72% | T=0.74
         Dir → UP=61.73%  DOWN=55.00%  NEUTRAL=0.0%
         DL  → LSTM=51.24%  BiLSTM=56.20%  GRU=45.45%  CNN_LSTM=50.41%  CNN_GRU=50.41%  TCN_GRU=55.37%  TCN_Transformer=54.55%  NBEATS=56.20%
      [scaler] range [-5.00, 5.00]  17.8% outside [-1,1]
      [PCA]    26 components → 90.2% explained variance
      [LSTM    ] acc=0.525
      [BiLSTM  ] acc=0.557
      [GRU     ] acc=0.393
      [CNN_LSTM] acc=0.541
      [CNN_GRU ] acc=0.525
      [TCN_GRU ] acc=0.475
      [TCN_Transformer] acc=0.557
      [NBEATS  ] acc=0.557
      [calib]  temperature T=0.354  (prob spread: [0.496, 0.679])
    ~ Win 6 | 95% train | test_n=61 | OOS=57.38% | AUC=0.499 | F1=0.723 | LGB=55.74% | XGB=54.10% | T=0.35
         Dir → UP=56.67%  DOWN=100.00%  NEUTRAL=0.0%
         DL  → LSTM=52.46%  BiLSTM=55.74%  GRU=39.34%  CNN_LSTM=54.10%  CNN_GRU=52.46%  TCN_GRU=47.54%  TCN_Transformer=55.74%  NBEATS=55.74%
  [3/3] OOS Overall → Accuracy=55.72%  F1=0.6343  (664 preds, 6 wins, avg_T=0.42)
  Plots → 06_results\runs\20260307_141956\BRITANNIA\plots
