
────────────────────────────────────────────────────────────
  BEL
────────────────────────────────────────────────────────────
  BEL          ↻ computing features ... ✓ 1455 rows × 159 features
  [1/3] Walk-forward: 6 windows  |  1455 rows  |  159 features
        Win 1: train[0:917]  val[917:1018]  test[1018:1164]  (70%)
        Win 2: train[0:982]  val[982:1091]  test[1091:1236]  (75%)
        Win 3: train[0:1048]  val[1048:1164]  test[1164:1309]  (80%)
        Win 4: train[0:1113]  val[1113:1236]  test[1236:1382]  (85%)
        Win 5: train[0:1179]  val[1179:1309]  test[1309:1455]  (90%)
        Win 6: train[0:1244]  val[1244:1382]  test[1382:1455]  (95%)
  [1b] Feature selection: top 50 of 159 ... ✓ 50 features kept
  [2/3] Training...
      [scaler] range [-5.00, 5.00]  17.9% outside [-1,1]
      [PCA]    25 components → 90.9% explained variance
      [LSTM    ] acc=0.548
      [BiLSTM  ] acc=0.603
      [GRU     ] acc=0.473
      [CNN_LSTM] acc=0.493
      [CNN_GRU ] acc=0.452
      [TCN_GRU ] acc=0.514
      [TCN_Transformer] acc=0.425
      [NBEATS  ] acc=0.610
      [calib]  temperature T=0.769  (prob spread: [0.465, 0.565])
    ~ Win 1 | 70% train | test_n=146 | OOS=52.74% | AUC=0.460 | F1=0.663 | LGB=58.90% | XGB=58.90% | T=0.77
         Dir → UP=56.67%  DOWN=34.62%  NEUTRAL=0.0%
         DL  → LSTM=54.79%  BiLSTM=60.27%  GRU=47.26%  CNN_LSTM=49.32%  CNN_GRU=45.21%  TCN_GRU=51.37%  TCN_Transformer=42.47%  NBEATS=60.96%
      [scaler] range [-5.00, 5.00]  17.9% outside [-1,1]
      [PCA]    25 components → 90.9% explained variance
      [LSTM    ] acc=0.517
      [BiLSTM  ] acc=0.503
      [GRU     ] acc=0.517
      [CNN_LSTM] acc=0.497
      [CNN_GRU ] acc=0.531
      [TCN_GRU ] acc=0.476
      [TCN_Transformer] acc=0.490
      [NBEATS  ] acc=0.469
      [calib]  temperature T=0.338  (prob spread: [0.202, 0.859])
    ~ Win 2 | 75% train | test_n=145 | OOS=53.79% | AUC=0.517 | F1=0.634 | LGB=51.72% | XGB=50.34% | T=0.34
         Dir → UP=52.73%  DOWN=57.14%  NEUTRAL=0.0%
         DL  → LSTM=51.72%  BiLSTM=50.34%  GRU=51.72%  CNN_LSTM=49.66%  CNN_GRU=53.10%  TCN_GRU=47.59%  TCN_Transformer=48.97%  NBEATS=46.90%
      [scaler] range [-5.00, 5.00]  17.9% outside [-1,1]
      [PCA]    24 components → 90.0% explained variance
      [LSTM    ] acc=0.469
      [BiLSTM  ] acc=0.469
      [GRU     ] acc=0.497
      [CNN_LSTM] acc=0.490
      [CNN_GRU ] acc=0.476
      [TCN_GRU ] acc=0.490
      [TCN_Transformer] acc=0.524
      [NBEATS  ] acc=0.490
      [calib]  temperature T=0.321  (prob spread: [0.352, 0.793])
    ~ Win 3 | 80% train | test_n=145 | OOS=51.72% | AUC=0.493 | F1=0.660 | LGB=51.03% | XGB=51.03% | T=0.32
         Dir → UP=51.52%  DOWN=53.85%  NEUTRAL=0.0%
         DL  → LSTM=46.90%  BiLSTM=46.90%  GRU=49.66%  CNN_LSTM=48.97%  CNN_GRU=47.59%  TCN_GRU=48.97%  TCN_Transformer=52.41%  NBEATS=48.97%
      [scaler] range [-5.00, 5.00]  17.8% outside [-1,1]
      [PCA]    25 components → 90.9% explained variance
      [LSTM    ] acc=0.418
      [BiLSTM  ] acc=0.514
      [GRU     ] acc=0.486
      [CNN_LSTM] acc=0.459
      [CNN_GRU ] acc=0.445
      [TCN_GRU ] acc=0.466
      [TCN_Transformer] acc=0.479
      [NBEATS  ] acc=0.514
      [calib]  temperature T=1.227  (prob spread: [0.490, 0.566])
    ✗ Win 4 | 85% train | test_n=146 | OOS=46.58% | AUC=0.457 | F1=0.632 | LGB=46.58% | XGB=46.58% | T=1.23
         Dir → UP=46.53%  DOWN=50.00%  NEUTRAL=0.0%
         DL  → LSTM=41.78%  BiLSTM=51.37%  GRU=48.63%  CNN_LSTM=45.89%  CNN_GRU=44.52%  TCN_GRU=46.58%  TCN_Transformer=47.95%  NBEATS=51.37%
      [scaler] range [-5.00, 5.00]  17.9% outside [-1,1]
      [PCA]    25 components → 90.9% explained variance
      [LSTM    ] acc=0.425
      [BiLSTM  ] acc=0.452
      [GRU     ] acc=0.500
      [CNN_LSTM] acc=0.473
      [CNN_GRU ] acc=0.521
      [TCN_GRU ] acc=0.479
      [TCN_Transformer] acc=0.473
      [NBEATS  ] acc=0.459
      [calib]  temperature T=0.783  (prob spread: [0.404, 0.663])
    ✗ Win 5 | 90% train | test_n=146 | OOS=42.47% | AUC=0.417 | F1=0.481 | LGB=50.68% | XGB=45.21% | T=0.78
         Dir → UP=40.62%  DOWN=46.00%  NEUTRAL=0.0%
         DL  → LSTM=42.47%  BiLSTM=45.21%  GRU=50.00%  CNN_LSTM=47.26%  CNN_GRU=52.05%  TCN_GRU=47.95%  TCN_Transformer=47.26%  NBEATS=45.89%
      [scaler] range [-5.00, 5.00]  17.9% outside [-1,1]
      [PCA]    25 components → 90.9% explained variance
      [LSTM    ] acc=0.548
      [BiLSTM  ] acc=0.507
      [GRU     ] acc=0.507
      [CNN_LSTM] acc=0.479
      [CNN_GRU ] acc=0.548
      [TCN_GRU ] acc=0.452
      [TCN_Transformer] acc=0.616
      [NBEATS  ] acc=0.507
      [calib]  temperature T=2.073  (prob spread: [0.496, 0.536])
    ✗ Win 6 | 95% train | test_n=73 | OOS=49.32% | AUC=0.435 | F1=0.661 | LGB=50.68% | XGB=50.68% | T=2.07
         Dir → UP=50.00%  DOWN=0.00%  NEUTRAL=0.0%
         DL  → LSTM=54.79%  BiLSTM=50.68%  GRU=50.68%  CNN_LSTM=47.95%  CNN_GRU=54.79%  TCN_GRU=45.21%  TCN_Transformer=61.64%  NBEATS=50.68%
  [3/3] OOS Overall → Accuracy=49.44%  F1=0.6240  (801 preds, 6 wins, avg_T=0.92)
  Plots → 06_results\runs\20260307_141956\BEL\plots
