
────────────────────────────────────────────────────────────
  BHEL
────────────────────────────────────────────────────────────
  BHEL         ↻ computing features ... ✓ 1478 rows × 159 features
  [1/3] Walk-forward: 6 windows  |  1478 rows  |  159 features
        Win 1: train[0:931]  val[931:1034]  test[1034:1182]  (70%)
        Win 2: train[0:998]  val[998:1108]  test[1108:1256]  (75%)
        Win 3: train[0:1064]  val[1064:1182]  test[1182:1330]  (80%)
        Win 4: train[0:1131]  val[1131:1256]  test[1256:1404]  (85%)
        Win 5: train[0:1197]  val[1197:1330]  test[1330:1478]  (90%)
        Win 6: train[0:1264]  val[1264:1404]  test[1404:1478]  (95%)
  [1b] Feature selection: top 50 of 159 ... ✓ 50 features kept
  [2/3] Training...
      [scaler] range [-5.00, 5.00]  17.8% outside [-1,1]
      [PCA]    23 components → 90.1% explained variance
      [LSTM    ] acc=0.466
      [BiLSTM  ] acc=0.547
      [GRU     ] acc=0.459
      [CNN_LSTM] acc=0.527
      [CNN_GRU ] acc=0.446
      [calib]  temperature T=0.324  (prob spread: [0.167, 0.842])
    ~ Win 1 | 70% train | test_n=148 | OOS=52.70% | AUC=0.510 | F1=0.573 | LGB=60.81% | XGB=61.49% | T=0.32
         DL → LSTM=46.62%  BiLSTM=54.73%  GRU=45.95%  CNN_LSTM=52.70%  CNN_GRU=44.59%
      [scaler] range [-5.00, 5.00]  17.6% outside [-1,1]
      [PCA]    23 components → 90.0% explained variance
      [LSTM    ] acc=0.514
      [BiLSTM  ] acc=0.473
      [GRU     ] acc=0.493
      [CNN_LSTM] acc=0.514
      [CNN_GRU ] acc=0.520
      [calib]  temperature T=0.151  (prob spread: [0.267, 0.697])
    ~ Win 2 | 75% train | test_n=148 | OOS=55.41% | AUC=0.575 | F1=0.676 | LGB=50.68% | XGB=50.68% | T=0.15
         DL → LSTM=51.35%  BiLSTM=47.30%  GRU=49.32%  CNN_LSTM=51.35%  CNN_GRU=52.03%
      [scaler] range [-5.00, 5.00]  17.6% outside [-1,1]
      [PCA]    23 components → 90.0% explained variance
      [LSTM    ] acc=0.568
      [BiLSTM  ] acc=0.527
      [GRU     ] acc=0.554
      [CNN_LSTM] acc=0.601
      [CNN_GRU ] acc=0.514
      [calib]  temperature T=0.794  (prob spread: [0.333, 0.670])
    ~ Win 3 | 80% train | test_n=148 | OOS=51.35% | AUC=0.538 | F1=0.644 | LGB=53.38% | XGB=53.38% | T=0.79
         DL → LSTM=56.76%  BiLSTM=52.70%  GRU=55.41%  CNN_LSTM=60.14%  CNN_GRU=51.35%
      [scaler] range [-5.00, 5.00]  17.4% outside [-1,1]
      [PCA]    24 components → 90.9% explained variance
      [LSTM    ] acc=0.520
      [BiLSTM  ] acc=0.527
      [GRU     ] acc=0.541
      [CNN_LSTM] acc=0.520
      [CNN_GRU ] acc=0.459
      [calib]  temperature T=0.989  (prob spread: [0.444, 0.593])
    ~ Win 4 | 85% train | test_n=148 | OOS=56.08% | AUC=0.550 | F1=0.663 | LGB=54.05% | XGB=54.73% | T=0.99
         DL → LSTM=52.03%  BiLSTM=52.70%  GRU=54.05%  CNN_LSTM=52.03%  CNN_GRU=45.95%
      [scaler] range [-5.00, 5.00]  17.6% outside [-1,1]
      [PCA]    24 components → 90.7% explained variance
      [LSTM    ] acc=0.453
      [BiLSTM  ] acc=0.446
      [GRU     ] acc=0.520
      [CNN_LSTM] acc=0.480
      [CNN_GRU ] acc=0.419
      [calib]  temperature T=0.535  (prob spread: [0.471, 0.659])
    ✗ Win 5 | 90% train | test_n=148 | OOS=49.32% | AUC=0.449 | F1=0.654 | LGB=50.68% | XGB=51.35% | T=0.53
         DL → LSTM=45.27%  BiLSTM=44.59%  GRU=52.03%  CNN_LSTM=47.97%  CNN_GRU=41.89%
      [scaler] range [-5.00, 5.00]  17.5% outside [-1,1]
      [PCA]    24 components → 90.6% explained variance
      [LSTM    ] acc=0.541
      [BiLSTM  ] acc=0.405
      [GRU     ] acc=0.473
      [CNN_LSTM] acc=0.554
      [CNN_GRU ] acc=0.514
      [calib]  temperature T=0.589  (prob spread: [0.430, 0.667])
    ~ Win 6 | 95% train | test_n=74 | OOS=54.05% | AUC=0.471 | F1=0.653 | LGB=50.00% | XGB=47.30% | T=0.59
         DL → LSTM=54.05%  BiLSTM=40.54%  GRU=47.30%  CNN_LSTM=55.41%  CNN_GRU=51.35%
  [3/3] OOS Overall → Accuracy=53.07%  F1=0.6456  (814 preds, 6 wins, avg_T=0.56)
  Plots → 06_results\runs\20260301_000647\BHEL\plots
