
────────────────────────────────────────────────────────────
  EXIDEIND
────────────────────────────────────────────────────────────
  EXIDEIND     ↻ computing features ... ✓ 1361 rows × 159 features
  [1/3] Walk-forward: 6 windows  |  1361 rows  |  159 features
        Win 1: train[0:857]  val[857:952]  test[952:1088]  (70%)
        Win 2: train[0:918]  val[918:1020]  test[1020:1156]  (75%)
        Win 3: train[0:980]  val[980:1088]  test[1088:1224]  (80%)
        Win 4: train[0:1041]  val[1041:1156]  test[1156:1292]  (85%)
        Win 5: train[0:1102]  val[1102:1224]  test[1224:1361]  (90%)
        Win 6: train[0:1163]  val[1163:1292]  test[1292:1361]  (95%)
  [1b] Feature selection: top 50 of 159 ... ✓ 50 features kept
  [2/3] Training...
      [scaler] range [-4.74, 5.00]  17.2% outside [-1,1]
      [PCA]    24 components → 90.4% explained variance
      [LSTM    ] acc=0.522
      [BiLSTM  ] acc=0.434
      [GRU     ] acc=0.515
      [CNN_LSTM] acc=0.522
      [CNN_GRU ] acc=0.551
      [TCN_GRU ] acc=0.515
      [TCN_Transformer] acc=0.574
      [NBEATS  ] acc=0.434
      [calib]  temperature T=0.164  (prob spread: [0.319, 0.605])
    ✗ Win 1 | 70% train | test_n=136 | OOS=42.65% | AUC=0.446 | F1=0.291 | LGB=51.47% | XGB=55.15% | T=0.16
         Dir → UP=45.71%  DOWN=41.58%  NEUTRAL=0.0%
         DL  → LSTM=52.21%  BiLSTM=43.38%  GRU=51.47%  CNN_LSTM=52.21%  CNN_GRU=55.15%  TCN_GRU=51.47%  TCN_Transformer=57.35%  NBEATS=43.38%
      [scaler] range [-4.77, 5.00]  17.0% outside [-1,1]
      [PCA]    24 components → 90.3% explained variance
      [LSTM    ] acc=0.471
      [BiLSTM  ] acc=0.507
      [GRU     ] acc=0.515
      [CNN_LSTM] acc=0.485
      [CNN_GRU ] acc=0.478
      [TCN_GRU ] acc=0.515
      [TCN_Transformer] acc=0.515
      [NBEATS  ] acc=0.478
      [calib]  temperature T=0.466  (prob spread: [0.257, 0.795])
    ~ Win 2 | 75% train | test_n=136 | OOS=57.35% | AUC=0.621 | F1=0.637 | LGB=44.12% | XGB=50.74% | T=0.47
         Dir → UP=53.68%  DOWN=65.85%  NEUTRAL=0.0%
         DL  → LSTM=47.06%  BiLSTM=50.74%  GRU=51.47%  CNN_LSTM=48.53%  CNN_GRU=47.79%  TCN_GRU=51.47%  TCN_Transformer=51.47%  NBEATS=47.79%
      [scaler] range [-4.46, 5.00]  16.7% outside [-1,1]
      [PCA]    24 components → 90.2% explained variance
      [LSTM    ] acc=0.522
      [BiLSTM  ] acc=0.551
      [GRU     ] acc=0.537
      [CNN_LSTM] acc=0.485
      [CNN_GRU ] acc=0.544
      [TCN_GRU ] acc=0.441
      [TCN_Transformer] acc=0.515
      [NBEATS  ] acc=0.485
      [calib]  temperature T=0.475  (prob spread: [0.264, 0.808])
    ~ Win 3 | 80% train | test_n=136 | OOS=54.41% | AUC=0.505 | F1=0.508 | LGB=47.06% | XGB=48.53% | T=0.47
         Dir → UP=53.33%  DOWN=55.26%  NEUTRAL=0.0%
         DL  → LSTM=52.21%  BiLSTM=55.15%  GRU=53.68%  CNN_LSTM=48.53%  CNN_GRU=54.41%  TCN_GRU=44.12%  TCN_Transformer=51.47%  NBEATS=48.53%
      [scaler] range [-4.51, 5.00]  16.9% outside [-1,1]
      [PCA]    24 components → 90.4% explained variance
      [LSTM    ] acc=0.522
      [BiLSTM  ] acc=0.507
      [GRU     ] acc=0.544
      [CNN_LSTM] acc=0.456
      [CNN_GRU ] acc=0.478
      [TCN_GRU ] acc=0.500
      [TCN_Transformer] acc=0.463
      [NBEATS  ] acc=0.478
      [calib]  temperature T=8.000  (prob spread: [0.492, 0.511])
    ✗ Win 4 | 85% train | test_n=136 | OOS=44.12% | AUC=0.414 | F1=0.449 | LGB=50.00% | XGB=52.21% | T=8.00
         Dir → UP=47.69%  DOWN=40.85%  NEUTRAL=0.0%
         DL  → LSTM=52.21%  BiLSTM=50.74%  GRU=54.41%  CNN_LSTM=45.59%  CNN_GRU=47.79%  TCN_GRU=50.00%  TCN_Transformer=46.32%  NBEATS=47.79%
      [scaler] range [-4.39, 5.00]  16.8% outside [-1,1]
      [PCA]    24 components → 90.0% explained variance
      [LSTM    ] acc=0.482
      [BiLSTM  ] acc=0.511
      [GRU     ] acc=0.511
      [CNN_LSTM] acc=0.438
      [CNN_GRU ] acc=0.584
      [TCN_GRU ] acc=0.504
      [TCN_Transformer] acc=0.540
      [NBEATS  ] acc=0.482
      [calib]  temperature T=8.000  (prob spread: [0.489, 0.517])
    ✗ Win 5 | 90% train | test_n=137 | OOS=39.42% | AUC=0.375 | F1=0.403 | LGB=46.72% | XGB=46.72% | T=8.00
         Dir → UP=37.33%  DOWN=41.94%  NEUTRAL=0.0%
         DL  → LSTM=48.18%  BiLSTM=51.09%  GRU=51.09%  CNN_LSTM=43.80%  CNN_GRU=58.39%  TCN_GRU=50.36%  TCN_Transformer=54.01%  NBEATS=48.18%
      [scaler] range [-4.11, 5.00]  16.6% outside [-1,1]
      [PCA]    25 components → 91.0% explained variance
      [LSTM    ] acc=0.420
      [BiLSTM  ] acc=0.449
      [GRU     ] acc=0.536
      [CNN_LSTM] acc=0.435
      [CNN_GRU ] acc=0.464
      [TCN_GRU ] acc=0.377
      [TCN_Transformer] acc=0.362
      [NBEATS  ] acc=0.580
      [calib]  temperature T=0.228  (prob spread: [0.291, 0.656])
    ✗ Win 6 | 95% train | test_n=69 | OOS=49.28% | AUC=0.432 | F1=0.507 | LGB=40.58% | XGB=40.58% | T=0.23
         Dir → UP=41.86%  DOWN=61.54%  NEUTRAL=0.0%
         DL  → LSTM=42.03%  BiLSTM=44.93%  GRU=53.62%  CNN_LSTM=43.48%  CNN_GRU=46.38%  TCN_GRU=37.68%  TCN_Transformer=36.23%  NBEATS=57.97%
  [3/3] OOS Overall → Accuracy=47.73%  F1=0.4731  (750 preds, 6 wins, avg_T=2.89)
  Plots → 06_results\runs\20260307_141956\EXIDEIND\plots
