
────────────────────────────────────────────────────────────
  BAJAJFINSV
────────────────────────────────────────────────────────────
  BAJAJFINSV   ↻ computing features ... ✓ 1334 rows × 159 features
  [1/3] Walk-forward: 6 windows  |  1334 rows  |  159 features
        Win 1: train[0:840]  val[840:933]  test[933:1067]  (70%)
        Win 2: train[0:900]  val[900:1000]  test[1000:1133]  (75%)
        Win 3: train[0:961]  val[961:1067]  test[1067:1200]  (80%)
        Win 4: train[0:1020]  val[1020:1133]  test[1133:1267]  (85%)
        Win 5: train[0:1080]  val[1080:1200]  test[1200:1334]  (90%)
        Win 6: train[0:1141]  val[1141:1267]  test[1267:1334]  (95%)
  [1b] Feature selection: top 50 of 159 ... ✓ 47 features kept
  [2/3] Training...
      [scaler] range [-4.65, 5.00]  14.5% outside [-1,1]
      [PCA]    18 components → 90.5% explained variance
      [LSTM    ] acc=0.493
      [BiLSTM  ] acc=0.537
      [GRU     ] acc=0.560
      [CNN_LSTM] acc=0.530
      [CNN_GRU ] acc=0.552
      [calib]  temperature T=0.103  (prob spread: [0.329, 0.938])
    ~ Win 1 | 70% train | test_n=134 | OOS=51.49% | AUC=0.451 | F1=0.629 | LGB=46.27% | XGB=45.52% | T=0.10
         DL → LSTM=49.25%  BiLSTM=53.73%  GRU=55.97%  CNN_LSTM=52.99%  CNN_GRU=55.22%
      [scaler] range [-5.00, 5.00]  14.7% outside [-1,1]
      [PCA]    18 components → 90.5% explained variance
      [LSTM    ] acc=0.474
      [BiLSTM  ] acc=0.519
      [GRU     ] acc=0.451
      [CNN_LSTM] acc=0.496
      [CNN_GRU ] acc=0.436
      [calib]  temperature T=8.000  (prob spread: [0.495, 0.507])
    ✗ Win 2 | 75% train | test_n=133 | OOS=43.61% | AUC=0.448 | F1=0.419 | LGB=53.38% | XGB=49.62% | T=8.00
         DL → LSTM=47.37%  BiLSTM=51.88%  GRU=45.11%  CNN_LSTM=49.62%  CNN_GRU=43.61%
      [scaler] range [-5.00, 5.00]  15.1% outside [-1,1]
      [PCA]    18 components → 90.6% explained variance
      [LSTM    ] acc=0.459
      [BiLSTM  ] acc=0.504
      [GRU     ] acc=0.586
      [CNN_LSTM] acc=0.436
      [CNN_GRU ] acc=0.496
      [calib]  temperature T=0.807  (prob spread: [0.485, 0.530])
    ✗ Win 3 | 80% train | test_n=133 | OOS=46.62% | AUC=0.423 | F1=0.608 | LGB=50.38% | XGB=50.38% | T=0.81
         DL → LSTM=45.86%  BiLSTM=50.38%  GRU=58.65%  CNN_LSTM=43.61%  CNN_GRU=49.62%
      [scaler] range [-5.00, 5.00]  14.6% outside [-1,1]
      [PCA]    18 components → 90.6% explained variance
      [LSTM    ] acc=0.575
      [BiLSTM  ] acc=0.530
      [GRU     ] acc=0.440
      [CNN_LSTM] acc=0.612
      [CNN_GRU ] acc=0.448
      [calib]  temperature T=8.000  (prob spread: [0.497, 0.506])
    ✗ Win 4 | 85% train | test_n=134 | OOS=47.76% | AUC=0.474 | F1=0.624 | LGB=49.25% | XGB=50.00% | T=8.00
         DL → LSTM=57.46%  BiLSTM=52.99%  GRU=44.03%  CNN_LSTM=61.19%  CNN_GRU=44.78%
      [scaler] range [-5.00, 5.00]  14.6% outside [-1,1]
      [PCA]    18 components → 90.6% explained variance
      [LSTM    ] acc=0.493
      [BiLSTM  ] acc=0.470
      [GRU     ] acc=0.485
      [CNN_LSTM] acc=0.515
      [CNN_GRU ] acc=0.440
      [calib]  temperature T=8.000  (prob spread: [0.498, 0.504])
    ✗ Win 5 | 90% train | test_n=134 | OOS=48.51% | AUC=0.503 | F1=0.642 | LGB=47.01% | XGB=47.01% | T=8.00
         DL → LSTM=49.25%  BiLSTM=47.01%  GRU=48.51%  CNN_LSTM=51.49%  CNN_GRU=44.03%
      [scaler] range [-5.00, 5.00]  14.3% outside [-1,1]
      [PCA]    18 components → 90.6% explained variance
      [LSTM    ] acc=0.522
      [BiLSTM  ] acc=0.493
      [GRU     ] acc=0.448
      [CNN_LSTM] acc=0.418
      [CNN_GRU ] acc=0.507
      [calib]  temperature T=0.336  (prob spread: [0.380, 0.674])
    ~ Win 6 | 95% train | test_n=67 | OOS=53.73% | AUC=0.489 | F1=0.597 | LGB=43.28% | XGB=47.76% | T=0.34
         DL → LSTM=52.24%  BiLSTM=49.25%  GRU=44.78%  CNN_LSTM=41.79%  CNN_GRU=50.75%
  [3/3] OOS Overall → Accuracy=48.16%  F1=0.5951  (735 preds, 6 wins, avg_T=4.21)
  Plots → 06_results\runs\20260301_000647\BAJAJFINSV\plots
