
────────────────────────────────────────────────────────────
  PIDILITIND
────────────────────────────────────────────────────────────
  PIDILITIND   ✓ features cached  (1284 rows × 159 feat)
  [1/3] Walk-forward: 6 windows  |  1284 rows  |  159 features
        Win 1: train[0:809]  val[809:898]  test[898:1027]  (70%)
        Win 2: train[0:867]  val[867:963]  test[963:1091]  (75%)
        Win 3: train[0:925]  val[925:1027]  test[1027:1155]  (80%)
        Win 4: train[0:982]  val[982:1091]  test[1091:1219]  (85%)
        Win 5: train[0:1040]  val[1040:1155]  test[1155:1284]  (90%)
        Win 6: train[0:1098]  val[1098:1219]  test[1219:1284]  (95%)
  [1b] Feature selection: top 50 of 159 ... ✓ 50 features kept
  [2/3] Training...
      [scaler] range [-4.62, 5.00]  18.2% outside [-1,1]
      [PCA]    28 components → 90.3% explained variance
      [LSTM    ] acc=0.488
      [BiLSTM  ] acc=0.512
      [GRU     ] acc=0.574
      [CNN_LSTM] acc=0.512
      [CNN_GRU ] acc=0.566
      [TCN_GRU ] acc=0.543
      [TCN_Transformer] acc=0.512
      [NBEATS  ] acc=0.620
      [calib]  temperature T=6.170  (prob spread: [0.495, 0.510])
    ✓ Win 1 | 70% train | test_n=129 | OOS=61.24% | AUC=0.503 | F1=0.747 | LGB=51.16% | XGB=51.94% | T=6.17
         Dir → UP=62.71%  DOWN=45.45%  NEUTRAL=0.0%
         DL  → LSTM=48.84%  BiLSTM=51.16%  GRU=57.36%  CNN_LSTM=51.16%  CNN_GRU=56.59%  TCN_GRU=54.26%  TCN_Transformer=51.16%  NBEATS=62.02%
      [scaler] range [-4.40, 5.00]  17.9% outside [-1,1]
      [PCA]    28 components → 90.2% explained variance
      [LSTM    ] acc=0.547
      [BiLSTM  ] acc=0.516
      [GRU     ] acc=0.578
      [CNN_LSTM] acc=0.461
      [CNN_GRU ] acc=0.531
      [TCN_GRU ] acc=0.516
      [TCN_Transformer] acc=0.508
      [NBEATS  ] acc=0.492
      [calib]  temperature T=0.416  (prob spread: [0.286, 0.636])
    ~ Win 2 | 75% train | test_n=128 | OOS=53.12% | AUC=0.548 | F1=0.474 | LGB=54.69% | XGB=51.56% | T=0.42
         Dir → UP=58.70%  DOWN=50.00%  NEUTRAL=0.0%
         DL  → LSTM=54.69%  BiLSTM=51.56%  GRU=57.81%  CNN_LSTM=46.09%  CNN_GRU=53.12%  TCN_GRU=51.56%  TCN_Transformer=50.78%  NBEATS=49.22%
      [scaler] range [-4.17, 5.00]  17.7% outside [-1,1]
      [PCA]    28 components → 90.1% explained variance
      [LSTM    ] acc=0.461
      [BiLSTM  ] acc=0.516
      [GRU     ] acc=0.469
      [CNN_LSTM] acc=0.516
      [CNN_GRU ] acc=0.477
      [TCN_GRU ] acc=0.547
      [TCN_Transformer] acc=0.492
      [NBEATS  ] acc=0.539
      [calib]  temperature T=0.361  (prob spread: [0.434, 0.632])
    ✗ Win 3 | 80% train | test_n=128 | OOS=49.22% | AUC=0.522 | F1=0.591 | LGB=46.09% | XGB=50.78% | T=0.36
         Dir → UP=47.00%  DOWN=57.14%  NEUTRAL=0.0%
         DL  → LSTM=46.09%  BiLSTM=51.56%  GRU=46.88%  CNN_LSTM=51.56%  CNN_GRU=47.66%  TCN_GRU=54.69%  TCN_Transformer=49.22%  NBEATS=53.91%
      [scaler] range [-4.26, 5.00]  17.6% outside [-1,1]
      [PCA]    29 components → 91.0% explained variance
      [LSTM    ] acc=0.438
      [BiLSTM  ] acc=0.523
      [GRU     ] acc=0.398
      [CNN_LSTM] acc=0.453
      [CNN_GRU ] acc=0.492
      [TCN_GRU ] acc=0.523
      [TCN_Transformer] acc=0.484
      [NBEATS  ] acc=0.430
      [calib]  temperature T=0.481  (prob spread: [0.419, 0.800])
    ✗ Win 4 | 85% train | test_n=128 | OOS=48.44% | AUC=0.458 | F1=0.649 | LGB=49.22% | XGB=47.66% | T=0.48
         Dir → UP=48.80%  DOWN=33.33%  NEUTRAL=0.0%
         DL  → LSTM=43.75%  BiLSTM=52.34%  GRU=39.84%  CNN_LSTM=45.31%  CNN_GRU=49.22%  TCN_GRU=52.34%  TCN_Transformer=48.44%  NBEATS=42.97%
      [scaler] range [-4.25, 5.00]  17.4% outside [-1,1]
      [PCA]    29 components → 90.8% explained variance
      [LSTM    ] acc=0.504
      [BiLSTM  ] acc=0.488
      [GRU     ] acc=0.434
      [CNN_LSTM] acc=0.473
      [CNN_GRU ] acc=0.504
      [TCN_GRU ] acc=0.504
      [TCN_Transformer] acc=0.496
      [NBEATS  ] acc=0.465
      [calib]  temperature T=3.636  (prob spread: [0.482, 0.525])
    ~ Win 5 | 90% train | test_n=129 | OOS=51.94% | AUC=0.459 | F1=0.631 | LGB=58.91% | XGB=56.59% | T=3.64
         Dir → UP=53.54%  DOWN=46.67%  NEUTRAL=0.0%
         DL  → LSTM=50.39%  BiLSTM=48.84%  GRU=43.41%  CNN_LSTM=47.29%  CNN_GRU=50.39%  TCN_GRU=50.39%  TCN_Transformer=49.61%  NBEATS=46.51%
      [scaler] range [-4.26, 5.00]  17.2% outside [-1,1]
      [PCA]    29 components → 90.6% explained variance
      [LSTM    ] acc=0.508
      [BiLSTM  ] acc=0.554
      [GRU     ] acc=0.569
      [CNN_LSTM] acc=0.400
      [CNN_GRU ] acc=0.415
      [TCN_GRU ] acc=0.554
      [TCN_Transformer] acc=0.523
      [NBEATS  ] acc=0.554
      [calib]  temperature T=8.000  (prob spread: [0.499, 0.509])
    ~ Win 6 | 95% train | test_n=65 | OOS=52.31% | AUC=0.521 | F1=0.687 | LGB=55.38% | XGB=55.38% | T=8.00
         Dir → UP=53.97%  DOWN=0.00%  NEUTRAL=0.0%
         DL  → LSTM=50.77%  BiLSTM=55.38%  GRU=56.92%  CNN_LSTM=40.00%  CNN_GRU=41.54%  TCN_GRU=55.38%  TCN_Transformer=52.31%  NBEATS=55.38%
  [3/3] OOS Overall → Accuracy=52.76%  F1=0.6393  (707 preds, 6 wins, avg_T=3.18)
  Plots → 06_results\runs\20260307_141956\PIDILITIND\plots
