
────────────────────────────────────────────────────────────
  TATASTEEL
────────────────────────────────────────────────────────────
  TATASTEEL    ↻ computing features ... ✓ 1425 rows × 159 features
  [1/3] Walk-forward: 6 windows  |  1425 rows  |  159 features
        Win 1: train[0:898]  val[898:997]  test[997:1140]  (70%)
        Win 2: train[0:962]  val[962:1068]  test[1068:1211]  (75%)
        Win 3: train[0:1026]  val[1026:1140]  test[1140:1282]  (80%)
        Win 4: train[0:1090]  val[1090:1211]  test[1211:1353]  (85%)
        Win 5: train[0:1154]  val[1154:1282]  test[1282:1425]  (90%)
        Win 6: train[0:1218]  val[1218:1353]  test[1353:1425]  (95%)
  [1b] Feature selection: top 50 of 159 ... ✓ 50 features kept
  [2/3] Training...
      [scaler] range [-3.24, 5.00]  13.8% outside [-1,1]
      [PCA]    18 components → 90.6% explained variance
      [LSTM    ] acc=0.538
      [BiLSTM  ] acc=0.517
      [GRU     ] acc=0.524
      [CNN_LSTM] acc=0.510
      [CNN_GRU ] acc=0.476
      [calib]  temperature T=0.446  (prob spread: [0.371, 0.661])
    ✗ Win 1 | 70% train | test_n=143 | OOS=49.65% | AUC=0.460 | F1=0.621 | LGB=55.24% | XGB=57.34% | T=0.45
         DL → LSTM=53.85%  BiLSTM=51.75%  GRU=52.45%  CNN_LSTM=51.05%  CNN_GRU=47.55%
      [scaler] range [-3.31, 5.00]  14.1% outside [-1,1]
      [PCA]    18 components → 90.5% explained variance
      [LSTM    ] acc=0.469
      [BiLSTM  ] acc=0.545
      [GRU     ] acc=0.483
      [CNN_LSTM] acc=0.524
      [CNN_GRU ] acc=0.503
      [calib]  temperature T=0.587  (prob spread: [0.439, 0.668])
    ✗ Win 2 | 75% train | test_n=143 | OOS=48.95% | AUC=0.484 | F1=0.640 | LGB=49.65% | XGB=49.65% | T=0.59
         DL → LSTM=46.85%  BiLSTM=54.55%  GRU=48.25%  CNN_LSTM=52.45%  CNN_GRU=50.35%
      [scaler] range [-3.40, 4.98]  14.0% outside [-1,1]
      [PCA]    18 components → 90.7% explained variance
      [LSTM    ] acc=0.507
      [BiLSTM  ] acc=0.486
      [GRU     ] acc=0.465
      [CNN_LSTM] acc=0.472
      [CNN_GRU ] acc=0.472
      [calib]  temperature T=0.666  (prob spread: [0.378, 0.724])
    ✗ Win 3 | 80% train | test_n=142 | OOS=47.89% | AUC=0.524 | F1=0.630 | LGB=50.00% | XGB=50.00% | T=0.67
         DL → LSTM=50.70%  BiLSTM=48.59%  GRU=46.48%  CNN_LSTM=47.18%  CNN_GRU=47.18%
      [scaler] range [-3.56, 5.00]  14.5% outside [-1,1]
      [PCA]    18 components → 90.4% explained variance
      [LSTM    ] acc=0.535
      [BiLSTM  ] acc=0.528
      [GRU     ] acc=0.577
      [CNN_LSTM] acc=0.486
      [CNN_GRU ] acc=0.528
      [calib]  temperature T=8.000  (prob spread: [0.500, 0.509])
    ~ Win 4 | 85% train | test_n=142 | OOS=55.63% | AUC=0.505 | F1=0.712 | LGB=54.93% | XGB=54.93% | T=8.00
         DL → LSTM=53.52%  BiLSTM=52.82%  GRU=57.75%  CNN_LSTM=48.59%  CNN_GRU=52.82%
      [scaler] range [-3.56, 4.96]  14.4% outside [-1,1]
      [PCA]    18 components → 90.2% explained variance
      [LSTM    ] acc=0.524
      [BiLSTM  ] acc=0.517
      [GRU     ] acc=0.490
      [CNN_LSTM] acc=0.531
      [CNN_GRU ] acc=0.462
      [calib]  temperature T=0.769  (prob spread: [0.476, 0.593])
    ~ Win 5 | 90% train | test_n=143 | OOS=51.05% | AUC=0.477 | F1=0.673 | LGB=55.94% | XGB=53.15% | T=0.77
         DL → LSTM=52.45%  BiLSTM=51.75%  GRU=48.95%  CNN_LSTM=53.15%  CNN_GRU=46.15%
      [scaler] range [-3.52, 5.00]  13.9% outside [-1,1]
      [PCA]    18 components → 90.3% explained variance
      [LSTM    ] acc=0.472
      [BiLSTM  ] acc=0.514
      [GRU     ] acc=0.472
      [CNN_LSTM] acc=0.514
      [CNN_GRU ] acc=0.431
      [calib]  temperature T=0.377  (prob spread: [0.346, 0.701])
    ~ Win 6 | 95% train | test_n=72 | OOS=51.39% | AUC=0.530 | F1=0.646 | LGB=50.00% | XGB=52.78% | T=0.38
         DL → LSTM=47.22%  BiLSTM=51.39%  GRU=47.22%  CNN_LSTM=51.39%  CNN_GRU=43.06%
  [3/3] OOS Overall → Accuracy=50.70%  F1=0.6560  (785 preds, 6 wins, avg_T=1.81)
  Plots → 06_results\runs\20260301_000647\TATASTEEL\plots
