
────────────────────────────────────────────────────────────
  ICICIGI
────────────────────────────────────────────────────────────
  ICICIGI      ↻ computing features ... ✓ 1324 rows × 159 features
  [1/3] Walk-forward: 6 windows  |  1324 rows  |  159 features
        Win 1: train[0:834]  val[834:926]  test[926:1059]  (70%)
        Win 2: train[0:894]  val[894:993]  test[993:1125]  (75%)
        Win 3: train[0:954]  val[954:1059]  test[1059:1191]  (80%)
        Win 4: train[0:1013]  val[1013:1125]  test[1125:1257]  (85%)
        Win 5: train[0:1072]  val[1072:1191]  test[1191:1324]  (90%)
        Win 6: train[0:1132]  val[1132:1257]  test[1257:1324]  (95%)
  [1b] Feature selection: top 50 of 159 ... ✓ 47 features kept
  [2/3] Training...
      [scaler] range [-4.70, 5.00]  17.7% outside [-1,1]
      [PCA]    27 components → 90.8% explained variance
      [LSTM    ] acc=0.519
      [BiLSTM  ] acc=0.496
      [GRU     ] acc=0.541
      [CNN_LSTM] acc=0.556
      [CNN_GRU ] acc=0.511
      [calib]  temperature T=0.482  (prob spread: [0.301, 0.739])
    ~ Win 1 | 70% train | test_n=133 | OOS=57.14% | AUC=0.555 | F1=0.637 | LGB=54.89% | XGB=52.63% | T=0.48
         DL → LSTM=51.88%  BiLSTM=49.62%  GRU=54.14%  CNN_LSTM=55.64%  CNN_GRU=51.13%
      [scaler] range [-4.69, 5.00]  17.5% outside [-1,1]
      [PCA]    27 components → 90.7% explained variance
      [LSTM    ] acc=0.561
      [BiLSTM  ] acc=0.545
      [GRU     ] acc=0.462
      [CNN_LSTM] acc=0.606
      [CNN_GRU ] acc=0.477
      [calib]  temperature T=1.195  (prob spread: [0.427, 0.612])
    ✗ Win 2 | 75% train | test_n=132 | OOS=48.48% | AUC=0.521 | F1=0.443 | LGB=46.97% | XGB=46.97% | T=1.19
         DL → LSTM=56.06%  BiLSTM=54.55%  GRU=46.21%  CNN_LSTM=60.61%  CNN_GRU=47.73%
      [scaler] range [-4.68, 5.00]  17.3% outside [-1,1]
      [PCA]    27 components → 90.7% explained variance
      [LSTM    ] acc=0.530
      [BiLSTM  ] acc=0.477
      [GRU     ] acc=0.439
      [CNN_LSTM] acc=0.500
      [CNN_GRU ] acc=0.470
      [calib]  temperature T=0.404  (prob spread: [0.305, 0.691])
    ✗ Win 3 | 80% train | test_n=132 | OOS=46.21% | AUC=0.427 | F1=0.432 | LGB=43.18% | XGB=42.42% | T=0.40
         DL → LSTM=53.03%  BiLSTM=47.73%  GRU=43.94%  CNN_LSTM=50.00%  CNN_GRU=46.97%
      [scaler] range [-4.59, 5.00]  17.4% outside [-1,1]
      [PCA]    27 components → 90.6% explained variance
      [LSTM    ] acc=0.523
      [BiLSTM  ] acc=0.561
      [GRU     ] acc=0.462
      [CNN_LSTM] acc=0.508
      [CNN_GRU ] acc=0.492
      [calib]  temperature T=0.358  (prob spread: [0.190, 0.805])
    ✗ Win 4 | 85% train | test_n=132 | OOS=43.94% | AUC=0.461 | F1=0.519 | LGB=47.73% | XGB=47.73% | T=0.36
         DL → LSTM=52.27%  BiLSTM=56.06%  GRU=46.21%  CNN_LSTM=50.76%  CNN_GRU=49.24%
      [scaler] range [-4.58, 5.00]  17.2% outside [-1,1]
      [PCA]    27 components → 90.4% explained variance
      [LSTM    ] acc=0.496
      [BiLSTM  ] acc=0.481
      [GRU     ] acc=0.474
      [CNN_LSTM] acc=0.511
      [CNN_GRU ] acc=0.466
      [calib]  temperature T=0.710  (prob spread: [0.445, 0.595])
    ✗ Win 5 | 90% train | test_n=133 | OOS=48.87% | AUC=0.550 | F1=0.614 | LGB=47.37% | XGB=47.37% | T=0.71
         DL → LSTM=49.62%  BiLSTM=48.12%  GRU=47.37%  CNN_LSTM=51.13%  CNN_GRU=46.62%
      [scaler] range [-4.58, 5.00]  17.0% outside [-1,1]
      [PCA]    27 components → 90.2% explained variance
      [LSTM    ] acc=0.463
      [BiLSTM  ] acc=0.493
      [GRU     ] acc=0.582
      [CNN_LSTM] acc=0.493
      [CNN_GRU ] acc=0.507
      [calib]  temperature T=2.181  (prob spread: [0.475, 0.534])
    ✗ Win 6 | 95% train | test_n=67 | OOS=47.76% | AUC=0.564 | F1=0.568 | LGB=58.21% | XGB=52.24% | T=2.18
         DL → LSTM=46.27%  BiLSTM=49.25%  GRU=58.21%  CNN_LSTM=49.25%  CNN_GRU=50.75%
  [3/3] OOS Overall → Accuracy=48.83%  F1=0.5423  (729 preds, 6 wins, avg_T=0.89)
  Plots → 06_results\runs\20260301_000647\ICICIGI\plots
