
────────────────────────────────────────────────────────────
  BHEL
────────────────────────────────────────────────────────────
  BHEL         ↻ computing features ... ✓ 1482 rows × 159 features
  [1/3] Walk-forward: 6 windows  |  1482 rows  |  159 features
        Win 1: train[0:934]  val[934:1037]  test[1037:1185]  (70%)
        Win 2: train[0:1000]  val[1000:1111]  test[1111:1259]  (75%)
        Win 3: train[0:1067]  val[1067:1185]  test[1185:1333]  (80%)
        Win 4: train[0:1134]  val[1134:1259]  test[1259:1407]  (85%)
        Win 5: train[0:1200]  val[1200:1333]  test[1333:1482]  (90%)
        Win 6: train[0:1267]  val[1267:1407]  test[1407:1482]  (95%)
  [1b] Feature selection: top 50 of 159 ... ✓ 50 features kept
  [2/3] Training...
      [scaler] range [-5.00, 5.00]  18.5% outside [-1,1]
      [PCA]    27 components → 90.7% explained variance
      [LSTM    ] acc=0.466
      [BiLSTM  ] acc=0.507
      [GRU     ] acc=0.500
      [CNN_LSTM] acc=0.581
      [CNN_GRU ] acc=0.507
      [TCN_GRU ] acc=0.500
      [TCN_Transformer] acc=0.601
      [NBEATS  ] acc=0.514
      [calib]  temperature T=0.382  (prob spread: [0.269, 0.889])
    ~ Win 1 | 70% train | test_n=148 | OOS=52.03% | AUC=0.515 | F1=0.570 | LGB=60.14% | XGB=60.14% | T=0.38
         Dir → UP=61.84%  DOWN=41.67%  NEUTRAL=0.0%
         DL  → LSTM=46.62%  BiLSTM=50.68%  GRU=50.00%  CNN_LSTM=58.11%  CNN_GRU=50.68%  TCN_GRU=50.00%  TCN_Transformer=60.14%  NBEATS=51.35%
      [scaler] range [-5.00, 5.00]  18.3% outside [-1,1]
      [PCA]    27 components → 90.7% explained variance
      [LSTM    ] acc=0.568
      [BiLSTM  ] acc=0.527
      [GRU     ] acc=0.547
      [CNN_LSTM] acc=0.486
      [CNN_GRU ] acc=0.500
      [TCN_GRU ] acc=0.480
      [TCN_Transformer] acc=0.520
      [NBEATS  ] acc=0.514
      [calib]  temperature T=0.270  (prob spread: [0.485, 0.708])
    ~ Win 2 | 75% train | test_n=148 | OOS=50.00% | AUC=0.543 | F1=0.667 | LGB=50.68% | XGB=52.03% | T=0.27
         Dir → UP=50.68%  DOWN=0.00%  NEUTRAL=0.0%
         DL  → LSTM=56.76%  BiLSTM=52.70%  GRU=54.73%  CNN_LSTM=48.65%  CNN_GRU=50.00%  TCN_GRU=47.97%  TCN_Transformer=52.03%  NBEATS=51.35%
      [scaler] range [-5.00, 5.00]  18.2% outside [-1,1]
      [PCA]    27 components → 90.7% explained variance
      [LSTM    ] acc=0.554
      [BiLSTM  ] acc=0.547
      [GRU     ] acc=0.527
      [CNN_LSTM] acc=0.534
      [CNN_GRU ] acc=0.473
      [TCN_GRU ] acc=0.466
      [TCN_Transformer] acc=0.500
      [NBEATS  ] acc=0.554
      [calib]  temperature T=0.788  (prob spread: [0.459, 0.618])
    ~ Win 3 | 80% train | test_n=148 | OOS=51.35% | AUC=0.507 | F1=0.629 | LGB=53.38% | XGB=53.38% | T=0.79
         Dir → UP=53.04%  DOWN=45.45%  NEUTRAL=0.0%
         DL  → LSTM=55.41%  BiLSTM=54.73%  GRU=52.70%  CNN_LSTM=53.38%  CNN_GRU=47.30%  TCN_GRU=46.62%  TCN_Transformer=50.00%  NBEATS=55.41%
      [scaler] range [-5.00, 5.00]  18.0% outside [-1,1]
      [PCA]    27 components → 90.7% explained variance
      [LSTM    ] acc=0.514
      [BiLSTM  ] acc=0.514
      [GRU     ] acc=0.541
      [CNN_LSTM] acc=0.432
      [CNN_GRU ] acc=0.480
      [TCN_GRU ] acc=0.507
      [TCN_Transformer] acc=0.534
      [NBEATS  ] acc=0.527
      [calib]  temperature T=0.107  (prob spread: [0.099, 0.994])
    ~ Win 4 | 85% train | test_n=148 | OOS=51.35% | AUC=0.522 | F1=0.625 | LGB=50.00% | XGB=50.68% | T=0.11
         Dir → UP=52.63%  DOWN=47.06%  NEUTRAL=0.0%
         DL  → LSTM=51.35%  BiLSTM=51.35%  GRU=54.05%  CNN_LSTM=43.24%  CNN_GRU=47.97%  TCN_GRU=50.68%  TCN_Transformer=53.38%  NBEATS=52.70%
      [scaler] range [-5.00, 5.00]  18.1% outside [-1,1]
      [PCA]    27 components → 90.5% explained variance
      [LSTM    ] acc=0.490
      [BiLSTM  ] acc=0.517
      [GRU     ] acc=0.517
      [CNN_LSTM] acc=0.517
      [CNN_GRU ] acc=0.523
      [TCN_GRU ] acc=0.470
      [TCN_Transformer] acc=0.523
      [NBEATS  ] acc=0.497
      [calib]  temperature T=0.647  (prob spread: [0.436, 0.757])
    ~ Win 5 | 90% train | test_n=149 | OOS=51.01% | AUC=0.465 | F1=0.664 | LGB=49.66% | XGB=55.03% | T=0.65
         Dir → UP=51.43%  DOWN=44.44%  NEUTRAL=0.0%
         DL  → LSTM=48.99%  BiLSTM=51.68%  GRU=51.68%  CNN_LSTM=51.68%  CNN_GRU=52.35%  TCN_GRU=46.98%  TCN_Transformer=52.35%  NBEATS=49.66%
      [scaler] range [-5.00, 5.00]  18.1% outside [-1,1]
      [PCA]    27 components → 90.5% explained variance
      [LSTM    ] acc=0.533
      [BiLSTM  ] acc=0.520
      [GRU     ] acc=0.453
      [CNN_LSTM] acc=0.507
      [CNN_GRU ] acc=0.467
      [TCN_GRU ] acc=0.400
      [TCN_Transformer] acc=0.413
      [NBEATS  ] acc=0.453
      [calib]  temperature T=0.427  (prob spread: [0.332, 0.646])
    ✗ Win 6 | 95% train | test_n=75 | OOS=41.33% | AUC=0.451 | F1=0.532 | LGB=54.67% | XGB=49.33% | T=0.43
         Dir → UP=47.17%  DOWN=27.27%  NEUTRAL=0.0%
         DL  → LSTM=53.33%  BiLSTM=52.00%  GRU=45.33%  CNN_LSTM=50.67%  CNN_GRU=46.67%  TCN_GRU=40.00%  TCN_Transformer=41.33%  NBEATS=45.33%
  [3/3] OOS Overall → Accuracy=50.25%  F1=0.6255  (816 preds, 6 wins, avg_T=0.44)
  Plots → 06_results\runs\20260307_141956\BHEL\plots
