
────────────────────────────────────────────────────────────
  SAIL
────────────────────────────────────────────────────────────
  SAIL         ↻ computing features ... ✓ 1487 rows × 159 features
  [1/3] Walk-forward: 6 windows  |  1487 rows  |  159 features
        Win 1: train[0:936]  val[936:1040]  test[1040:1189]  (70%)
        Win 2: train[0:1004]  val[1004:1115]  test[1115:1263]  (75%)
        Win 3: train[0:1071]  val[1071:1189]  test[1189:1338]  (80%)
        Win 4: train[0:1137]  val[1137:1263]  test[1263:1412]  (85%)
        Win 5: train[0:1205]  val[1205:1338]  test[1338:1487]  (90%)
        Win 6: train[0:1271]  val[1271:1412]  test[1412:1487]  (95%)
  [1b] Feature selection: top 50 of 159 ... ✓ 50 features kept
  [2/3] Training...
      [scaler] range [-5.00, 5.00]  14.7% outside [-1,1]
      [PCA]    21 components → 90.1% explained variance
      [LSTM    ] acc=0.490
      [BiLSTM  ] acc=0.523
      [GRU     ] acc=0.477
      [CNN_LSTM] acc=0.510
      [CNN_GRU ] acc=0.470
      [TCN_GRU ] acc=0.523
      [TCN_Transformer] acc=0.544
      [NBEATS  ] acc=0.470
      [calib]  temperature T=0.177  (prob spread: [0.162, 0.813])
    ✗ Win 1 | 70% train | test_n=149 | OOS=49.66% | AUC=0.482 | F1=0.444 | LGB=50.34% | XGB=50.34% | T=0.18
         Dir → UP=56.60%  DOWN=45.83%  NEUTRAL=0.0%
         DL  → LSTM=48.99%  BiLSTM=52.35%  GRU=47.65%  CNN_LSTM=51.01%  CNN_GRU=46.98%  TCN_GRU=52.35%  TCN_Transformer=54.36%  NBEATS=46.98%
      [scaler] range [-5.00, 5.00]  14.8% outside [-1,1]
      [PCA]    21 components → 90.1% explained variance
      [LSTM    ] acc=0.554
      [BiLSTM  ] acc=0.480
      [GRU     ] acc=0.514
      [CNN_LSTM] acc=0.507
      [CNN_GRU ] acc=0.432
      [TCN_GRU ] acc=0.473
      [TCN_Transformer] acc=0.507
      [NBEATS  ] acc=0.459
      [calib]  temperature T=0.361  (prob spread: [0.378, 0.876])
    ✗ Win 2 | 75% train | test_n=148 | OOS=46.62% | AUC=0.491 | F1=0.629 | LGB=45.95% | XGB=48.65% | T=0.36
         Dir → UP=46.21%  DOWN=66.67%  NEUTRAL=0.0%
         DL  → LSTM=55.41%  BiLSTM=47.97%  GRU=51.35%  CNN_LSTM=50.68%  CNN_GRU=43.24%  TCN_GRU=47.30%  TCN_Transformer=50.68%  NBEATS=45.95%
      [scaler] range [-5.00, 5.00]  14.8% outside [-1,1]
      [PCA]    21 components → 90.2% explained variance
      [LSTM    ] acc=0.490
      [BiLSTM  ] acc=0.584
      [GRU     ] acc=0.503
      [CNN_LSTM] acc=0.490
      [CNN_GRU ] acc=0.510
      [TCN_GRU ] acc=0.510
      [TCN_Transformer] acc=0.523
      [NBEATS  ] acc=0.503
      [calib]  temperature T=0.378  (prob spread: [0.146, 0.841])
    ✗ Win 3 | 80% train | test_n=149 | OOS=44.97% | AUC=0.486 | F1=0.529 | LGB=47.65% | XGB=48.99% | T=0.38
         Dir → UP=45.54%  DOWN=43.75%  NEUTRAL=0.0%
         DL  → LSTM=48.99%  BiLSTM=58.39%  GRU=50.34%  CNN_LSTM=48.99%  CNN_GRU=51.01%  TCN_GRU=51.01%  TCN_Transformer=52.35%  NBEATS=50.34%
      [scaler] range [-5.00, 5.00]  14.8% outside [-1,1]
      [PCA]    21 components → 90.2% explained variance
      [LSTM    ] acc=0.557
      [BiLSTM  ] acc=0.510
      [GRU     ] acc=0.550
      [CNN_LSTM] acc=0.483
      [CNN_GRU ] acc=0.497
      [TCN_GRU ] acc=0.517
      [TCN_Transformer] acc=0.544
      [NBEATS  ] acc=0.523
      [calib]  temperature T=1.241  (prob spread: [0.490, 0.555])
    ~ Win 4 | 85% train | test_n=149 | OOS=53.69% | AUC=0.532 | F1=0.663 | LGB=53.02% | XGB=51.68% | T=1.24
         Dir → UP=53.12%  DOWN=57.14%  NEUTRAL=0.0%
         DL  → LSTM=55.70%  BiLSTM=51.01%  GRU=55.03%  CNN_LSTM=48.32%  CNN_GRU=49.66%  TCN_GRU=51.68%  TCN_Transformer=54.36%  NBEATS=52.35%
      [scaler] range [-5.00, 5.00]  14.7% outside [-1,1]
      [PCA]    22 components → 90.9% explained variance
      [LSTM    ] acc=0.483
      [BiLSTM  ] acc=0.450
      [GRU     ] acc=0.570
      [CNN_LSTM] acc=0.470
      [CNN_GRU ] acc=0.470
      [TCN_GRU ] acc=0.483
      [TCN_Transformer] acc=0.463
      [NBEATS  ] acc=0.570
      [calib]  temperature T=1.385  (prob spread: [0.431, 0.572])
    ✓ Win 5 | 90% train | test_n=149 | OOS=59.06% | AUC=0.533 | F1=0.585 | LGB=48.32% | XGB=48.32% | T=1.38
         Dir → UP=57.33%  DOWN=60.81%  NEUTRAL=0.0%
         DL  → LSTM=48.32%  BiLSTM=44.97%  GRU=57.05%  CNN_LSTM=46.98%  CNN_GRU=46.98%  TCN_GRU=48.32%  TCN_Transformer=46.31%  NBEATS=57.05%
      [scaler] range [-5.00, 5.00]  14.6% outside [-1,1]
      [PCA]    22 components → 90.9% explained variance
      [LSTM    ] acc=0.467
      [BiLSTM  ] acc=0.533
      [GRU     ] acc=0.467
      [CNN_LSTM] acc=0.493
      [CNN_GRU ] acc=0.480
      [TCN_GRU ] acc=0.467
      [TCN_Transformer] acc=0.480
      [NBEATS  ] acc=0.493
      [calib]  temperature T=1.104  (prob spread: [0.492, 0.522])
    ~ Win 6 | 95% train | test_n=75 | OOS=50.67% | AUC=0.538 | F1=0.648 | LGB=48.00% | XGB=48.00% | T=1.10
         Dir → UP=49.28%  DOWN=66.67%  NEUTRAL=0.0%
         DL  → LSTM=46.67%  BiLSTM=53.33%  GRU=46.67%  CNN_LSTM=49.33%  CNN_GRU=48.00%  TCN_GRU=46.67%  TCN_Transformer=48.00%  NBEATS=49.33%
  [3/3] OOS Overall → Accuracy=50.79%  F1=0.5884  (819 preds, 6 wins, avg_T=0.77)
  Plots → 06_results\runs\20260307_141956\SAIL\plots
