
────────────────────────────────────────────────────────────
  DRREDDY
────────────────────────────────────────────────────────────
  DRREDDY      ↻ computing features ... ✓ 1273 rows × 159 features
  [1/3] Walk-forward: 6 windows  |  1273 rows  |  159 features
        Win 1: train[0:802]  val[802:891]  test[891:1018]  (70%)
        Win 2: train[0:859]  val[859:954]  test[954:1082]  (75%)
        Win 3: train[0:917]  val[917:1018]  test[1018:1145]  (80%)
        Win 4: train[0:974]  val[974:1082]  test[1082:1209]  (85%)
        Win 5: train[0:1031]  val[1031:1145]  test[1145:1273]  (90%)
        Win 6: train[0:1089]  val[1089:1209]  test[1209:1273]  (95%)
  [1b] Feature selection: top 50 of 159 ... ✓ 50 features kept
  [2/3] Training...
      [scaler] range [-4.37, 5.00]  13.8% outside [-1,1]
      [PCA]    22 components → 90.3% explained variance
      [LSTM    ] acc=0.520
      [BiLSTM  ] acc=0.520
      [GRU     ] acc=0.535
      [CNN_LSTM] acc=0.551
      [CNN_GRU ] acc=0.472
      [TCN_GRU ] acc=0.528
      [TCN_Transformer] acc=0.504
      [NBEATS  ] acc=0.528
      [calib]  temperature T=0.367  (prob spread: [0.286, 0.799])
    ~ Win 1 | 70% train | test_n=127 | OOS=51.97% | AUC=0.502 | F1=0.596 | LGB=44.09% | XGB=46.46% | T=0.37
         Dir → UP=55.56%  DOWN=45.65%  NEUTRAL=0.0%
         DL  → LSTM=51.97%  BiLSTM=51.97%  GRU=53.54%  CNN_LSTM=55.12%  CNN_GRU=47.24%  TCN_GRU=52.76%  TCN_Transformer=50.39%  NBEATS=52.76%
      [scaler] range [-4.20, 5.00]  13.6% outside [-1,1]
      [PCA]    22 components → 90.2% explained variance
      [LSTM    ] acc=0.516
      [BiLSTM  ] acc=0.531
      [GRU     ] acc=0.586
      [CNN_LSTM] acc=0.516
      [CNN_GRU ] acc=0.531
      [TCN_GRU ] acc=0.492
      [TCN_Transformer] acc=0.492
      [NBEATS  ] acc=0.516
      [calib]  temperature T=0.985  (prob spread: [0.481, 0.625])
    ~ Win 2 | 75% train | test_n=128 | OOS=50.00% | AUC=0.518 | F1=0.663 | LGB=48.44% | XGB=51.56% | T=0.98
         Dir → UP=50.81%  DOWN=25.00%  NEUTRAL=0.0%
         DL  → LSTM=51.56%  BiLSTM=53.12%  GRU=58.59%  CNN_LSTM=51.56%  CNN_GRU=53.12%  TCN_GRU=49.22%  TCN_Transformer=49.22%  NBEATS=51.56%
      [scaler] range [-4.11, 5.00]  13.4% outside [-1,1]
      [PCA]    23 components → 90.8% explained variance
      [LSTM    ] acc=0.543
      [BiLSTM  ] acc=0.535
      [GRU     ] acc=0.543
      [CNN_LSTM] acc=0.488
      [CNN_GRU ] acc=0.480
      [TCN_GRU ] acc=0.425
      [TCN_Transformer] acc=0.449
      [NBEATS  ] acc=0.512
      [calib]  temperature T=1.520  (prob spread: [0.499, 0.545])
    ✗ Win 3 | 80% train | test_n=127 | OOS=49.61% | AUC=0.527 | F1=0.656 | LGB=48.82% | XGB=48.82% | T=1.52
         Dir → UP=49.19%  DOWN=66.67%  NEUTRAL=0.0%
         DL  → LSTM=54.33%  BiLSTM=53.54%  GRU=54.33%  CNN_LSTM=48.82%  CNN_GRU=48.03%  TCN_GRU=42.52%  TCN_Transformer=44.88%  NBEATS=51.18%
      [scaler] range [-4.25, 5.00]  13.4% outside [-1,1]
      [PCA]    23 components → 90.8% explained variance
      [LSTM    ] acc=0.528
      [BiLSTM  ] acc=0.512
      [GRU     ] acc=0.551
      [CNN_LSTM] acc=0.488
      [CNN_GRU ] acc=0.472
      [TCN_GRU ] acc=0.449
      [TCN_Transformer] acc=0.575
      [NBEATS  ] acc=0.496
      [calib]  temperature T=1.082  (prob spread: [0.489, 0.556])
    ~ Win 4 | 85% train | test_n=127 | OOS=52.76% | AUC=0.463 | F1=0.681 | LGB=51.18% | XGB=51.18% | T=1.08
         Dir → UP=52.03%  DOWN=75.00%  NEUTRAL=0.0%
         DL  → LSTM=52.76%  BiLSTM=51.18%  GRU=55.12%  CNN_LSTM=48.82%  CNN_GRU=47.24%  TCN_GRU=44.88%  TCN_Transformer=57.48%  NBEATS=49.61%
      [scaler] range [-4.22, 5.00]  13.3% outside [-1,1]
      [PCA]    23 components → 90.7% explained variance
      [LSTM    ] acc=0.562
      [BiLSTM  ] acc=0.555
      [GRU     ] acc=0.547
      [CNN_LSTM] acc=0.516
      [CNN_GRU ] acc=0.562
      [TCN_GRU ] acc=0.508
      [TCN_Transformer] acc=0.531
      [NBEATS  ] acc=0.516
      [calib]  temperature T=2.749  (prob spread: [0.487, 0.524])
    ~ Win 5 | 90% train | test_n=128 | OOS=52.34% | AUC=0.500 | F1=0.681 | LGB=56.25% | XGB=56.25% | T=2.75
         Dir → UP=54.62%  DOWN=22.22%  NEUTRAL=0.0%
         DL  → LSTM=56.25%  BiLSTM=55.47%  GRU=54.69%  CNN_LSTM=51.56%  CNN_GRU=56.25%  TCN_GRU=50.78%  TCN_Transformer=53.12%  NBEATS=51.56%
      [scaler] range [-4.17, 5.00]  13.2% outside [-1,1]
      [PCA]    23 components → 90.4% explained variance
      [LSTM    ] acc=0.547
      [BiLSTM  ] acc=0.594
      [GRU     ] acc=0.531
      [CNN_LSTM] acc=0.594
      [CNN_GRU ] acc=0.594
      [TCN_GRU ] acc=0.422
      [TCN_Transformer] acc=0.594
      [NBEATS  ] acc=0.516
      [calib]  temperature T=0.987  (prob spread: [0.497, 0.550])
    ~ Win 6 | 95% train | test_n=64 | OOS=54.69% | AUC=0.460 | F1=0.707 | LGB=59.38% | XGB=59.38% | T=0.99
         Dir → UP=57.38%  DOWN=0.00%  NEUTRAL=0.0%
         DL  → LSTM=54.69%  BiLSTM=59.38%  GRU=53.12%  CNN_LSTM=59.38%  CNN_GRU=59.38%  TCN_GRU=42.19%  TCN_Transformer=59.38%  NBEATS=51.56%
  [3/3] OOS Overall → Accuracy=51.64%  F1=0.6627  (701 preds, 6 wins, avg_T=1.28)
  Plots → 06_results\runs\20260307_141956\DRREDDY\plots
