
────────────────────────────────────────────────────────────
  PAGEIND
────────────────────────────────────────────────────────────
  PAGEIND      ↻ computing features ... ✓ 1371 rows × 159 features
  [1/3] Walk-forward: 6 windows  |  1371 rows  |  159 features
        Win 1: train[0:864]  val[864:959]  test[959:1096]  (70%)
        Win 2: train[0:926]  val[926:1028]  test[1028:1165]  (75%)
        Win 3: train[0:987]  val[987:1096]  test[1096:1233]  (80%)
        Win 4: train[0:1049]  val[1049:1165]  test[1165:1302]  (85%)
        Win 5: train[0:1110]  val[1110:1233]  test[1233:1371]  (90%)
        Win 6: train[0:1172]  val[1172:1302]  test[1302:1371]  (95%)
  [1b] Feature selection: top 50 of 159 ... ✓ 50 features kept
  [2/3] Training...
      [scaler] range [-5.00, 5.00]  14.1% outside [-1,1]
      [PCA]    17 components → 90.8% explained variance
      [LSTM    ] acc=0.482
      [BiLSTM  ] acc=0.511
      [GRU     ] acc=0.496
      [CNN_LSTM] acc=0.438
      [CNN_GRU ] acc=0.453
      [calib]  temperature T=0.247  (prob spread: [0.109, 0.880])
    ✗ Win 1 | 70% train | test_n=137 | OOS=49.64% | AUC=0.513 | F1=0.473 | LGB=45.99% | XGB=45.26% | T=0.25
         DL → LSTM=48.18%  BiLSTM=51.09%  GRU=49.64%  CNN_LSTM=43.80%  CNN_GRU=45.26%
      [scaler] range [-5.00, 5.00]  13.8% outside [-1,1]
      [PCA]    17 components → 90.8% explained variance
      [LSTM    ] acc=0.533
      [BiLSTM  ] acc=0.526
      [GRU     ] acc=0.511
      [CNN_LSTM] acc=0.511
      [CNN_GRU ] acc=0.482
      [calib]  temperature T=8.000  (prob spread: [0.487, 0.509])
    ~ Win 2 | 75% train | test_n=137 | OOS=52.55% | AUC=0.545 | F1=0.526 | LGB=54.74% | XGB=51.82% | T=8.00
         DL → LSTM=53.28%  BiLSTM=52.55%  GRU=51.09%  CNN_LSTM=51.09%  CNN_GRU=48.18%
      [scaler] range [-5.00, 5.00]  14.0% outside [-1,1]
      [PCA]    17 components → 90.6% explained variance
      [LSTM    ] acc=0.511
      [BiLSTM  ] acc=0.431
      [GRU     ] acc=0.533
      [CNN_LSTM] acc=0.569
      [CNN_GRU ] acc=0.496
      [calib]  temperature T=0.267  (prob spread: [0.169, 0.761])
    ~ Win 3 | 80% train | test_n=137 | OOS=52.55% | AUC=0.559 | F1=0.472 | LGB=48.91% | XGB=53.28% | T=0.27
         DL → LSTM=51.09%  BiLSTM=43.07%  GRU=53.28%  CNN_LSTM=56.93%  CNN_GRU=49.64%
      [scaler] range [-5.00, 5.00]  14.1% outside [-1,1]
      [PCA]    17 components → 90.4% explained variance
      [LSTM    ] acc=0.504
      [BiLSTM  ] acc=0.584
      [GRU     ] acc=0.489
      [CNN_LSTM] acc=0.489
      [CNN_GRU ] acc=0.482
      [calib]  temperature T=8.000  (prob spread: [0.495, 0.502])
    ~ Win 4 | 85% train | test_n=137 | OOS=50.36% | AUC=0.540 | F1=0.460 | LGB=49.64% | XGB=51.09% | T=8.00
         DL → LSTM=50.36%  BiLSTM=58.39%  GRU=48.91%  CNN_LSTM=48.91%  CNN_GRU=48.18%
      [scaler] range [-5.00, 5.00]  13.7% outside [-1,1]
      [PCA]    17 components → 90.3% explained variance
      [LSTM    ] acc=0.565
      [BiLSTM  ] acc=0.587
      [GRU     ] acc=0.514
      [CNN_LSTM] acc=0.572
      [CNN_GRU ] acc=0.551
      [calib]  temperature T=0.437  (prob spread: [0.391, 0.560])
    ~ Win 5 | 90% train | test_n=138 | OOS=57.25% | AUC=0.578 | F1=0.337 | LGB=41.30% | XGB=41.30% | T=0.44
         DL → LSTM=56.52%  BiLSTM=58.70%  GRU=51.45%  CNN_LSTM=57.25%  CNN_GRU=55.07%
      [scaler] range [-5.00, 5.00]  14.0% outside [-1,1]
      [PCA]    17 components → 90.3% explained variance
      [LSTM    ] acc=0.623
      [BiLSTM  ] acc=0.638
      [GRU     ] acc=0.565
      [CNN_LSTM] acc=0.623
      [CNN_GRU ] acc=0.638
      [calib]  temperature T=0.455  (prob spread: [0.388, 0.547])
    ✓ Win 6 | 95% train | test_n=69 | OOS=65.22% | AUC=0.615 | F1=0.143 | LGB=31.88% | XGB=57.97% | T=0.45
         DL → LSTM=62.32%  BiLSTM=63.77%  GRU=56.52%  CNN_LSTM=62.32%  CNN_GRU=63.77%
  [3/3] OOS Overall → Accuracy=53.64%  F1=0.4479  (755 preds, 6 wins, avg_T=2.90)
  Plots → 06_results\runs\20260301_000647\PAGEIND\plots
