
────────────────────────────────────────────────────────────
  NESTLEIND
────────────────────────────────────────────────────────────
  NESTLEIND    ↻ computing features ... ✓ 1247 rows × 159 features
  [1/3] Walk-forward: 6 windows  |  1247 rows  |  159 features
        Win 1: train[0:785]  val[785:872]  test[872:997]  (70%)
        Win 2: train[0:842]  val[842:935]  test[935:1059]  (75%)
        Win 3: train[0:898]  val[898:997]  test[997:1122]  (80%)
        Win 4: train[0:954]  val[954:1059]  test[1059:1184]  (85%)
        Win 5: train[0:1010]  val[1010:1122]  test[1122:1247]  (90%)
        Win 6: train[0:1066]  val[1066:1184]  test[1184:1247]  (95%)
  [1b] Feature selection: top 50 of 159 ... ✓ 50 features kept
  [2/3] Training...
      [scaler] range [-4.30, 5.00]  15.4% outside [-1,1]
      [PCA]    25 components → 90.9% explained variance
      [LSTM    ] acc=0.488
      [BiLSTM  ] acc=0.472
      [GRU     ] acc=0.512
      [CNN_LSTM] acc=0.544
      [CNN_GRU ] acc=0.528
      [TCN_GRU ] acc=0.536
      [TCN_Transformer] acc=0.528
      [NBEATS  ] acc=0.456
      [calib]  temperature T=0.370  (prob spread: [0.268, 0.752])
    ~ Win 1 | 70% train | test_n=125 | OOS=52.00% | AUC=0.552 | F1=0.483 | LGB=51.20% | XGB=48.00% | T=0.37
         Dir → UP=57.14%  DOWN=48.68%  NEUTRAL=0.0%
         DL  → LSTM=48.80%  BiLSTM=47.20%  GRU=51.20%  CNN_LSTM=54.40%  CNN_GRU=52.80%  TCN_GRU=53.60%  TCN_Transformer=52.80%  NBEATS=45.60%
      [scaler] range [-4.24, 5.00]  15.1% outside [-1,1]
      [PCA]    25 components → 90.8% explained variance
      [LSTM    ] acc=0.460
      [BiLSTM  ] acc=0.500
      [GRU     ] acc=0.500
      [CNN_LSTM] acc=0.452
      [CNN_GRU ] acc=0.492
      [TCN_GRU ] acc=0.460
      [TCN_Transformer] acc=0.419
      [NBEATS  ] acc=0.476
      [calib]  temperature T=0.351  (prob spread: [0.327, 0.826])
    ✗ Win 2 | 75% train | test_n=124 | OOS=48.39% | AUC=0.394 | F1=0.600 | LGB=50.81% | XGB=49.19% | T=0.35
         Dir → UP=48.48%  DOWN=48.00%  NEUTRAL=0.0%
         DL  → LSTM=45.97%  BiLSTM=50.00%  GRU=50.00%  CNN_LSTM=45.16%  CNN_GRU=49.19%  TCN_GRU=45.97%  TCN_Transformer=41.94%  NBEATS=47.58%
      [scaler] range [-4.20, 5.00]  15.1% outside [-1,1]
      [PCA]    25 components → 90.8% explained variance
      [LSTM    ] acc=0.488
      [BiLSTM  ] acc=0.440
      [GRU     ] acc=0.480
      [CNN_LSTM] acc=0.448
      [CNN_GRU ] acc=0.488
      [TCN_GRU ] acc=0.424
      [TCN_Transformer] acc=0.472
      [NBEATS  ] acc=0.488
      [calib]  temperature T=0.465  (prob spread: [0.442, 0.718])
    ✗ Win 3 | 80% train | test_n=125 | OOS=49.60% | AUC=0.543 | F1=0.652 | LGB=48.80% | XGB=51.20% | T=0.46
         Dir → UP=49.17%  DOWN=60.00%  NEUTRAL=0.0%
         DL  → LSTM=48.80%  BiLSTM=44.00%  GRU=48.00%  CNN_LSTM=44.80%  CNN_GRU=48.80%  TCN_GRU=42.40%  TCN_Transformer=47.20%  NBEATS=48.80%
      [scaler] range [-4.05, 5.00]  15.1% outside [-1,1]
      [PCA]    25 components → 90.5% explained variance
      [LSTM    ] acc=0.504
      [BiLSTM  ] acc=0.520
      [GRU     ] acc=0.552
      [CNN_LSTM] acc=0.504
      [CNN_GRU ] acc=0.504
      [TCN_GRU ] acc=0.544
      [TCN_Transformer] acc=0.504
      [NBEATS  ] acc=0.512
      [calib]  temperature T=8.000  (prob spread: [0.490, 0.517])
    ✗ Win 4 | 85% train | test_n=125 | OOS=44.80% | AUC=0.456 | F1=0.592 | LGB=50.40% | XGB=47.20% | T=8.00
         Dir → UP=47.17%  DOWN=31.58%  NEUTRAL=0.0%
         DL  → LSTM=50.40%  BiLSTM=52.00%  GRU=55.20%  CNN_LSTM=50.40%  CNN_GRU=50.40%  TCN_GRU=54.40%  TCN_Transformer=50.40%  NBEATS=51.20%
      [scaler] range [-3.81, 5.00]  14.9% outside [-1,1]
      [PCA]    25 components → 90.4% explained variance
      [LSTM    ] acc=0.512
      [BiLSTM  ] acc=0.464
      [GRU     ] acc=0.512
      [CNN_LSTM] acc=0.504
      [CNN_GRU ] acc=0.520
      [TCN_GRU ] acc=0.480
      [TCN_Transformer] acc=0.456
      [NBEATS  ] acc=0.504
      [calib]  temperature T=8.000  (prob spread: [0.500, 0.507])
    ~ Win 5 | 90% train | test_n=125 | OOS=52.00% | AUC=0.497 | F1=0.681 | LGB=51.20% | XGB=51.20% | T=8.00
         Dir → UP=51.61%  DOWN=100.00%  NEUTRAL=0.0%
         DL  → LSTM=51.20%  BiLSTM=46.40%  GRU=51.20%  CNN_LSTM=50.40%  CNN_GRU=52.00%  TCN_GRU=48.00%  TCN_Transformer=45.60%  NBEATS=50.40%
      [scaler] range [-3.70, 5.00]  15.2% outside [-1,1]
      [PCA]    25 components → 90.2% explained variance
      [LSTM    ] acc=0.540
      [BiLSTM  ] acc=0.524
      [GRU     ] acc=0.476
      [CNN_LSTM] acc=0.460
      [CNN_GRU ] acc=0.540
      [TCN_GRU ] acc=0.508
      [TCN_Transformer] acc=0.556
      [NBEATS  ] acc=0.492
      [calib]  temperature T=0.100  (prob spread: [0.038, 0.993])
    ~ Win 6 | 95% train | test_n=63 | OOS=50.79% | AUC=0.452 | F1=0.644 | LGB=46.03% | XGB=53.97% | T=0.10
         Dir → UP=53.85%  DOWN=36.36%  NEUTRAL=0.0%
         DL  → LSTM=53.97%  BiLSTM=52.38%  GRU=47.62%  CNN_LSTM=46.03%  CNN_GRU=53.97%  TCN_GRU=50.79%  TCN_Transformer=55.56%  NBEATS=49.21%
  [3/3] OOS Overall → Accuracy=49.49%  F1=0.6149  (687 preds, 6 wins, avg_T=2.88)
  Plots → 06_results\runs\20260307_141956\NESTLEIND\plots
