
────────────────────────────────────────────────────────────
  MANAPPURAM
────────────────────────────────────────────────────────────
  MANAPPURAM   ↻ computing features ... ✓ 1448 rows × 159 features
  [1/3] Walk-forward: 6 windows  |  1448 rows  |  159 features
        Win 1: train[0:912]  val[912:1013]  test[1013:1158]  (70%)
        Win 2: train[0:978]  val[978:1086]  test[1086:1230]  (75%)
        Win 3: train[0:1043]  val[1043:1158]  test[1158:1303]  (80%)
        Win 4: train[0:1107]  val[1107:1230]  test[1230:1375]  (85%)
        Win 5: train[0:1173]  val[1173:1303]  test[1303:1448]  (90%)
        Win 6: train[0:1238]  val[1238:1375]  test[1375:1448]  (95%)
  [1b] Feature selection: top 50 of 159 ... ✓ 47 features kept
  [2/3] Training...
      [scaler] range [-5.00, 5.00]  15.1% outside [-1,1]
      [PCA]    23 components → 91.1% explained variance
      [LSTM    ] acc=0.469
      [BiLSTM  ] acc=0.469
      [GRU     ] acc=0.455
      [CNN_LSTM] acc=0.448
      [CNN_GRU ] acc=0.510
      [calib]  temperature T=0.232  (prob spread: [0.324, 0.629])
    ~ Win 1 | 70% train | test_n=145 | OOS=54.48% | AUC=0.556 | F1=0.484 | LGB=52.41% | XGB=53.79% | T=0.23
         DL → LSTM=46.90%  BiLSTM=46.90%  GRU=45.52%  CNN_LSTM=44.83%  CNN_GRU=51.03%
      [scaler] range [-5.00, 5.00]  15.3% outside [-1,1]
      [PCA]    23 components → 91.0% explained variance
      [LSTM    ] acc=0.472
      [BiLSTM  ] acc=0.444
      [GRU     ] acc=0.486
      [CNN_LSTM] acc=0.507
      [CNN_GRU ] acc=0.500
      [calib]  temperature T=0.258  (prob spread: [0.230, 0.893])
    ✗ Win 2 | 75% train | test_n=144 | OOS=44.44% | AUC=0.448 | F1=0.452 | LGB=49.31% | XGB=49.31% | T=0.26
         DL → LSTM=47.22%  BiLSTM=44.44%  GRU=48.61%  CNN_LSTM=50.69%  CNN_GRU=50.00%
      [scaler] range [-5.00, 5.00]  15.3% outside [-1,1]
      [PCA]    23 components → 91.0% explained variance
      [LSTM    ] acc=0.579
      [BiLSTM  ] acc=0.483
      [GRU     ] acc=0.497
      [CNN_LSTM] acc=0.545
      [CNN_GRU ] acc=0.545
      [calib]  temperature T=0.513  (prob spread: [0.456, 0.661])
    ~ Win 3 | 80% train | test_n=145 | OOS=56.55% | AUC=0.568 | F1=0.588 | LGB=47.59% | XGB=51.03% | T=0.51
         DL → LSTM=57.93%  BiLSTM=48.28%  GRU=49.66%  CNN_LSTM=54.48%  CNN_GRU=54.48%
      [scaler] range [-5.00, 5.00]  15.2% outside [-1,1]
      [PCA]    23 components → 90.8% explained variance
      [LSTM    ] acc=0.517
      [BiLSTM  ] acc=0.572
      [GRU     ] acc=0.552
      [CNN_LSTM] acc=0.497
      [CNN_GRU ] acc=0.524
      [calib]  temperature T=8.000  (prob spread: [0.494, 0.508])
    ~ Win 4 | 85% train | test_n=145 | OOS=57.24% | AUC=0.557 | F1=0.652 | LGB=55.17% | XGB=55.17% | T=8.00
         DL → LSTM=51.72%  BiLSTM=57.24%  GRU=55.17%  CNN_LSTM=49.66%  CNN_GRU=52.41%
      [scaler] range [-5.00, 5.00]  15.0% outside [-1,1]
      [PCA]    23 components → 90.6% explained variance
      [LSTM    ] acc=0.483
      [BiLSTM  ] acc=0.455
      [GRU     ] acc=0.448
      [CNN_LSTM] acc=0.545
      [CNN_GRU ] acc=0.490
      [calib]  temperature T=1.784  (prob spread: [0.496, 0.514])
    ✗ Win 5 | 90% train | test_n=145 | OOS=48.28% | AUC=0.519 | F1=0.641 | LGB=51.03% | XGB=51.03% | T=1.78
         DL → LSTM=48.28%  BiLSTM=45.52%  GRU=44.83%  CNN_LSTM=54.48%  CNN_GRU=48.97%
      [scaler] range [-5.00, 5.00]  14.9% outside [-1,1]
      [PCA]    23 components → 90.6% explained variance
      [LSTM    ] acc=0.534
      [BiLSTM  ] acc=0.479
      [GRU     ] acc=0.534
      [CNN_LSTM] acc=0.548
      [CNN_GRU ] acc=0.507
      [calib]  temperature T=0.351  (prob spread: [0.419, 0.614])
    ~ Win 6 | 95% train | test_n=73 | OOS=52.05% | AUC=0.513 | F1=0.364 | LGB=47.95% | XGB=47.95% | T=0.35
         DL → LSTM=53.42%  BiLSTM=47.95%  GRU=53.42%  CNN_LSTM=54.79%  CNN_GRU=50.68%
  [3/3] OOS Overall → Accuracy=52.20%  F1=0.5616  (797 preds, 6 wins, avg_T=1.86)
  Plots → 06_results\runs\20260301_000647\MANAPPURAM\plots
