
────────────────────────────────────────────────────────────
  TVSMOTOR
────────────────────────────────────────────────────────────
  TVSMOTOR     ↻ computing features ... ✓ 1396 rows × 159 features
  [1/3] Walk-forward: 6 windows  |  1396 rows  |  159 features
        Win 1: train[0:880]  val[880:977]  test[977:1116]  (70%)
        Win 2: train[0:943]  val[943:1047]  test[1047:1186]  (75%)
        Win 3: train[0:1005]  val[1005:1116]  test[1116:1256]  (80%)
        Win 4: train[0:1068]  val[1068:1186]  test[1186:1326]  (85%)
        Win 5: train[0:1131]  val[1131:1256]  test[1256:1396]  (90%)
        Win 6: train[0:1194]  val[1194:1326]  test[1326:1396]  (95%)
  [1b] Feature selection: top 50 of 159 ... ✓ 50 features kept
  [2/3] Training...
      [scaler] range [-5.00, 5.00]  18.8% outside [-1,1]
      [PCA]    25 components → 90.6% explained variance
      [LSTM    ] acc=0.525
      [BiLSTM  ] acc=0.547
      [GRU     ] acc=0.489
      [CNN_LSTM] acc=0.496
      [CNN_GRU ] acc=0.504
      [TCN_GRU ] acc=0.532
      [TCN_Transformer] acc=0.496
      [NBEATS  ] acc=0.439
      [calib]  temperature T=0.166  (prob spread: [0.094, 0.823])
    ✗ Win 1 | 70% train | test_n=139 | OOS=48.92% | AUC=0.506 | F1=0.570 | LGB=51.80% | XGB=54.68% | T=0.17
         Dir → UP=52.81%  DOWN=42.00%  NEUTRAL=0.0%
         DL  → LSTM=52.52%  BiLSTM=54.68%  GRU=48.92%  CNN_LSTM=49.64%  CNN_GRU=50.36%  TCN_GRU=53.24%  TCN_Transformer=49.64%  NBEATS=43.88%
      [scaler] range [-5.00, 5.00]  19.0% outside [-1,1]
      [PCA]    25 components → 90.6% explained variance
      [LSTM    ] acc=0.540
      [BiLSTM  ] acc=0.525
      [GRU     ] acc=0.482
      [CNN_LSTM] acc=0.525
      [CNN_GRU ] acc=0.525
      [TCN_GRU ] acc=0.554
      [TCN_Transformer] acc=0.532
      [NBEATS  ] acc=0.532
      [calib]  temperature T=0.350  (prob spread: [0.229, 0.856])
    ✗ Win 2 | 75% train | test_n=139 | OOS=48.92% | AUC=0.446 | F1=0.640 | LGB=55.40% | XGB=55.40% | T=0.35
         Dir → UP=52.50%  DOWN=26.32%  NEUTRAL=0.0%
         DL  → LSTM=53.96%  BiLSTM=52.52%  GRU=48.20%  CNN_LSTM=52.52%  CNN_GRU=52.52%  TCN_GRU=55.40%  TCN_Transformer=53.24%  NBEATS=53.24%
      [scaler] range [-5.00, 5.00]  19.0% outside [-1,1]
      [PCA]    25 components → 90.5% explained variance
      [LSTM    ] acc=0.550
      [BiLSTM  ] acc=0.493
      [GRU     ] acc=0.586
      [CNN_LSTM] acc=0.557
      [CNN_GRU ] acc=0.543
      [TCN_GRU ] acc=0.521
      [TCN_Transformer] acc=0.550
      [NBEATS  ] acc=0.464
      [calib]  temperature T=0.608  (prob spread: [0.399, 0.650])
    ~ Win 3 | 80% train | test_n=140 | OOS=55.00% | AUC=0.463 | F1=0.677 | LGB=55.00% | XGB=55.00% | T=0.61
         Dir → UP=55.93%  DOWN=50.00%  NEUTRAL=0.0%
         DL  → LSTM=55.00%  BiLSTM=49.29%  GRU=58.57%  CNN_LSTM=55.71%  CNN_GRU=54.29%  TCN_GRU=52.14%  TCN_Transformer=55.00%  NBEATS=46.43%
      [scaler] range [-5.00, 5.00]  18.8% outside [-1,1]
      [PCA]    25 components → 90.3% explained variance
      [LSTM    ] acc=0.579
      [BiLSTM  ] acc=0.521
      [GRU     ] acc=0.564
      [CNN_LSTM] acc=0.550
      [CNN_GRU ] acc=0.529
      [TCN_GRU ] acc=0.507
      [TCN_Transformer] acc=0.500
      [NBEATS  ] acc=0.507
      [calib]  temperature T=1.202  (prob spread: [0.492, 0.579])
    ~ Win 4 | 85% train | test_n=140 | OOS=55.00% | AUC=0.478 | F1=0.693 | LGB=52.86% | XGB=52.86% | T=1.20
         Dir → UP=54.20%  DOWN=66.67%  NEUTRAL=0.0%
         DL  → LSTM=57.86%  BiLSTM=52.14%  GRU=56.43%  CNN_LSTM=55.00%  CNN_GRU=52.86%  TCN_GRU=50.71%  TCN_Transformer=50.00%  NBEATS=50.71%
      [scaler] range [-5.00, 5.00]  18.7% outside [-1,1]
      [PCA]    25 components → 90.2% explained variance
      [LSTM    ] acc=0.521
      [BiLSTM  ] acc=0.507
      [GRU     ] acc=0.500
      [CNN_LSTM] acc=0.514
      [CNN_GRU ] acc=0.514
      [TCN_GRU ] acc=0.514
      [TCN_Transformer] acc=0.529
      [NBEATS  ] acc=0.514
      [calib]  temperature T=1.031  (prob spread: [0.494, 0.618])
    ~ Win 5 | 90% train | test_n=140 | OOS=50.00% | AUC=0.451 | F1=0.667 | LGB=49.29% | XGB=55.00% | T=1.03
         Dir → UP=50.72%  DOWN=0.00%  NEUTRAL=0.0%
         DL  → LSTM=52.14%  BiLSTM=50.71%  GRU=50.00%  CNN_LSTM=51.43%  CNN_GRU=51.43%  TCN_GRU=51.43%  TCN_Transformer=52.86%  NBEATS=51.43%
      [scaler] range [-5.00, 5.00]  18.4% outside [-1,1]
      [PCA]    25 components → 90.3% explained variance
      [LSTM    ] acc=0.500
      [BiLSTM  ] acc=0.500
      [GRU     ] acc=0.500
      [CNN_LSTM] acc=0.457
      [CNN_GRU ] acc=0.529
      [TCN_GRU ] acc=0.514
      [TCN_Transformer] acc=0.571
      [NBEATS  ] acc=0.500
      [calib]  temperature T=0.364  (prob spread: [0.532, 0.733])
    ~ Win 6 | 95% train | test_n=70 | OOS=50.00% | AUC=0.528 | F1=0.667 | LGB=48.57% | XGB=50.00% | T=0.36
         Dir → UP=50.00%  DOWN=0.00%  NEUTRAL=0.0%
         DL  → LSTM=50.00%  BiLSTM=50.00%  GRU=50.00%  CNN_LSTM=45.71%  CNN_GRU=52.86%  TCN_GRU=51.43%  TCN_Transformer=57.14%  NBEATS=50.00%
  [3/3] OOS Overall → Accuracy=51.43%  F1=0.6537  (768 preds, 6 wins, avg_T=0.62)
  Plots → 06_results\runs\20260307_141956\TVSMOTOR\plots
