
────────────────────────────────────────────────────────────
  EICHERMOT
────────────────────────────────────────────────────────────
  EICHERMOT    ↻ computing features ... ✓ 1375 rows × 159 features
  [1/3] Walk-forward: 6 windows  |  1375 rows  |  159 features
        Win 1: train[0:866]  val[866:962]  test[962:1100]  (70%)
        Win 2: train[0:928]  val[928:1031]  test[1031:1168]  (75%)
        Win 3: train[0:990]  val[990:1100]  test[1100:1237]  (80%)
        Win 4: train[0:1052]  val[1052:1168]  test[1168:1306]  (85%)
        Win 5: train[0:1114]  val[1114:1237]  test[1237:1375]  (90%)
        Win 6: train[0:1176]  val[1176:1306]  test[1306:1375]  (95%)
  [1b] Feature selection: top 50 of 159 ... ✓ 50 features kept
  [2/3] Training...
      [scaler] range [-5.00, 5.00]  14.5% outside [-1,1]
      [PCA]    16 components → 90.5% explained variance
      [LSTM    ] acc=0.493
      [BiLSTM  ] acc=0.478
      [GRU     ] acc=0.529
      [CNN_LSTM] acc=0.478
      [CNN_GRU ] acc=0.543
      [calib]  temperature T=0.837  (prob spread: [0.452, 0.561])
    ~ Win 1 | 70% train | test_n=138 | OOS=51.45% | AUC=0.481 | F1=0.568 | LGB=53.62% | XGB=53.62% | T=0.84
         DL → LSTM=49.28%  BiLSTM=47.83%  GRU=52.90%  CNN_LSTM=47.83%  CNN_GRU=54.35%
      [scaler] range [-5.00, 5.00]  14.5% outside [-1,1]
      [PCA]    16 components → 90.6% explained variance
      [LSTM    ] acc=0.540
      [BiLSTM  ] acc=0.526
      [GRU     ] acc=0.526
      [CNN_LSTM] acc=0.569
      [CNN_GRU ] acc=0.489
      [calib]  temperature T=0.431  (prob spread: [0.355, 0.696])
    ~ Win 2 | 75% train | test_n=137 | OOS=51.82% | AUC=0.510 | F1=0.542 | LGB=51.09% | XGB=48.18% | T=0.43
         DL → LSTM=54.01%  BiLSTM=52.55%  GRU=52.55%  CNN_LSTM=56.93%  CNN_GRU=48.91%
      [scaler] range [-5.00, 5.00]  14.7% outside [-1,1]
      [PCA]    16 components → 90.6% explained variance
      [LSTM    ] acc=0.518
      [BiLSTM  ] acc=0.496
      [GRU     ] acc=0.577
      [CNN_LSTM] acc=0.504
      [CNN_GRU ] acc=0.540
      [calib]  temperature T=0.293  (prob spread: [0.133, 0.911])
    ~ Win 3 | 80% train | test_n=137 | OOS=52.55% | AUC=0.514 | F1=0.552 | LGB=46.72% | XGB=48.18% | T=0.29
         DL → LSTM=51.82%  BiLSTM=49.64%  GRU=57.66%  CNN_LSTM=50.36%  CNN_GRU=54.01%
      [scaler] range [-5.00, 5.00]  14.6% outside [-1,1]
      [PCA]    16 components → 90.6% explained variance
      [LSTM    ] acc=0.580
      [BiLSTM  ] acc=0.551
      [GRU     ] acc=0.464
      [CNN_LSTM] acc=0.543
      [CNN_GRU ] acc=0.529
      [calib]  temperature T=2.924  (prob spread: [0.500, 0.513])
    ~ Win 4 | 85% train | test_n=138 | OOS=55.07% | AUC=0.450 | F1=0.708 | LGB=53.62% | XGB=48.55% | T=2.92
         DL → LSTM=57.97%  BiLSTM=55.07%  GRU=46.38%  CNN_LSTM=54.35%  CNN_GRU=52.90%
      [scaler] range [-5.00, 5.00]  14.4% outside [-1,1]
      [PCA]    16 components → 90.3% explained variance
      [LSTM    ] acc=0.522
      [BiLSTM  ] acc=0.580
      [GRU     ] acc=0.565
      [CNN_LSTM] acc=0.543
      [CNN_GRU ] acc=0.551
      [calib]  temperature T=8.000  (prob spread: [0.499, 0.504])
    ~ Win 5 | 90% train | test_n=138 | OOS=57.97% | AUC=0.563 | F1=0.707 | LGB=55.80% | XGB=55.80% | T=8.00
         DL → LSTM=52.17%  BiLSTM=57.97%  GRU=56.52%  CNN_LSTM=54.35%  CNN_GRU=55.07%
      [scaler] range [-5.00, 5.00]  14.6% outside [-1,1]
      [PCA]    16 components → 90.1% explained variance
      [LSTM    ] acc=0.594
      [BiLSTM  ] acc=0.623
      [GRU     ] acc=0.565
      [CNN_LSTM] acc=0.493
      [CNN_GRU ] acc=0.565
      [calib]  temperature T=0.540  (prob spread: [0.451, 0.557])
    ✓ Win 6 | 95% train | test_n=69 | OOS=60.87% | AUC=0.675 | F1=0.557 | LGB=53.62% | XGB=52.17% | T=0.54
         DL → LSTM=59.42%  BiLSTM=62.32%  GRU=56.52%  CNN_LSTM=49.28%  CNN_GRU=56.52%
  [3/3] OOS Overall → Accuracy=54.43%  F1=0.6230  (757 preds, 6 wins, avg_T=2.17)
  Plots → 06_results\runs\20260301_000647\EICHERMOT\plots
