
────────────────────────────────────────────────────────────
  LT
────────────────────────────────────────────────────────────
  LT           ↻ computing features ... ✓ 1319 rows × 159 features
  [1/3] Walk-forward: 6 windows  |  1319 rows  |  159 features
        Win 1: train[0:831]  val[831:923]  test[923:1055]  (70%)
        Win 2: train[0:891]  val[891:989]  test[989:1121]  (75%)
        Win 3: train[0:950]  val[950:1055]  test[1055:1187]  (80%)
        Win 4: train[0:1009]  val[1009:1121]  test[1121:1253]  (85%)
        Win 5: train[0:1069]  val[1069:1187]  test[1187:1319]  (90%)
        Win 6: train[0:1128]  val[1128:1253]  test[1253:1319]  (95%)
  [1b] Feature selection: top 50 of 159 ... ✓ 50 features kept
  [2/3] Training...
      [scaler] range [-5.00, 5.00]  15.1% outside [-1,1]
      [PCA]    24 components → 90.8% explained variance
      [LSTM    ] acc=0.561
      [BiLSTM  ] acc=0.477
      [GRU     ] acc=0.470
      [CNN_LSTM] acc=0.515
      [CNN_GRU ] acc=0.538
      [calib]  temperature T=0.221  (prob spread: [0.192, 0.851])
    ~ Win 1 | 70% train | test_n=132 | OOS=57.58% | AUC=0.530 | F1=0.692 | LGB=53.03% | XGB=54.55% | T=0.22
         DL → LSTM=56.06%  BiLSTM=47.73%  GRU=46.97%  CNN_LSTM=51.52%  CNN_GRU=53.79%
      [scaler] range [-5.00, 5.00]  14.9% outside [-1,1]
      [PCA]    24 components → 90.8% explained variance
      [LSTM    ] acc=0.591
      [BiLSTM  ] acc=0.561
      [GRU     ] acc=0.545
      [CNN_LSTM] acc=0.508
      [CNN_GRU ] acc=0.492
      [calib]  temperature T=0.401  (prob spread: [0.463, 0.752])
    ~ Win 2 | 75% train | test_n=132 | OOS=55.30% | AUC=0.529 | F1=0.697 | LGB=54.55% | XGB=53.79% | T=0.40
         DL → LSTM=59.09%  BiLSTM=56.06%  GRU=54.55%  CNN_LSTM=50.76%  CNN_GRU=49.24%
      [scaler] range [-5.00, 5.00]  15.3% outside [-1,1]
      [PCA]    24 components → 90.9% explained variance
      [LSTM    ] acc=0.485
      [BiLSTM  ] acc=0.515
      [GRU     ] acc=0.515
      [CNN_LSTM] acc=0.470
      [CNN_GRU ] acc=0.553
      [calib]  temperature T=0.222  (prob spread: [0.246, 0.839])
    ~ Win 3 | 80% train | test_n=132 | OOS=52.27% | AUC=0.566 | F1=0.652 | LGB=46.21% | XGB=46.21% | T=0.22
         DL → LSTM=48.48%  BiLSTM=51.52%  GRU=51.52%  CNN_LSTM=46.97%  CNN_GRU=55.30%
      [scaler] range [-5.00, 5.00]  15.3% outside [-1,1]
      [PCA]    24 components → 90.8% explained variance
      [LSTM    ] acc=0.492
      [BiLSTM  ] acc=0.462
      [GRU     ] acc=0.515
      [CNN_LSTM] acc=0.477
      [CNN_GRU ] acc=0.485
      [calib]  temperature T=0.830  (prob spread: [0.471, 0.589])
    ✗ Win 4 | 85% train | test_n=132 | OOS=49.24% | AUC=0.527 | F1=0.649 | LGB=47.73% | XGB=47.73% | T=0.83
         DL → LSTM=49.24%  BiLSTM=46.21%  GRU=51.52%  CNN_LSTM=47.73%  CNN_GRU=48.48%
      [scaler] range [-5.00, 5.00]  15.4% outside [-1,1]
      [PCA]    24 components → 90.5% explained variance
      [LSTM    ] acc=0.583
      [BiLSTM  ] acc=0.583
      [GRU     ] acc=0.583
      [CNN_LSTM] acc=0.500
      [CNN_GRU ] acc=0.561
      [calib]  temperature T=8.000  (prob spread: [0.496, 0.512])
    ~ Win 5 | 90% train | test_n=132 | OOS=54.55% | AUC=0.512 | F1=0.703 | LGB=58.33% | XGB=59.09% | T=8.00
         DL → LSTM=58.33%  BiLSTM=58.33%  GRU=58.33%  CNN_LSTM=50.00%  CNN_GRU=56.06%
      [scaler] range [-5.00, 5.00]  15.4% outside [-1,1]
      [PCA]    24 components → 90.5% explained variance
      [LSTM    ] acc=0.470
      [BiLSTM  ] acc=0.545
      [GRU     ] acc=0.606
      [CNN_LSTM] acc=0.606
      [CNN_GRU ] acc=0.591
      [calib]  temperature T=8.000  (prob spread: [0.498, 0.510])
    ✓ Win 6 | 95% train | test_n=66 | OOS=62.12% | AUC=0.591 | F1=0.747 | LGB=62.12% | XGB=66.67% | T=8.00
         DL → LSTM=46.97%  BiLSTM=54.55%  GRU=60.61%  CNN_LSTM=60.61%  CNN_GRU=59.09%
  [3/3] OOS Overall → Accuracy=54.55%  F1=0.6857  (726 preds, 6 wins, avg_T=2.95)
  Plots → 06_results\runs\20260301_000647\LT\plots
