
────────────────────────────────────────────────────────────
  BANDHANBNK
────────────────────────────────────────────────────────────
  BANDHANBNK   ↻ computing features ... ✓ 1433 rows × 159 features
  [1/3] Walk-forward: 6 windows  |  1433 rows  |  159 features
        Win 1: train[0:903]  val[903:1003]  test[1003:1146]  (70%)
        Win 2: train[0:967]  val[967:1074]  test[1074:1218]  (75%)
        Win 3: train[0:1032]  val[1032:1146]  test[1146:1289]  (80%)
        Win 4: train[0:1097]  val[1097:1218]  test[1218:1361]  (85%)
        Win 5: train[0:1161]  val[1161:1289]  test[1289:1433]  (90%)
        Win 6: train[0:1225]  val[1225:1361]  test[1361:1433]  (95%)
  [1b] Feature selection: top 50 of 159 ... ✓ 47 features kept
  [2/3] Training...
      [scaler] range [-5.00, 5.00]  15.5% outside [-1,1]
      [PCA]    20 components → 90.9% explained variance
      [LSTM    ] acc=0.524
      [BiLSTM  ] acc=0.483
      [GRU     ] acc=0.552
      [CNN_LSTM] acc=0.490
      [CNN_GRU ] acc=0.517
      [calib]  temperature T=0.439  (prob spread: [0.269, 0.730])
    ✗ Win 1 | 70% train | test_n=143 | OOS=47.55% | AUC=0.465 | F1=0.409 | LGB=45.45% | XGB=46.85% | T=0.44
         DL → LSTM=52.45%  BiLSTM=48.25%  GRU=55.24%  CNN_LSTM=48.95%  CNN_GRU=51.75%
      [scaler] range [-5.00, 5.00]  15.0% outside [-1,1]
      [PCA]    20 components → 90.9% explained variance
      [LSTM    ] acc=0.521
      [BiLSTM  ] acc=0.562
      [GRU     ] acc=0.507
      [CNN_LSTM] acc=0.486
      [CNN_GRU ] acc=0.583
      [calib]  temperature T=2.737  (prob spread: [0.436, 0.554])
    ~ Win 2 | 75% train | test_n=144 | OOS=53.47% | AUC=0.539 | F1=0.455 | LGB=53.47% | XGB=50.00% | T=2.74
         DL → LSTM=52.08%  BiLSTM=56.25%  GRU=50.69%  CNN_LSTM=48.61%  CNN_GRU=58.33%
      [scaler] range [-5.00, 5.00]  15.0% outside [-1,1]
      [PCA]    20 components → 90.4% explained variance
      [LSTM    ] acc=0.587
      [BiLSTM  ] acc=0.601
      [GRU     ] acc=0.531
      [CNN_LSTM] acc=0.483
      [CNN_GRU ] acc=0.559
      [calib]  temperature T=0.760  (prob spread: [0.337, 0.665])
    ~ Win 3 | 80% train | test_n=143 | OOS=55.24% | AUC=0.577 | F1=0.500 | LGB=48.95% | XGB=51.05% | T=0.76
         DL → LSTM=58.74%  BiLSTM=60.14%  GRU=53.15%  CNN_LSTM=48.25%  CNN_GRU=55.94%
      [scaler] range [-5.00, 5.00]  14.7% outside [-1,1]
      [PCA]    20 components → 90.5% explained variance
      [LSTM    ] acc=0.503
      [BiLSTM  ] acc=0.538
      [GRU     ] acc=0.573
      [CNN_LSTM] acc=0.559
      [CNN_GRU ] acc=0.497
      [calib]  temperature T=0.529  (prob spread: [0.278, 0.643])
    ~ Win 4 | 85% train | test_n=143 | OOS=55.94% | AUC=0.546 | F1=0.442 | LGB=58.04% | XGB=58.74% | T=0.53
         DL → LSTM=50.35%  BiLSTM=53.85%  GRU=57.34%  CNN_LSTM=55.94%  CNN_GRU=49.65%
      [scaler] range [-5.00, 5.00]  14.7% outside [-1,1]
      [PCA]    20 components → 90.2% explained variance
      [LSTM    ] acc=0.556
      [BiLSTM  ] acc=0.556
      [GRU     ] acc=0.583
      [CNN_LSTM] acc=0.514
      [CNN_GRU ] acc=0.542
      [calib]  temperature T=0.521  (prob spread: [0.170, 0.661])
    ~ Win 5 | 90% train | test_n=144 | OOS=54.17% | AUC=0.495 | F1=0.214 | LGB=46.53% | XGB=50.00% | T=0.52
         DL → LSTM=55.56%  BiLSTM=55.56%  GRU=58.33%  CNN_LSTM=51.39%  CNN_GRU=54.17%
      [scaler] range [-5.00, 5.00]  14.5% outside [-1,1]
      [PCA]    20 components → 90.0% explained variance
      [LSTM    ] acc=0.514
      [BiLSTM  ] acc=0.528
      [GRU     ] acc=0.569
      [CNN_LSTM] acc=0.569
      [CNN_GRU ] acc=0.528
      [calib]  temperature T=0.548  (prob spread: [0.290, 0.653])
    ✗ Win 6 | 95% train | test_n=72 | OOS=43.06% | AUC=0.379 | F1=0.089 | LGB=48.61% | XGB=41.67% | T=0.55
         DL → LSTM=51.39%  BiLSTM=52.78%  GRU=56.94%  CNN_LSTM=56.94%  CNN_GRU=52.78%
  [3/3] OOS Overall → Accuracy=52.34%  F1=0.3935  (789 preds, 6 wins, avg_T=0.92)
  Plots → 06_results\runs\20260301_000647\BANDHANBNK\plots
