
────────────────────────────────────────────────────────────
  HAL
────────────────────────────────────────────────────────────
  HAL          ↻ computing features ... ✓ 1351 rows × 159 features
  [1/3] Walk-forward: 6 windows  |  1351 rows  |  159 features
        Win 1: train[0:851]  val[851:945]  test[945:1080]  (70%)
        Win 2: train[0:912]  val[912:1013]  test[1013:1148]  (75%)
        Win 3: train[0:972]  val[972:1080]  test[1080:1215]  (80%)
        Win 4: train[0:1034]  val[1034:1148]  test[1148:1283]  (85%)
        Win 5: train[0:1094]  val[1094:1215]  test[1215:1351]  (90%)
        Win 6: train[0:1155]  val[1155:1283]  test[1283:1351]  (95%)
  [1b] Feature selection: top 50 of 159 ... ✓ 50 features kept
  [2/3] Training...
      [scaler] range [-3.81, 5.00]  18.3% outside [-1,1]
      [PCA]    25 components → 90.2% explained variance
      [LSTM    ] acc=0.548
      [BiLSTM  ] acc=0.489
      [GRU     ] acc=0.570
      [CNN_LSTM] acc=0.556
      [CNN_GRU ] acc=0.533
      [calib]  temperature T=0.386  (prob spread: [0.111, 0.850])
    ~ Win 1 | 70% train | test_n=135 | OOS=54.81% | AUC=0.510 | F1=0.573 | LGB=48.89% | XGB=55.56% | T=0.39
         DL → LSTM=54.81%  BiLSTM=48.89%  GRU=57.04%  CNN_LSTM=55.56%  CNN_GRU=53.33%
      [scaler] range [-3.51, 5.00]  18.0% outside [-1,1]
      [PCA]    25 components → 90.2% explained variance
      [LSTM    ] acc=0.430
      [BiLSTM  ] acc=0.452
      [GRU     ] acc=0.459
      [CNN_LSTM] acc=0.526
      [CNN_GRU ] acc=0.407
      [calib]  temperature T=0.158  (prob spread: [0.002, 0.992])
    ✗ Win 2 | 75% train | test_n=135 | OOS=44.44% | AUC=0.465 | F1=0.534 | LGB=49.63% | XGB=48.15% | T=0.16
         DL → LSTM=42.96%  BiLSTM=45.19%  GRU=45.93%  CNN_LSTM=52.59%  CNN_GRU=40.74%
      [scaler] range [-3.55, 5.00]  18.1% outside [-1,1]
      [PCA]    25 components → 90.2% explained variance
      [LSTM    ] acc=0.533
      [BiLSTM  ] acc=0.452
      [GRU     ] acc=0.481
      [CNN_LSTM] acc=0.496
      [CNN_GRU ] acc=0.459
      [calib]  temperature T=0.691  (prob spread: [0.288, 0.757])
    ~ Win 3 | 80% train | test_n=135 | OOS=51.85% | AUC=0.484 | F1=0.629 | LGB=54.81% | XGB=52.59% | T=0.69
         DL → LSTM=53.33%  BiLSTM=45.19%  GRU=48.15%  CNN_LSTM=49.63%  CNN_GRU=45.93%
      [scaler] range [-3.66, 5.00]  18.4% outside [-1,1]
      [PCA]    25 components → 90.0% explained variance
      [LSTM    ] acc=0.533
      [BiLSTM  ] acc=0.452
      [GRU     ] acc=0.556
      [CNN_LSTM] acc=0.393
      [CNN_GRU ] acc=0.519
      [calib]  temperature T=8.000  (prob spread: [0.499, 0.514])
    ~ Win 4 | 85% train | test_n=135 | OOS=51.85% | AUC=0.502 | F1=0.680 | LGB=52.59% | XGB=52.59% | T=8.00
         DL → LSTM=53.33%  BiLSTM=45.19%  GRU=55.56%  CNN_LSTM=39.26%  CNN_GRU=51.85%
      [scaler] range [-3.64, 5.00]  18.5% outside [-1,1]
      [PCA]    25 components → 90.0% explained variance
      [LSTM    ] acc=0.471
      [BiLSTM  ] acc=0.463
      [GRU     ] acc=0.500
      [CNN_LSTM] acc=0.471
      [CNN_GRU ] acc=0.522
      [calib]  temperature T=0.905  (prob spread: [0.443, 0.657])
    ~ Win 5 | 90% train | test_n=136 | OOS=50.74% | AUC=0.584 | F1=0.617 | LGB=47.06% | XGB=47.06% | T=0.90
         DL → LSTM=47.06%  BiLSTM=46.32%  GRU=50.00%  CNN_LSTM=47.06%  CNN_GRU=52.21%
      [scaler] range [-3.59, 5.00]  18.2% outside [-1,1]
      [PCA]    26 components → 90.9% explained variance
      [LSTM    ] acc=0.382
      [BiLSTM  ] acc=0.529
      [GRU     ] acc=0.471
      [CNN_LSTM] acc=0.544
      [CNN_GRU ] acc=0.500
      [calib]  temperature T=0.723  (prob spread: [0.395, 0.674])
    ✗ Win 6 | 95% train | test_n=68 | OOS=47.06% | AUC=0.559 | F1=0.550 | LGB=55.88% | XGB=51.47% | T=0.72
         DL → LSTM=38.24%  BiLSTM=52.94%  GRU=47.06%  CNN_LSTM=54.41%  CNN_GRU=50.00%
  [3/3] OOS Overall → Accuracy=50.40%  F1=0.6062  (744 preds, 6 wins, avg_T=1.81)
  Plots → 06_results\runs\20260301_000647\HAL\plots
