
────────────────────────────────────────────────────────────
  DMART
────────────────────────────────────────────────────────────
  DMART        ↻ computing features ... ✓ 1336 rows × 159 features
  [1/3] Walk-forward: 6 windows  |  1336 rows  |  159 features
        Win 1: train[0:842]  val[842:935]  test[935:1068]  (70%)
        Win 2: train[0:902]  val[902:1002]  test[1002:1135]  (75%)
        Win 3: train[0:962]  val[962:1068]  test[1068:1202]  (80%)
        Win 4: train[0:1022]  val[1022:1135]  test[1135:1269]  (85%)
        Win 5: train[0:1082]  val[1082:1202]  test[1202:1336]  (90%)
        Win 6: train[0:1143]  val[1143:1269]  test[1269:1336]  (95%)
  [1b] Feature selection: top 50 of 159 ... ✓ 50 features kept
  [2/3] Training...
      [scaler] range [-4.22, 5.00]  14.5% outside [-1,1]
      [PCA]    25 components → 90.3% explained variance
      [LSTM    ] acc=0.466
      [BiLSTM  ] acc=0.526
      [GRU     ] acc=0.466
      [CNN_LSTM] acc=0.474
      [CNN_GRU ] acc=0.519
      [TCN_GRU ] acc=0.549
      [TCN_Transformer] acc=0.436
      [NBEATS  ] acc=0.481
      [calib]  temperature T=0.426  (prob spread: [0.405, 0.619])
    ~ Win 1 | 70% train | test_n=133 | OOS=54.89% | AUC=0.506 | F1=0.643 | LGB=55.64% | XGB=54.14% | T=0.43
         Dir → UP=57.45%  DOWN=48.72%  NEUTRAL=0.0%
         DL  → LSTM=46.62%  BiLSTM=52.63%  GRU=46.62%  CNN_LSTM=47.37%  CNN_GRU=51.88%  TCN_GRU=54.89%  TCN_Transformer=43.61%  NBEATS=48.12%
      [scaler] range [-4.22, 5.00]  14.3% outside [-1,1]
      [PCA]    25 components → 90.1% explained variance
      [LSTM    ] acc=0.466
      [BiLSTM  ] acc=0.489
      [GRU     ] acc=0.451
      [CNN_LSTM] acc=0.436
      [CNN_GRU ] acc=0.436
      [TCN_GRU ] acc=0.474
      [TCN_Transformer] acc=0.549
      [NBEATS  ] acc=0.444
      [calib]  temperature T=2.035  (prob spread: [0.494, 0.527])
    ✗ Win 2 | 75% train | test_n=133 | OOS=39.85% | AUC=0.368 | F1=0.535 | LGB=48.12% | XGB=43.61% | T=2.03
         Dir → UP=40.35%  DOWN=36.84%  NEUTRAL=0.0%
         DL  → LSTM=46.62%  BiLSTM=48.87%  GRU=45.11%  CNN_LSTM=43.61%  CNN_GRU=43.61%  TCN_GRU=47.37%  TCN_Transformer=54.89%  NBEATS=44.36%
      [scaler] range [-4.24, 5.00]  14.1% outside [-1,1]
      [PCA]    26 components → 90.9% explained variance
      [LSTM    ] acc=0.493
      [BiLSTM  ] acc=0.440
      [GRU     ] acc=0.455
      [CNN_LSTM] acc=0.507
      [CNN_GRU ] acc=0.410
      [TCN_GRU ] acc=0.582
      [TCN_Transformer] acc=0.455
      [NBEATS  ] acc=0.448
      [calib]  temperature T=8.000  (prob spread: [0.499, 0.505])
    ✗ Win 3 | 80% train | test_n=134 | OOS=38.06% | AUC=0.453 | F1=0.551 | LGB=44.03% | XGB=40.30% | T=8.00
         Dir → UP=39.53%  DOWN=0.00%  NEUTRAL=0.0%
         DL  → LSTM=49.25%  BiLSTM=44.03%  GRU=45.52%  CNN_LSTM=50.75%  CNN_GRU=41.04%  TCN_GRU=58.21%  TCN_Transformer=45.52%  NBEATS=44.78%
      [scaler] range [-4.28, 5.00]  14.0% outside [-1,1]
      [PCA]    26 components → 90.9% explained variance
      [LSTM    ] acc=0.448
      [BiLSTM  ] acc=0.455
      [GRU     ] acc=0.522
      [CNN_LSTM] acc=0.485
      [CNN_GRU ] acc=0.425
      [TCN_GRU ] acc=0.604
      [TCN_Transformer] acc=0.567
      [NBEATS  ] acc=0.552
      [calib]  temperature T=0.429  (prob spread: [0.502, 0.590])
    ~ Win 4 | 85% train | test_n=134 | OOS=50.00% | AUC=0.485 | F1=0.667 | LGB=50.00% | XGB=50.00% | T=0.43
         Dir → UP=50.00%  DOWN=0.00%  NEUTRAL=0.0%
         DL  → LSTM=44.78%  BiLSTM=45.52%  GRU=52.24%  CNN_LSTM=48.51%  CNN_GRU=42.54%  TCN_GRU=60.45%  TCN_Transformer=56.72%  NBEATS=55.22%
      [scaler] range [-3.97, 5.00]  14.0% outside [-1,1]
      [PCA]    26 components → 90.6% explained variance
      [LSTM    ] acc=0.515
