
────────────────────────────────────────────────────────────
  HINDALCO
────────────────────────────────────────────────────────────
  HINDALCO     ✓ features cached  (1438 rows × 159 feat)
  [1/3] Walk-forward: 6 windows  |  1438 rows  |  159 features
        Win 1: train[0:906]  val[906:1006]  test[1006:1150]  (70%)
        Win 2: train[0:971]  val[971:1078]  test[1078:1222]  (75%)
        Win 3: train[0:1035]  val[1035:1150]  test[1150:1294]  (80%)
        Win 4: train[0:1100]  val[1100:1222]  test[1222:1366]  (85%)
        Win 5: train[0:1165]  val[1165:1294]  test[1294:1438]  (90%)
        Win 6: train[0:1230]  val[1230:1366]  test[1366:1438]  (95%)
  [1b] Feature selection: top 50 of 159 ... ✓ 50 features kept
  [2/3] Training...
      [scaler] range [-5.00, 5.00]  15.7% outside [-1,1]
      [PCA]    23 components → 90.9% explained variance
      [LSTM    ] acc=0.479
      [BiLSTM  ] acc=0.556
      [GRU     ] acc=0.479
      [CNN_LSTM] acc=0.431
      [CNN_GRU ] acc=0.535
      [TCN_GRU ] acc=0.514
      [TCN_Transformer] acc=0.569
      [NBEATS  ] acc=0.479
      [calib]  temperature T=0.341  (prob spread: [0.083, 0.884])
    ~ Win 1 | 70% train | test_n=144 | OOS=56.94% | AUC=0.576 | F1=0.569 | LGB=52.78% | XGB=50.00% | T=0.34
         Dir → UP=65.08%  DOWN=50.62%  NEUTRAL=0.0%
         DL  → LSTM=47.92%  BiLSTM=55.56%  GRU=47.92%  CNN_LSTM=43.06%  CNN_GRU=53.47%  TCN_GRU=51.39%  TCN_Transformer=56.94%  NBEATS=47.92%
      [scaler] range [-5.00, 5.00]  15.9% outside [-1,1]
      [PCA]    23 components → 91.0% explained variance
      [LSTM    ] acc=0.521
      [BiLSTM  ] acc=0.472
      [GRU     ] acc=0.507
      [CNN_LSTM] acc=0.458
      [CNN_GRU ] acc=0.486
      [TCN_GRU ] acc=0.458
      [TCN_Transformer] acc=0.479
      [NBEATS  ] acc=0.528
      [calib]  temperature T=0.270  (prob spread: [0.411, 0.668])
    ~ Win 2 | 75% train | test_n=144 | OOS=50.00% | AUC=0.537 | F1=0.538 | LGB=48.61% | XGB=48.61% | T=0.27
         Dir → UP=48.84%  DOWN=51.72%  NEUTRAL=0.0%
         DL  → LSTM=52.08%  BiLSTM=47.22%  GRU=50.69%  CNN_LSTM=45.83%  CNN_GRU=48.61%  TCN_GRU=45.83%  TCN_Transformer=47.92%  NBEATS=52.78%
      [scaler] range [-5.00, 5.00]  16.7% outside [-1,1]
      [PCA]    22 components → 90.1% explained variance
      [LSTM    ] acc=0.514
      [BiLSTM  ] acc=0.472
      [GRU     ] acc=0.493
      [CNN_LSTM] acc=0.438
      [CNN_GRU ] acc=0.417
      [TCN_GRU ] acc=0.465
      [TCN_Transformer] acc=0.528
      [NBEATS  ] acc=0.507
      [calib]  temperature T=0.295  (prob spread: [0.241, 0.844])
    ~ Win 3 | 80% train | test_n=144 | OOS=54.86% | AUC=0.498 | F1=0.670 | LGB=51.39% | XGB=51.39% | T=0.29
         Dir → UP=53.66%  DOWN=61.90%  NEUTRAL=0.0%
         DL  → LSTM=51.39%  BiLSTM=47.22%  GRU=49.31%  CNN_LSTM=43.75%  CNN_GRU=41.67%  TCN_GRU=46.53%  TCN_Transformer=52.78%  NBEATS=50.69%
      [scaler] range [-5.00, 5.00]  15.8% outside [-1,1]
      [PCA]    23 components → 90.9% explained variance
      [LSTM    ] acc=0.514
      [BiLSTM  ] acc=0.535
      [GRU     ] acc=0.438
      [CNN_LSTM] acc=0.465
      [CNN_GRU ] acc=0.507
      [TCN_GRU ] acc=0.500
      [TCN_Transformer] acc=0.500
      [NBEATS  ] acc=0.458
      [calib]  temperature T=0.514  (prob spread: [0.375, 0.725])
    ~ Win 4 | 85% train | test_n=144 | OOS=55.56% | AUC=0.519 | F1=0.640 | LGB=54.86% | XGB=54.17% | T=0.51
         Dir → UP=57.58%  DOWN=51.11%  NEUTRAL=0.0%
         DL  → LSTM=51.39%  BiLSTM=53.47%  GRU=43.75%  CNN_LSTM=46.53%  CNN_GRU=50.69%  TCN_GRU=50.00%  TCN_Transformer=50.00%  NBEATS=45.83%
      [scaler] range [-5.00, 5.00]  15.8% outside [-1,1]
      [PCA]    23 components → 90.9% explained variance
      [LSTM    ] acc=0.528
      [BiLSTM  ] acc=0.549
      [GRU     ] acc=0.528
      [CNN_LSTM] acc=0.556
      [CNN_GRU ] acc=0.500
      [TCN_GRU ] acc=0.569
      [TCN_Transformer] acc=0.507
      [NBEATS  ] acc=0.556
      [calib]  temperature T=1.347  (prob spread: [0.501, 0.524])
    ~ Win 5 | 90% train | test_n=144 | OOS=55.56% | AUC=0.515 | F1=0.714 | LGB=55.56% | XGB=55.56% | T=1.35
         Dir → UP=55.56%  DOWN=0.00%  NEUTRAL=0.0%
         DL  → LSTM=52.78%  BiLSTM=54.86%  GRU=52.78%  CNN_LSTM=55.56%  CNN_GRU=50.00%  TCN_GRU=56.94%  TCN_Transformer=50.69%  NBEATS=55.56%
      [scaler] range [-5.00, 5.00]  15.6% outside [-1,1]
      [PCA]    23 components → 90.8% explained variance
      [LSTM    ] acc=0.597
      [BiLSTM  ] acc=0.597
      [GRU     ] acc=0.486
      [CNN_LSTM] acc=0.597
      [CNN_GRU ] acc=0.444
      [TCN_GRU ] acc=0.500
      [TCN_Transformer] acc=0.583
      [NBEATS  ] acc=0.597
      [calib]  temperature T=0.624  (prob spread: [0.453, 0.659])
    ✓ Win 6 | 95% train | test_n=72 | OOS=59.72% | AUC=0.555 | F1=0.729 | LGB=59.72% | XGB=59.72% | T=0.62
         Dir → UP=60.94%  DOWN=50.00%  NEUTRAL=0.0%
         DL  → LSTM=59.72%  BiLSTM=59.72%  GRU=48.61%  CNN_LSTM=59.72%  CNN_GRU=44.44%  TCN_GRU=50.00%  TCN_Transformer=58.33%  NBEATS=59.72%
  [3/3] OOS Overall → Accuracy=55.05%  F1=0.6461  (792 preds, 6 wins, avg_T=0.57)
  Plots → 06_results\runs\20260307_141956\HINDALCO\plots
