
────────────────────────────────────────────────────────────
  TCS
────────────────────────────────────────────────────────────
  TCS          ↻ computing features ... ✓ 1250 rows × 171 features
  [1/3] Walk-forward: 6 windows  |  1250 rows  |  171 features
        Win 1: train[0:788]  val[788:875]  test[875:1000]  (70%)
        Win 2: train[0:844]  val[844:937]  test[937:1062]  (75%)
        Win 3: train[0:900]  val[900:1000]  test[1000:1125]  (80%)
        Win 4: train[0:956]  val[956:1062]  test[1062:1187]  (85%)
        Win 5: train[0:1013]  val[1013:1125]  test[1125:1250]  (90%)
        Win 6: train[0:1069]  val[1069:1187]  test[1187:1250]  (95%)
  [1b] Feature selection: top 50 of 171 ... ✓ 50 features kept
  [2/3] Training...
      [scaler] range [-4.28, 4.63]  17.9% outside [-1,1]
      [PCA]    24 components → 90.0% explained variance
      [LSTM    ] acc=0.584
      [BiLSTM  ] acc=0.528
      [GRU     ] acc=0.504
      [CNN_LSTM] acc=0.568
      [CNN_GRU ] acc=0.544
      [TCN_GRU ] acc=0.504
      [TCN_Transformer] acc=0.456
      [NBEATS  ] acc=0.504
      [regime] adaptive blend α=0.50  (regime_ll=0.6925  global_ll=0.6888)
      [calib]  temperature T=0.583  (prob spread: [0.460, 0.565])
    ~ Win 1 | 70% train | test_n=125 | OOS=52.80% | AUC=0.506 | F1=0.634 | LGB=55.20% | XGB=53.60% | T=0.58
         Dir → UP=54.26%  DOWN=48.39%  NEUTRAL=0.0%
         DL  → LSTM=58.40%  BiLSTM=52.80%  GRU=50.40%  CNN_LSTM=56.80%  CNN_GRU=54.40%  TCN_GRU=50.40%  TCN_Transformer=45.60%  NBEATS=50.40%
      [scaler] range [-4.34, 4.32]  17.8% outside [-1,1]
      [PCA]    25 components → 90.8% explained variance
      [LSTM    ] acc=0.496
      [BiLSTM  ] acc=0.512
      [GRU     ] acc=0.496
      [CNN_LSTM] acc=0.544
      [CNN_GRU ] acc=0.440
      [TCN_GRU ] acc=0.480
      [TCN_Transformer] acc=0.480
      [NBEATS  ] acc=0.488
      [regime] adaptive blend α=0.50  (regime_ll=0.6893  global_ll=0.6879)
      [calib]  temperature T=0.120  (prob spread: [0.332, 0.799])
    ✗ Win 2 | 75% train | test_n=125 | OOS=48.80% | AUC=0.484 | F1=0.595 | LGB=54.40% | XGB=51.20% | T=0.12
         Dir → UP=48.96%  DOWN=48.28%  NEUTRAL=0.0%
         DL  → LSTM=49.60%  BiLSTM=51.20%  GRU=49.60%  CNN_LSTM=54.40%  CNN_GRU=44.00%  TCN_GRU=48.00%  TCN_Transformer=48.00%  NBEATS=48.80%
      [scaler] range [-4.34, 4.23]  17.9% outside [-1,1]
      [PCA]    25 components → 90.8% explained variance
      [LSTM    ] acc=0.464
      [BiLSTM  ] acc=0.480
      [GRU     ] acc=0.528
      [CNN_LSTM] acc=0.488
      [CNN_GRU ] acc=0.488
      [TCN_GRU ] acc=0.496
      [TCN_Transformer] acc=0.480
      [NBEATS  ] acc=0.504
      [regime] adaptive blend α=0.50  (regime_ll=0.6928  global_ll=0.6877)
      [calib]  temperature T=0.134  (prob spread: [0.318, 0.801])
    ✗ Win 3 | 80% train | test_n=125 | OOS=48.80% | AUC=0.510 | F1=0.568 | LGB=51.20% | XGB=47.20% | T=0.13
         Dir → UP=46.67%  DOWN=54.29%  NEUTRAL=0.0%
         DL  → LSTM=46.40%  BiLSTM=48.00%  GRU=52.80%  CNN_LSTM=48.80%  CNN_GRU=48.80%  TCN_GRU=49.60%  TCN_Transformer=48.00%  NBEATS=50.40%
      [scaler] range [-4.34, 4.26]  17.8% outside [-1,1]
      [PCA]    25 components → 90.5% explained variance
      [LSTM    ] acc=0.488
