
────────────────────────────────────────────────────────────
  HDFCBANK
────────────────────────────────────────────────────────────
  HDFCBANK     ↻ computing features ... ✓ 1230 rows × 159 features
  [1/3] Walk-forward: 6 windows  |  1230 rows  |  159 features
        Win 1: train[0:775]  val[775:861]  test[861:984]  (70%)
        Win 2: train[0:830]  val[830:922]  test[922:1045]  (75%)
        Win 3: train[0:886]  val[886:984]  test[984:1107]  (80%)
        Win 4: train[0:941]  val[941:1045]  test[1045:1168]  (85%)
        Win 5: train[0:997]  val[997:1107]  test[1107:1230]  (90%)
        Win 6: train[0:1052]  val[1052:1168]  test[1168:1230]  (95%)
  [1b] Feature selection: top 50 of 159 ... ✓ 47 features kept
  [2/3] Training...
      [scaler] range [-5.00, 5.00]  15.2% outside [-1,1]
      [PCA]    17 components → 90.3% explained variance
      [LSTM    ] acc=0.504
      [BiLSTM  ] acc=0.488
      [GRU     ] acc=0.439
      [CNN_LSTM] acc=0.577
      [CNN_GRU ] acc=0.520
      [calib]  temperature T=0.528  (prob spread: [0.352, 0.634])
    ~ Win 1 | 70% train | test_n=123 | OOS=52.85% | AUC=0.457 | F1=0.651 | LGB=50.41% | XGB=52.85% | T=0.53
         DL → LSTM=50.41%  BiLSTM=48.78%  GRU=43.90%  CNN_LSTM=57.72%  CNN_GRU=52.03%
      [scaler] range [-5.00, 5.00]  15.0% outside [-1,1]
      [PCA]    17 components → 90.0% explained variance
      [LSTM    ] acc=0.512
      [BiLSTM  ] acc=0.496
      [GRU     ] acc=0.545
      [CNN_LSTM] acc=0.528
      [CNN_GRU ] acc=0.545
      [calib]  temperature T=0.494  (prob spread: [0.446, 0.620])
    ~ Win 2 | 75% train | test_n=123 | OOS=56.91% | AUC=0.577 | F1=0.595 | LGB=60.16% | XGB=57.72% | T=0.49
         DL → LSTM=51.22%  BiLSTM=49.59%  GRU=54.47%  CNN_LSTM=52.85%  CNN_GRU=54.47%
      [scaler] range [-5.00, 5.00]  14.3% outside [-1,1]
      [PCA]    17 components → 90.1% explained variance
      [LSTM    ] acc=0.520
      [BiLSTM  ] acc=0.520
      [GRU     ] acc=0.577
      [CNN_LSTM] acc=0.520
      [CNN_GRU ] acc=0.528
      [calib]  temperature T=0.371  (prob spread: [0.473, 0.674])
    ~ Win 3 | 80% train | test_n=123 | OOS=56.91% | AUC=0.507 | F1=0.675 | LGB=56.91% | XGB=47.15% | T=0.37
         DL → LSTM=52.03%  BiLSTM=52.03%  GRU=57.72%  CNN_LSTM=52.03%  CNN_GRU=52.85%
      [scaler] range [-5.00, 5.00]  14.3% outside [-1,1]
      [PCA]    17 components → 90.1% explained variance
      [LSTM    ] acc=0.463
      [BiLSTM  ] acc=0.472
      [GRU     ] acc=0.520
      [CNN_LSTM] acc=0.520
      [CNN_GRU ] acc=0.504
      [calib]  temperature T=0.266  (prob spread: [0.367, 0.676])
    ✗ Win 4 | 85% train | test_n=123 | OOS=49.59% | AUC=0.452 | F1=0.557 | LGB=50.41% | XGB=49.59% | T=0.27
         DL → LSTM=46.34%  BiLSTM=47.15%  GRU=52.03%  CNN_LSTM=52.03%  CNN_GRU=50.41%
      [scaler] range [-5.00, 5.00]  14.1% outside [-1,1]
      [PCA]    18 components → 91.0% explained variance
      [LSTM    ] acc=0.496
      [BiLSTM  ] acc=0.496
      [GRU     ] acc=0.512
      [CNN_LSTM] acc=0.512
      [CNN_GRU ] acc=0.496
      [calib]  temperature T=0.324  (prob spread: [0.294, 0.682])
    ✗ Win 5 | 90% train | test_n=123 | OOS=47.15% | AUC=0.477 | F1=0.624 | LGB=49.59% | XGB=49.59% | T=0.32
         DL → LSTM=49.59%  BiLSTM=49.59%  GRU=51.22%  CNN_LSTM=51.22%  CNN_GRU=49.59%
      [scaler] range [-5.00, 5.00]  14.3% outside [-1,1]
      [PCA]    18 components → 90.8% explained variance
      [LSTM    ] acc=0.548
WARNING:tensorflow:5 out of the last 19 calls to <function TensorFlowTrainer.make_predict_function.<locals>.one_step_on_data_distributed at 0x0000027C7CCA63B0> triggered tf.function retracing. Tracing is expensive and the excessive number of tracings could be due to (1) creating @tf.function repeatedly in a loop, (2) passing tensors with different shapes, (3) passing Python objects instead of tensors. For (1), please define your @tf.function outside of the loop. For (2), @tf.function has reduce_retracing=True option that can avoid unnecessary retracing. For (3), please refer to https://www.tensorflow.org/guide/function#controlling_retracing and https://www.tensorflow.org/api_docs/python/tf/function for  more details.
      [BiLSTM  ] acc=0.484
WARNING:tensorflow:5 out of the last 17 calls to <function TensorFlowTrainer.make_predict_function.<locals>.one_step_on_data_distributed at 0x0000027C28A99C60> triggered tf.function retracing. Tracing is expensive and the excessive number of tracings could be due to (1) creating @tf.function repeatedly in a loop, (2) passing tensors with different shapes, (3) passing Python objects instead of tensors. For (1), please define your @tf.function outside of the loop. For (2), @tf.function has reduce_retracing=True option that can avoid unnecessary retracing. For (3), please refer to https://www.tensorflow.org/guide/function#controlling_retracing and https://www.tensorflow.org/api_docs/python/tf/function for  more details.
      [GRU     ] acc=0.532
      [CNN_LSTM] acc=0.516
      [CNN_GRU ] acc=0.532
      [calib]  temperature T=8.000  (prob spread: [0.498, 0.504])
    ✗ Win 6 | 95% train | test_n=62 | OOS=46.77% | AUC=0.556 | F1=0.629 | LGB=58.06% | XGB=48.39% | T=8.00
         DL → LSTM=54.84%  BiLSTM=48.39%  GRU=53.23%  CNN_LSTM=51.61%  CNN_GRU=53.23%
  [3/3] OOS Overall → Accuracy=52.14%  F1=0.6241  (677 preds, 6 wins, avg_T=1.66)
  Plots → 06_results\runs\20260301_000647\HDFCBANK\plots
