
────────────────────────────────────────────────────────────
  PAGEIND
────────────────────────────────────────────────────────────
  PAGEIND      ↻ computing features ... ✓ 1375 rows × 159 features
  [1/3] Walk-forward: 6 windows  |  1375 rows  |  159 features
        Win 1: train[0:866]  val[866:962]  test[962:1100]  (70%)
        Win 2: train[0:928]  val[928:1031]  test[1031:1168]  (75%)
        Win 3: train[0:990]  val[990:1100]  test[1100:1237]  (80%)
        Win 4: train[0:1052]  val[1052:1168]  test[1168:1306]  (85%)
        Win 5: train[0:1114]  val[1114:1237]  test[1237:1375]  (90%)
        Win 6: train[0:1176]  val[1176:1306]  test[1306:1375]  (95%)
  [1b] Feature selection: top 50 of 159 ... ✓ 50 features kept
  [2/3] Training...
      [scaler] range [-5.00, 5.00]  16.5% outside [-1,1]
      [PCA]    24 components → 90.8% explained variance
      [LSTM    ] acc=0.493
      [BiLSTM  ] acc=0.471
      [GRU     ] acc=0.457
      [CNN_LSTM] acc=0.471
      [CNN_GRU ] acc=0.522
      [TCN_GRU ] acc=0.486
      [TCN_Transformer] acc=0.529
      [NBEATS  ] acc=0.464
      [calib]  temperature T=0.587  (prob spread: [0.391, 0.578])
    ~ Win 1 | 70% train | test_n=138 | OOS=50.00% | AUC=0.508 | F1=0.330 | LGB=44.93% | XGB=46.38% | T=0.59
         Dir → UP=58.62%  DOWN=47.71%  NEUTRAL=0.0%
         DL  → LSTM=49.28%  BiLSTM=47.10%  GRU=45.65%  CNN_LSTM=47.10%  CNN_GRU=52.17%  TCN_GRU=48.55%  TCN_Transformer=52.90%  NBEATS=46.38%
      [scaler] range [-5.00, 5.00]  16.3% outside [-1,1]
      [PCA]    24 components → 90.9% explained variance
      [LSTM    ] acc=0.467
      [BiLSTM  ] acc=0.489
      [GRU     ] acc=0.482
      [CNN_LSTM] acc=0.540
      [CNN_GRU ] acc=0.547
      [TCN_GRU ] acc=0.504
      [TCN_Transformer] acc=0.540
      [NBEATS  ] acc=0.474
      [calib]  temperature T=8.000  (prob spread: [0.479, 0.518])
    ~ Win 2 | 75% train | test_n=137 | OOS=55.47% | AUC=0.538 | F1=0.520 | LGB=43.80% | XGB=55.47% | T=8.00
         Dir → UP=62.26%  DOWN=51.19%  NEUTRAL=0.0%
         DL  → LSTM=46.72%  BiLSTM=48.91%  GRU=48.18%  CNN_LSTM=54.01%  CNN_GRU=54.74%  TCN_GRU=50.36%  TCN_Transformer=54.01%  NBEATS=47.45%
      [scaler] range [-5.00, 5.00]  16.4% outside [-1,1]
      [PCA]    24 components → 90.9% explained variance
      [LSTM    ] acc=0.511
      [BiLSTM  ] acc=0.518
      [GRU     ] acc=0.562
      [CNN_LSTM] acc=0.496
      [CNN_GRU ] acc=0.547
      [TCN_GRU ] acc=0.445
      [TCN_Transformer] acc=0.504
      [NBEATS  ] acc=0.489
      [calib]  temperature T=0.325  (prob spread: [0.359, 0.596])
    ~ Win 3 | 80% train | test_n=137 | OOS=51.82% | AUC=0.569 | F1=0.421 | LGB=48.91% | XGB=56.20% | T=0.33
         Dir → UP=54.55%  DOWN=50.54%  NEUTRAL=0.0%
         DL  → LSTM=51.09%  BiLSTM=51.82%  GRU=56.20%  CNN_LSTM=49.64%  CNN_GRU=54.74%  TCN_GRU=44.53%  TCN_Transformer=50.36%  NBEATS=48.91%
      [scaler] range [-5.00, 5.00]  16.5% outside [-1,1]
      [PCA]    24 components → 90.8% explained variance
      [LSTM    ] acc=0.500
      [BiLSTM  ] acc=0.551
      [GRU     ] acc=0.572
      [CNN_LSTM] acc=0.486
      [CNN_GRU ] acc=0.478
      [TCN_GRU ] acc=0.536
      [TCN_Transformer] acc=0.500
      [NBEATS  ] acc=0.551
      [calib]  temperature T=0.253  (prob spread: [0.207, 0.651])
    ~ Win 4 | 85% train | test_n=138 | OOS=56.52% | AUC=0.625 | F1=0.362 | LGB=44.93% | XGB=49.28% | T=0.25
         Dir → UP=65.38%  DOWN=54.46%  NEUTRAL=0.0%
         DL  → LSTM=50.00%  BiLSTM=55.07%  GRU=57.25%  CNN_LSTM=48.55%  CNN_GRU=47.83%  TCN_GRU=53.62%  TCN_Transformer=50.00%  NBEATS=55.07%
      [scaler] range [-5.00, 5.00]  16.5% outside [-1,1]
      [PCA]    24 components → 90.6% explained variance
      [LSTM    ] acc=0.514
      [BiLSTM  ] acc=0.478
      [GRU     ] acc=0.514
      [CNN_LSTM] acc=0.457
      [CNN_GRU ] acc=0.558
      [TCN_GRU ] acc=0.507
      [TCN_Transformer] acc=0.391
      [NBEATS  ] acc=0.594
      [calib]  temperature T=0.337  (prob spread: [0.231, 0.676])
    ~ Win 5 | 90% train | test_n=138 | OOS=56.52% | AUC=0.472 | F1=0.189 | LGB=50.72% | XGB=50.72% | T=0.34
         Dir → UP=38.89%  DOWN=59.17%  NEUTRAL=0.0%
         DL  → LSTM=51.45%  BiLSTM=47.83%  GRU=51.45%  CNN_LSTM=45.65%  CNN_GRU=55.80%  TCN_GRU=50.72%  TCN_Transformer=39.13%  NBEATS=59.42%
      [scaler] range [-5.00, 5.00]  16.4% outside [-1,1]
      [PCA]    24 components → 90.6% explained variance
      [LSTM    ] acc=0.522
      [BiLSTM  ] acc=0.652
      [GRU     ] acc=0.551
      [CNN_LSTM] acc=0.333
      [CNN_GRU ] acc=0.493
      [TCN_GRU ] acc=0.609
      [TCN_Transformer] acc=0.522
      [NBEATS  ] acc=0.333
      [calib]  temperature T=0.673  (prob spread: [0.424, 0.568])
    ~ Win 6 | 95% train | test_n=69 | OOS=56.52% | AUC=0.557 | F1=0.250 | LGB=33.33% | XGB=27.54% | T=0.67
         Dir → UP=29.41%  DOWN=65.38%  NEUTRAL=0.0%
         DL  → LSTM=52.17%  BiLSTM=65.22%  GRU=55.07%  CNN_LSTM=33.33%  CNN_GRU=49.28%  TCN_GRU=60.87%  TCN_Transformer=52.17%  NBEATS=33.33%
  [3/3] OOS Overall → Accuracy=54.29%  F1=0.3732  (757 preds, 6 wins, avg_T=1.70)
  Plots → 06_results\runs\20260307_141956\PAGEIND\plots
